[0.011s] Invoking command in '/home/kth/robot_dev/pinky/build/pinky_description': CMAKE_PREFIX_PATH=${CMAKE_PREFIX_PATH}:/opt/ros/jazzy DEBUGINFOD_URLS=https://debuginfod.ubuntu.com /usr/bin/cmake /home/kth/robot_dev/pinky/src/pinky_for_edu/pinky_description -DCMAKE_INSTALL_PREFIX=/home/kth/robot_dev/pinky/install/pinky_description
[0.146s] -- The C compiler identification is GNU 13.3.0
[0.234s] -- The CXX compiler identification is GNU 13.3.0
[0.249s] -- Detecting C compiler ABI info
[0.317s] -- Detecting C compiler ABI info - done
[0.325s] -- Check for working C compiler: /usr/bin/cc - skipped
[0.325s] -- Detecting C compile features
[0.325s] -- Detecting C compile features - done
[0.333s] -- Detecting CXX compiler ABI info
[0.404s] -- Detecting CXX compiler ABI info - done
[0.412s] -- Check for working CXX compiler: /usr/bin/c++ - skipped
[0.412s] -- Detecting CXX compile features
[0.413s] -- Detecting CXX compile features - done
[0.419s] -- Found ament_cmake: 2.5.4 (/opt/ros/jazzy/share/ament_cmake/cmake)
[0.540s] -- Found Python3: /usr/bin/python3 (found version "3.12.3") found components: Interpreter 
[0.658s] -- Found ament_lint_auto: 0.17.2 (/opt/ros/jazzy/share/ament_lint_auto/cmake)
[0.753s] -- Added test 'lint_cmake' to check CMake code style
[0.755s] -- Added test 'xmllint' to check XML markup files
[0.756s] -- Configuring done (0.7s)
[0.758s] -- Generating done (0.0s)
[0.760s] -- Build files have been written to: /home/kth/robot_dev/pinky/build/pinky_description
[0.764s] Invoked command in '/home/kth/robot_dev/pinky/build/pinky_description' returned '0': CMAKE_PREFIX_PATH=${CMAKE_PREFIX_PATH}:/opt/ros/jazzy DEBUGINFOD_URLS=https://debuginfod.ubuntu.com /usr/bin/cmake /home/kth/robot_dev/pinky/src/pinky_for_edu/pinky_description -DCMAKE_INSTALL_PREFIX=/home/kth/robot_dev/pinky/install/pinky_description
[0.765s] Invoking command in '/home/kth/robot_dev/pinky/build/pinky_description': CMAKE_PREFIX_PATH=${CMAKE_PREFIX_PATH}:/opt/ros/jazzy DEBUGINFOD_URLS=https://debuginfod.ubuntu.com /usr/bin/cmake --build /home/kth/robot_dev/pinky/build/pinky_description -- -j12 -l12
[0.793s] Invoked command in '/home/kth/robot_dev/pinky/build/pinky_description' returned '0': CMAKE_PREFIX_PATH=${CMAKE_PREFIX_PATH}:/opt/ros/jazzy DEBUGINFOD_URLS=https://debuginfod.ubuntu.com /usr/bin/cmake --build /home/kth/robot_dev/pinky/build/pinky_description -- -j12 -l12
[0.801s] Invoking command in '/home/kth/robot_dev/pinky/build/pinky_description': CMAKE_PREFIX_PATH=${CMAKE_PREFIX_PATH}:/opt/ros/jazzy DEBUGINFOD_URLS=https://debuginfod.ubuntu.com /usr/bin/cmake --install /home/kth/robot_dev/pinky/build/pinky_description
[0.807s] -- Install configuration: ""
[0.808s] -- Installing: /home/kth/robot_dev/pinky/install/pinky_description/share/pinky_description/rviz
[0.808s] -- Installing: /home/kth/robot_dev/pinky/install/pinky_description/share/pinky_description/rviz/urdf_config.rviz
[0.808s] -- Installing: /home/kth/robot_dev/pinky/install/pinky_description/share/pinky_description/urdf
[0.808s] -- Installing: /home/kth/robot_dev/pinky/install/pinky_description/share/pinky_description/urdf/view.urdf
[0.808s] -- Installing: /home/kth/robot_dev/pinky/install/pinky_description/share/pinky_description/urdf/imu.xacro
[0.808s] -- Installing: /home/kth/robot_dev/pinky/install/pinky_description/share/pinky_description/urdf/camera.xacro
[0.808s] -- Installing: /home/kth/robot_dev/pinky/install/pinky_description/share/pinky_description/urdf/robot_core.xacro
[0.808s] -- Installing: /home/kth/robot_dev/pinky/install/pinky_description/share/pinky_description/urdf/robot_gazebo.xacro
[0.808s] -- Installing: /home/kth/robot_dev/pinky/install/pinky_description/share/pinky_description/urdf/robot.urdf.xacro
[0.808s] -- Installing: /home/kth/robot_dev/pinky/install/pinky_description/share/pinky_description/urdf/robot_core_marker.xacro
[0.808s] -- Installing: /home/kth/robot_dev/pinky/install/pinky_description/share/pinky_description/urdf/gazebo_control.xacro
[0.808s] -- Installing: /home/kth/robot_dev/pinky/install/pinky_description/share/pinky_description/urdf/inertial_macros.xacro
[0.808s] -- Installing: /home/kth/robot_dev/pinky/install/pinky_description/share/pinky_description/urdf/lidar.xacro
[0.809s] -- Installing: /home/kth/robot_dev/pinky/install/pinky_description/share/pinky_description/launch
[0.809s] -- Installing: /home/kth/robot_dev/pinky/install/pinky_description/share/pinky_description/launch/display.launch.xml
[0.809s] -- Installing: /home/kth/robot_dev/pinky/install/pinky_description/share/pinky_description/launch/upload.launch.xml
[0.809s] -- Installing: /home/kth/robot_dev/pinky/install/pinky_description/share/pinky_description/launch/rviz2_test.launch.xml
[0.809s] -- Installing: /home/kth/robot_dev/pinky/install/pinky_description/share/pinky_description/meshes
[0.809s] -- Installing: /home/kth/robot_dev/pinky/install/pinky_description/share/pinky_description/meshes/visual
[0.809s] -- Installing: /home/kth/robot_dev/pinky/install/pinky_description/share/pinky_description/meshes/visual/5x5_1000-1.jpg
[0.809s] -- Installing: /home/kth/robot_dev/pinky/install/pinky_description/share/pinky_description/meshes/visual/2.dae
[0.809s] -- Installing: /home/kth/robot_dev/pinky/install/pinky_description/share/pinky_description/meshes/visual/5x5_1000-3.jpg
[0.809s] -- Installing: /home/kth/robot_dev/pinky/install/pinky_description/share/pinky_description/meshes/visual/3.dae
[0.810s] -- Installing: /home/kth/robot_dev/pinky/install/pinky_description/share/pinky_description/meshes/visual/5x5_1000-5.jpg
[0.810s] -- Installing: /home/kth/robot_dev/pinky/install/pinky_description/share/pinky_description/meshes/visual/ul_sensor.dae
[0.810s] -- Installing: /home/kth/robot_dev/pinky/install/pinky_description/share/pinky_description/meshes/visual/wheel.dae
[0.810s] -- Installing: /home/kth/robot_dev/pinky/install/pinky_description/share/pinky_description/meshes/visual/5.dae
[0.810s] -- Installing: /home/kth/robot_dev/pinky/install/pinky_description/share/pinky_description/meshes/visual/caster.dae
[0.810s] -- Installing: /home/kth/robot_dev/pinky/install/pinky_description/share/pinky_description/meshes/visual/base_link.dae
[0.811s] -- Installing: /home/kth/robot_dev/pinky/install/pinky_description/share/pinky_description/meshes/visual/base_link_old.dae
[0.814s] -- Installing: /home/kth/robot_dev/pinky/install/pinky_description/share/pinky_description/meshes/visual/4.dae
[0.814s] -- Installing: /home/kth/robot_dev/pinky/install/pinky_description/share/pinky_description/meshes/visual/camera.dae
[0.814s] -- Installing: /home/kth/robot_dev/pinky/install/pinky_description/share/pinky_description/meshes/visual/5x5_1000-0.jpg
[0.814s] -- Installing: /home/kth/robot_dev/pinky/install/pinky_description/share/pinky_description/meshes/visual/0.dae
[0.814s] -- Installing: /home/kth/robot_dev/pinky/install/pinky_description/share/pinky_description/meshes/visual/5x5_1000-2.jpg
[0.814s] -- Installing: /home/kth/robot_dev/pinky/install/pinky_description/share/pinky_description/meshes/visual/lidar.dae
[0.815s] -- Installing: /home/kth/robot_dev/pinky/install/pinky_description/share/pinky_description/meshes/visual/1.dae
[0.815s] -- Installing: /home/kth/robot_dev/pinky/install/pinky_description/share/pinky_description/meshes/visual/5x5_1000-4.jpg
[0.815s] -- Installing: /home/kth/robot_dev/pinky/install/pinky_description/share/pinky_description/meshes/collision
[0.816s] -- Installing: /home/kth/robot_dev/pinky/install/pinky_description/share/pinky_description/meshes/collision/3.stl
[0.816s] -- Installing: /home/kth/robot_dev/pinky/install/pinky_description/share/pinky_description/meshes/collision/caster.stl
[0.816s] -- Installing: /home/kth/robot_dev/pinky/install/pinky_description/share/pinky_description/meshes/collision/0.stl
[0.816s] -- Installing: /home/kth/robot_dev/pinky/install/pinky_description/share/pinky_description/meshes/collision/ul_sensor.stl
[0.816s] -- Installing: /home/kth/robot_dev/pinky/install/pinky_description/share/pinky_description/meshes/collision/base_link_old.stl
[0.817s] -- Installing: /home/kth/robot_dev/pinky/install/pinky_description/share/pinky_description/meshes/collision/wheel.stl
[0.818s] -- Installing: /home/kth/robot_dev/pinky/install/pinky_description/share/pinky_description/meshes/collision/2.stl
[0.818s] -- Installing: /home/kth/robot_dev/pinky/install/pinky_description/share/pinky_description/meshes/collision/5.stl
[0.818s] -- Installing: /home/kth/robot_dev/pinky/install/pinky_description/share/pinky_description/meshes/collision/4.stl
[0.818s] -- Installing: /home/kth/robot_dev/pinky/install/pinky_description/share/pinky_description/meshes/collision/camera.stl
[0.818s] -- Installing: /home/kth/robot_dev/pinky/install/pinky_description/share/pinky_description/meshes/collision/lidar.stl
[0.819s] -- Installing: /home/kth/robot_dev/pinky/install/pinky_description/share/pinky_description/meshes/collision/1.stl
[0.819s] -- Installing: /home/kth/robot_dev/pinky/install/pinky_description/share/pinky_description/meshes/collision/base_link.stl
[0.821s] -- Installing: /home/kth/robot_dev/pinky/install/pinky_description/share/ament_index/resource_index/package_run_dependencies/pinky_description
[0.821s] -- Installing: /home/kth/robot_dev/pinky/install/pinky_description/share/ament_index/resource_index/parent_prefix_path/pinky_description
[0.821s] -- Installing: /home/kth/robot_dev/pinky/install/pinky_description/share/pinky_description/environment/ament_prefix_path.sh
[0.821s] -- Installing: /home/kth/robot_dev/pinky/install/pinky_description/share/pinky_description/environment/ament_prefix_path.dsv
[0.821s] -- Installing: /home/kth/robot_dev/pinky/install/pinky_description/share/pinky_description/environment/path.sh
[0.821s] -- Installing: /home/kth/robot_dev/pinky/install/pinky_description/share/pinky_description/environment/path.dsv
[0.821s] -- Installing: /home/kth/robot_dev/pinky/install/pinky_description/share/pinky_description/local_setup.bash
[0.821s] -- Installing: /home/kth/robot_dev/pinky/install/pinky_description/share/pinky_description/local_setup.sh
[0.821s] -- Installing: /home/kth/robot_dev/pinky/install/pinky_description/share/pinky_description/local_setup.zsh
[0.822s] -- Installing: /home/kth/robot_dev/pinky/install/pinky_description/share/pinky_description/local_setup.dsv
[0.822s] -- Installing: /home/kth/robot_dev/pinky/install/pinky_description/share/pinky_description/package.dsv
[0.822s] -- Installing: /home/kth/robot_dev/pinky/install/pinky_description/share/ament_index/resource_index/packages/pinky_description
[0.822s] -- Installing: /home/kth/robot_dev/pinky/install/pinky_description/share/pinky_description/cmake/pinky_descriptionConfig.cmake
[0.822s] -- Installing: /home/kth/robot_dev/pinky/install/pinky_description/share/pinky_description/cmake/pinky_descriptionConfig-version.cmake
[0.822s] -- Installing: /home/kth/robot_dev/pinky/install/pinky_description/share/pinky_description/package.xml
[0.831s] Invoked command in '/home/kth/robot_dev/pinky/build/pinky_description' returned '0': CMAKE_PREFIX_PATH=${CMAKE_PREFIX_PATH}:/opt/ros/jazzy DEBUGINFOD_URLS=https://debuginfod.ubuntu.com /usr/bin/cmake --install /home/kth/robot_dev/pinky/build/pinky_description
