[0.000000] (-) TimerEvent: {}
[0.000231] (vicpinky_description) JobQueued: {'identifier': 'vicpinky_description', 'dependencies': OrderedDict()}
[0.000411] (vicpinky_navigation) JobQueued: {'identifier': 'vicpinky_navigation', 'dependencies': OrderedDict()}
[0.000445] (vicpinky_description) JobStarted: {'identifier': 'vicpinky_description'}
[0.006327] (vicpinky_navigation) JobStarted: {'identifier': 'vicpinky_navigation'}
[0.008663] (vicpinky_description) JobProgress: {'identifier': 'vicpinky_description', 'progress': 'cmake'}
[0.009284] (vicpinky_description) Command: {'cmd': ['/usr/bin/cmake', '/home/kth/robot_dev/vicpinky_ws/src/vic_pinky/vicpinky_description', '-DCMAKE_INSTALL_PREFIX=/home/kth/robot_dev/vicpinky_ws/install/vicpinky_description'], 'cwd': '/home/kth/robot_dev/vicpinky_ws/build/vicpinky_description', 'env': OrderedDict({'XDG_ACTIVATION_TOKEN': 'gnome-shell/Terminator/3910-10-kth-GP75-Leopard-10SEK_TIME14274451', 'GJS_DEBUG_TOPICS': 'JS ERROR;JS LOG', 'CONDA_PROMPT_MODIFIER': 'false', 'USER': 'kth', 'STM32CubeMX_PATH': '/home/kth/STM32CubeMX', 'XDG_SESSION_TYPE': 'x11', 'SHLVL': '1', 'POWERLINE_COMMAND': 'oh-my-posh', 'CLUTTER_DISABLE_MIPMAPPED_TEXT': '1', 'HOME': '/home/kth', 'DESKTOP_SESSION': 'ubuntu', 'GIO_LAUNCHED_DESKTOP_FILE': '/usr/share/applications/terminator.desktop', 'GNOME_SHELL_SESSION_MODE': 'ubuntu', 'GTK_MODULES': 'gail:atk-bridge', 'MANAGERPID': '3400', 'SYSTEMD_EXEC_PID': '3910', 'GSM_SKIP_SSH_AGENT_WORKAROUND': 'true', 'DBUS_SESSION_BUS_ADDRESS': 'unix:path=/run/user/1000/bus', 'COLORTERM': 'truecolor', 'TERMINATOR_DBUS_NAME': 'net.tenshu.Terminator23558193cd9818af7fe4d2c2f5bd9d00f', 'LIBVIRT_DEFAULT_URI': 'qemu:///system', 'GIO_LAUNCHED_DESKTOP_FILE_PID': '73230', 'DEBUGINFOD_URLS': 'https://debuginfod.ubuntu.com', 'LOGNAME': 'kth', 'POSH_SESSION_ID': 'db676392-1220-4921-8284-791d3b6ccf36', 'JOURNAL_STREAM': '9:25327', 'MEMORY_PRESSURE_WATCH': '/sys/fs/cgroup/user.slice/user-1000.slice/user@1000.service/session.slice/org.gnome.Shell@x11.service/memory.pressure', 'XDG_SESSION_CLASS': 'user', 'TERM': 'xterm-256color', 'USERNAME': 'kth', 'GNOME_DESKTOP_SESSION_ID': 'this-is-deprecated', 'POSH_SHELL_VERSION': '3.7.0', 'WINDOWPATH': '2', 'PATH': '/home/kth/.local/bin:/usr/local/sbin:/usr/local/bin:/usr/sbin:/usr/bin:/sbin:/bin:/usr/games:/usr/local/games:/snap/bin:/snap/bin', 'INVOCATION_ID': 'fb318126d4ed4ec5a97b505eb12f069f', 'SESSION_MANAGER': 'local/kth-GP75-Leopard-10SEK:@/tmp/.ICE-unix/3866,unix/kth-GP75-Leopard-10SEK:/tmp/.ICE-unix/3866', 'XDG_RUNTIME_DIR': '/run/user/1000', 'XDG_MENU_PREFIX': 'gnome-', 'DISPLAY': ':1', 'XDG_CURRENT_DESKTOP': 'ubuntu:GNOME', 'TERMINATOR_DBUS_PATH': '/net/tenshu/Terminator2', 'LANG': 'en_US.UTF-8', 'XMODIFIERS': '@im=ibus', 'XAUTHORITY': '/run/user/1000/gdm/Xauthority', 'XDG_SESSION_DESKTOP': 'ubuntu', 'SSH_AUTH_SOCK': '/run/user/1000/keyring/ssh', 'TERMINATOR_UUID': 'urn:uuid:82bb0124-83dc-4bf3-b547-b13926f0c8b1', 'SHELL': '/usr/bin/fish', 'QT_ACCESSIBILITY': '1', 'GDMSESSION': 'ubuntu', 'GPG_AGENT_INFO': '/run/user/1000/gnupg/S.gpg-agent:0:1', 'GJS_DEBUG_OUTPUT': 'stderr', 'POSH_THEME': '/home/kth/.poshthemes/sonicboom_light.omp.json', 'QT_IM_MODULE': 'ibus', 'PWD': '/home/kth/robot_dev/vicpinky_ws/build/vicpinky_description', 'LC_ALL': 'en_US.UTF-8', 'XDG_CONFIG_DIRS': '/etc/xdg/xdg-ubuntu:/etc/xdg', 'XDG_DATA_DIRS': '/usr/share/ubuntu:/usr/share/gnome:/home/kth/.local/share/flatpak/exports/share:/var/lib/flatpak/exports/share:/usr/local/share/:/usr/share/:/var/lib/snapd/desktop', 'COLCON': '1', 'VTE_VERSION': '7600', 'POSH_SHELL': 'fish', 'MEMORY_PRESSURE_WRITE': 'c29tZSAyMDAwMDAgMjAwMDAwMAA='}), 'shell': False}
[0.013447] (vicpinky_navigation) JobProgress: {'identifier': 'vicpinky_navigation', 'progress': 'cmake'}
[0.014051] (vicpinky_navigation) Command: {'cmd': ['/usr/bin/cmake', '/home/kth/robot_dev/vicpinky_ws/src/vic_pinky/vicpinky_navigation', '-DCMAKE_INSTALL_PREFIX=/home/kth/robot_dev/vicpinky_ws/install/vicpinky_navigation'], 'cwd': '/home/kth/robot_dev/vicpinky_ws/build/vicpinky_navigation', 'env': OrderedDict({'XDG_ACTIVATION_TOKEN': 'gnome-shell/Terminator/3910-10-kth-GP75-Leopard-10SEK_TIME14274451', 'GJS_DEBUG_TOPICS': 'JS ERROR;JS LOG', 'CONDA_PROMPT_MODIFIER': 'false', 'USER': 'kth', 'STM32CubeMX_PATH': '/home/kth/STM32CubeMX', 'XDG_SESSION_TYPE': 'x11', 'SHLVL': '1', 'POWERLINE_COMMAND': 'oh-my-posh', 'CLUTTER_DISABLE_MIPMAPPED_TEXT': '1', 'HOME': '/home/kth', 'DESKTOP_SESSION': 'ubuntu', 'GIO_LAUNCHED_DESKTOP_FILE': '/usr/share/applications/terminator.desktop', 'GNOME_SHELL_SESSION_MODE': 'ubuntu', 'GTK_MODULES': 'gail:atk-bridge', 'MANAGERPID': '3400', 'SYSTEMD_EXEC_PID': '3910', 'GSM_SKIP_SSH_AGENT_WORKAROUND': 'true', 'DBUS_SESSION_BUS_ADDRESS': 'unix:path=/run/user/1000/bus', 'COLORTERM': 'truecolor', 'TERMINATOR_DBUS_NAME': 'net.tenshu.Terminator23558193cd9818af7fe4d2c2f5bd9d00f', 'LIBVIRT_DEFAULT_URI': 'qemu:///system', 'GIO_LAUNCHED_DESKTOP_FILE_PID': '73230', 'DEBUGINFOD_URLS': 'https://debuginfod.ubuntu.com', 'LOGNAME': 'kth', 'POSH_SESSION_ID': 'db676392-1220-4921-8284-791d3b6ccf36', 'JOURNAL_STREAM': '9:25327', 'MEMORY_PRESSURE_WATCH': '/sys/fs/cgroup/user.slice/user-1000.slice/user@1000.service/session.slice/org.gnome.Shell@x11.service/memory.pressure', 'XDG_SESSION_CLASS': 'user', 'TERM': 'xterm-256color', 'USERNAME': 'kth', 'GNOME_DESKTOP_SESSION_ID': 'this-is-deprecated', 'POSH_SHELL_VERSION': '3.7.0', 'WINDOWPATH': '2', 'PATH': '/home/kth/.local/bin:/usr/local/sbin:/usr/local/bin:/usr/sbin:/usr/bin:/sbin:/bin:/usr/games:/usr/local/games:/snap/bin:/snap/bin', 'INVOCATION_ID': 'fb318126d4ed4ec5a97b505eb12f069f', 'SESSION_MANAGER': 'local/kth-GP75-Leopard-10SEK:@/tmp/.ICE-unix/3866,unix/kth-GP75-Leopard-10SEK:/tmp/.ICE-unix/3866', 'XDG_RUNTIME_DIR': '/run/user/1000', 'XDG_MENU_PREFIX': 'gnome-', 'DISPLAY': ':1', 'XDG_CURRENT_DESKTOP': 'ubuntu:GNOME', 'TERMINATOR_DBUS_PATH': '/net/tenshu/Terminator2', 'LANG': 'en_US.UTF-8', 'XMODIFIERS': '@im=ibus', 'XAUTHORITY': '/run/user/1000/gdm/Xauthority', 'XDG_SESSION_DESKTOP': 'ubuntu', 'SSH_AUTH_SOCK': '/run/user/1000/keyring/ssh', 'TERMINATOR_UUID': 'urn:uuid:82bb0124-83dc-4bf3-b547-b13926f0c8b1', 'SHELL': '/usr/bin/fish', 'QT_ACCESSIBILITY': '1', 'GDMSESSION': 'ubuntu', 'GPG_AGENT_INFO': '/run/user/1000/gnupg/S.gpg-agent:0:1', 'GJS_DEBUG_OUTPUT': 'stderr', 'POSH_THEME': '/home/kth/.poshthemes/sonicboom_light.omp.json', 'QT_IM_MODULE': 'ibus', 'PWD': '/home/kth/robot_dev/vicpinky_ws/build/vicpinky_navigation', 'LC_ALL': 'en_US.UTF-8', 'XDG_CONFIG_DIRS': '/etc/xdg/xdg-ubuntu:/etc/xdg', 'XDG_DATA_DIRS': '/usr/share/ubuntu:/usr/share/gnome:/home/kth/.local/share/flatpak/exports/share:/var/lib/flatpak/exports/share:/usr/local/share/:/usr/share/:/var/lib/snapd/desktop', 'COLCON': '1', 'VTE_VERSION': '7600', 'POSH_SHELL': 'fish', 'MEMORY_PRESSURE_WRITE': 'c29tZSAyMDAwMDAgMjAwMDAwMAA='}), 'shell': False}
[0.099932] (-) TimerEvent: {}
[0.131600] (vicpinky_description) StdoutLine: {'line': b'-- The C compiler identification is GNU 13.3.0\n'}
[0.131816] (vicpinky_navigation) StdoutLine: {'line': b'-- The C compiler identification is GNU 13.3.0\n'}
[0.200020] (-) TimerEvent: {}
[0.220510] (vicpinky_description) StdoutLine: {'line': b'-- The CXX compiler identification is GNU 13.3.0\n'}
[0.220723] (vicpinky_navigation) StdoutLine: {'line': b'-- The CXX compiler identification is GNU 13.3.0\n'}
[0.235236] (vicpinky_navigation) StdoutLine: {'line': b'-- Detecting C compiler ABI info\n'}
[0.235380] (vicpinky_description) StdoutLine: {'line': b'-- Detecting C compiler ABI info\n'}
[0.299839] (vicpinky_navigation) StdoutLine: {'line': b'-- Detecting C compiler ABI info - done\n'}
[0.300045] (-) TimerEvent: {}
[0.300143] (vicpinky_description) StdoutLine: {'line': b'-- Detecting C compiler ABI info - done\n'}
[0.308267] (vicpinky_description) StdoutLine: {'line': b'-- Check for working C compiler: /usr/bin/cc - skipped\n'}
[0.308473] (vicpinky_navigation) StdoutLine: {'line': b'-- Check for working C compiler: /usr/bin/cc - skipped\n'}
[0.308626] (vicpinky_description) StdoutLine: {'line': b'-- Detecting C compile features\n'}
[0.308766] (vicpinky_navigation) StdoutLine: {'line': b'-- Detecting C compile features\n'}
[0.309142] (vicpinky_description) StdoutLine: {'line': b'-- Detecting C compile features - done\n'}
[0.309315] (vicpinky_navigation) StdoutLine: {'line': b'-- Detecting C compile features - done\n'}
[0.315810] (vicpinky_description) StdoutLine: {'line': b'-- Detecting CXX compiler ABI info\n'}
[0.316019] (vicpinky_navigation) StdoutLine: {'line': b'-- Detecting CXX compiler ABI info\n'}
[0.382035] (vicpinky_navigation) StdoutLine: {'line': b'-- Detecting CXX compiler ABI info - done\n'}
[0.382189] (vicpinky_description) StdoutLine: {'line': b'-- Detecting CXX compiler ABI info - done\n'}
[0.390127] (vicpinky_description) StdoutLine: {'line': b'-- Check for working CXX compiler: /usr/bin/c++ - skipped\n'}
[0.390228] (vicpinky_navigation) StdoutLine: {'line': b'-- Check for working CXX compiler: /usr/bin/c++ - skipped\n'}
[0.390320] (vicpinky_description) StdoutLine: {'line': b'-- Detecting CXX compile features\n'}
[0.390462] (vicpinky_navigation) StdoutLine: {'line': b'-- Detecting CXX compile features\n'}
[0.390700] (vicpinky_description) StdoutLine: {'line': b'-- Detecting CXX compile features - done\n'}
[0.390820] (vicpinky_navigation) StdoutLine: {'line': b'-- Detecting CXX compile features - done\n'}
[0.400138] (-) TimerEvent: {}
[0.408103] (vicpinky_description) StderrLine: {'line': b'\x1b[31mCMake Error at CMakeLists.txt:9 (find_package):\n'}
[0.408330] (vicpinky_description) StderrLine: {'line': b'  By not providing "Findament_cmake.cmake" in CMAKE_MODULE_PATH this project\n'}
[0.408398] (vicpinky_description) StderrLine: {'line': b'  has asked CMake to find a package configuration file provided by\n'}
[0.408455] (vicpinky_description) StderrLine: {'line': b'  "ament_cmake", but CMake did not find one.\n'}
[0.408508] (vicpinky_description) StderrLine: {'line': b'\n'}
[0.408561] (vicpinky_description) StderrLine: {'line': b'  Could not find a package configuration file provided by "ament_cmake" with\n'}
[0.408614] (vicpinky_description) StderrLine: {'line': b'  any of the following names:\n'}
[0.408665] (vicpinky_description) StderrLine: {'line': b'\n'}
[0.408717] (vicpinky_description) StderrLine: {'line': b'    ament_cmakeConfig.cmake\n'}
[0.408768] (vicpinky_description) StderrLine: {'line': b'    ament_cmake-config.cmake\n'}
[0.408820] (vicpinky_description) StderrLine: {'line': b'\n'}
[0.408872] (vicpinky_description) StderrLine: {'line': b'  Add the installation prefix of "ament_cmake" to CMAKE_PREFIX_PATH or set\n'}
[0.408924] (vicpinky_description) StderrLine: {'line': b'  "ament_cmake_DIR" to a directory containing one of the above files.  If\n'}
[0.408976] (vicpinky_description) StderrLine: {'line': b'  "ament_cmake" provides a separate development package or SDK, be sure it\n'}
[0.409027] (vicpinky_description) StderrLine: {'line': b'  has been installed.\n'}
[0.409079] (vicpinky_description) StderrLine: {'line': b'\n'}
[0.409129] (vicpinky_description) StderrLine: {'line': b'\x1b[0m\n'}
[0.409180] (vicpinky_navigation) StderrLine: {'line': b'\x1b[31mCMake Error at CMakeLists.txt:9 (find_package):\n'}
[0.409255] (vicpinky_navigation) StderrLine: {'line': b'  By not providing "Findament_cmake.cmake" in CMAKE_MODULE_PATH this project\n'}
[0.409310] (vicpinky_navigation) StderrLine: {'line': b'  has asked CMake to find a package configuration file provided by\n'}
[0.409374] (vicpinky_navigation) StderrLine: {'line': b'  "ament_cmake", but CMake did not find one.\n'}
[0.409430] (vicpinky_navigation) StderrLine: {'line': b'\n'}
[0.409482] (vicpinky_navigation) StderrLine: {'line': b'  Could not find a package configuration file provided by "ament_cmake" with\n'}
[0.409535] (vicpinky_navigation) StderrLine: {'line': b'  any of the following names:\n'}
[0.409586] (vicpinky_navigation) StderrLine: {'line': b'\n'}
[0.409638] (vicpinky_navigation) StderrLine: {'line': b'    ament_cmakeConfig.cmake\n'}
[0.409689] (vicpinky_navigation) StderrLine: {'line': b'    ament_cmake-config.cmake\n'}
[0.409740] (vicpinky_navigation) StderrLine: {'line': b'\n'}
[0.409791] (vicpinky_navigation) StderrLine: {'line': b'  Add the installation prefix of "ament_cmake" to CMAKE_PREFIX_PATH or set\n'}
[0.409847] (vicpinky_navigation) StderrLine: {'line': b'  "ament_cmake_DIR" to a directory containing one of the above files.  If\n'}
[0.409898] (vicpinky_navigation) StderrLine: {'line': b'  "ament_cmake" provides a separate development package or SDK, be sure it\n'}
[0.409949] (vicpinky_navigation) StderrLine: {'line': b'  has been installed.\n'}
[0.410001] (vicpinky_navigation) StderrLine: {'line': b'\n'}
[0.410053] (vicpinky_navigation) StderrLine: {'line': b'\x1b[0m\n'}
[0.410104] (vicpinky_description) StdoutLine: {'line': b'-- Configuring incomplete, errors occurred!\n'}
[0.410165] (vicpinky_navigation) StdoutLine: {'line': b'-- Configuring incomplete, errors occurred!\n'}
[0.410814] (vicpinky_description) CommandEnded: {'returncode': 1}
[0.411717] (vicpinky_navigation) CommandEnded: {'returncode': 1}
[0.427909] (vicpinky_description) JobEnded: {'identifier': 'vicpinky_description', 'rc': 1}
[0.428440] (vicpinky_navigation) JobEnded: {'identifier': 'vicpinky_navigation', 'rc': 'SIGINT'}
[0.438828] (-) EventReactorShutdown: {}
