[0.000000] (-) TimerEvent: {}
[0.000560] (vicpinky_description) JobQueued: {'identifier': 'vicpinky_description', 'dependencies': OrderedDict()}
[0.000598] (vicpinky_navigation) JobQueued: {'identifier': 'vicpinky_navigation', 'dependencies': OrderedDict()}
[0.000620] (vicpinky_description) JobStarted: {'identifier': 'vicpinky_description'}
[0.003369] (vicpinky_navigation) JobStarted: {'identifier': 'vicpinky_navigation'}
[0.007045] (vicpinky_description) JobProgress: {'identifier': 'vicpinky_description', 'progress': 'cmake'}
[0.007641] (vicpinky_description) Command: {'cmd': ['/usr/bin/cmake', '/home/kth/robot_dev/vicpinky_ws/src/vic_pinky/vicpinky_description', '-DCMAKE_INSTALL_PREFIX=/home/kth/robot_dev/vicpinky_ws/install/vicpinky_description'], 'cwd': '/home/kth/robot_dev/vicpinky_ws/build/vicpinky_description', 'env': OrderedDict({'XDG_ACTIVATION_TOKEN': 'gnome-shell/Terminator/3910-13-kth-GP75-Leopard-10SEK_TIME15479994', 'GJS_DEBUG_TOPICS': 'JS ERROR;JS LOG', 'CONDA_PROMPT_MODIFIER': 'false', 'USER': 'kth', 'STM32CubeMX_PATH': '/home/kth/STM32CubeMX', 'XDG_SESSION_TYPE': 'x11', 'SHLVL': '1', 'POWERLINE_COMMAND': 'oh-my-posh', 'CLUTTER_DISABLE_MIPMAPPED_TEXT': '1', 'HOME': '/home/kth', 'DESKTOP_SESSION': 'ubuntu', 'GIO_LAUNCHED_DESKTOP_FILE': '/usr/share/applications/terminator.desktop', 'GNOME_SHELL_SESSION_MODE': 'ubuntu', 'GTK_MODULES': 'gail:atk-bridge', 'MANAGERPID': '3400', 'SYSTEMD_EXEC_PID': '3910', 'GSM_SKIP_SSH_AGENT_WORKAROUND': 'true', 'DBUS_SESSION_BUS_ADDRESS': 'unix:path=/run/user/1000/bus', 'COLORTERM': 'truecolor', 'TERMINATOR_DBUS_NAME': 'net.tenshu.Terminator23558193cd9818af7fe4d2c2f5bd9d00f', 'LIBVIRT_DEFAULT_URI': 'qemu:///system', 'GIO_LAUNCHED_DESKTOP_FILE_PID': '80681', 'DEBUGINFOD_URLS': 'https://debuginfod.ubuntu.com', 'LOGNAME': 'kth', 'POSH_SESSION_ID': 'b4cc896b-586a-4757-8a90-249dabfa3e4b', 'JOURNAL_STREAM': '9:25327', 'MEMORY_PRESSURE_WATCH': '/sys/fs/cgroup/user.slice/user-1000.slice/user@1000.service/session.slice/org.gnome.Shell@x11.service/memory.pressure', 'XDG_SESSION_CLASS': 'user', 'TERM': 'xterm-256color', 'USERNAME': 'kth', 'GNOME_DESKTOP_SESSION_ID': 'this-is-deprecated', 'POSH_SHELL_VERSION': '3.7.0', 'WINDOWPATH': '2', 'PATH': '/home/kth/.local/bin:/usr/local/sbin:/usr/local/bin:/usr/sbin:/usr/bin:/sbin:/bin:/usr/games:/usr/local/games:/snap/bin:/snap/bin', 'INVOCATION_ID': 'fb318126d4ed4ec5a97b505eb12f069f', 'SESSION_MANAGER': 'local/kth-GP75-Leopard-10SEK:@/tmp/.ICE-unix/3866,unix/kth-GP75-Leopard-10SEK:/tmp/.ICE-unix/3866', 'XDG_RUNTIME_DIR': '/run/user/1000', 'XDG_MENU_PREFIX': 'gnome-', 'DISPLAY': ':1', 'XDG_CURRENT_DESKTOP': 'ubuntu:GNOME', 'TERMINATOR_DBUS_PATH': '/net/tenshu/Terminator2', 'LANG': 'en_US.UTF-8', 'XMODIFIERS': '@im=ibus', 'XAUTHORITY': '/run/user/1000/gdm/Xauthority', 'XDG_SESSION_DESKTOP': 'ubuntu', 'SSH_AUTH_SOCK': '/run/user/1000/keyring/ssh', 'TERMINATOR_UUID': 'urn:uuid:09cf1ee8-e337-4fa3-b6ed-40740d8d018d', 'SHELL': '/usr/bin/fish', 'QT_ACCESSIBILITY': '1', 'GDMSESSION': 'ubuntu', 'GPG_AGENT_INFO': '/run/user/1000/gnupg/S.gpg-agent:0:1', 'GJS_DEBUG_OUTPUT': 'stderr', 'POSH_THEME': '/home/kth/.poshthemes/sonicboom_light.omp.json', 'QT_IM_MODULE': 'ibus', 'PWD': '/home/kth/robot_dev/vicpinky_ws/build/vicpinky_description', 'LC_ALL': 'en_US.UTF-8', 'XDG_CONFIG_DIRS': '/etc/xdg/xdg-ubuntu:/etc/xdg', 'XDG_DATA_DIRS': '/usr/share/ubuntu:/usr/share/gnome:/home/kth/.local/share/flatpak/exports/share:/var/lib/flatpak/exports/share:/usr/local/share/:/usr/share/:/var/lib/snapd/desktop', 'COLCON': '1', 'VTE_VERSION': '7600', 'POSH_SHELL': 'fish', 'MEMORY_PRESSURE_WRITE': 'c29tZSAyMDAwMDAgMjAwMDAwMAA='}), 'shell': False}
[0.011412] (vicpinky_navigation) JobProgress: {'identifier': 'vicpinky_navigation', 'progress': 'cmake'}
[0.012011] (vicpinky_navigation) Command: {'cmd': ['/usr/bin/cmake', '/home/kth/robot_dev/vicpinky_ws/src/vic_pinky/vicpinky_navigation', '-DCMAKE_INSTALL_PREFIX=/home/kth/robot_dev/vicpinky_ws/install/vicpinky_navigation'], 'cwd': '/home/kth/robot_dev/vicpinky_ws/build/vicpinky_navigation', 'env': OrderedDict({'XDG_ACTIVATION_TOKEN': 'gnome-shell/Terminator/3910-13-kth-GP75-Leopard-10SEK_TIME15479994', 'GJS_DEBUG_TOPICS': 'JS ERROR;JS LOG', 'CONDA_PROMPT_MODIFIER': 'false', 'USER': 'kth', 'STM32CubeMX_PATH': '/home/kth/STM32CubeMX', 'XDG_SESSION_TYPE': 'x11', 'SHLVL': '1', 'POWERLINE_COMMAND': 'oh-my-posh', 'CLUTTER_DISABLE_MIPMAPPED_TEXT': '1', 'HOME': '/home/kth', 'DESKTOP_SESSION': 'ubuntu', 'GIO_LAUNCHED_DESKTOP_FILE': '/usr/share/applications/terminator.desktop', 'GNOME_SHELL_SESSION_MODE': 'ubuntu', 'GTK_MODULES': 'gail:atk-bridge', 'MANAGERPID': '3400', 'SYSTEMD_EXEC_PID': '3910', 'GSM_SKIP_SSH_AGENT_WORKAROUND': 'true', 'DBUS_SESSION_BUS_ADDRESS': 'unix:path=/run/user/1000/bus', 'COLORTERM': 'truecolor', 'TERMINATOR_DBUS_NAME': 'net.tenshu.Terminator23558193cd9818af7fe4d2c2f5bd9d00f', 'LIBVIRT_DEFAULT_URI': 'qemu:///system', 'GIO_LAUNCHED_DESKTOP_FILE_PID': '80681', 'DEBUGINFOD_URLS': 'https://debuginfod.ubuntu.com', 'LOGNAME': 'kth', 'POSH_SESSION_ID': 'b4cc896b-586a-4757-8a90-249dabfa3e4b', 'JOURNAL_STREAM': '9:25327', 'MEMORY_PRESSURE_WATCH': '/sys/fs/cgroup/user.slice/user-1000.slice/user@1000.service/session.slice/org.gnome.Shell@x11.service/memory.pressure', 'XDG_SESSION_CLASS': 'user', 'TERM': 'xterm-256color', 'USERNAME': 'kth', 'GNOME_DESKTOP_SESSION_ID': 'this-is-deprecated', 'POSH_SHELL_VERSION': '3.7.0', 'WINDOWPATH': '2', 'PATH': '/home/kth/.local/bin:/usr/local/sbin:/usr/local/bin:/usr/sbin:/usr/bin:/sbin:/bin:/usr/games:/usr/local/games:/snap/bin:/snap/bin', 'INVOCATION_ID': 'fb318126d4ed4ec5a97b505eb12f069f', 'SESSION_MANAGER': 'local/kth-GP75-Leopard-10SEK:@/tmp/.ICE-unix/3866,unix/kth-GP75-Leopard-10SEK:/tmp/.ICE-unix/3866', 'XDG_RUNTIME_DIR': '/run/user/1000', 'XDG_MENU_PREFIX': 'gnome-', 'DISPLAY': ':1', 'XDG_CURRENT_DESKTOP': 'ubuntu:GNOME', 'TERMINATOR_DBUS_PATH': '/net/tenshu/Terminator2', 'LANG': 'en_US.UTF-8', 'XMODIFIERS': '@im=ibus', 'XAUTHORITY': '/run/user/1000/gdm/Xauthority', 'XDG_SESSION_DESKTOP': 'ubuntu', 'SSH_AUTH_SOCK': '/run/user/1000/keyring/ssh', 'TERMINATOR_UUID': 'urn:uuid:09cf1ee8-e337-4fa3-b6ed-40740d8d018d', 'SHELL': '/usr/bin/fish', 'QT_ACCESSIBILITY': '1', 'GDMSESSION': 'ubuntu', 'GPG_AGENT_INFO': '/run/user/1000/gnupg/S.gpg-agent:0:1', 'GJS_DEBUG_OUTPUT': 'stderr', 'POSH_THEME': '/home/kth/.poshthemes/sonicboom_light.omp.json', 'QT_IM_MODULE': 'ibus', 'PWD': '/home/kth/robot_dev/vicpinky_ws/build/vicpinky_navigation', 'LC_ALL': 'en_US.UTF-8', 'XDG_CONFIG_DIRS': '/etc/xdg/xdg-ubuntu:/etc/xdg', 'XDG_DATA_DIRS': '/usr/share/ubuntu:/usr/share/gnome:/home/kth/.local/share/flatpak/exports/share:/var/lib/flatpak/exports/share:/usr/local/share/:/usr/share/:/var/lib/snapd/desktop', 'COLCON': '1', 'VTE_VERSION': '7600', 'POSH_SHELL': 'fish', 'MEMORY_PRESSURE_WRITE': 'c29tZSAyMDAwMDAgMjAwMDAwMAA='}), 'shell': False}
[0.028385] (vicpinky_description) StderrLine: {'line': b'\x1b[31mCMake Error at CMakeLists.txt:9 (find_package):\n'}
[0.028556] (vicpinky_description) StderrLine: {'line': b'  By not providing "Findament_cmake.cmake" in CMAKE_MODULE_PATH this project\n'}
[0.028638] (vicpinky_description) StderrLine: {'line': b'  has asked CMake to find a package configuration file provided by\n'}
[0.028695] (vicpinky_description) StderrLine: {'line': b'  "ament_cmake", but CMake did not find one.\n'}
[0.028748] (vicpinky_description) StderrLine: {'line': b'\n'}
[0.028802] (vicpinky_description) StderrLine: {'line': b'  Could not find a package configuration file provided by "ament_cmake" with\n'}
[0.028854] (vicpinky_description) StderrLine: {'line': b'  any of the following names:\n'}
[0.028905] (vicpinky_description) StderrLine: {'line': b'\n'}
[0.028955] (vicpinky_description) StderrLine: {'line': b'    ament_cmakeConfig.cmake\n'}
[0.029006] (vicpinky_description) StderrLine: {'line': b'    ament_cmake-config.cmake\n'}
[0.029098] (vicpinky_description) StderrLine: {'line': b'\n'}
[0.029148] (vicpinky_description) StderrLine: {'line': b'  Add the installation prefix of "ament_cmake" to CMAKE_PREFIX_PATH or set\n'}
[0.029196] (vicpinky_description) StderrLine: {'line': b'  "ament_cmake_DIR" to a directory containing one of the above files.  If\n'}
[0.029249] (vicpinky_description) StderrLine: {'line': b'  "ament_cmake" provides a separate development package or SDK, be sure it\n'}
[0.029297] (vicpinky_description) StderrLine: {'line': b'  has been installed.\n'}
[0.029345] (vicpinky_description) StderrLine: {'line': b'\n'}
[0.029412] (vicpinky_description) StderrLine: {'line': b'\x1b[0m\n'}
[0.029461] (vicpinky_description) StdoutLine: {'line': b'-- Configuring incomplete, errors occurred!\n'}
[0.029935] (vicpinky_navigation) StderrLine: {'line': b'\x1b[31mCMake Error at CMakeLists.txt:9 (find_package):\n'}
[0.030159] (vicpinky_navigation) StderrLine: {'line': b'  By not providing "Findament_cmake.cmake" in CMAKE_MODULE_PATH this project\n'}
[0.030306] (vicpinky_navigation) StderrLine: {'line': b'  has asked CMake to find a package configuration file provided by\n'}
[0.030378] (vicpinky_navigation) StderrLine: {'line': b'  "ament_cmake", but CMake did not find one.\n'}
[0.030447] (vicpinky_navigation) StderrLine: {'line': b'\n'}
[0.030517] (vicpinky_navigation) StderrLine: {'line': b'  Could not find a package configuration file provided by "ament_cmake" with\n'}
[0.030587] (vicpinky_navigation) StderrLine: {'line': b'  any of the following names:\n'}
[0.030657] (vicpinky_navigation) StderrLine: {'line': b'\n'}
[0.030726] (vicpinky_navigation) StderrLine: {'line': b'    ament_cmakeConfig.cmake\n'}
[0.030795] (vicpinky_navigation) StderrLine: {'line': b'    ament_cmake-config.cmake\n'}
[0.030865] (vicpinky_navigation) StderrLine: {'line': b'\n'}
[0.030934] (vicpinky_navigation) StderrLine: {'line': b'  Add the installation prefix of "ament_cmake" to CMAKE_PREFIX_PATH or set\n'}
[0.031003] (vicpinky_navigation) StderrLine: {'line': b'  "ament_cmake_DIR" to a directory containing one of the above files.  If\n'}
[0.031084] (vicpinky_navigation) StderrLine: {'line': b'  "ament_cmake" provides a separate development package or SDK, be sure it\n'}
[0.031154] (vicpinky_navigation) StderrLine: {'line': b'  has been installed.\n'}
[0.031222] (vicpinky_navigation) StderrLine: {'line': b'\n'}
[0.031290] (vicpinky_navigation) StderrLine: {'line': b'\x1b[0m\n'}
[0.031359] (vicpinky_navigation) StdoutLine: {'line': b'-- Configuring incomplete, errors occurred!\n'}
[0.031455] (vicpinky_description) CommandEnded: {'returncode': 1}
[0.032716] (vicpinky_navigation) CommandEnded: {'returncode': 1}
[0.045956] (vicpinky_description) JobEnded: {'identifier': 'vicpinky_description', 'rc': 1}
[0.046647] (vicpinky_navigation) JobEnded: {'identifier': 'vicpinky_navigation', 'rc': 'SIGINT'}
[0.056872] (-) EventReactorShutdown: {}
