[0.000000] (-) TimerEvent: {}
[0.000199] (pinky_description) JobQueued: {'identifier': 'pinky_description', 'dependencies': OrderedDict()}
[0.000238] (pinky_navigation) JobQueued: {'identifier': 'pinky_navigation', 'dependencies': OrderedDict()}
[0.000253] (pinky_simple_navigator) JobQueued: {'identifier': 'pinky_simple_navigator', 'dependencies': OrderedDict()}
[0.000264] (pinky_gazebo) JobQueued: {'identifier': 'pinky_gazebo', 'dependencies': OrderedDict({'pinky_description': '/home/kth/robot_dev/pinky/install/pinky_description'})}
[0.000500] (pinky_description) JobStarted: {'identifier': 'pinky_description'}
[0.007582] (pinky_navigation) JobStarted: {'identifier': 'pinky_navigation'}
[0.010820] (pinky_simple_navigator) JobStarted: {'identifier': 'pinky_simple_navigator'}
[0.015572] (pinky_description) JobProgress: {'identifier': 'pinky_description', 'progress': 'cmake'}
[0.015917] (pinky_description) Command: {'cmd': ['/usr/bin/cmake', '/home/kth/robot_dev/pinky/src/pinky_for_edu/pinky_description', '-DCMAKE_INSTALL_PREFIX=/home/kth/robot_dev/pinky/install/pinky_description'], 'cwd': '/home/kth/robot_dev/pinky/build/pinky_description', 'env': OrderedDict({'GJS_DEBUG_TOPICS': 'JS ERROR;JS LOG', 'XDG_ACTIVATION_TOKEN': 'gnome-shell/Terminator/2727-2-kth-GP75-Leopard-10SEK_TIME1244867', 'CONDA_PROMPT_MODIFIER': 'false', 'USER': 'kth', 'GZ_CONFIG_PATH': '/opt/ros/jazzy/opt/gz_sim_vendor/share/gz:/opt/ros/jazzy/opt/sdformat_vendor/share/gz:/opt/ros/jazzy/opt/gz_gui_vendor/share/gz:/opt/ros/jazzy/opt/gz_transport_vendor/share/gz:/opt/ros/jazzy/opt/gz_rendering_vendor/share/gz:/opt/ros/jazzy/opt/gz_plugin_vendor/share/gz:/opt/ros/jazzy/opt/gz_fuel_tools_vendor/share/gz:/opt/ros/jazzy/opt/gz_msgs_vendor/share/gz:/opt/ros/jazzy/opt/gz_common_vendor/share/gz', 'XDG_SESSION_TYPE': 'x11', 'POWERLINE_COMMAND': 'oh-my-posh', 'SHLVL': '1', 'LD_LIBRARY_PATH': '/opt/ros/jazzy/opt/gz_sim_vendor/lib:/opt/ros/jazzy/opt/gz_sensors_vendor/lib:/opt/ros/jazzy/opt/gz_physics_vendor/lib:/opt/ros/jazzy/opt/sdformat_vendor/lib:/opt/ros/jazzy/opt/rviz_ogre_vendor/lib:/opt/ros/jazzy/lib/x86_64-linux-gnu:/opt/ros/jazzy/opt/gz_gui_vendor/lib:/opt/ros/jazzy/opt/gz_transport_vendor/lib:/opt/ros/jazzy/opt/gz_rendering_vendor/lib:/opt/ros/jazzy/opt/gz_plugin_vendor/lib:/opt/ros/jazzy/opt/gz_fuel_tools_vendor/lib:/opt/ros/jazzy/opt/gz_msgs_vendor/lib:/opt/ros/jazzy/opt/gz_common_vendor/lib:/opt/ros/jazzy/opt/gz_math_vendor/lib:/opt/ros/jazzy/opt/gz_utils_vendor/lib:/opt/ros/jazzy/opt/gz_tools_vendor/lib:/opt/ros/jazzy/opt/gz_ogre_next_vendor/lib:/opt/ros/jazzy/opt/gz_dartsim_vendor/lib:/opt/ros/jazzy/opt/gz_cmake_vendor/lib:/opt/ros/jazzy/lib', 'CLUTTER_DISABLE_MIPMAPPED_TEXT': '1', 'HOME': '/home/kth', 'DESKTOP_SESSION': 'ubuntu', 'GIO_LAUNCHED_DESKTOP_FILE': '/usr/share/applications/terminator.desktop', 'GTK_MODULES': 'gail:atk-bridge', 'ROS_PYTHON_VERSION': '3', 'GNOME_SHELL_SESSION_MODE': 'ubuntu', 'MANAGERPID': '2236', 'SYSTEMD_EXEC_PID': '2727', 'GSM_SKIP_SSH_AGENT_WORKAROUND': 'true', 'DBUS_SESSION_BUS_ADDRESS': 'unix:path=/run/user/1000/bus', 'GIO_LAUNCHED_DESKTOP_FILE_PID': '4516', 'COLORTERM': 'truecolor', 'TERMINATOR_DBUS_NAME': 'net.tenshu.Terminator23558193cd9818af7fe4d2c2f5bd9d00f', 'DEBUGINFOD_URLS': 'https://debuginfod.ubuntu.com', 'ROS_DISTRO': 'jazzy', 'LOGNAME': 'kth', 'JOURNAL_STREAM': '9:24761', 'POSH_SESSION_ID': '59a15f6f-faca-4fe3-b79b-46d5038f606b', 'MEMORY_PRESSURE_WATCH': '/sys/fs/cgroup/user.slice/user-1000.slice/user@1000.service/session.slice/org.gnome.Shell@x11.service/memory.pressure', 'ROS_VERSION': '2', 'XDG_SESSION_CLASS': 'user', 'USERNAME': 'kth', 'TERM': 'xterm-256color', 'GNOME_DESKTOP_SESSION_ID': 'this-is-deprecated', 'POSH_SHELL_VERSION': '3.7.0', 'WINDOWPATH': '2', 'PATH': '/opt/ros/jazzy/opt/gz_msgs_vendor/bin:/opt/ros/jazzy/opt/gz_tools_vendor/bin:/opt/ros/jazzy/opt/gz_ogre_next_vendor/bin:/opt/ros/jazzy/bin:/home/kth/venv/ros_venv/bin:/home/kth/.local/bin:/usr/local/sbin:/usr/local/bin:/usr/sbin:/usr/bin:/sbin:/bin:/usr/games:/usr/local/games:/snap/bin:/snap/bin', 'SESSION_MANAGER': 'local/kth-GP75-Leopard-10SEK:@/tmp/.ICE-unix/2683,unix/kth-GP75-Leopard-10SEK:/tmp/.ICE-unix/2683', 'INVOCATION_ID': 'e731fe23e589485092d278327798d2d9', 'XDG_RUNTIME_DIR': '/run/user/1000', 'XDG_MENU_PREFIX': 'gnome-', 'DISPLAY': ':1', 'LANG': 'en_US.UTF-8', 'XDG_CURRENT_DESKTOP': 'ubuntu:GNOME', 'TERMINATOR_DBUS_PATH': '/net/tenshu/Terminator2', 'XAUTHORITY': '/run/user/1000/gdm/Xauthority', 'XMODIFIERS': '@im=ibus', 'XDG_SESSION_DESKTOP': 'ubuntu', 'SSH_AUTH_SOCK': '/run/user/1000/keyring/ssh', 'AMENT_PREFIX_PATH': '/opt/ros/jazzy', 'ROS_DOMAIN_ID': '22', 'TERMINATOR_UUID': 'urn:uuid:25b4aada-d161-4593-8ac3-4a3e3226f4af', 'SHELL': '/usr/bin/fish', 'QT_ACCESSIBILITY': '1', 'GDMSESSION': 'ubuntu', 'IGN_GAZEBO_RESOURCE_PATH': '/opt/ros/jazzy/share', 'GPG_AGENT_INFO': '/run/user/1000/gnupg/S.gpg-agent:0:1', 'GJS_DEBUG_OUTPUT': 'stderr', 'VIRTUAL_ENV': '/home/kth/venv/ros_venv', 'POSH_THEME': '/home/kth/.poshthemes/sonicboom_light.omp.json', 'ROS_AUTOMATIC_DISCOVERY_RANGE': 'SUBNET', 'QT_IM_MODULE': 'ibus', 'PWD': '/home/kth/robot_dev/pinky/build/pinky_description', 'LC_ALL': 'en_US.UTF-8', '_OLD_VIRTUAL_PATH': '/home/kth/.local/bin:/usr/local/sbin:/usr/local/bin:/usr/sbin:/usr/bin:/sbin:/bin:/usr/games:/usr/local/games:/snap/bin:/snap/bin', 'XDG_DATA_DIRS': '/usr/share/ubuntu:/usr/share/gnome:/usr/local/share/:/usr/share/:/var/lib/snapd/desktop', 'XDG_CONFIG_DIRS': '/etc/xdg/xdg-ubuntu:/etc/xdg', 'PYTHONPATH': '/opt/ros/jazzy/lib/python3.12/site-packages', 'COLCON': '1', 'POSH_SHELL': 'fish', 'VTE_VERSION': '7600', 'MEMORY_PRESSURE_WRITE': 'c29tZSAyMDAwMDAgMjAwMDAwMAA=', 'CMAKE_PREFIX_PATH': '/opt/ros/jazzy/opt/gz_sim_vendor:/opt/ros/jazzy/opt/gz_sensors_vendor:/opt/ros/jazzy/opt/gz_physics_vendor:/opt/ros/jazzy/opt/sdformat_vendor:/opt/ros/jazzy/opt/gz_gui_vendor:/opt/ros/jazzy/opt/gz_transport_vendor:/opt/ros/jazzy/opt/gz_rendering_vendor:/opt/ros/jazzy/opt/gz_plugin_vendor:/opt/ros/jazzy/opt/gz_fuel_tools_vendor:/opt/ros/jazzy/opt/gz_msgs_vendor:/opt/ros/jazzy/opt/gz_common_vendor:/opt/ros/jazzy/opt/gz_math_vendor:/opt/ros/jazzy/opt/gz_utils_vendor:/opt/ros/jazzy/opt/gz_tools_vendor:/opt/ros/jazzy/opt/gz_ogre_next_vendor:/opt/ros/jazzy/opt/gz_dartsim_vendor:/opt/ros/jazzy/opt/gz_cmake_vendor:/opt/ros/jazzy'}), 'shell': False}
[0.017749] (pinky_navigation) JobProgress: {'identifier': 'pinky_navigation', 'progress': 'cmake'}
[0.018097] (pinky_navigation) Command: {'cmd': ['/usr/bin/cmake', '/home/kth/robot_dev/pinky/src/pinky_for_edu/pinky_navigation', '-DCMAKE_INSTALL_PREFIX=/home/kth/robot_dev/pinky/install/pinky_navigation'], 'cwd': '/home/kth/robot_dev/pinky/build/pinky_navigation', 'env': OrderedDict({'GJS_DEBUG_TOPICS': 'JS ERROR;JS LOG', 'XDG_ACTIVATION_TOKEN': 'gnome-shell/Terminator/2727-2-kth-GP75-Leopard-10SEK_TIME1244867', 'CONDA_PROMPT_MODIFIER': 'false', 'USER': 'kth', 'GZ_CONFIG_PATH': '/opt/ros/jazzy/opt/gz_sim_vendor/share/gz:/opt/ros/jazzy/opt/sdformat_vendor/share/gz:/opt/ros/jazzy/opt/gz_gui_vendor/share/gz:/opt/ros/jazzy/opt/gz_transport_vendor/share/gz:/opt/ros/jazzy/opt/gz_rendering_vendor/share/gz:/opt/ros/jazzy/opt/gz_plugin_vendor/share/gz:/opt/ros/jazzy/opt/gz_fuel_tools_vendor/share/gz:/opt/ros/jazzy/opt/gz_msgs_vendor/share/gz:/opt/ros/jazzy/opt/gz_common_vendor/share/gz', 'XDG_SESSION_TYPE': 'x11', 'POWERLINE_COMMAND': 'oh-my-posh', 'SHLVL': '1', 'LD_LIBRARY_PATH': '/opt/ros/jazzy/opt/gz_sim_vendor/lib:/opt/ros/jazzy/opt/gz_sensors_vendor/lib:/opt/ros/jazzy/opt/gz_physics_vendor/lib:/opt/ros/jazzy/opt/sdformat_vendor/lib:/opt/ros/jazzy/opt/rviz_ogre_vendor/lib:/opt/ros/jazzy/lib/x86_64-linux-gnu:/opt/ros/jazzy/opt/gz_gui_vendor/lib:/opt/ros/jazzy/opt/gz_transport_vendor/lib:/opt/ros/jazzy/opt/gz_rendering_vendor/lib:/opt/ros/jazzy/opt/gz_plugin_vendor/lib:/opt/ros/jazzy/opt/gz_fuel_tools_vendor/lib:/opt/ros/jazzy/opt/gz_msgs_vendor/lib:/opt/ros/jazzy/opt/gz_common_vendor/lib:/opt/ros/jazzy/opt/gz_math_vendor/lib:/opt/ros/jazzy/opt/gz_utils_vendor/lib:/opt/ros/jazzy/opt/gz_tools_vendor/lib:/opt/ros/jazzy/opt/gz_ogre_next_vendor/lib:/opt/ros/jazzy/opt/gz_dartsim_vendor/lib:/opt/ros/jazzy/opt/gz_cmake_vendor/lib:/opt/ros/jazzy/lib', 'CLUTTER_DISABLE_MIPMAPPED_TEXT': '1', 'HOME': '/home/kth', 'DESKTOP_SESSION': 'ubuntu', 'GIO_LAUNCHED_DESKTOP_FILE': '/usr/share/applications/terminator.desktop', 'GTK_MODULES': 'gail:atk-bridge', 'ROS_PYTHON_VERSION': '3', 'GNOME_SHELL_SESSION_MODE': 'ubuntu', 'MANAGERPID': '2236', 'SYSTEMD_EXEC_PID': '2727', 'GSM_SKIP_SSH_AGENT_WORKAROUND': 'true', 'DBUS_SESSION_BUS_ADDRESS': 'unix:path=/run/user/1000/bus', 'GIO_LAUNCHED_DESKTOP_FILE_PID': '4516', 'COLORTERM': 'truecolor', 'TERMINATOR_DBUS_NAME': 'net.tenshu.Terminator23558193cd9818af7fe4d2c2f5bd9d00f', 'DEBUGINFOD_URLS': 'https://debuginfod.ubuntu.com', 'ROS_DISTRO': 'jazzy', 'LOGNAME': 'kth', 'JOURNAL_STREAM': '9:24761', 'POSH_SESSION_ID': '59a15f6f-faca-4fe3-b79b-46d5038f606b', 'MEMORY_PRESSURE_WATCH': '/sys/fs/cgroup/user.slice/user-1000.slice/user@1000.service/session.slice/org.gnome.Shell@x11.service/memory.pressure', 'ROS_VERSION': '2', 'XDG_SESSION_CLASS': 'user', 'USERNAME': 'kth', 'TERM': 'xterm-256color', 'GNOME_DESKTOP_SESSION_ID': 'this-is-deprecated', 'POSH_SHELL_VERSION': '3.7.0', 'WINDOWPATH': '2', 'PATH': '/opt/ros/jazzy/opt/gz_msgs_vendor/bin:/opt/ros/jazzy/opt/gz_tools_vendor/bin:/opt/ros/jazzy/opt/gz_ogre_next_vendor/bin:/opt/ros/jazzy/bin:/home/kth/venv/ros_venv/bin:/home/kth/.local/bin:/usr/local/sbin:/usr/local/bin:/usr/sbin:/usr/bin:/sbin:/bin:/usr/games:/usr/local/games:/snap/bin:/snap/bin', 'SESSION_MANAGER': 'local/kth-GP75-Leopard-10SEK:@/tmp/.ICE-unix/2683,unix/kth-GP75-Leopard-10SEK:/tmp/.ICE-unix/2683', 'INVOCATION_ID': 'e731fe23e589485092d278327798d2d9', 'XDG_RUNTIME_DIR': '/run/user/1000', 'XDG_MENU_PREFIX': 'gnome-', 'DISPLAY': ':1', 'LANG': 'en_US.UTF-8', 'XDG_CURRENT_DESKTOP': 'ubuntu:GNOME', 'TERMINATOR_DBUS_PATH': '/net/tenshu/Terminator2', 'XAUTHORITY': '/run/user/1000/gdm/Xauthority', 'XMODIFIERS': '@im=ibus', 'XDG_SESSION_DESKTOP': 'ubuntu', 'SSH_AUTH_SOCK': '/run/user/1000/keyring/ssh', 'AMENT_PREFIX_PATH': '/opt/ros/jazzy', 'ROS_DOMAIN_ID': '22', 'TERMINATOR_UUID': 'urn:uuid:25b4aada-d161-4593-8ac3-4a3e3226f4af', 'SHELL': '/usr/bin/fish', 'QT_ACCESSIBILITY': '1', 'GDMSESSION': 'ubuntu', 'IGN_GAZEBO_RESOURCE_PATH': '/opt/ros/jazzy/share', 'GPG_AGENT_INFO': '/run/user/1000/gnupg/S.gpg-agent:0:1', 'GJS_DEBUG_OUTPUT': 'stderr', 'VIRTUAL_ENV': '/home/kth/venv/ros_venv', 'POSH_THEME': '/home/kth/.poshthemes/sonicboom_light.omp.json', 'ROS_AUTOMATIC_DISCOVERY_RANGE': 'SUBNET', 'QT_IM_MODULE': 'ibus', 'PWD': '/home/kth/robot_dev/pinky/build/pinky_navigation', 'LC_ALL': 'en_US.UTF-8', '_OLD_VIRTUAL_PATH': '/home/kth/.local/bin:/usr/local/sbin:/usr/local/bin:/usr/sbin:/usr/bin:/sbin:/bin:/usr/games:/usr/local/games:/snap/bin:/snap/bin', 'XDG_DATA_DIRS': '/usr/share/ubuntu:/usr/share/gnome:/usr/local/share/:/usr/share/:/var/lib/snapd/desktop', 'XDG_CONFIG_DIRS': '/etc/xdg/xdg-ubuntu:/etc/xdg', 'PYTHONPATH': '/opt/ros/jazzy/lib/python3.12/site-packages', 'COLCON': '1', 'POSH_SHELL': 'fish', 'VTE_VERSION': '7600', 'MEMORY_PRESSURE_WRITE': 'c29tZSAyMDAwMDAgMjAwMDAwMAA=', 'CMAKE_PREFIX_PATH': '/opt/ros/jazzy/opt/gz_sim_vendor:/opt/ros/jazzy/opt/gz_sensors_vendor:/opt/ros/jazzy/opt/gz_physics_vendor:/opt/ros/jazzy/opt/sdformat_vendor:/opt/ros/jazzy/opt/gz_gui_vendor:/opt/ros/jazzy/opt/gz_transport_vendor:/opt/ros/jazzy/opt/gz_rendering_vendor:/opt/ros/jazzy/opt/gz_plugin_vendor:/opt/ros/jazzy/opt/gz_fuel_tools_vendor:/opt/ros/jazzy/opt/gz_msgs_vendor:/opt/ros/jazzy/opt/gz_common_vendor:/opt/ros/jazzy/opt/gz_math_vendor:/opt/ros/jazzy/opt/gz_utils_vendor:/opt/ros/jazzy/opt/gz_tools_vendor:/opt/ros/jazzy/opt/gz_ogre_next_vendor:/opt/ros/jazzy/opt/gz_dartsim_vendor:/opt/ros/jazzy/opt/gz_cmake_vendor:/opt/ros/jazzy'}), 'shell': False}
[0.099899] (-) TimerEvent: {}
[0.142488] (pinky_description) StdoutLine: {'line': b'-- The C compiler identification is GNU 13.3.0\n'}
[0.142655] (pinky_navigation) StdoutLine: {'line': b'-- The C compiler identification is GNU 13.3.0\n'}
[0.199984] (-) TimerEvent: {}
[0.230336] (pinky_navigation) StdoutLine: {'line': b'-- The CXX compiler identification is GNU 13.3.0\n'}
[0.230527] (pinky_description) StdoutLine: {'line': b'-- The CXX compiler identification is GNU 13.3.0\n'}
[0.245805] (pinky_navigation) StdoutLine: {'line': b'-- Detecting C compiler ABI info\n'}
[0.246003] (pinky_description) StdoutLine: {'line': b'-- Detecting C compiler ABI info\n'}
[0.300091] (-) TimerEvent: {}
[0.316126] (pinky_navigation) StdoutLine: {'line': b'-- Detecting C compiler ABI info - done\n'}
[0.316931] (pinky_description) StdoutLine: {'line': b'-- Detecting C compiler ABI info - done\n'}
[0.323927] (pinky_navigation) StdoutLine: {'line': b'-- Check for working C compiler: /usr/bin/cc - skipped\n'}
[0.324235] (pinky_navigation) StdoutLine: {'line': b'-- Detecting C compile features\n'}
[0.324844] (pinky_navigation) StdoutLine: {'line': b'-- Detecting C compile features - done\n'}
[0.331578] (pinky_description) StdoutLine: {'line': b'-- Check for working C compiler: /usr/bin/cc - skipped\n'}
[0.331835] (pinky_description) StdoutLine: {'line': b'-- Detecting C compile features\n'}
[0.332222] (pinky_navigation) StdoutLine: {'line': b'-- Detecting CXX compiler ABI info\n'}
[0.332369] (pinky_description) StdoutLine: {'line': b'-- Detecting C compile features - done\n'}
[0.340288] (pinky_description) StdoutLine: {'line': b'-- Detecting CXX compiler ABI info\n'}
[0.400186] (-) TimerEvent: {}
[0.402568] (pinky_navigation) StdoutLine: {'line': b'-- Detecting CXX compiler ABI info - done\n'}
[0.410747] (pinky_navigation) StdoutLine: {'line': b'-- Check for working CXX compiler: /usr/bin/c++ - skipped\n'}
[0.410903] (pinky_navigation) StdoutLine: {'line': b'-- Detecting CXX compile features\n'}
[0.411310] (pinky_navigation) StdoutLine: {'line': b'-- Detecting CXX compile features - done\n'}
[0.413866] (pinky_description) StdoutLine: {'line': b'-- Detecting CXX compiler ABI info - done\n'}
[0.420359] (pinky_navigation) StdoutLine: {'line': b'-- Found ament_cmake: 2.5.4 (/opt/ros/jazzy/share/ament_cmake/cmake)\n'}
[0.421804] (pinky_description) StdoutLine: {'line': b'-- Check for working CXX compiler: /usr/bin/c++ - skipped\n'}
[0.422000] (pinky_description) StdoutLine: {'line': b'-- Detecting CXX compile features\n'}
[0.422492] (pinky_description) StdoutLine: {'line': b'-- Detecting CXX compile features - done\n'}
[0.425438] (pinky_description) StdoutLine: {'line': b'-- Found ament_cmake: 2.5.4 (/opt/ros/jazzy/share/ament_cmake/cmake)\n'}
[0.500274] (-) TimerEvent: {}
[0.507218] (pinky_navigation) StdoutLine: {'line': b'-- Found Python3: /home/kth/venv/ros_venv/bin/python3 (found version "3.12.3") found components: Interpreter \n'}
[0.507414] (pinky_description) StdoutLine: {'line': b'-- Found Python3: /home/kth/venv/ros_venv/bin/python3 (found version "3.12.3") found components: Interpreter \n'}
[0.600387] (-) TimerEvent: {}
[0.611795] (pinky_description) StdoutLine: {'line': b'-- Found ament_lint_auto: 0.17.2 (/opt/ros/jazzy/share/ament_lint_auto/cmake)\n'}
[0.611922] (pinky_navigation) StdoutLine: {'line': b'-- Found ament_lint_auto: 0.17.2 (/opt/ros/jazzy/share/ament_lint_auto/cmake)\n'}
[0.626951] (pinky_description) StderrLine: {'line': b'Traceback (most recent call last):\n'}
[0.627113] (pinky_description) StderrLine: {'line': b'  File "/opt/ros/jazzy/share/ament_cmake_core/cmake/core/package_xml_2_cmake.py", line 22, in <module>\n'}
[0.627177] (pinky_description) StderrLine: {'line': b'    from catkin_pkg.package import parse_package_string\n'}
[0.627232] (pinky_description) StderrLine: {'line': b"ModuleNotFoundError: No module named 'catkin_pkg'\n"}
[0.627285] (pinky_navigation) StderrLine: {'line': b'Traceback (most recent call last):\n'}
[0.627373] (pinky_navigation) StderrLine: {'line': b'  File "/opt/ros/jazzy/share/ament_cmake_core/cmake/core/package_xml_2_cmake.py", line 22, in <module>\n'}
[0.627426] (pinky_navigation) StderrLine: {'line': b'    from catkin_pkg.package import parse_package_string\n'}
[0.627474] (pinky_navigation) StderrLine: {'line': b"ModuleNotFoundError: No module named 'catkin_pkg'\n"}
[0.629576] (pinky_description) StderrLine: {'line': b'\x1b[31mCMake Error at /opt/ros/jazzy/share/ament_cmake_core/cmake/core/ament_package_xml.cmake:95 (message):\n'}
[0.629688] (pinky_description) StderrLine: {'line': b'  execute_process(/home/kth/venv/ros_venv/bin/python3\n'}
[0.629787] (pinky_description) StderrLine: {'line': b'  /opt/ros/jazzy/share/ament_cmake_core/cmake/core/package_xml_2_cmake.py\n'}
[0.629901] (pinky_description) StderrLine: {'line': b'  /home/kth/robot_dev/pinky/src/pinky_for_edu/pinky_description/package.xml\n'}
[0.629958] (pinky_description) StderrLine: {'line': b'  /home/kth/robot_dev/pinky/build/pinky_description/ament_cmake_core/package.cmake)\n'}
[0.630017] (pinky_description) StderrLine: {'line': b'  returned error code 1\n'}
[0.630070] (pinky_description) StderrLine: {'line': b'Call Stack (most recent call first):\n'}
[0.630123] (pinky_description) StderrLine: {'line': b'  /opt/ros/jazzy/share/ament_cmake_core/cmake/core/ament_package_xml.cmake:49 (_ament_package_xml)\n'}
[0.630175] (pinky_description) StderrLine: {'line': b'  /opt/ros/jazzy/share/ament_lint_auto/cmake/ament_lint_auto_find_test_dependencies.cmake:31 (ament_package_xml)\n'}
[0.630227] (pinky_description) StderrLine: {'line': b'  CMakeLists.txt:23 (ament_lint_auto_find_test_dependencies)\n'}
[0.630280] (pinky_description) StderrLine: {'line': b'\n'}
[0.630343] (pinky_description) StderrLine: {'line': b'\x1b[0m\n'}
[0.630584] (pinky_navigation) StderrLine: {'line': b'\x1b[31mCMake Error at /opt/ros/jazzy/share/ament_cmake_core/cmake/core/ament_package_xml.cmake:95 (message):\n'}
[0.630673] (pinky_navigation) StderrLine: {'line': b'  execute_process(/home/kth/venv/ros_venv/bin/python3\n'}
[0.630732] (pinky_navigation) StderrLine: {'line': b'  /opt/ros/jazzy/share/ament_cmake_core/cmake/core/package_xml_2_cmake.py\n'}
[0.630786] (pinky_navigation) StderrLine: {'line': b'  /home/kth/robot_dev/pinky/src/pinky_for_edu/pinky_navigation/package.xml\n'}
[0.630837] (pinky_navigation) StderrLine: {'line': b'  /home/kth/robot_dev/pinky/build/pinky_navigation/ament_cmake_core/package.cmake)\n'}
[0.630888] (pinky_navigation) StderrLine: {'line': b'  returned error code 1\n'}
[0.630939] (pinky_navigation) StderrLine: {'line': b'Call Stack (most recent call first):\n'}
[0.630988] (pinky_navigation) StderrLine: {'line': b'  /opt/ros/jazzy/share/ament_cmake_core/cmake/core/ament_package_xml.cmake:49 (_ament_package_xml)\n'}
[0.631039] (pinky_navigation) StderrLine: {'line': b'  /opt/ros/jazzy/share/ament_lint_auto/cmake/ament_lint_auto_find_test_dependencies.cmake:31 (ament_package_xml)\n'}
[0.631089] (pinky_navigation) StderrLine: {'line': b'  CMakeLists.txt:23 (ament_lint_auto_find_test_dependencies)\n'}
[0.631139] (pinky_navigation) StderrLine: {'line': b'\n'}
[0.631190] (pinky_navigation) StderrLine: {'line': b'\x1b[0m\n'}
[0.631241] (pinky_description) StdoutLine: {'line': b'-- Configuring incomplete, errors occurred!\n'}
[0.631299] (pinky_navigation) StdoutLine: {'line': b'-- Configuring incomplete, errors occurred!\n'}
[0.633702] (pinky_navigation) CommandEnded: {'returncode': 1}
[0.634650] (pinky_description) CommandEnded: {'returncode': 1}
[0.650877] (pinky_navigation) JobEnded: {'identifier': 'pinky_navigation', 'rc': 1}
[0.651341] (pinky_description) JobEnded: {'identifier': 'pinky_description', 'rc': 'SIGINT'}
[0.700498] (-) TimerEvent: {}
[0.800705] (-) TimerEvent: {}
[0.838166] (pinky_simple_navigator) JobEnded: {'identifier': 'pinky_simple_navigator', 'rc': 'SIGINT'}
[0.848875] (pinky_gazebo) JobSkipped: {'identifier': 'pinky_gazebo'}
[0.848963] (-) EventReactorShutdown: {}
