[0.649s] Invoking command in '/home/kth/robot_dev/control_tutorials/src/controller_tutorials': DEBUGINFOD_URLS=https://debuginfod.ubuntu.com PYTHONPATH=/home/kth/robot_dev/control_tutorials/build/controller_tutorials/prefix_override:/usr/lib/python3/dist-packages/colcon_core/task/python/colcon_distutils_commands:/home/kth/robot_dev/control_tutorials/install/controller_tutorials/lib/python3.12/site-packages:${PYTHONPATH} /usr/bin/python3 -W ignore:setup.py install is deprecated -W ignore:easy_install command is deprecated setup.py egg_info --egg-base ../../build/controller_tutorials build --build-base /home/kth/robot_dev/control_tutorials/build/controller_tutorials/build install --record /home/kth/robot_dev/control_tutorials/build/controller_tutorials/install.log --single-version-externally-managed install_data
[0.865s] running egg_info
[0.882s] writing ../../build/controller_tutorials/controller_tutorials.egg-info/PKG-INFO
[0.882s] writing dependency_links to ../../build/controller_tutorials/controller_tutorials.egg-info/dependency_links.txt
[0.882s] writing entry points to ../../build/controller_tutorials/controller_tutorials.egg-info/entry_points.txt
[0.882s] writing requirements to ../../build/controller_tutorials/controller_tutorials.egg-info/requires.txt
[0.882s] writing top-level names to ../../build/controller_tutorials/controller_tutorials.egg-info/top_level.txt
[0.917s] reading manifest file '../../build/controller_tutorials/controller_tutorials.egg-info/SOURCES.txt'
[0.917s] writing manifest file '../../build/controller_tutorials/controller_tutorials.egg-info/SOURCES.txt'
[0.918s] running build
[0.918s] running build_py
[0.918s] copying controller_tutorials/control_rotate.py -> /home/kth/robot_dev/control_tutorials/build/controller_tutorials/build/lib/controller_tutorials
[0.918s] copying controller_tutorials/control_apps.py -> /home/kth/robot_dev/control_tutorials/build/controller_tutorials/build/lib/controller_tutorials
[0.918s] running install
[0.923s] running install_lib
[0.940s] copying /home/kth/robot_dev/control_tutorials/build/controller_tutorials/build/lib/controller_tutorials/control_rotate.py -> /home/kth/robot_dev/control_tutorials/install/controller_tutorials/lib/python3.12/site-packages/controller_tutorials
[0.940s] copying /home/kth/robot_dev/control_tutorials/build/controller_tutorials/build/lib/controller_tutorials/control_apps.py -> /home/kth/robot_dev/control_tutorials/install/controller_tutorials/lib/python3.12/site-packages/controller_tutorials
[0.941s] byte-compiling /home/kth/robot_dev/control_tutorials/install/controller_tutorials/lib/python3.12/site-packages/controller_tutorials/control_rotate.py to control_rotate.cpython-312.pyc
[0.942s] byte-compiling /home/kth/robot_dev/control_tutorials/install/controller_tutorials/lib/python3.12/site-packages/controller_tutorials/control_apps.py to control_apps.cpython-312.pyc
[0.942s] running install_data
[0.942s] running install_egg_info
[0.960s] removing '/home/kth/robot_dev/control_tutorials/install/controller_tutorials/lib/python3.12/site-packages/controller_tutorials-0.0.0-py3.12.egg-info' (and everything under it)
[0.960s] Copying ../../build/controller_tutorials/controller_tutorials.egg-info to /home/kth/robot_dev/control_tutorials/install/controller_tutorials/lib/python3.12/site-packages/controller_tutorials-0.0.0-py3.12.egg-info
[0.960s] running install_scripts
[1.069s] Installing control_rotate script to /home/kth/robot_dev/control_tutorials/install/controller_tutorials/lib/controller_tutorials
[1.069s] Installing simple_rotate script to /home/kth/robot_dev/control_tutorials/install/controller_tutorials/lib/controller_tutorials
[1.069s] writing list of installed files to '/home/kth/robot_dev/control_tutorials/build/controller_tutorials/install.log'
[1.086s] Invoked command in '/home/kth/robot_dev/control_tutorials/src/controller_tutorials' returned '0': DEBUGINFOD_URLS=https://debuginfod.ubuntu.com PYTHONPATH=/home/kth/robot_dev/control_tutorials/build/controller_tutorials/prefix_override:/usr/lib/python3/dist-packages/colcon_core/task/python/colcon_distutils_commands:/home/kth/robot_dev/control_tutorials/install/controller_tutorials/lib/python3.12/site-packages:${PYTHONPATH} /usr/bin/python3 -W ignore:setup.py install is deprecated -W ignore:easy_install command is deprecated setup.py egg_info --egg-base ../../build/controller_tutorials build --build-base /home/kth/robot_dev/control_tutorials/build/controller_tutorials/build install --record /home/kth/robot_dev/control_tutorials/build/controller_tutorials/install.log --single-version-externally-managed install_data
