[0.000000] (-) TimerEvent: {}
[0.000119] (-) JobUnselected: {'identifier': 'robot_navigator'}
[0.000153] (control_interfaces) JobQueued: {'identifier': 'control_interfaces', 'dependencies': OrderedDict()}
[0.000177] (control_interfaces) JobStarted: {'identifier': 'control_interfaces'}
[0.006294] (control_interfaces) JobProgress: {'identifier': 'control_interfaces', 'progress': 'cmake'}
[0.006757] (control_interfaces) Command: {'cmd': ['/usr/bin/cmake', '/home/kth/robot_dev/robot_navigator/src/control_interfaces', '-DCMAKE_INSTALL_PREFIX=/home/kth/robot_dev/robot_navigator/install/control_interfaces'], 'cwd': '/home/kth/robot_dev/robot_navigator/build/control_interfaces', 'env': OrderedDict({'GJS_DEBUG_TOPICS': 'JS ERROR;JS LOG', 'XDG_ACTIVATION_TOKEN': 'gnome-shell/Terminator/2733-8-kth-GP75-Leopard-10SEK_TIME5529592', 'CONDA_PROMPT_MODIFIER': 'false', 'USER': 'kth', 'GZ_CONFIG_PATH': '/opt/ros/jazzy/opt/gz_sim_vendor/share/gz:/opt/ros/jazzy/opt/sdformat_vendor/share/gz:/opt/ros/jazzy/opt/gz_gui_vendor/share/gz:/opt/ros/jazzy/opt/gz_transport_vendor/share/gz:/opt/ros/jazzy/opt/gz_rendering_vendor/share/gz:/opt/ros/jazzy/opt/gz_plugin_vendor/share/gz:/opt/ros/jazzy/opt/gz_fuel_tools_vendor/share/gz:/opt/ros/jazzy/opt/gz_msgs_vendor/share/gz:/opt/ros/jazzy/opt/gz_common_vendor/share/gz', 'XDG_SESSION_TYPE': 'x11', 'POWERLINE_COMMAND': 'oh-my-posh', 'SHLVL': '1', 'LD_LIBRARY_PATH': '/opt/ros/jazzy/opt/gz_sim_vendor/lib:/opt/ros/jazzy/opt/gz_sensors_vendor/lib:/opt/ros/jazzy/opt/gz_physics_vendor/lib:/opt/ros/jazzy/opt/sdformat_vendor/lib:/opt/ros/jazzy/opt/rviz_ogre_vendor/lib:/opt/ros/jazzy/lib/x86_64-linux-gnu:/opt/ros/jazzy/opt/gz_gui_vendor/lib:/opt/ros/jazzy/opt/gz_transport_vendor/lib:/opt/ros/jazzy/opt/gz_rendering_vendor/lib:/opt/ros/jazzy/opt/gz_plugin_vendor/lib:/opt/ros/jazzy/opt/gz_fuel_tools_vendor/lib:/opt/ros/jazzy/opt/gz_msgs_vendor/lib:/opt/ros/jazzy/opt/gz_common_vendor/lib:/opt/ros/jazzy/opt/gz_math_vendor/lib:/opt/ros/jazzy/opt/gz_utils_vendor/lib:/opt/ros/jazzy/opt/gz_tools_vendor/lib:/opt/ros/jazzy/opt/gz_ogre_next_vendor/lib:/opt/ros/jazzy/opt/gz_dartsim_vendor/lib:/opt/ros/jazzy/opt/gz_cmake_vendor/lib:/opt/ros/jazzy/lib', 'CLUTTER_DISABLE_MIPMAPPED_TEXT': '1', 'HOME': '/home/kth', 'DESKTOP_SESSION': 'ubuntu', 'GIO_LAUNCHED_DESKTOP_FILE': '/usr/share/applications/terminator.desktop', 'ROS_PYTHON_VERSION': '3', 'GNOME_SHELL_SESSION_MODE': 'ubuntu', 'GTK_MODULES': 'gail:atk-bridge', 'MANAGERPID': '2257', 'SYSTEMD_EXEC_PID': '2733', 'GSM_SKIP_SSH_AGENT_WORKAROUND': 'true', 'DBUS_SESSION_BUS_ADDRESS': 'unix:path=/run/user/1000/bus', 'GIO_LAUNCHED_DESKTOP_FILE_PID': '12635', 'COLORTERM': 'truecolor', 'TERMINATOR_DBUS_NAME': 'net.tenshu.Terminator23558193cd9818af7fe4d2c2f5bd9d00f', 'DEBUGINFOD_URLS': 'https://debuginfod.ubuntu.com', 'ROS_DISTRO': 'jazzy', 'LOGNAME': 'kth', 'JOURNAL_STREAM': '9:24881', 'POSH_SESSION_ID': '868a1891-c942-45a0-873b-a5ca46ba4c3a', 'MEMORY_PRESSURE_WATCH': '/sys/fs/cgroup/user.slice/user-1000.slice/user@1000.service/session.slice/org.gnome.Shell@x11.service/memory.pressure', 'ROS_VERSION': '2', 'XDG_SESSION_CLASS': 'user', 'USERNAME': 'kth', 'TERM': 'xterm-256color', 'GNOME_DESKTOP_SESSION_ID': 'this-is-deprecated', 'POSH_SHELL_VERSION': '3.7.0', 'WINDOWPATH': '2', 'PATH': '/opt/ros/jazzy/opt/gz_msgs_vendor/bin:/opt/ros/jazzy/opt/gz_tools_vendor/bin:/opt/ros/jazzy/opt/gz_ogre_next_vendor/bin:/opt/ros/jazzy/bin:/home/kth/.local/bin:/usr/local/sbin:/usr/local/bin:/usr/sbin:/usr/bin:/sbin:/bin:/usr/games:/usr/local/games:/snap/bin:/snap/bin', 'SESSION_MANAGER': 'local/kth-GP75-Leopard-10SEK:@/tmp/.ICE-unix/2701,unix/kth-GP75-Leopard-10SEK:/tmp/.ICE-unix/2701', 'INVOCATION_ID': '921896e3d3cf41f68858fc660c5041cd', 'XDG_RUNTIME_DIR': '/run/user/1000', 'XDG_MENU_PREFIX': 'gnome-', 'DISPLAY': ':1', 'LANG': 'en_US.UTF-8', 'XDG_CURRENT_DESKTOP': 'ubuntu:GNOME', 'TERMINATOR_DBUS_PATH': '/net/tenshu/Terminator2', 'XAUTHORITY': '/run/user/1000/gdm/Xauthority', 'XMODIFIERS': '@im=ibus', 'XDG_SESSION_DESKTOP': 'ubuntu', 'SSH_AUTH_SOCK': '/run/user/1000/keyring/ssh', 'AMENT_PREFIX_PATH': '/opt/ros/jazzy', 'ROS_DOMAIN_ID': '22', 'TERMINATOR_UUID': 'urn:uuid:55e896f3-29e9-4e78-aa72-9dd7c395b49d', 'SHELL': '/usr/bin/fish', 'QT_ACCESSIBILITY': '1', 'GDMSESSION': 'ubuntu', 'IGN_GAZEBO_RESOURCE_PATH': '/opt/ros/jazzy/share', 'GPG_AGENT_INFO': '/run/user/1000/gnupg/S.gpg-agent:0:1', 'GJS_DEBUG_OUTPUT': 'stderr', 'POSH_THEME': '/home/kth/.poshthemes/sonicboom_light.omp.json', 'ROS_AUTOMATIC_DISCOVERY_RANGE': 'SUBNET', 'QT_IM_MODULE': 'ibus', 'PWD': '/home/kth/robot_dev/robot_navigator/build/control_interfaces', 'LC_ALL': 'en_US.UTF-8', 'XDG_DATA_DIRS': '/usr/share/ubuntu:/usr/share/gnome:/usr/local/share/:/usr/share/:/var/lib/snapd/desktop', 'XDG_CONFIG_DIRS': '/etc/xdg/xdg-ubuntu:/etc/xdg', 'QTWEBENGINE_DICTIONARIES_PATH': '/usr/share/hunspell-bdic/', 'PYTHONPATH': '/opt/ros/jazzy/lib/python3.12/site-packages', 'COLCON': '1', 'POSH_SHELL': 'fish', 'VTE_VERSION': '7600', 'MEMORY_PRESSURE_WRITE': 'c29tZSAyMDAwMDAgMjAwMDAwMAA=', 'CMAKE_PREFIX_PATH': '/opt/ros/jazzy/opt/gz_sim_vendor:/opt/ros/jazzy/opt/gz_sensors_vendor:/opt/ros/jazzy/opt/gz_physics_vendor:/opt/ros/jazzy/opt/sdformat_vendor:/opt/ros/jazzy/opt/gz_gui_vendor:/opt/ros/jazzy/opt/gz_transport_vendor:/opt/ros/jazzy/opt/gz_rendering_vendor:/opt/ros/jazzy/opt/gz_plugin_vendor:/opt/ros/jazzy/opt/gz_fuel_tools_vendor:/opt/ros/jazzy/opt/gz_msgs_vendor:/opt/ros/jazzy/opt/gz_common_vendor:/opt/ros/jazzy/opt/gz_math_vendor:/opt/ros/jazzy/opt/gz_utils_vendor:/opt/ros/jazzy/opt/gz_tools_vendor:/opt/ros/jazzy/opt/gz_ogre_next_vendor:/opt/ros/jazzy/opt/gz_dartsim_vendor:/opt/ros/jazzy/opt/gz_cmake_vendor:/opt/ros/jazzy'}), 'shell': False}
[0.020555] (control_interfaces) StdoutLine: {'line': b'-- Found ament_cmake: 2.5.4 (/opt/ros/jazzy/share/ament_cmake/cmake)\n'}
[0.099616] (-) TimerEvent: {}
[0.132107] (control_interfaces) StdoutLine: {'line': b'-- Found Python3: /usr/bin/python3 (found version "3.12.3") found components: Interpreter \n'}
[0.199734] (-) TimerEvent: {}
[0.217248] (control_interfaces) StdoutLine: {'line': b'-- Found rosidl_default_generators: 1.6.0 (/opt/ros/jazzy/share/rosidl_default_generators/cmake)\n'}
[0.223049] (control_interfaces) StdoutLine: {'line': b'-- Using all available rosidl_typesupport_c: rosidl_typesupport_fastrtps_c;rosidl_typesupport_introspection_c\n'}
[0.271200] (control_interfaces) StdoutLine: {'line': b'-- Using all available rosidl_typesupport_cpp: rosidl_typesupport_fastrtps_cpp;rosidl_typesupport_introspection_cpp\n'}
[0.299830] (-) TimerEvent: {}
[0.310730] (control_interfaces) StdoutLine: {'line': b'-- Found rosidl_adapter: 4.6.5 (/opt/ros/jazzy/share/rosidl_adapter/cmake)\n'}
[0.399947] (-) TimerEvent: {}
[0.500180] (-) TimerEvent: {}
[0.600398] (-) TimerEvent: {}
[0.700594] (-) TimerEvent: {}
[0.771153] (control_interfaces) StdoutLine: {'line': b'-- Found ament_cmake_ros: 0.12.0 (/opt/ros/jazzy/share/ament_cmake_ros/cmake)\n'}
[0.800704] (-) TimerEvent: {}
[0.900904] (-) TimerEvent: {}
[1.001103] (-) TimerEvent: {}
[1.077317] (control_interfaces) StdoutLine: {'line': b'-- Using all available rosidl_typesupport_c: rosidl_typesupport_fastrtps_c;rosidl_typesupport_introspection_c\n'}
[1.101215] (-) TimerEvent: {}
[1.201413] (-) TimerEvent: {}
[1.301613] (-) TimerEvent: {}
[1.401814] (-) TimerEvent: {}
[1.473244] (control_interfaces) StdoutLine: {'line': b'-- Using all available rosidl_typesupport_cpp: rosidl_typesupport_fastrtps_cpp;rosidl_typesupport_introspection_cpp\n'}
[1.476138] (control_interfaces) StdoutLine: {'line': b'-- Found python_cmake_module: 0.11.1 (/opt/ros/jazzy/share/python_cmake_module/cmake)\n'}
[1.501922] (-) TimerEvent: {}
[1.573209] (control_interfaces) StdoutLine: {'line': b'-- Found PythonExtra: /usr/bin/python3  \n'}
[1.602034] (-) TimerEvent: {}
[1.702253] (-) TimerEvent: {}
[1.802465] (-) TimerEvent: {}
[1.888276] (control_interfaces) StdoutLine: {'line': b'-- Found Python3: /usr/bin/python3 (found version "3.12.3") found components: Interpreter Development NumPy Development.Module Development.Embed \n'}
[1.902569] (-) TimerEvent: {}
[1.914945] (control_interfaces) StdoutLine: {'line': b'-- Found ament_lint_auto: 0.17.2 (/opt/ros/jazzy/share/ament_lint_auto/cmake)\n'}
[1.935451] (control_interfaces) StdoutLine: {'line': b"-- Added test 'lint_cmake' to check CMake code style\n"}
[1.936534] (control_interfaces) StdoutLine: {'line': b"-- Added test 'xmllint' to check XML markup files\n"}
[1.938794] (control_interfaces) StdoutLine: {'line': b'-- Configuring done (1.9s)\n'}
[1.968234] (control_interfaces) StdoutLine: {'line': b'-- Generating done (0.0s)\n'}
[1.977153] (control_interfaces) StdoutLine: {'line': b'-- Build files have been written to: /home/kth/robot_dev/robot_navigator/build/control_interfaces\n'}
[1.982128] (control_interfaces) CommandEnded: {'returncode': 0}
[1.983122] (control_interfaces) JobProgress: {'identifier': 'control_interfaces', 'progress': 'build'}
[1.983217] (control_interfaces) Command: {'cmd': ['/usr/bin/cmake', '--build', '/home/kth/robot_dev/robot_navigator/build/control_interfaces', '--', '-j12', '-l12'], 'cwd': '/home/kth/robot_dev/robot_navigator/build/control_interfaces', 'env': OrderedDict({'GJS_DEBUG_TOPICS': 'JS ERROR;JS LOG', 'XDG_ACTIVATION_TOKEN': 'gnome-shell/Terminator/2733-8-kth-GP75-Leopard-10SEK_TIME5529592', 'CONDA_PROMPT_MODIFIER': 'false', 'USER': 'kth', 'GZ_CONFIG_PATH': '/opt/ros/jazzy/opt/gz_sim_vendor/share/gz:/opt/ros/jazzy/opt/sdformat_vendor/share/gz:/opt/ros/jazzy/opt/gz_gui_vendor/share/gz:/opt/ros/jazzy/opt/gz_transport_vendor/share/gz:/opt/ros/jazzy/opt/gz_rendering_vendor/share/gz:/opt/ros/jazzy/opt/gz_plugin_vendor/share/gz:/opt/ros/jazzy/opt/gz_fuel_tools_vendor/share/gz:/opt/ros/jazzy/opt/gz_msgs_vendor/share/gz:/opt/ros/jazzy/opt/gz_common_vendor/share/gz', 'XDG_SESSION_TYPE': 'x11', 'POWERLINE_COMMAND': 'oh-my-posh', 'SHLVL': '1', 'LD_LIBRARY_PATH': '/opt/ros/jazzy/opt/gz_sim_vendor/lib:/opt/ros/jazzy/opt/gz_sensors_vendor/lib:/opt/ros/jazzy/opt/gz_physics_vendor/lib:/opt/ros/jazzy/opt/sdformat_vendor/lib:/opt/ros/jazzy/opt/rviz_ogre_vendor/lib:/opt/ros/jazzy/lib/x86_64-linux-gnu:/opt/ros/jazzy/opt/gz_gui_vendor/lib:/opt/ros/jazzy/opt/gz_transport_vendor/lib:/opt/ros/jazzy/opt/gz_rendering_vendor/lib:/opt/ros/jazzy/opt/gz_plugin_vendor/lib:/opt/ros/jazzy/opt/gz_fuel_tools_vendor/lib:/opt/ros/jazzy/opt/gz_msgs_vendor/lib:/opt/ros/jazzy/opt/gz_common_vendor/lib:/opt/ros/jazzy/opt/gz_math_vendor/lib:/opt/ros/jazzy/opt/gz_utils_vendor/lib:/opt/ros/jazzy/opt/gz_tools_vendor/lib:/opt/ros/jazzy/opt/gz_ogre_next_vendor/lib:/opt/ros/jazzy/opt/gz_dartsim_vendor/lib:/opt/ros/jazzy/opt/gz_cmake_vendor/lib:/opt/ros/jazzy/lib', 'CLUTTER_DISABLE_MIPMAPPED_TEXT': '1', 'HOME': '/home/kth', 'DESKTOP_SESSION': 'ubuntu', 'GIO_LAUNCHED_DESKTOP_FILE': '/usr/share/applications/terminator.desktop', 'ROS_PYTHON_VERSION': '3', 'GNOME_SHELL_SESSION_MODE': 'ubuntu', 'GTK_MODULES': 'gail:atk-bridge', 'MANAGERPID': '2257', 'SYSTEMD_EXEC_PID': '2733', 'GSM_SKIP_SSH_AGENT_WORKAROUND': 'true', 'DBUS_SESSION_BUS_ADDRESS': 'unix:path=/run/user/1000/bus', 'GIO_LAUNCHED_DESKTOP_FILE_PID': '12635', 'COLORTERM': 'truecolor', 'TERMINATOR_DBUS_NAME': 'net.tenshu.Terminator23558193cd9818af7fe4d2c2f5bd9d00f', 'DEBUGINFOD_URLS': 'https://debuginfod.ubuntu.com', 'ROS_DISTRO': 'jazzy', 'LOGNAME': 'kth', 'JOURNAL_STREAM': '9:24881', 'POSH_SESSION_ID': '868a1891-c942-45a0-873b-a5ca46ba4c3a', 'MEMORY_PRESSURE_WATCH': '/sys/fs/cgroup/user.slice/user-1000.slice/user@1000.service/session.slice/org.gnome.Shell@x11.service/memory.pressure', 'ROS_VERSION': '2', 'XDG_SESSION_CLASS': 'user', 'USERNAME': 'kth', 'TERM': 'xterm-256color', 'GNOME_DESKTOP_SESSION_ID': 'this-is-deprecated', 'POSH_SHELL_VERSION': '3.7.0', 'WINDOWPATH': '2', 'PATH': '/opt/ros/jazzy/opt/gz_msgs_vendor/bin:/opt/ros/jazzy/opt/gz_tools_vendor/bin:/opt/ros/jazzy/opt/gz_ogre_next_vendor/bin:/opt/ros/jazzy/bin:/home/kth/.local/bin:/usr/local/sbin:/usr/local/bin:/usr/sbin:/usr/bin:/sbin:/bin:/usr/games:/usr/local/games:/snap/bin:/snap/bin', 'SESSION_MANAGER': 'local/kth-GP75-Leopard-10SEK:@/tmp/.ICE-unix/2701,unix/kth-GP75-Leopard-10SEK:/tmp/.ICE-unix/2701', 'INVOCATION_ID': '921896e3d3cf41f68858fc660c5041cd', 'XDG_RUNTIME_DIR': '/run/user/1000', 'XDG_MENU_PREFIX': 'gnome-', 'DISPLAY': ':1', 'LANG': 'en_US.UTF-8', 'XDG_CURRENT_DESKTOP': 'ubuntu:GNOME', 'TERMINATOR_DBUS_PATH': '/net/tenshu/Terminator2', 'XAUTHORITY': '/run/user/1000/gdm/Xauthority', 'XMODIFIERS': '@im=ibus', 'XDG_SESSION_DESKTOP': 'ubuntu', 'SSH_AUTH_SOCK': '/run/user/1000/keyring/ssh', 'AMENT_PREFIX_PATH': '/opt/ros/jazzy', 'ROS_DOMAIN_ID': '22', 'TERMINATOR_UUID': 'urn:uuid:55e896f3-29e9-4e78-aa72-9dd7c395b49d', 'SHELL': '/usr/bin/fish', 'QT_ACCESSIBILITY': '1', 'GDMSESSION': 'ubuntu', 'IGN_GAZEBO_RESOURCE_PATH': '/opt/ros/jazzy/share', 'GPG_AGENT_INFO': '/run/user/1000/gnupg/S.gpg-agent:0:1', 'GJS_DEBUG_OUTPUT': 'stderr', 'POSH_THEME': '/home/kth/.poshthemes/sonicboom_light.omp.json', 'ROS_AUTOMATIC_DISCOVERY_RANGE': 'SUBNET', 'QT_IM_MODULE': 'ibus', 'PWD': '/home/kth/robot_dev/robot_navigator/build/control_interfaces', 'LC_ALL': 'en_US.UTF-8', 'XDG_DATA_DIRS': '/usr/share/ubuntu:/usr/share/gnome:/usr/local/share/:/usr/share/:/var/lib/snapd/desktop', 'XDG_CONFIG_DIRS': '/etc/xdg/xdg-ubuntu:/etc/xdg', 'QTWEBENGINE_DICTIONARIES_PATH': '/usr/share/hunspell-bdic/', 'PYTHONPATH': '/opt/ros/jazzy/lib/python3.12/site-packages', 'COLCON': '1', 'POSH_SHELL': 'fish', 'VTE_VERSION': '7600', 'MEMORY_PRESSURE_WRITE': 'c29tZSAyMDAwMDAgMjAwMDAwMAA=', 'CMAKE_PREFIX_PATH': '/opt/ros/jazzy/opt/gz_sim_vendor:/opt/ros/jazzy/opt/gz_sensors_vendor:/opt/ros/jazzy/opt/gz_physics_vendor:/opt/ros/jazzy/opt/sdformat_vendor:/opt/ros/jazzy/opt/gz_gui_vendor:/opt/ros/jazzy/opt/gz_transport_vendor:/opt/ros/jazzy/opt/gz_rendering_vendor:/opt/ros/jazzy/opt/gz_plugin_vendor:/opt/ros/jazzy/opt/gz_fuel_tools_vendor:/opt/ros/jazzy/opt/gz_msgs_vendor:/opt/ros/jazzy/opt/gz_common_vendor:/opt/ros/jazzy/opt/gz_math_vendor:/opt/ros/jazzy/opt/gz_utils_vendor:/opt/ros/jazzy/opt/gz_tools_vendor:/opt/ros/jazzy/opt/gz_ogre_next_vendor:/opt/ros/jazzy/opt/gz_dartsim_vendor:/opt/ros/jazzy/opt/gz_cmake_vendor:/opt/ros/jazzy'}), 'shell': False}
[2.002810] (-) TimerEvent: {}
[2.021477] (control_interfaces) StdoutLine: {'line': b'[  1%] \x1b[34m\x1b[1mGenerating type hashes for ROS interfaces\x1b[0m\n'}
[2.028262] (control_interfaces) StdoutLine: {'line': b'[  1%] Built target ament_cmake_python_copy_control_interfaces\n'}
[2.102922] (-) TimerEvent: {}
[2.203125] (-) TimerEvent: {}
[2.215984] (control_interfaces) StdoutLine: {'line': b'running egg_info\n'}
[2.216729] (control_interfaces) StdoutLine: {'line': b'creating control_interfaces.egg-info\n'}
[2.221459] (control_interfaces) StdoutLine: {'line': b'[  1%] Built target control_interfaces__rosidl_generator_type_description\n'}
[2.229300] (control_interfaces) StdoutLine: {'line': b'[  2%] \x1b[34m\x1b[1mGenerating C code for ROS interfaces\x1b[0m\n'}
[2.236806] (control_interfaces) StdoutLine: {'line': b'writing control_interfaces.egg-info/PKG-INFO\n'}
[2.236950] (control_interfaces) StdoutLine: {'line': b'writing dependency_links to control_interfaces.egg-info/dependency_links.txt\n'}
[2.237047] (control_interfaces) StdoutLine: {'line': b'writing top-level names to control_interfaces.egg-info/top_level.txt\n'}
[2.237135] (control_interfaces) StdoutLine: {'line': b"writing manifest file 'control_interfaces.egg-info/SOURCES.txt'\n"}
[2.237250] (control_interfaces) StdoutLine: {'line': b'[  4%] \x1b[34m\x1b[1mGenerating C++ code for ROS interfaces\x1b[0m\n'}
[2.296336] (control_interfaces) StdoutLine: {'line': b"reading manifest file 'control_interfaces.egg-info/SOURCES.txt'\n"}
[2.296714] (control_interfaces) StdoutLine: {'line': b"writing manifest file 'control_interfaces.egg-info/SOURCES.txt'\n"}
[2.303239] (-) TimerEvent: {}
[2.318064] (control_interfaces) StdoutLine: {'line': b'[  4%] Built target ament_cmake_python_build_control_interfaces_egg\n'}
[2.403336] (-) TimerEvent: {}
[2.503532] (-) TimerEvent: {}
[2.603771] (-) TimerEvent: {}
[2.683976] (control_interfaces) StdoutLine: {'line': b'[  4%] Built target control_interfaces__cpp\n'}
[2.703835] (-) TimerEvent: {}
[2.790561] (control_interfaces) StdoutLine: {'line': b'[ 12%] \x1b[32mBuilding C object CMakeFiles/control_interfaces__rosidl_generator_c.dir/rosidl_generator_c/control_interfaces/srv/detail/event_handle__functions.c.o\x1b[0m\n'}
[2.790816] (control_interfaces) StdoutLine: {'line': b'[ 12%] \x1b[32mBuilding C object CMakeFiles/control_interfaces__rosidl_generator_c.dir/rosidl_generator_c/control_interfaces/msg/detail/detected_obstacle__type_support.c.o\x1b[0m\n'}
[2.790920] (control_interfaces) StdoutLine: {'line': b'[ 12%] \x1b[32mBuilding C object CMakeFiles/control_interfaces__rosidl_generator_c.dir/rosidl_generator_c/control_interfaces/srv/detail/event_handle__type_support.c.o\x1b[0m\n'}
[2.790996] (control_interfaces) StdoutLine: {'line': b'[ 12%] \x1b[32mBuilding C object CMakeFiles/control_interfaces__rosidl_generator_c.dir/rosidl_generator_c/control_interfaces/msg/detail/detected_obstacle__description.c.o\x1b[0m\n'}
[2.791055] (control_interfaces) StdoutLine: {'line': b'[ 12%] \x1b[32mBuilding C object CMakeFiles/control_interfaces__rosidl_generator_c.dir/rosidl_generator_c/control_interfaces/srv/detail/event_handle__description.c.o\x1b[0m\n'}
[2.791118] (control_interfaces) StdoutLine: {'line': b'[ 13%] \x1b[32mBuilding C object CMakeFiles/control_interfaces__rosidl_generator_c.dir/rosidl_generator_c/control_interfaces/srv/detail/navigate_handle__description.c.o\x1b[0m\n'}
[2.791174] (control_interfaces) StdoutLine: {'line': b'[ 12%] \x1b[32mBuilding C object CMakeFiles/control_interfaces__rosidl_generator_c.dir/rosidl_generator_c/control_interfaces/msg/detail/detected_obstacle__functions.c.o\x1b[0m\n'}
[2.791229] (control_interfaces) StdoutLine: {'line': b'[ 14%] \x1b[32mBuilding C object CMakeFiles/control_interfaces__rosidl_generator_c.dir/rosidl_generator_c/control_interfaces/srv/detail/navigate_handle__functions.c.o\x1b[0m\n'}
[2.791284] (control_interfaces) StdoutLine: {'line': b'[ 16%] \x1b[32mBuilding C object CMakeFiles/control_interfaces__rosidl_generator_c.dir/rosidl_generator_c/control_interfaces/srv/detail/navigate_handle__type_support.c.o\x1b[0m\n'}
[2.791353] (control_interfaces) StdoutLine: {'line': b'[ 17%] \x1b[32mBuilding C object CMakeFiles/control_interfaces__rosidl_generator_c.dir/rosidl_generator_c/control_interfaces/srv/detail/track_handle__description.c.o\x1b[0m\n'}
[2.791413] (control_interfaces) StdoutLine: {'line': b'[ 18%] \x1b[32mBuilding C object CMakeFiles/control_interfaces__rosidl_generator_c.dir/rosidl_generator_c/control_interfaces/srv/detail/track_handle__type_support.c.o\x1b[0m\n'}
[2.791512] (control_interfaces) StdoutLine: {'line': b'[ 20%] \x1b[32mBuilding C object CMakeFiles/control_interfaces__rosidl_generator_c.dir/rosidl_generator_c/control_interfaces/srv/detail/track_handle__functions.c.o\x1b[0m\n'}
[2.804381] (-) TimerEvent: {}
[2.827729] (control_interfaces) StdoutLine: {'line': b'[ 21%] \x1b[32mBuilding C object CMakeFiles/control_interfaces__rosidl_generator_c.dir/rosidl_generator_c/control_interfaces/srv/detail/detect_handle__description.c.o\x1b[0m\n'}
[2.836144] (control_interfaces) StdoutLine: {'line': b'[ 22%] \x1b[32mBuilding C object CMakeFiles/control_interfaces__rosidl_generator_c.dir/rosidl_generator_c/control_interfaces/srv/detail/detect_handle__functions.c.o\x1b[0m\n'}
[2.836966] (control_interfaces) StdoutLine: {'line': b'[ 24%] \x1b[32mBuilding C object CMakeFiles/control_interfaces__rosidl_generator_c.dir/rosidl_generator_c/control_interfaces/srv/detail/detect_handle__type_support.c.o\x1b[0m\n'}
[2.904473] (-) TimerEvent: {}
[2.905590] (control_interfaces) StdoutLine: {'line': b'[ 25%] \x1b[32m\x1b[1mLinking C shared library libcontrol_interfaces__rosidl_generator_c.so\x1b[0m\n'}
[2.935657] (control_interfaces) StdoutLine: {'line': b'[ 25%] Built target control_interfaces__rosidl_generator_c\n'}
[2.943441] (control_interfaces) StdoutLine: {'line': b'[ 33%] \x1b[34m\x1b[1mGenerating C introspection for ROS interfaces\x1b[0m\n'}
[2.943639] (control_interfaces) StdoutLine: {'line': b'[ 33%] \x1b[34m\x1b[1mGenerating C type support dispatch for ROS interfaces\x1b[0m\n'}
[2.943739] (control_interfaces) StdoutLine: {'line': b'[ 33%] \x1b[34m\x1b[1mGenerating C++ type support for eProsima Fast-RTPS\x1b[0m\n'}
[2.943836] (control_interfaces) StdoutLine: {'line': b'[ 33%] \x1b[34m\x1b[1mGenerating C type support for eProsima Fast-RTPS\x1b[0m\n'}
[2.943925] (control_interfaces) StdoutLine: {'line': b'[ 33%] \x1b[34m\x1b[1mGenerating C++ type support dispatch for ROS interfaces\x1b[0m\n'}
[2.944014] (control_interfaces) StdoutLine: {'line': b'[ 33%] \x1b[34m\x1b[1mGenerating C++ introspection for ROS interfaces\x1b[0m\n'}
[3.004567] (-) TimerEvent: {}
[3.104797] (-) TimerEvent: {}
[3.205022] (-) TimerEvent: {}
[3.258405] (control_interfaces) StdoutLine: {'line': b'[ 35%] \x1b[32mBuilding CXX object CMakeFiles/control_interfaces__rosidl_typesupport_c.dir/rosidl_typesupport_c/control_interfaces/srv/track_handle__type_support.cpp.o\x1b[0m\n'}
[3.259473] (control_interfaces) StdoutLine: {'line': b'[ 39%] \x1b[32mBuilding CXX object CMakeFiles/control_interfaces__rosidl_typesupport_c.dir/rosidl_typesupport_c/control_interfaces/msg/detected_obstacle__type_support.cpp.o\x1b[0m\n'}
[3.259661] (control_interfaces) StdoutLine: {'line': b'[ 39%] \x1b[32mBuilding CXX object CMakeFiles/control_interfaces__rosidl_typesupport_c.dir/rosidl_typesupport_c/control_interfaces/srv/event_handle__type_support.cpp.o\x1b[0m\n'}
[3.260421] (control_interfaces) StdoutLine: {'line': b'[ 39%] \x1b[32mBuilding CXX object CMakeFiles/control_interfaces__rosidl_typesupport_c.dir/rosidl_typesupport_c/control_interfaces/srv/navigate_handle__type_support.cpp.o\x1b[0m\n'}
[3.261362] (control_interfaces) StdoutLine: {'line': b'[ 40%] \x1b[32mBuilding CXX object CMakeFiles/control_interfaces__rosidl_typesupport_cpp.dir/rosidl_typesupport_cpp/control_interfaces/msg/detected_obstacle__type_support.cpp.o\x1b[0m\n'}
[3.261548] (control_interfaces) StdoutLine: {'line': b'[ 41%] \x1b[32mBuilding CXX object CMakeFiles/control_interfaces__rosidl_typesupport_cpp.dir/rosidl_typesupport_cpp/control_interfaces/srv/navigate_handle__type_support.cpp.o\x1b[0m\n'}
[3.261881] (control_interfaces) StdoutLine: {'line': b'[ 43%] \x1b[32mBuilding CXX object CMakeFiles/control_interfaces__rosidl_typesupport_c.dir/rosidl_typesupport_c/control_interfaces/srv/detect_handle__type_support.cpp.o\x1b[0m\n'}
[3.266496] (control_interfaces) StdoutLine: {'line': b'[ 44%] \x1b[32mBuilding CXX object CMakeFiles/control_interfaces__rosidl_typesupport_cpp.dir/rosidl_typesupport_cpp/control_interfaces/srv/event_handle__type_support.cpp.o\x1b[0m\n'}
[3.305106] (-) TimerEvent: {}
[3.314397] (control_interfaces) StdoutLine: {'line': b'[ 45%] \x1b[32mBuilding CXX object CMakeFiles/control_interfaces__rosidl_typesupport_cpp.dir/rosidl_typesupport_cpp/control_interfaces/srv/detect_handle__type_support.cpp.o\x1b[0m\n'}
[3.315275] (control_interfaces) StdoutLine: {'line': b'[ 47%] \x1b[32mBuilding CXX object CMakeFiles/control_interfaces__rosidl_typesupport_cpp.dir/rosidl_typesupport_cpp/control_interfaces/srv/track_handle__type_support.cpp.o\x1b[0m\n'}
[3.320855] (control_interfaces) StdoutLine: {'line': b'[ 48%] \x1b[32m\x1b[1mLinking CXX shared library libcontrol_interfaces__rosidl_typesupport_c.so\x1b[0m\n'}
[3.372125] (control_interfaces) StdoutLine: {'line': b'[ 48%] Built target control_interfaces__rosidl_typesupport_c\n'}
[3.384071] (control_interfaces) StdoutLine: {'line': b'[ 52%] \x1b[32mBuilding CXX object CMakeFiles/control_interfaces__rosidl_typesupport_introspection_cpp.dir/rosidl_typesupport_introspection_cpp/control_interfaces/srv/detail/track_handle__type_support.cpp.o\x1b[0m\n'}
[3.384277] (control_interfaces) StdoutLine: {'line': b'[ 52%] \x1b[32mBuilding CXX object CMakeFiles/control_interfaces__rosidl_typesupport_introspection_cpp.dir/rosidl_typesupport_introspection_cpp/control_interfaces/msg/detail/detected_obstacle__type_support.cpp.o\x1b[0m\n'}
[3.384400] (control_interfaces) StdoutLine: {'line': b'[ 52%] \x1b[32mBuilding CXX object CMakeFiles/control_interfaces__rosidl_typesupport_introspection_cpp.dir/rosidl_typesupport_introspection_cpp/control_interfaces/srv/detail/event_handle__type_support.cpp.o\x1b[0m\n'}
[3.384510] (control_interfaces) StdoutLine: {'line': b'[ 54%] \x1b[32mBuilding CXX object CMakeFiles/control_interfaces__rosidl_typesupport_introspection_cpp.dir/rosidl_typesupport_introspection_cpp/control_interfaces/srv/detail/navigate_handle__type_support.cpp.o\x1b[0m\n'}
[3.405366] (-) TimerEvent: {}
[3.507464] (-) TimerEvent: {}
[3.509832] (control_interfaces) StdoutLine: {'line': b'[ 55%] \x1b[32mBuilding C object CMakeFiles/control_interfaces__rosidl_typesupport_introspection_c.dir/rosidl_typesupport_introspection_c/control_interfaces/msg/detail/detected_obstacle__type_support.c.o\x1b[0m\n'}
[3.562429] (control_interfaces) StdoutLine: {'line': b'[ 56%] \x1b[32mBuilding C object CMakeFiles/control_interfaces__rosidl_typesupport_introspection_c.dir/rosidl_typesupport_introspection_c/control_interfaces/srv/detail/event_handle__type_support.c.o\x1b[0m\n'}
[3.607564] (-) TimerEvent: {}
[3.632374] (control_interfaces) StdoutLine: {'line': b'[ 58%] \x1b[32mBuilding C object CMakeFiles/control_interfaces__rosidl_typesupport_introspection_c.dir/rosidl_typesupport_introspection_c/control_interfaces/srv/detail/navigate_handle__type_support.c.o\x1b[0m\n'}
[3.682430] (control_interfaces) StdoutLine: {'line': b'[ 59%] \x1b[32mBuilding C object CMakeFiles/control_interfaces__rosidl_typesupport_introspection_c.dir/rosidl_typesupport_introspection_c/control_interfaces/srv/detail/track_handle__type_support.c.o\x1b[0m\n'}
[3.705364] (control_interfaces) StdoutLine: {'line': b'[ 60%] \x1b[32mBuilding C object CMakeFiles/control_interfaces__rosidl_typesupport_introspection_c.dir/rosidl_typesupport_introspection_c/control_interfaces/srv/detail/detect_handle__type_support.c.o\x1b[0m\n'}
[3.707669] (-) TimerEvent: {}
[3.720563] (control_interfaces) StdoutLine: {'line': b'[ 62%] \x1b[32mBuilding CXX object CMakeFiles/control_interfaces__rosidl_typesupport_fastrtps_cpp.dir/rosidl_typesupport_fastrtps_cpp/control_interfaces/msg/detail/dds_fastrtps/detected_obstacle__type_support.cpp.o\x1b[0m\n'}
[3.744819] (control_interfaces) StdoutLine: {'line': b'[ 63%] \x1b[32mBuilding CXX object CMakeFiles/control_interfaces__rosidl_typesupport_fastrtps_cpp.dir/rosidl_typesupport_fastrtps_cpp/control_interfaces/srv/detail/dds_fastrtps/event_handle__type_support.cpp.o\x1b[0m\n'}
[3.769895] (control_interfaces) StdoutLine: {'line': b'[ 64%] \x1b[32m\x1b[1mLinking C shared library libcontrol_interfaces__rosidl_typesupport_introspection_c.so\x1b[0m\n'}
[3.796548] (control_interfaces) StdoutLine: {'line': b'[ 66%] \x1b[32mBuilding CXX object CMakeFiles/control_interfaces__rosidl_typesupport_fastrtps_cpp.dir/rosidl_typesupport_fastrtps_cpp/control_interfaces/srv/detail/dds_fastrtps/navigate_handle__type_support.cpp.o\x1b[0m\n'}
[3.806930] (control_interfaces) StdoutLine: {'line': b'[ 67%] \x1b[32mBuilding CXX object CMakeFiles/control_interfaces__rosidl_typesupport_fastrtps_cpp.dir/rosidl_typesupport_fastrtps_cpp/control_interfaces/srv/detail/dds_fastrtps/track_handle__type_support.cpp.o\x1b[0m\n'}
[3.807739] (-) TimerEvent: {}
[3.808519] (control_interfaces) StdoutLine: {'line': b'[ 67%] Built target control_interfaces__rosidl_typesupport_introspection_c\n'}
[3.817388] (control_interfaces) StdoutLine: {'line': b'[ 68%] \x1b[32mBuilding CXX object CMakeFiles/control_interfaces__rosidl_typesupport_fastrtps_cpp.dir/rosidl_typesupport_fastrtps_cpp/control_interfaces/srv/detail/dds_fastrtps/detect_handle__type_support.cpp.o\x1b[0m\n'}
[3.819857] (control_interfaces) StdoutLine: {'line': b'[ 70%] \x1b[32mBuilding CXX object CMakeFiles/control_interfaces__rosidl_typesupport_introspection_cpp.dir/rosidl_typesupport_introspection_cpp/control_interfaces/srv/detail/detect_handle__type_support.cpp.o\x1b[0m\n'}
[3.837649] (control_interfaces) StdoutLine: {'line': b'[ 71%] \x1b[32mBuilding CXX object CMakeFiles/control_interfaces__rosidl_typesupport_fastrtps_c.dir/rosidl_typesupport_fastrtps_c/control_interfaces/msg/detail/detected_obstacle__type_support_c.cpp.o\x1b[0m\n'}
[3.837928] (control_interfaces) StdoutLine: {'line': b'[ 72%] \x1b[32mBuilding CXX object CMakeFiles/control_interfaces__rosidl_typesupport_fastrtps_c.dir/rosidl_typesupport_fastrtps_c/control_interfaces/srv/detail/event_handle__type_support_c.cpp.o\x1b[0m\n'}
[3.874743] (control_interfaces) StdoutLine: {'line': b'[ 74%] \x1b[32m\x1b[1mLinking CXX shared library libcontrol_interfaces__rosidl_typesupport_cpp.so\x1b[0m\n'}
[3.907853] (-) TimerEvent: {}
[3.959313] (control_interfaces) StdoutLine: {'line': b'[ 75%] \x1b[32mBuilding CXX object CMakeFiles/control_interfaces__rosidl_typesupport_fastrtps_c.dir/rosidl_typesupport_fastrtps_c/control_interfaces/srv/detail/navigate_handle__type_support_c.cpp.o\x1b[0m\n'}
[3.967793] (control_interfaces) StdoutLine: {'line': b'[ 77%] \x1b[32mBuilding CXX object CMakeFiles/control_interfaces__rosidl_typesupport_fastrtps_c.dir/rosidl_typesupport_fastrtps_c/control_interfaces/srv/detail/track_handle__type_support_c.cpp.o\x1b[0m\n'}
[3.975461] (control_interfaces) StdoutLine: {'line': b'[ 78%] \x1b[32mBuilding CXX object CMakeFiles/control_interfaces__rosidl_typesupport_fastrtps_c.dir/rosidl_typesupport_fastrtps_c/control_interfaces/srv/detail/detect_handle__type_support_c.cpp.o\x1b[0m\n'}
[3.994492] (control_interfaces) StdoutLine: {'line': b'[ 78%] Built target control_interfaces__rosidl_typesupport_cpp\n'}
[4.007949] (-) TimerEvent: {}
[4.111083] (-) TimerEvent: {}
[4.211375] (-) TimerEvent: {}
[4.311643] (-) TimerEvent: {}
[4.391888] (control_interfaces) StdoutLine: {'line': b'[ 79%] \x1b[32m\x1b[1mLinking CXX shared library libcontrol_interfaces__rosidl_typesupport_introspection_cpp.so\x1b[0m\n'}
[4.411753] (-) TimerEvent: {}
[4.471186] (control_interfaces) StdoutLine: {'line': b'[ 79%] Built target control_interfaces__rosidl_typesupport_introspection_cpp\n'}
[4.511842] (-) TimerEvent: {}
[4.612070] (-) TimerEvent: {}
[4.629213] (control_interfaces) StdoutLine: {'line': b'[ 81%] \x1b[32m\x1b[1mLinking CXX shared library libcontrol_interfaces__rosidl_typesupport_fastrtps_cpp.so\x1b[0m\n'}
[4.629766] (control_interfaces) StdoutLine: {'line': b'[ 82%] \x1b[32m\x1b[1mLinking CXX shared library libcontrol_interfaces__rosidl_typesupport_fastrtps_c.so\x1b[0m\n'}
[4.689405] (control_interfaces) StdoutLine: {'line': b'[ 82%] Built target control_interfaces__rosidl_typesupport_fastrtps_c\n'}
[4.692889] (control_interfaces) StdoutLine: {'line': b'[ 82%] Built target control_interfaces__rosidl_typesupport_fastrtps_cpp\n'}
[4.707455] (control_interfaces) StdoutLine: {'line': b'[ 82%] Built target control_interfaces\n'}
[4.712165] (-) TimerEvent: {}
[4.723137] (control_interfaces) StdoutLine: {'line': b'[ 83%] \x1b[34m\x1b[1mGenerating Python code for ROS interfaces\x1b[0m\n'}
[4.812254] (-) TimerEvent: {}
[4.912463] (-) TimerEvent: {}
[5.012679] (-) TimerEvent: {}
[5.112862] (-) TimerEvent: {}
[5.213096] (-) TimerEvent: {}
[5.313313] (-) TimerEvent: {}
[5.413511] (-) TimerEvent: {}
[5.436584] (control_interfaces) StdoutLine: {'line': b'[ 83%] Built target control_interfaces__py\n'}
[5.452357] (control_interfaces) StdoutLine: {'line': b'[ 89%] \x1b[32mBuilding C object CMakeFiles/control_interfaces__rosidl_generator_py.dir/rosidl_generator_py/control_interfaces/srv/_event_handle_s.c.o\x1b[0m\n'}
[5.452656] (control_interfaces) StdoutLine: {'line': b'[ 89%] \x1b[32mBuilding C object CMakeFiles/control_interfaces__rosidl_generator_py.dir/rosidl_generator_py/control_interfaces/srv/_detect_handle_s.c.o\x1b[0m\n'}
[5.452761] (control_interfaces) StdoutLine: {'line': b'[ 89%] \x1b[32mBuilding C object CMakeFiles/control_interfaces__rosidl_generator_py.dir/rosidl_generator_py/control_interfaces/srv/_navigate_handle_s.c.o\x1b[0m\n'}
[5.452853] (control_interfaces) StdoutLine: {'line': b'[ 89%] \x1b[32mBuilding C object CMakeFiles/control_interfaces__rosidl_generator_py.dir/rosidl_generator_py/control_interfaces/msg/_detected_obstacle_s.c.o\x1b[0m\n'}
[5.452941] (control_interfaces) StdoutLine: {'line': b'[ 90%] \x1b[32mBuilding C object CMakeFiles/control_interfaces__rosidl_generator_py.dir/rosidl_generator_py/control_interfaces/srv/_track_handle_s.c.o\x1b[0m\n'}
[5.513615] (-) TimerEvent: {}
[5.573275] (control_interfaces) StdoutLine: {'line': b'[ 91%] \x1b[32m\x1b[1mLinking C shared library libcontrol_interfaces__rosidl_generator_py.so\x1b[0m\n'}
[5.604351] (control_interfaces) StdoutLine: {'line': b'[ 91%] Built target control_interfaces__rosidl_generator_py\n'}
[5.613696] (-) TimerEvent: {}
[5.620337] (control_interfaces) StdoutLine: {'line': b'[ 95%] \x1b[32mBuilding C object CMakeFiles/control_interfaces_s__rosidl_typesupport_introspection_c.dir/rosidl_generator_py/control_interfaces/_control_interfaces_s.ep.rosidl_typesupport_introspection_c.c.o\x1b[0m\n'}
[5.620492] (control_interfaces) StdoutLine: {'line': b'[ 95%] \x1b[32mBuilding C object CMakeFiles/control_interfaces_s__rosidl_typesupport_fastrtps_c.dir/rosidl_generator_py/control_interfaces/_control_interfaces_s.ep.rosidl_typesupport_fastrtps_c.c.o\x1b[0m\n'}
[5.620555] (control_interfaces) StdoutLine: {'line': b'[ 95%] \x1b[32mBuilding C object CMakeFiles/control_interfaces_s__rosidl_typesupport_c.dir/rosidl_generator_py/control_interfaces/_control_interfaces_s.ep.rosidl_typesupport_c.c.o\x1b[0m\n'}
[5.713788] (-) TimerEvent: {}
[5.727221] (control_interfaces) StdoutLine: {'line': b'[ 98%] \x1b[32m\x1b[1mLinking C shared module rosidl_generator_py/control_interfaces/control_interfaces_s__rosidl_typesupport_c.so\x1b[0m\n'}
[5.727467] (control_interfaces) StdoutLine: {'line': b'[ 98%] \x1b[32m\x1b[1mLinking C shared module rosidl_generator_py/control_interfaces/control_interfaces_s__rosidl_typesupport_introspection_c.so\x1b[0m\n'}
[5.727565] (control_interfaces) StdoutLine: {'line': b'[100%] \x1b[32m\x1b[1mLinking C shared module rosidl_generator_py/control_interfaces/control_interfaces_s__rosidl_typesupport_fastrtps_c.so\x1b[0m\n'}
[5.751273] (control_interfaces) StdoutLine: {'line': b'[100%] Built target control_interfaces_s__rosidl_typesupport_fastrtps_c\n'}
[5.751455] (control_interfaces) StdoutLine: {'line': b'[100%] Built target control_interfaces_s__rosidl_typesupport_c\n'}
[5.751518] (control_interfaces) StdoutLine: {'line': b'[100%] Built target control_interfaces_s__rosidl_typesupport_introspection_c\n'}
[5.760034] (control_interfaces) CommandEnded: {'returncode': 0}
[5.760622] (control_interfaces) JobProgress: {'identifier': 'control_interfaces', 'progress': 'install'}
[5.767334] (control_interfaces) Command: {'cmd': ['/usr/bin/cmake', '--install', '/home/kth/robot_dev/robot_navigator/build/control_interfaces'], 'cwd': '/home/kth/robot_dev/robot_navigator/build/control_interfaces', 'env': OrderedDict({'GJS_DEBUG_TOPICS': 'JS ERROR;JS LOG', 'XDG_ACTIVATION_TOKEN': 'gnome-shell/Terminator/2733-8-kth-GP75-Leopard-10SEK_TIME5529592', 'CONDA_PROMPT_MODIFIER': 'false', 'USER': 'kth', 'GZ_CONFIG_PATH': '/opt/ros/jazzy/opt/gz_sim_vendor/share/gz:/opt/ros/jazzy/opt/sdformat_vendor/share/gz:/opt/ros/jazzy/opt/gz_gui_vendor/share/gz:/opt/ros/jazzy/opt/gz_transport_vendor/share/gz:/opt/ros/jazzy/opt/gz_rendering_vendor/share/gz:/opt/ros/jazzy/opt/gz_plugin_vendor/share/gz:/opt/ros/jazzy/opt/gz_fuel_tools_vendor/share/gz:/opt/ros/jazzy/opt/gz_msgs_vendor/share/gz:/opt/ros/jazzy/opt/gz_common_vendor/share/gz', 'XDG_SESSION_TYPE': 'x11', 'POWERLINE_COMMAND': 'oh-my-posh', 'SHLVL': '1', 'LD_LIBRARY_PATH': '/opt/ros/jazzy/opt/gz_sim_vendor/lib:/opt/ros/jazzy/opt/gz_sensors_vendor/lib:/opt/ros/jazzy/opt/gz_physics_vendor/lib:/opt/ros/jazzy/opt/sdformat_vendor/lib:/opt/ros/jazzy/opt/rviz_ogre_vendor/lib:/opt/ros/jazzy/lib/x86_64-linux-gnu:/opt/ros/jazzy/opt/gz_gui_vendor/lib:/opt/ros/jazzy/opt/gz_transport_vendor/lib:/opt/ros/jazzy/opt/gz_rendering_vendor/lib:/opt/ros/jazzy/opt/gz_plugin_vendor/lib:/opt/ros/jazzy/opt/gz_fuel_tools_vendor/lib:/opt/ros/jazzy/opt/gz_msgs_vendor/lib:/opt/ros/jazzy/opt/gz_common_vendor/lib:/opt/ros/jazzy/opt/gz_math_vendor/lib:/opt/ros/jazzy/opt/gz_utils_vendor/lib:/opt/ros/jazzy/opt/gz_tools_vendor/lib:/opt/ros/jazzy/opt/gz_ogre_next_vendor/lib:/opt/ros/jazzy/opt/gz_dartsim_vendor/lib:/opt/ros/jazzy/opt/gz_cmake_vendor/lib:/opt/ros/jazzy/lib', 'CLUTTER_DISABLE_MIPMAPPED_TEXT': '1', 'HOME': '/home/kth', 'DESKTOP_SESSION': 'ubuntu', 'GIO_LAUNCHED_DESKTOP_FILE': '/usr/share/applications/terminator.desktop', 'ROS_PYTHON_VERSION': '3', 'GNOME_SHELL_SESSION_MODE': 'ubuntu', 'GTK_MODULES': 'gail:atk-bridge', 'MANAGERPID': '2257', 'SYSTEMD_EXEC_PID': '2733', 'GSM_SKIP_SSH_AGENT_WORKAROUND': 'true', 'DBUS_SESSION_BUS_ADDRESS': 'unix:path=/run/user/1000/bus', 'GIO_LAUNCHED_DESKTOP_FILE_PID': '12635', 'COLORTERM': 'truecolor', 'TERMINATOR_DBUS_NAME': 'net.tenshu.Terminator23558193cd9818af7fe4d2c2f5bd9d00f', 'DEBUGINFOD_URLS': 'https://debuginfod.ubuntu.com', 'ROS_DISTRO': 'jazzy', 'LOGNAME': 'kth', 'JOURNAL_STREAM': '9:24881', 'POSH_SESSION_ID': '868a1891-c942-45a0-873b-a5ca46ba4c3a', 'MEMORY_PRESSURE_WATCH': '/sys/fs/cgroup/user.slice/user-1000.slice/user@1000.service/session.slice/org.gnome.Shell@x11.service/memory.pressure', 'ROS_VERSION': '2', 'XDG_SESSION_CLASS': 'user', 'USERNAME': 'kth', 'TERM': 'xterm-256color', 'GNOME_DESKTOP_SESSION_ID': 'this-is-deprecated', 'POSH_SHELL_VERSION': '3.7.0', 'WINDOWPATH': '2', 'PATH': '/opt/ros/jazzy/opt/gz_msgs_vendor/bin:/opt/ros/jazzy/opt/gz_tools_vendor/bin:/opt/ros/jazzy/opt/gz_ogre_next_vendor/bin:/opt/ros/jazzy/bin:/home/kth/.local/bin:/usr/local/sbin:/usr/local/bin:/usr/sbin:/usr/bin:/sbin:/bin:/usr/games:/usr/local/games:/snap/bin:/snap/bin', 'SESSION_MANAGER': 'local/kth-GP75-Leopard-10SEK:@/tmp/.ICE-unix/2701,unix/kth-GP75-Leopard-10SEK:/tmp/.ICE-unix/2701', 'INVOCATION_ID': '921896e3d3cf41f68858fc660c5041cd', 'XDG_RUNTIME_DIR': '/run/user/1000', 'XDG_MENU_PREFIX': 'gnome-', 'DISPLAY': ':1', 'LANG': 'en_US.UTF-8', 'XDG_CURRENT_DESKTOP': 'ubuntu:GNOME', 'TERMINATOR_DBUS_PATH': '/net/tenshu/Terminator2', 'XAUTHORITY': '/run/user/1000/gdm/Xauthority', 'XMODIFIERS': '@im=ibus', 'XDG_SESSION_DESKTOP': 'ubuntu', 'SSH_AUTH_SOCK': '/run/user/1000/keyring/ssh', 'AMENT_PREFIX_PATH': '/opt/ros/jazzy', 'ROS_DOMAIN_ID': '22', 'TERMINATOR_UUID': 'urn:uuid:55e896f3-29e9-4e78-aa72-9dd7c395b49d', 'SHELL': '/usr/bin/fish', 'QT_ACCESSIBILITY': '1', 'GDMSESSION': 'ubuntu', 'IGN_GAZEBO_RESOURCE_PATH': '/opt/ros/jazzy/share', 'GPG_AGENT_INFO': '/run/user/1000/gnupg/S.gpg-agent:0:1', 'GJS_DEBUG_OUTPUT': 'stderr', 'POSH_THEME': '/home/kth/.poshthemes/sonicboom_light.omp.json', 'ROS_AUTOMATIC_DISCOVERY_RANGE': 'SUBNET', 'QT_IM_MODULE': 'ibus', 'PWD': '/home/kth/robot_dev/robot_navigator/build/control_interfaces', 'LC_ALL': 'en_US.UTF-8', 'XDG_DATA_DIRS': '/usr/share/ubuntu:/usr/share/gnome:/usr/local/share/:/usr/share/:/var/lib/snapd/desktop', 'XDG_CONFIG_DIRS': '/etc/xdg/xdg-ubuntu:/etc/xdg', 'QTWEBENGINE_DICTIONARIES_PATH': '/usr/share/hunspell-bdic/', 'PYTHONPATH': '/opt/ros/jazzy/lib/python3.12/site-packages', 'COLCON': '1', 'POSH_SHELL': 'fish', 'VTE_VERSION': '7600', 'MEMORY_PRESSURE_WRITE': 'c29tZSAyMDAwMDAgMjAwMDAwMAA=', 'CMAKE_PREFIX_PATH': '/opt/ros/jazzy/opt/gz_sim_vendor:/opt/ros/jazzy/opt/gz_sensors_vendor:/opt/ros/jazzy/opt/gz_physics_vendor:/opt/ros/jazzy/opt/sdformat_vendor:/opt/ros/jazzy/opt/gz_gui_vendor:/opt/ros/jazzy/opt/gz_transport_vendor:/opt/ros/jazzy/opt/gz_rendering_vendor:/opt/ros/jazzy/opt/gz_plugin_vendor:/opt/ros/jazzy/opt/gz_fuel_tools_vendor:/opt/ros/jazzy/opt/gz_msgs_vendor:/opt/ros/jazzy/opt/gz_common_vendor:/opt/ros/jazzy/opt/gz_math_vendor:/opt/ros/jazzy/opt/gz_utils_vendor:/opt/ros/jazzy/opt/gz_tools_vendor:/opt/ros/jazzy/opt/gz_ogre_next_vendor:/opt/ros/jazzy/opt/gz_dartsim_vendor:/opt/ros/jazzy/opt/gz_cmake_vendor:/opt/ros/jazzy'}), 'shell': False}
[5.774120] (control_interfaces) StdoutLine: {'line': b'-- Install configuration: ""\n'}
[5.774255] (control_interfaces) StdoutLine: {'line': b'-- Installing: /home/kth/robot_dev/robot_navigator/install/control_interfaces/share/ament_index/resource_index/rosidl_interfaces/control_interfaces\n'}
[5.774462] (control_interfaces) StdoutLine: {'line': b'-- Installing: /home/kth/robot_dev/robot_navigator/install/control_interfaces/share/control_interfaces/msg/DetectedObstacle.json\n'}
[5.774575] (control_interfaces) StdoutLine: {'line': b'-- Installing: /home/kth/robot_dev/robot_navigator/install/control_interfaces/share/control_interfaces/srv/EventHandle.json\n'}
[5.774643] (control_interfaces) StdoutLine: {'line': b'-- Installing: /home/kth/robot_dev/robot_navigator/install/control_interfaces/share/control_interfaces/srv/NavigateHandle.json\n'}
[5.774710] (control_interfaces) StdoutLine: {'line': b'-- Installing: /home/kth/robot_dev/robot_navigator/install/control_interfaces/share/control_interfaces/srv/TrackHandle.json\n'}
[5.774786] (control_interfaces) StdoutLine: {'line': b'-- Installing: /home/kth/robot_dev/robot_navigator/install/control_interfaces/share/control_interfaces/srv/DetectHandle.json\n'}
[5.774871] (control_interfaces) StdoutLine: {'line': b'-- Installing: /home/kth/robot_dev/robot_navigator/install/control_interfaces/include/control_interfaces/control_interfaces\n'}
[5.774951] (control_interfaces) StdoutLine: {'line': b'-- Installing: /home/kth/robot_dev/robot_navigator/install/control_interfaces/include/control_interfaces/control_interfaces/srv\n'}
[5.775008] (control_interfaces) StdoutLine: {'line': b'-- Installing: /home/kth/robot_dev/robot_navigator/install/control_interfaces/include/control_interfaces/control_interfaces/srv/detail\n'}
[5.775084] (control_interfaces) StdoutLine: {'line': b'-- Installing: /home/kth/robot_dev/robot_navigator/install/control_interfaces/include/control_interfaces/control_interfaces/srv/detail/track_handle__functions.c\n'}
[5.775154] (control_interfaces) StdoutLine: {'line': b'-- Installing: /home/kth/robot_dev/robot_navigator/install/control_interfaces/include/control_interfaces/control_interfaces/srv/detail/event_handle__type_support.h\n'}
[5.775211] (control_interfaces) StdoutLine: {'line': b'-- Installing: /home/kth/robot_dev/robot_navigator/install/control_interfaces/include/control_interfaces/control_interfaces/srv/detail/track_handle__type_support.c\n'}
[5.775291] (control_interfaces) StdoutLine: {'line': b'-- Installing: /home/kth/robot_dev/robot_navigator/install/control_interfaces/include/control_interfaces/control_interfaces/srv/detail/navigate_handle__functions.c\n'}
[5.775420] (control_interfaces) StdoutLine: {'line': b'-- Installing: /home/kth/robot_dev/robot_navigator/install/control_interfaces/include/control_interfaces/control_interfaces/srv/detail/navigate_handle__struct.h\n'}
[5.775477] (control_interfaces) StdoutLine: {'line': b'-- Installing: /home/kth/robot_dev/robot_navigator/install/control_interfaces/include/control_interfaces/control_interfaces/srv/detail/detect_handle__type_support.h\n'}
[5.775552] (control_interfaces) StdoutLine: {'line': b'-- Installing: /home/kth/robot_dev/robot_navigator/install/control_interfaces/include/control_interfaces/control_interfaces/srv/detail/event_handle__struct.h\n'}
[5.775611] (control_interfaces) StdoutLine: {'line': b'-- Installing: /home/kth/robot_dev/robot_navigator/install/control_interfaces/include/control_interfaces/control_interfaces/srv/detail/track_handle__description.c\n'}
[5.775686] (control_interfaces) StdoutLine: {'line': b'-- Installing: /home/kth/robot_dev/robot_navigator/install/control_interfaces/include/control_interfaces/control_interfaces/srv/detail/track_handle__struct.h\n'}
[5.775745] (control_interfaces) StdoutLine: {'line': b'-- Installing: /home/kth/robot_dev/robot_navigator/install/control_interfaces/include/control_interfaces/control_interfaces/srv/detail/detect_handle__description.c\n'}
[5.775819] (control_interfaces) StdoutLine: {'line': b'-- Installing: /home/kth/robot_dev/robot_navigator/install/control_interfaces/include/control_interfaces/control_interfaces/srv/detail/event_handle__description.c\n'}
[5.775876] (control_interfaces) StdoutLine: {'line': b'-- Installing: /home/kth/robot_dev/robot_navigator/install/control_interfaces/include/control_interfaces/control_interfaces/srv/detail/track_handle__type_support.h\n'}
[5.775943] (control_interfaces) StdoutLine: {'line': b'-- Installing: /home/kth/robot_dev/robot_navigator/install/control_interfaces/include/control_interfaces/control_interfaces/srv/detail/detect_handle__functions.h\n'}
[5.776015] (control_interfaces) StdoutLine: {'line': b'-- Installing: /home/kth/robot_dev/robot_navigator/install/control_interfaces/include/control_interfaces/control_interfaces/srv/detail/detect_handle__type_support.c\n'}
[5.776083] (control_interfaces) StdoutLine: {'line': b'-- Installing: /home/kth/robot_dev/robot_navigator/install/control_interfaces/include/control_interfaces/control_interfaces/srv/detail/event_handle__type_support.c\n'}
[5.776154] (control_interfaces) StdoutLine: {'line': b'-- Installing: /home/kth/robot_dev/robot_navigator/install/control_interfaces/include/control_interfaces/control_interfaces/srv/detail/navigate_handle__description.c\n'}
[5.776229] (control_interfaces) StdoutLine: {'line': b'-- Installing: /home/kth/robot_dev/robot_navigator/install/control_interfaces/include/control_interfaces/control_interfaces/srv/detail/navigate_handle__functions.h\n'}
[5.776301] (control_interfaces) StdoutLine: {'line': b'-- Installing: /home/kth/robot_dev/robot_navigator/install/control_interfaces/include/control_interfaces/control_interfaces/srv/detail/event_handle__functions.h\n'}
[5.776438] (control_interfaces) StdoutLine: {'line': b'-- Installing: /home/kth/robot_dev/robot_navigator/install/control_interfaces/include/control_interfaces/control_interfaces/srv/detail/detect_handle__struct.h\n'}
[5.776497] (control_interfaces) StdoutLine: {'line': b'-- Installing: /home/kth/robot_dev/robot_navigator/install/control_interfaces/include/control_interfaces/control_interfaces/srv/detail/navigate_handle__type_support.h\n'}
[5.776567] (control_interfaces) StdoutLine: {'line': b'-- Installing: /home/kth/robot_dev/robot_navigator/install/control_interfaces/include/control_interfaces/control_interfaces/srv/detail/event_handle__functions.c\n'}
[5.776641] (control_interfaces) StdoutLine: {'line': b'-- Installing: /home/kth/robot_dev/robot_navigator/install/control_interfaces/include/control_interfaces/control_interfaces/srv/detail/navigate_handle__type_support.c\n'}
[5.776709] (control_interfaces) StdoutLine: {'line': b'-- Installing: /home/kth/robot_dev/robot_navigator/install/control_interfaces/include/control_interfaces/control_interfaces/srv/detail/detect_handle__functions.c\n'}
[5.776780] (control_interfaces) StdoutLine: {'line': b'-- Installing: /home/kth/robot_dev/robot_navigator/install/control_interfaces/include/control_interfaces/control_interfaces/srv/detail/track_handle__functions.h\n'}
[5.776852] (control_interfaces) StdoutLine: {'line': b'-- Installing: /home/kth/robot_dev/robot_navigator/install/control_interfaces/include/control_interfaces/control_interfaces/srv/event_handle.h\n'}
[5.776924] (control_interfaces) StdoutLine: {'line': b'-- Installing: /home/kth/robot_dev/robot_navigator/install/control_interfaces/include/control_interfaces/control_interfaces/srv/track_handle.h\n'}
[5.776990] (control_interfaces) StdoutLine: {'line': b'-- Installing: /home/kth/robot_dev/robot_navigator/install/control_interfaces/include/control_interfaces/control_interfaces/srv/navigate_handle.h\n'}
[5.777065] (control_interfaces) StdoutLine: {'line': b'-- Installing: /home/kth/robot_dev/robot_navigator/install/control_interfaces/include/control_interfaces/control_interfaces/srv/detect_handle.h\n'}
[5.777125] (control_interfaces) StdoutLine: {'line': b'-- Installing: /home/kth/robot_dev/robot_navigator/install/control_interfaces/include/control_interfaces/control_interfaces/msg\n'}
[5.777200] (control_interfaces) StdoutLine: {'line': b'-- Installing: /home/kth/robot_dev/robot_navigator/install/control_interfaces/include/control_interfaces/control_interfaces/msg/detected_obstacle.h\n'}
[5.777273] (control_interfaces) StdoutLine: {'line': b'-- Installing: /home/kth/robot_dev/robot_navigator/install/control_interfaces/include/control_interfaces/control_interfaces/msg/detail\n'}
[5.777366] (control_interfaces) StdoutLine: {'line': b'-- Installing: /home/kth/robot_dev/robot_navigator/install/control_interfaces/include/control_interfaces/control_interfaces/msg/detail/detected_obstacle__functions.h\n'}
[5.777462] (control_interfaces) StdoutLine: {'line': b'-- Installing: /home/kth/robot_dev/robot_navigator/install/control_interfaces/include/control_interfaces/control_interfaces/msg/detail/detected_obstacle__description.c\n'}
[5.777526] (control_interfaces) StdoutLine: {'line': b'-- Installing: /home/kth/robot_dev/robot_navigator/install/control_interfaces/include/control_interfaces/control_interfaces/msg/detail/detected_obstacle__functions.c\n'}
[5.777602] (control_interfaces) StdoutLine: {'line': b'-- Installing: /home/kth/robot_dev/robot_navigator/install/control_interfaces/include/control_interfaces/control_interfaces/msg/detail/detected_obstacle__type_support.h\n'}
[5.777671] (control_interfaces) StdoutLine: {'line': b'-- Installing: /home/kth/robot_dev/robot_navigator/install/control_interfaces/include/control_interfaces/control_interfaces/msg/detail/detected_obstacle__struct.h\n'}
[5.777736] (control_interfaces) StdoutLine: {'line': b'-- Installing: /home/kth/robot_dev/robot_navigator/install/control_interfaces/include/control_interfaces/control_interfaces/msg/detail/detected_obstacle__type_support.c\n'}
[5.777793] (control_interfaces) StdoutLine: {'line': b'-- Installing: /home/kth/robot_dev/robot_navigator/install/control_interfaces/include/control_interfaces/control_interfaces/msg/rosidl_generator_c__visibility_control.h\n'}
[5.777860] (control_interfaces) StdoutLine: {'line': b'-- Installing: /home/kth/robot_dev/robot_navigator/install/control_interfaces/share/control_interfaces/environment/library_path.sh\n'}
[5.777928] (control_interfaces) StdoutLine: {'line': b'-- Installing: /home/kth/robot_dev/robot_navigator/install/control_interfaces/share/control_interfaces/environment/library_path.dsv\n'}
[5.778018] (control_interfaces) StdoutLine: {'line': b'-- Installing: /home/kth/robot_dev/robot_navigator/install/control_interfaces/lib/libcontrol_interfaces__rosidl_generator_c.so\n'}
[5.778281] (control_interfaces) StdoutLine: {'line': b'-- Set non-toolchain portion of runtime path of "/home/kth/robot_dev/robot_navigator/install/control_interfaces/lib/libcontrol_interfaces__rosidl_generator_c.so" to ""\n'}
[5.778407] (control_interfaces) StdoutLine: {'line': b'-- Up-to-date: /home/kth/robot_dev/robot_navigator/install/control_interfaces/include/control_interfaces/control_interfaces\n'}
[5.778482] (control_interfaces) StdoutLine: {'line': b'-- Up-to-date: /home/kth/robot_dev/robot_navigator/install/control_interfaces/include/control_interfaces/control_interfaces/srv\n'}
[5.778540] (control_interfaces) StdoutLine: {'line': b'-- Up-to-date: /home/kth/robot_dev/robot_navigator/install/control_interfaces/include/control_interfaces/control_interfaces/srv/detail\n'}
[5.778597] (control_interfaces) StdoutLine: {'line': b'-- Installing: /home/kth/robot_dev/robot_navigator/install/control_interfaces/include/control_interfaces/control_interfaces/srv/detail/event_handle__rosidl_typesupport_fastrtps_c.h\n'}
[5.778674] (control_interfaces) StdoutLine: {'line': b'-- Installing: /home/kth/robot_dev/robot_navigator/install/control_interfaces/include/control_interfaces/control_interfaces/srv/detail/track_handle__rosidl_typesupport_fastrtps_c.h\n'}
[5.778741] (control_interfaces) StdoutLine: {'line': b'-- Installing: /home/kth/robot_dev/robot_navigator/install/control_interfaces/include/control_interfaces/control_interfaces/srv/detail/navigate_handle__rosidl_typesupport_fastrtps_c.h\n'}
[5.778800] (control_interfaces) StdoutLine: {'line': b'-- Installing: /home/kth/robot_dev/robot_navigator/install/control_interfaces/include/control_interfaces/control_interfaces/srv/detail/detect_handle__rosidl_typesupport_fastrtps_c.h\n'}
[5.778880] (control_interfaces) StdoutLine: {'line': b'-- Up-to-date: /home/kth/robot_dev/robot_navigator/install/control_interfaces/include/control_interfaces/control_interfaces/msg\n'}
[5.778939] (control_interfaces) StdoutLine: {'line': b'-- Installing: /home/kth/robot_dev/robot_navigator/install/control_interfaces/include/control_interfaces/control_interfaces/msg/rosidl_typesupport_fastrtps_c__visibility_control.h\n'}
[5.778993] (control_interfaces) StdoutLine: {'line': b'-- Up-to-date: /home/kth/robot_dev/robot_navigator/install/control_interfaces/include/control_interfaces/control_interfaces/msg/detail\n'}
[5.779059] (control_interfaces) StdoutLine: {'line': b'-- Installing: /home/kth/robot_dev/robot_navigator/install/control_interfaces/include/control_interfaces/control_interfaces/msg/detail/detected_obstacle__rosidl_typesupport_fastrtps_c.h\n'}
[5.779114] (control_interfaces) StdoutLine: {'line': b'-- Installing: /home/kth/robot_dev/robot_navigator/install/control_interfaces/lib/libcontrol_interfaces__rosidl_typesupport_fastrtps_c.so\n'}
[5.779235] (control_interfaces) StdoutLine: {'line': b'-- Set non-toolchain portion of runtime path of "/home/kth/robot_dev/robot_navigator/install/control_interfaces/lib/libcontrol_interfaces__rosidl_typesupport_fastrtps_c.so" to ""\n'}
[5.779312] (control_interfaces) StdoutLine: {'line': b'-- Up-to-date: /home/kth/robot_dev/robot_navigator/install/control_interfaces/include/control_interfaces/control_interfaces\n'}
[5.779439] (control_interfaces) StdoutLine: {'line': b'-- Up-to-date: /home/kth/robot_dev/robot_navigator/install/control_interfaces/include/control_interfaces/control_interfaces/srv\n'}
[5.779498] (control_interfaces) StdoutLine: {'line': b'-- Up-to-date: /home/kth/robot_dev/robot_navigator/install/control_interfaces/include/control_interfaces/control_interfaces/srv/detail\n'}
[5.779555] (control_interfaces) StdoutLine: {'line': b'-- Up-to-date: /home/kth/robot_dev/robot_navigator/install/control_interfaces/include/control_interfaces/control_interfaces/srv/detail/track_handle__type_support.c\n'}
[5.779629] (control_interfaces) StdoutLine: {'line': b'-- Installing: /home/kth/robot_dev/robot_navigator/install/control_interfaces/include/control_interfaces/control_interfaces/srv/detail/track_handle__rosidl_typesupport_introspection_c.h\n'}
[5.779687] (control_interfaces) StdoutLine: {'line': b'-- Up-to-date: /home/kth/robot_dev/robot_navigator/install/control_interfaces/include/control_interfaces/control_interfaces/srv/detail/detect_handle__type_support.c\n'}
[5.779762] (control_interfaces) StdoutLine: {'line': b'-- Installing: /home/kth/robot_dev/robot_navigator/install/control_interfaces/include/control_interfaces/control_interfaces/srv/detail/event_handle__rosidl_typesupport_introspection_c.h\n'}
[5.779831] (control_interfaces) StdoutLine: {'line': b'-- Up-to-date: /home/kth/robot_dev/robot_navigator/install/control_interfaces/include/control_interfaces/control_interfaces/srv/detail/event_handle__type_support.c\n'}
[5.779891] (control_interfaces) StdoutLine: {'line': b'-- Installing: /home/kth/robot_dev/robot_navigator/install/control_interfaces/include/control_interfaces/control_interfaces/srv/detail/detect_handle__rosidl_typesupport_introspection_c.h\n'}
[5.779949] (control_interfaces) StdoutLine: {'line': b'-- Up-to-date: /home/kth/robot_dev/robot_navigator/install/control_interfaces/include/control_interfaces/control_interfaces/srv/detail/navigate_handle__type_support.c\n'}
[5.780002] (control_interfaces) StdoutLine: {'line': b'-- Installing: /home/kth/robot_dev/robot_navigator/install/control_interfaces/include/control_interfaces/control_interfaces/srv/detail/navigate_handle__rosidl_typesupport_introspection_c.h\n'}
[5.780057] (control_interfaces) StdoutLine: {'line': b'-- Up-to-date: /home/kth/robot_dev/robot_navigator/install/control_interfaces/include/control_interfaces/control_interfaces/msg\n'}
[5.780114] (control_interfaces) StdoutLine: {'line': b'-- Installing: /home/kth/robot_dev/robot_navigator/install/control_interfaces/include/control_interfaces/control_interfaces/msg/rosidl_typesupport_introspection_c__visibility_control.h\n'}
[5.780167] (control_interfaces) StdoutLine: {'line': b'-- Up-to-date: /home/kth/robot_dev/robot_navigator/install/control_interfaces/include/control_interfaces/control_interfaces/msg/detail\n'}
[5.780247] (control_interfaces) StdoutLine: {'line': b'-- Installing: /home/kth/robot_dev/robot_navigator/install/control_interfaces/include/control_interfaces/control_interfaces/msg/detail/detected_obstacle__rosidl_typesupport_introspection_c.h\n'}
[5.780302] (control_interfaces) StdoutLine: {'line': b'-- Up-to-date: /home/kth/robot_dev/robot_navigator/install/control_interfaces/include/control_interfaces/control_interfaces/msg/detail/detected_obstacle__type_support.c\n'}
[5.780411] (control_interfaces) StdoutLine: {'line': b'-- Installing: /home/kth/robot_dev/robot_navigator/install/control_interfaces/lib/libcontrol_interfaces__rosidl_typesupport_introspection_c.so\n'}
[5.780464] (control_interfaces) StdoutLine: {'line': b'-- Set non-toolchain portion of runtime path of "/home/kth/robot_dev/robot_navigator/install/control_interfaces/lib/libcontrol_interfaces__rosidl_typesupport_introspection_c.so" to ""\n'}
[5.780521] (control_interfaces) StdoutLine: {'line': b'-- Installing: /home/kth/robot_dev/robot_navigator/install/control_interfaces/lib/libcontrol_interfaces__rosidl_typesupport_c.so\n'}
[5.780597] (control_interfaces) StdoutLine: {'line': b'-- Set non-toolchain portion of runtime path of "/home/kth/robot_dev/robot_navigator/install/control_interfaces/lib/libcontrol_interfaces__rosidl_typesupport_c.so" to ""\n'}
[5.780658] (control_interfaces) StdoutLine: {'line': b'-- Up-to-date: /home/kth/robot_dev/robot_navigator/install/control_interfaces/include/control_interfaces/control_interfaces\n'}
[5.780716] (control_interfaces) StdoutLine: {'line': b'-- Up-to-date: /home/kth/robot_dev/robot_navigator/install/control_interfaces/include/control_interfaces/control_interfaces/srv\n'}
[5.780774] (control_interfaces) StdoutLine: {'line': b'-- Installing: /home/kth/robot_dev/robot_navigator/install/control_interfaces/include/control_interfaces/control_interfaces/srv/detect_handle.hpp\n'}
[5.780851] (control_interfaces) StdoutLine: {'line': b'-- Installing: /home/kth/robot_dev/robot_navigator/install/control_interfaces/include/control_interfaces/control_interfaces/srv/event_handle.hpp\n'}
[5.780912] (control_interfaces) StdoutLine: {'line': b'-- Up-to-date: /home/kth/robot_dev/robot_navigator/install/control_interfaces/include/control_interfaces/control_interfaces/srv/detail\n'}
[5.780971] (control_interfaces) StdoutLine: {'line': b'-- Installing: /home/kth/robot_dev/robot_navigator/install/control_interfaces/include/control_interfaces/control_interfaces/srv/detail/event_handle__struct.hpp\n'}
[5.781028] (control_interfaces) StdoutLine: {'line': b'-- Installing: /home/kth/robot_dev/robot_navigator/install/control_interfaces/include/control_interfaces/control_interfaces/srv/detail/detect_handle__type_support.hpp\n'}
[5.781114] (control_interfaces) StdoutLine: {'line': b'-- Installing: /home/kth/robot_dev/robot_navigator/install/control_interfaces/include/control_interfaces/control_interfaces/srv/detail/detect_handle__builder.hpp\n'}
[5.781173] (control_interfaces) StdoutLine: {'line': b'-- Installing: /home/kth/robot_dev/robot_navigator/install/control_interfaces/include/control_interfaces/control_interfaces/srv/detail/navigate_handle__traits.hpp\n'}
[5.781244] (control_interfaces) StdoutLine: {'line': b'-- Installing: /home/kth/robot_dev/robot_navigator/install/control_interfaces/include/control_interfaces/control_interfaces/srv/detail/event_handle__traits.hpp\n'}
[5.781301] (control_interfaces) StdoutLine: {'line': b'-- Installing: /home/kth/robot_dev/robot_navigator/install/control_interfaces/include/control_interfaces/control_interfaces/srv/detail/detect_handle__struct.hpp\n'}
[5.781414] (control_interfaces) StdoutLine: {'line': b'-- Installing: /home/kth/robot_dev/robot_navigator/install/control_interfaces/include/control_interfaces/control_interfaces/srv/detail/track_handle__type_support.hpp\n'}
[5.781469] (control_interfaces) StdoutLine: {'line': b'-- Installing: /home/kth/robot_dev/robot_navigator/install/control_interfaces/include/control_interfaces/control_interfaces/srv/detail/navigate_handle__type_support.hpp\n'}
[5.781544] (control_interfaces) StdoutLine: {'line': b'-- Installing: /home/kth/robot_dev/robot_navigator/install/control_interfaces/include/control_interfaces/control_interfaces/srv/detail/event_handle__type_support.hpp\n'}
[5.781623] (control_interfaces) StdoutLine: {'line': b'-- Installing: /home/kth/robot_dev/robot_navigator/install/control_interfaces/include/control_interfaces/control_interfaces/srv/detail/event_handle__builder.hpp\n'}
[5.781681] (control_interfaces) StdoutLine: {'line': b'-- Installing: /home/kth/robot_dev/robot_navigator/install/control_interfaces/include/control_interfaces/control_interfaces/srv/detail/track_handle__traits.hpp\n'}
[5.782039] (control_interfaces) StdoutLine: {'line': b'-- Installing: /home/kth/robot_dev/robot_navigator/install/control_interfaces/include/control_interfaces/control_interfaces/srv/detail/track_handle__builder.hpp\n'}
[5.782111] (control_interfaces) StdoutLine: {'line': b'-- Installing: /home/kth/robot_dev/robot_navigator/install/control_interfaces/include/control_interfaces/control_interfaces/srv/detail/navigate_handle__struct.hpp\n'}
[5.782186] (control_interfaces) StdoutLine: {'line': b'-- Installing: /home/kth/robot_dev/robot_navigator/install/control_interfaces/include/control_interfaces/control_interfaces/srv/detail/navigate_handle__builder.hpp\n'}
[5.782257] (control_interfaces) StdoutLine: {'line': b'-- Installing: /home/kth/robot_dev/robot_navigator/install/control_interfaces/include/control_interfaces/control_interfaces/srv/detail/detect_handle__traits.hpp\n'}
[5.782362] (control_interfaces) StdoutLine: {'line': b'-- Installing: /home/kth/robot_dev/robot_navigator/install/control_interfaces/include/control_interfaces/control_interfaces/srv/detail/track_handle__struct.hpp\n'}
[5.782457] (control_interfaces) StdoutLine: {'line': b'-- Installing: /home/kth/robot_dev/robot_navigator/install/control_interfaces/include/control_interfaces/control_interfaces/srv/track_handle.hpp\n'}
[5.782528] (control_interfaces) StdoutLine: {'line': b'-- Installing: /home/kth/robot_dev/robot_navigator/install/control_interfaces/include/control_interfaces/control_interfaces/srv/navigate_handle.hpp\n'}
[5.782611] (control_interfaces) StdoutLine: {'line': b'-- Up-to-date: /home/kth/robot_dev/robot_navigator/install/control_interfaces/include/control_interfaces/control_interfaces/msg\n'}
[5.782669] (control_interfaces) StdoutLine: {'line': b'-- Up-to-date: /home/kth/robot_dev/robot_navigator/install/control_interfaces/include/control_interfaces/control_interfaces/msg/detail\n'}
[5.782747] (control_interfaces) StdoutLine: {'line': b'-- Installing: /home/kth/robot_dev/robot_navigator/install/control_interfaces/include/control_interfaces/control_interfaces/msg/detail/detected_obstacle__traits.hpp\n'}
[5.782806] (control_interfaces) StdoutLine: {'line': b'-- Installing: /home/kth/robot_dev/robot_navigator/install/control_interfaces/include/control_interfaces/control_interfaces/msg/detail/detected_obstacle__struct.hpp\n'}
[5.782865] (control_interfaces) StdoutLine: {'line': b'-- Installing: /home/kth/robot_dev/robot_navigator/install/control_interfaces/include/control_interfaces/control_interfaces/msg/detail/detected_obstacle__type_support.hpp\n'}
[5.782941] (control_interfaces) StdoutLine: {'line': b'-- Installing: /home/kth/robot_dev/robot_navigator/install/control_interfaces/include/control_interfaces/control_interfaces/msg/detail/detected_obstacle__builder.hpp\n'}
[5.782999] (control_interfaces) StdoutLine: {'line': b'-- Installing: /home/kth/robot_dev/robot_navigator/install/control_interfaces/include/control_interfaces/control_interfaces/msg/detected_obstacle.hpp\n'}
[5.783054] (control_interfaces) StdoutLine: {'line': b'-- Installing: /home/kth/robot_dev/robot_navigator/install/control_interfaces/include/control_interfaces/control_interfaces/msg/rosidl_generator_cpp__visibility_control.hpp\n'}
[5.783130] (control_interfaces) StdoutLine: {'line': b'-- Up-to-date: /home/kth/robot_dev/robot_navigator/install/control_interfaces/include/control_interfaces/control_interfaces\n'}
[5.783190] (control_interfaces) StdoutLine: {'line': b'-- Up-to-date: /home/kth/robot_dev/robot_navigator/install/control_interfaces/include/control_interfaces/control_interfaces/srv\n'}
[5.783249] (control_interfaces) StdoutLine: {'line': b'-- Up-to-date: /home/kth/robot_dev/robot_navigator/install/control_interfaces/include/control_interfaces/control_interfaces/srv/detail\n'}
[5.783361] (control_interfaces) StdoutLine: {'line': b'-- Installing: /home/kth/robot_dev/robot_navigator/install/control_interfaces/include/control_interfaces/control_interfaces/srv/detail/navigate_handle__rosidl_typesupport_fastrtps_cpp.hpp\n'}
[5.783440] (control_interfaces) StdoutLine: {'line': b'-- Installing: /home/kth/robot_dev/robot_navigator/install/control_interfaces/include/control_interfaces/control_interfaces/srv/detail/detect_handle__rosidl_typesupport_fastrtps_cpp.hpp\n'}
[5.783513] (control_interfaces) StdoutLine: {'line': b'-- Installing: /home/kth/robot_dev/robot_navigator/install/control_interfaces/include/control_interfaces/control_interfaces/srv/detail/dds_fastrtps\n'}
[5.783573] (control_interfaces) StdoutLine: {'line': b'-- Installing: /home/kth/robot_dev/robot_navigator/install/control_interfaces/include/control_interfaces/control_interfaces/srv/detail/event_handle__rosidl_typesupport_fastrtps_cpp.hpp\n'}
[5.783631] (control_interfaces) StdoutLine: {'line': b'-- Installing: /home/kth/robot_dev/robot_navigator/install/control_interfaces/include/control_interfaces/control_interfaces/srv/detail/track_handle__rosidl_typesupport_fastrtps_cpp.hpp\n'}
[5.783688] (control_interfaces) StdoutLine: {'line': b'-- Up-to-date: /home/kth/robot_dev/robot_navigator/install/control_interfaces/include/control_interfaces/control_interfaces/msg\n'}
[5.783743] (control_interfaces) StdoutLine: {'line': b'-- Up-to-date: /home/kth/robot_dev/robot_navigator/install/control_interfaces/include/control_interfaces/control_interfaces/msg/detail\n'}
[5.783796] (control_interfaces) StdoutLine: {'line': b'-- Installing: /home/kth/robot_dev/robot_navigator/install/control_interfaces/include/control_interfaces/control_interfaces/msg/detail/detected_obstacle__rosidl_typesupport_fastrtps_cpp.hpp\n'}
[5.783868] (control_interfaces) StdoutLine: {'line': b'-- Installing: /home/kth/robot_dev/robot_navigator/install/control_interfaces/include/control_interfaces/control_interfaces/msg/detail/dds_fastrtps\n'}
[5.783924] (control_interfaces) StdoutLine: {'line': b'-- Installing: /home/kth/robot_dev/robot_navigator/install/control_interfaces/include/control_interfaces/control_interfaces/msg/rosidl_typesupport_fastrtps_cpp__visibility_control.h\n'}
[5.783978] (control_interfaces) StdoutLine: {'line': b'-- Installing: /home/kth/robot_dev/robot_navigator/install/control_interfaces/lib/libcontrol_interfaces__rosidl_typesupport_fastrtps_cpp.so\n'}
[5.784046] (control_interfaces) StdoutLine: {'line': b'-- Set non-toolchain portion of runtime path of "/home/kth/robot_dev/robot_navigator/install/control_interfaces/lib/libcontrol_interfaces__rosidl_typesupport_fastrtps_cpp.so" to ""\n'}
[5.784124] (control_interfaces) StdoutLine: {'line': b'-- Up-to-date: /home/kth/robot_dev/robot_navigator/install/control_interfaces/include/control_interfaces/control_interfaces\n'}
[5.784192] (control_interfaces) StdoutLine: {'line': b'-- Up-to-date: /home/kth/robot_dev/robot_navigator/install/control_interfaces/include/control_interfaces/control_interfaces/srv\n'}
[5.784250] (control_interfaces) StdoutLine: {'line': b'-- Up-to-date: /home/kth/robot_dev/robot_navigator/install/control_interfaces/include/control_interfaces/control_interfaces/srv/detail\n'}
[5.784308] (control_interfaces) StdoutLine: {'line': b'-- Installing: /home/kth/robot_dev/robot_navigator/install/control_interfaces/include/control_interfaces/control_interfaces/srv/detail/track_handle__type_support.cpp\n'}
[5.784433] (control_interfaces) StdoutLine: {'line': b'-- Installing: /home/kth/robot_dev/robot_navigator/install/control_interfaces/include/control_interfaces/control_interfaces/srv/detail/event_handle__type_support.cpp\n'}
[5.784494] (control_interfaces) StdoutLine: {'line': b'-- Installing: /home/kth/robot_dev/robot_navigator/install/control_interfaces/include/control_interfaces/control_interfaces/srv/detail/event_handle__rosidl_typesupport_introspection_cpp.hpp\n'}
[5.784551] (control_interfaces) StdoutLine: {'line': b'-- Installing: /home/kth/robot_dev/robot_navigator/install/control_interfaces/include/control_interfaces/control_interfaces/srv/detail/detect_handle__rosidl_typesupport_introspection_cpp.hpp\n'}
[5.784619] (control_interfaces) StdoutLine: {'line': b'-- Installing: /home/kth/robot_dev/robot_navigator/install/control_interfaces/include/control_interfaces/control_interfaces/srv/detail/detect_handle__type_support.cpp\n'}
[5.784678] (control_interfaces) StdoutLine: {'line': b'-- Installing: /home/kth/robot_dev/robot_navigator/install/control_interfaces/include/control_interfaces/control_interfaces/srv/detail/navigate_handle__type_support.cpp\n'}
[5.784754] (control_interfaces) StdoutLine: {'line': b'-- Installing: /home/kth/robot_dev/robot_navigator/install/control_interfaces/include/control_interfaces/control_interfaces/srv/detail/track_handle__rosidl_typesupport_introspection_cpp.hpp\n'}
[5.784815] (control_interfaces) StdoutLine: {'line': b'-- Installing: /home/kth/robot_dev/robot_navigator/install/control_interfaces/include/control_interfaces/control_interfaces/srv/detail/navigate_handle__rosidl_typesupport_introspection_cpp.hpp\n'}
[5.784874] (control_interfaces) StdoutLine: {'line': b'-- Up-to-date: /home/kth/robot_dev/robot_navigator/install/control_interfaces/include/control_interfaces/control_interfaces/msg\n'}
[5.784950] (control_interfaces) StdoutLine: {'line': b'-- Up-to-date: /home/kth/robot_dev/robot_navigator/install/control_interfaces/include/control_interfaces/control_interfaces/msg/detail\n'}
[5.785021] (control_interfaces) StdoutLine: {'line': b'-- Installing: /home/kth/robot_dev/robot_navigator/install/control_interfaces/include/control_interfaces/control_interfaces/msg/detail/detected_obstacle__rosidl_typesupport_introspection_cpp.hpp\n'}
[5.785074] (control_interfaces) StdoutLine: {'line': b'-- Installing: /home/kth/robot_dev/robot_navigator/install/control_interfaces/include/control_interfaces/control_interfaces/msg/detail/detected_obstacle__type_support.cpp\n'}
[5.785124] (control_interfaces) StdoutLine: {'line': b'-- Installing: /home/kth/robot_dev/robot_navigator/install/control_interfaces/lib/libcontrol_interfaces__rosidl_typesupport_introspection_cpp.so\n'}
[5.785286] (control_interfaces) StdoutLine: {'line': b'-- Set non-toolchain portion of runtime path of "/home/kth/robot_dev/robot_navigator/install/control_interfaces/lib/libcontrol_interfaces__rosidl_typesupport_introspection_cpp.so" to ""\n'}
[5.785400] (control_interfaces) StdoutLine: {'line': b'-- Installing: /home/kth/robot_dev/robot_navigator/install/control_interfaces/lib/libcontrol_interfaces__rosidl_typesupport_cpp.so\n'}
[5.785669] (control_interfaces) StdoutLine: {'line': b'-- Set non-toolchain portion of runtime path of "/home/kth/robot_dev/robot_navigator/install/control_interfaces/lib/libcontrol_interfaces__rosidl_typesupport_cpp.so" to ""\n'}
[5.785745] (control_interfaces) StdoutLine: {'line': b'-- Installing: /home/kth/robot_dev/robot_navigator/install/control_interfaces/share/control_interfaces/environment/pythonpath.sh\n'}
[5.785818] (control_interfaces) StdoutLine: {'line': b'-- Installing: /home/kth/robot_dev/robot_navigator/install/control_interfaces/share/control_interfaces/environment/pythonpath.dsv\n'}
[5.785891] (control_interfaces) StdoutLine: {'line': b'-- Installing: /home/kth/robot_dev/robot_navigator/install/control_interfaces/lib/python3.12/site-packages/control_interfaces-0.0.0-py3.12.egg-info\n'}
[5.785964] (control_interfaces) StdoutLine: {'line': b'-- Installing: /home/kth/robot_dev/robot_navigator/install/control_interfaces/lib/python3.12/site-packages/control_interfaces-0.0.0-py3.12.egg-info/top_level.txt\n'}
[5.786040] (control_interfaces) StdoutLine: {'line': b'-- Installing: /home/kth/robot_dev/robot_navigator/install/control_interfaces/lib/python3.12/site-packages/control_interfaces-0.0.0-py3.12.egg-info/PKG-INFO\n'}
[5.786108] (control_interfaces) StdoutLine: {'line': b'-- Installing: /home/kth/robot_dev/robot_navigator/install/control_interfaces/lib/python3.12/site-packages/control_interfaces-0.0.0-py3.12.egg-info/SOURCES.txt\n'}
[5.786177] (control_interfaces) StdoutLine: {'line': b'-- Installing: /home/kth/robot_dev/robot_navigator/install/control_interfaces/lib/python3.12/site-packages/control_interfaces-0.0.0-py3.12.egg-info/dependency_links.txt\n'}
[5.786251] (control_interfaces) StdoutLine: {'line': b'-- Installing: /home/kth/robot_dev/robot_navigator/install/control_interfaces/lib/python3.12/site-packages/control_interfaces\n'}
[5.786343] (control_interfaces) StdoutLine: {'line': b'-- Installing: /home/kth/robot_dev/robot_navigator/install/control_interfaces/lib/python3.12/site-packages/control_interfaces/_control_interfaces_s.ep.rosidl_typesupport_c.c\n'}
[5.786580] (control_interfaces) StdoutLine: {'line': b'-- Installing: /home/kth/robot_dev/robot_navigator/install/control_interfaces/lib/python3.12/site-packages/control_interfaces/_control_interfaces_s.ep.rosidl_typesupport_fastrtps_c.c\n'}
[5.786700] (control_interfaces) StdoutLine: {'line': b'-- Installing: /home/kth/robot_dev/robot_navigator/install/control_interfaces/lib/python3.12/site-packages/control_interfaces/srv\n'}
[5.786776] (control_interfaces) StdoutLine: {'line': b'-- Installing: /home/kth/robot_dev/robot_navigator/install/control_interfaces/lib/python3.12/site-packages/control_interfaces/srv/_detect_handle_s.c\n'}
[5.786851] (control_interfaces) StdoutLine: {'line': b'-- Installing: /home/kth/robot_dev/robot_navigator/install/control_interfaces/lib/python3.12/site-packages/control_interfaces/srv/_navigate_handle.py\n'}
[5.786927] (control_interfaces) StdoutLine: {'line': b'-- Installing: /home/kth/robot_dev/robot_navigator/install/control_interfaces/lib/python3.12/site-packages/control_interfaces/srv/_track_handle_s.c\n'}
[5.786997] (control_interfaces) StdoutLine: {'line': b'-- Installing: /home/kth/robot_dev/robot_navigator/install/control_interfaces/lib/python3.12/site-packages/control_interfaces/srv/_track_handle.py\n'}
[5.787070] (control_interfaces) StdoutLine: {'line': b'-- Installing: /home/kth/robot_dev/robot_navigator/install/control_interfaces/lib/python3.12/site-packages/control_interfaces/srv/_detect_handle.py\n'}
[5.787145] (control_interfaces) StdoutLine: {'line': b'-- Installing: /home/kth/robot_dev/robot_navigator/install/control_interfaces/lib/python3.12/site-packages/control_interfaces/srv/_event_handle.py\n'}
[5.787223] (control_interfaces) StdoutLine: {'line': b'-- Installing: /home/kth/robot_dev/robot_navigator/install/control_interfaces/lib/python3.12/site-packages/control_interfaces/srv/_event_handle_s.c\n'}
[5.787300] (control_interfaces) StdoutLine: {'line': b'-- Installing: /home/kth/robot_dev/robot_navigator/install/control_interfaces/lib/python3.12/site-packages/control_interfaces/srv/_navigate_handle_s.c\n'}
[5.787407] (control_interfaces) StdoutLine: {'line': b'-- Installing: /home/kth/robot_dev/robot_navigator/install/control_interfaces/lib/python3.12/site-packages/control_interfaces/srv/__init__.py\n'}
[5.787484] (control_interfaces) StdoutLine: {'line': b'-- Installing: /home/kth/robot_dev/robot_navigator/install/control_interfaces/lib/python3.12/site-packages/control_interfaces/msg\n'}
[5.787543] (control_interfaces) StdoutLine: {'line': b'-- Installing: /home/kth/robot_dev/robot_navigator/install/control_interfaces/lib/python3.12/site-packages/control_interfaces/msg/_detected_obstacle_s.c\n'}
[5.787611] (control_interfaces) StdoutLine: {'line': b'-- Installing: /home/kth/robot_dev/robot_navigator/install/control_interfaces/lib/python3.12/site-packages/control_interfaces/msg/_detected_obstacle.py\n'}
[5.787672] (control_interfaces) StdoutLine: {'line': b'-- Installing: /home/kth/robot_dev/robot_navigator/install/control_interfaces/lib/python3.12/site-packages/control_interfaces/msg/__init__.py\n'}
[5.787747] (control_interfaces) StdoutLine: {'line': b'-- Installing: /home/kth/robot_dev/robot_navigator/install/control_interfaces/lib/python3.12/site-packages/control_interfaces/control_interfaces_s__rosidl_typesupport_c.so\n'}
[5.787805] (control_interfaces) StdoutLine: {'line': b'-- Installing: /home/kth/robot_dev/robot_navigator/install/control_interfaces/lib/python3.12/site-packages/control_interfaces/_control_interfaces_s.ep.rosidl_typesupport_introspection_c.c\n'}
[5.787873] (control_interfaces) StdoutLine: {'line': b'-- Installing: /home/kth/robot_dev/robot_navigator/install/control_interfaces/lib/python3.12/site-packages/control_interfaces/__init__.py\n'}
[5.787947] (control_interfaces) StdoutLine: {'line': b'-- Installing: /home/kth/robot_dev/robot_navigator/install/control_interfaces/lib/python3.12/site-packages/control_interfaces/control_interfaces_s__rosidl_typesupport_fastrtps_c.so\n'}
[5.788005] (control_interfaces) StdoutLine: {'line': b'-- Installing: /home/kth/robot_dev/robot_navigator/install/control_interfaces/lib/python3.12/site-packages/control_interfaces/control_interfaces_s__rosidl_typesupport_introspection_c.so\n'}
[5.813901] (-) TimerEvent: {}
[5.827428] (control_interfaces) StdoutLine: {'line': b"Listing '/home/kth/robot_dev/robot_navigator/install/control_interfaces/lib/python3.12/site-packages/control_interfaces'...\n"}
[5.827559] (control_interfaces) StdoutLine: {'line': b"Compiling '/home/kth/robot_dev/robot_navigator/install/control_interfaces/lib/python3.12/site-packages/control_interfaces/__init__.py'...\n"}
[5.827619] (control_interfaces) StdoutLine: {'line': b"Listing '/home/kth/robot_dev/robot_navigator/install/control_interfaces/lib/python3.12/site-packages/control_interfaces/msg'...\n"}
[5.827672] (control_interfaces) StdoutLine: {'line': b"Compiling '/home/kth/robot_dev/robot_navigator/install/control_interfaces/lib/python3.12/site-packages/control_interfaces/msg/__init__.py'...\n"}
[5.827724] (control_interfaces) StdoutLine: {'line': b"Compiling '/home/kth/robot_dev/robot_navigator/install/control_interfaces/lib/python3.12/site-packages/control_interfaces/msg/_detected_obstacle.py'...\n"}
[5.827775] (control_interfaces) StdoutLine: {'line': b"Listing '/home/kth/robot_dev/robot_navigator/install/control_interfaces/lib/python3.12/site-packages/control_interfaces/srv'...\n"}
[5.827825] (control_interfaces) StdoutLine: {'line': b"Compiling '/home/kth/robot_dev/robot_navigator/install/control_interfaces/lib/python3.12/site-packages/control_interfaces/srv/__init__.py'...\n"}
[5.827874] (control_interfaces) StdoutLine: {'line': b"Compiling '/home/kth/robot_dev/robot_navigator/install/control_interfaces/lib/python3.12/site-packages/control_interfaces/srv/_detect_handle.py'...\n"}
[5.827924] (control_interfaces) StdoutLine: {'line': b"Compiling '/home/kth/robot_dev/robot_navigator/install/control_interfaces/lib/python3.12/site-packages/control_interfaces/srv/_event_handle.py'...\n"}
[5.827973] (control_interfaces) StdoutLine: {'line': b"Compiling '/home/kth/robot_dev/robot_navigator/install/control_interfaces/lib/python3.12/site-packages/control_interfaces/srv/_navigate_handle.py'...\n"}
[5.828023] (control_interfaces) StdoutLine: {'line': b"Compiling '/home/kth/robot_dev/robot_navigator/install/control_interfaces/lib/python3.12/site-packages/control_interfaces/srv/_track_handle.py'...\n"}
[5.831975] (control_interfaces) StdoutLine: {'line': b'-- Installing: /home/kth/robot_dev/robot_navigator/install/control_interfaces/lib/python3.12/site-packages/control_interfaces/control_interfaces_s__rosidl_typesupport_fastrtps_c.so\n'}
[5.832191] (control_interfaces) StdoutLine: {'line': b'-- Set non-toolchain portion of runtime path of "/home/kth/robot_dev/robot_navigator/install/control_interfaces/lib/python3.12/site-packages/control_interfaces/control_interfaces_s__rosidl_typesupport_fastrtps_c.so" to ""\n'}
[5.832402] (control_interfaces) StdoutLine: {'line': b'-- Installing: /home/kth/robot_dev/robot_navigator/install/control_interfaces/lib/python3.12/site-packages/control_interfaces/control_interfaces_s__rosidl_typesupport_introspection_c.so\n'}
[5.832577] (control_interfaces) StdoutLine: {'line': b'-- Set non-toolchain portion of runtime path of "/home/kth/robot_dev/robot_navigator/install/control_interfaces/lib/python3.12/site-packages/control_interfaces/control_interfaces_s__rosidl_typesupport_introspection_c.so" to ""\n'}
[5.832781] (control_interfaces) StdoutLine: {'line': b'-- Installing: /home/kth/robot_dev/robot_navigator/install/control_interfaces/lib/python3.12/site-packages/control_interfaces/control_interfaces_s__rosidl_typesupport_c.so\n'}
[5.832942] (control_interfaces) StdoutLine: {'line': b'-- Set non-toolchain portion of runtime path of "/home/kth/robot_dev/robot_navigator/install/control_interfaces/lib/python3.12/site-packages/control_interfaces/control_interfaces_s__rosidl_typesupport_c.so" to ""\n'}
[5.833035] (control_interfaces) StdoutLine: {'line': b'-- Installing: /home/kth/robot_dev/robot_navigator/install/control_interfaces/lib/libcontrol_interfaces__rosidl_generator_py.so\n'}
[5.833115] (control_interfaces) StdoutLine: {'line': b'-- Set non-toolchain portion of runtime path of "/home/kth/robot_dev/robot_navigator/install/control_interfaces/lib/libcontrol_interfaces__rosidl_generator_py.so" to ""\n'}
[5.833198] (control_interfaces) StdoutLine: {'line': b'-- Installing: /home/kth/robot_dev/robot_navigator/install/control_interfaces/share/control_interfaces/msg/DetectedObstacle.idl\n'}
[5.833274] (control_interfaces) StdoutLine: {'line': b'-- Installing: /home/kth/robot_dev/robot_navigator/install/control_interfaces/share/control_interfaces/srv/EventHandle.idl\n'}
[5.833357] (control_interfaces) StdoutLine: {'line': b'-- Installing: /home/kth/robot_dev/robot_navigator/install/control_interfaces/share/control_interfaces/srv/NavigateHandle.idl\n'}
[5.833431] (control_interfaces) StdoutLine: {'line': b'-- Installing: /home/kth/robot_dev/robot_navigator/install/control_interfaces/share/control_interfaces/srv/TrackHandle.idl\n'}
[5.833506] (control_interfaces) StdoutLine: {'line': b'-- Installing: /home/kth/robot_dev/robot_navigator/install/control_interfaces/share/control_interfaces/srv/DetectHandle.idl\n'}
[5.833579] (control_interfaces) StdoutLine: {'line': b'-- Installing: /home/kth/robot_dev/robot_navigator/install/control_interfaces/share/control_interfaces/msg/DetectedObstacle.msg\n'}
[5.833652] (control_interfaces) StdoutLine: {'line': b'-- Installing: /home/kth/robot_dev/robot_navigator/install/control_interfaces/share/control_interfaces/srv/EventHandle.srv\n'}
[5.833723] (control_interfaces) StdoutLine: {'line': b'-- Installing: /home/kth/robot_dev/robot_navigator/install/control_interfaces/share/control_interfaces/srv/NavigateHandle.srv\n'}
[5.833798] (control_interfaces) StdoutLine: {'line': b'-- Installing: /home/kth/robot_dev/robot_navigator/install/control_interfaces/share/control_interfaces/srv/TrackHandle.srv\n'}
[5.833878] (control_interfaces) StdoutLine: {'line': b'-- Installing: /home/kth/robot_dev/robot_navigator/install/control_interfaces/share/control_interfaces/srv/DetectHandle.srv\n'}
[5.833988] (control_interfaces) StdoutLine: {'line': b'-- Installing: /home/kth/robot_dev/robot_navigator/install/control_interfaces/share/ament_index/resource_index/package_run_dependencies/control_interfaces\n'}
[5.834096] (control_interfaces) StdoutLine: {'line': b'-- Installing: /home/kth/robot_dev/robot_navigator/install/control_interfaces/share/ament_index/resource_index/parent_prefix_path/control_interfaces\n'}
[5.834182] (control_interfaces) StdoutLine: {'line': b'-- Installing: /home/kth/robot_dev/robot_navigator/install/control_interfaces/share/control_interfaces/environment/ament_prefix_path.sh\n'}
[5.834265] (control_interfaces) StdoutLine: {'line': b'-- Installing: /home/kth/robot_dev/robot_navigator/install/control_interfaces/share/control_interfaces/environment/ament_prefix_path.dsv\n'}
[5.834355] (control_interfaces) StdoutLine: {'line': b'-- Installing: /home/kth/robot_dev/robot_navigator/install/control_interfaces/share/control_interfaces/environment/path.sh\n'}
[5.834436] (control_interfaces) StdoutLine: {'line': b'-- Installing: /home/kth/robot_dev/robot_navigator/install/control_interfaces/share/control_interfaces/environment/path.dsv\n'}
[5.834515] (control_interfaces) StdoutLine: {'line': b'-- Installing: /home/kth/robot_dev/robot_navigator/install/control_interfaces/share/control_interfaces/local_setup.bash\n'}
[5.834596] (control_interfaces) StdoutLine: {'line': b'-- Installing: /home/kth/robot_dev/robot_navigator/install/control_interfaces/share/control_interfaces/local_setup.sh\n'}
[5.834676] (control_interfaces) StdoutLine: {'line': b'-- Installing: /home/kth/robot_dev/robot_navigator/install/control_interfaces/share/control_interfaces/local_setup.zsh\n'}
[5.834757] (control_interfaces) StdoutLine: {'line': b'-- Installing: /home/kth/robot_dev/robot_navigator/install/control_interfaces/share/control_interfaces/local_setup.dsv\n'}
[5.834844] (control_interfaces) StdoutLine: {'line': b'-- Installing: /home/kth/robot_dev/robot_navigator/install/control_interfaces/share/control_interfaces/package.dsv\n'}
[5.834946] (control_interfaces) StdoutLine: {'line': b'-- Installing: /home/kth/robot_dev/robot_navigator/install/control_interfaces/share/ament_index/resource_index/packages/control_interfaces\n'}
[5.835054] (control_interfaces) StdoutLine: {'line': b'-- Installing: /home/kth/robot_dev/robot_navigator/install/control_interfaces/share/control_interfaces/cmake/export_control_interfaces__rosidl_generator_cExport.cmake\n'}
[5.835149] (control_interfaces) StdoutLine: {'line': b'-- Installing: /home/kth/robot_dev/robot_navigator/install/control_interfaces/share/control_interfaces/cmake/export_control_interfaces__rosidl_generator_cExport-noconfig.cmake\n'}
[5.835243] (control_interfaces) StdoutLine: {'line': b'-- Installing: /home/kth/robot_dev/robot_navigator/install/control_interfaces/share/control_interfaces/cmake/export_control_interfaces__rosidl_typesupport_fastrtps_cExport.cmake\n'}
[5.835345] (control_interfaces) StdoutLine: {'line': b'-- Installing: /home/kth/robot_dev/robot_navigator/install/control_interfaces/share/control_interfaces/cmake/export_control_interfaces__rosidl_typesupport_fastrtps_cExport-noconfig.cmake\n'}
[5.835450] (control_interfaces) StdoutLine: {'line': b'-- Installing: /home/kth/robot_dev/robot_navigator/install/control_interfaces/share/control_interfaces/cmake/control_interfaces__rosidl_typesupport_introspection_cExport.cmake\n'}
[5.835544] (control_interfaces) StdoutLine: {'line': b'-- Installing: /home/kth/robot_dev/robot_navigator/install/control_interfaces/share/control_interfaces/cmake/control_interfaces__rosidl_typesupport_introspection_cExport-noconfig.cmake\n'}
[5.835639] (control_interfaces) StdoutLine: {'line': b'-- Installing: /home/kth/robot_dev/robot_navigator/install/control_interfaces/share/control_interfaces/cmake/control_interfaces__rosidl_typesupport_cExport.cmake\n'}
[5.835725] (control_interfaces) StdoutLine: {'line': b'-- Installing: /home/kth/robot_dev/robot_navigator/install/control_interfaces/share/control_interfaces/cmake/control_interfaces__rosidl_typesupport_cExport-noconfig.cmake\n'}
[5.835816] (control_interfaces) StdoutLine: {'line': b'-- Installing: /home/kth/robot_dev/robot_navigator/install/control_interfaces/share/control_interfaces/cmake/export_control_interfaces__rosidl_generator_cppExport.cmake\n'}
[5.835909] (control_interfaces) StdoutLine: {'line': b'-- Installing: /home/kth/robot_dev/robot_navigator/install/control_interfaces/share/control_interfaces/cmake/export_control_interfaces__rosidl_typesupport_fastrtps_cppExport.cmake\n'}
[5.835994] (control_interfaces) StdoutLine: {'line': b'-- Installing: /home/kth/robot_dev/robot_navigator/install/control_interfaces/share/control_interfaces/cmake/export_control_interfaces__rosidl_typesupport_fastrtps_cppExport-noconfig.cmake\n'}
[5.836088] (control_interfaces) StdoutLine: {'line': b'-- Installing: /home/kth/robot_dev/robot_navigator/install/control_interfaces/share/control_interfaces/cmake/control_interfaces__rosidl_typesupport_introspection_cppExport.cmake\n'}
[5.836173] (control_interfaces) StdoutLine: {'line': b'-- Installing: /home/kth/robot_dev/robot_navigator/install/control_interfaces/share/control_interfaces/cmake/control_interfaces__rosidl_typesupport_introspection_cppExport-noconfig.cmake\n'}
[5.836266] (control_interfaces) StdoutLine: {'line': b'-- Installing: /home/kth/robot_dev/robot_navigator/install/control_interfaces/share/control_interfaces/cmake/control_interfaces__rosidl_typesupport_cppExport.cmake\n'}
[5.836357] (control_interfaces) StdoutLine: {'line': b'-- Installing: /home/kth/robot_dev/robot_navigator/install/control_interfaces/share/control_interfaces/cmake/control_interfaces__rosidl_typesupport_cppExport-noconfig.cmake\n'}
[5.836450] (control_interfaces) StdoutLine: {'line': b'-- Installing: /home/kth/robot_dev/robot_navigator/install/control_interfaces/share/control_interfaces/cmake/export_control_interfaces__rosidl_generator_pyExport.cmake\n'}
[5.836532] (control_interfaces) StdoutLine: {'line': b'-- Installing: /home/kth/robot_dev/robot_navigator/install/control_interfaces/share/control_interfaces/cmake/export_control_interfaces__rosidl_generator_pyExport-noconfig.cmake\n'}
[5.836617] (control_interfaces) StdoutLine: {'line': b'-- Installing: /home/kth/robot_dev/robot_navigator/install/control_interfaces/share/control_interfaces/cmake/rosidl_cmake-extras.cmake\n'}
[5.836701] (control_interfaces) StdoutLine: {'line': b'-- Installing: /home/kth/robot_dev/robot_navigator/install/control_interfaces/share/control_interfaces/cmake/ament_cmake_export_dependencies-extras.cmake\n'}
[5.836783] (control_interfaces) StdoutLine: {'line': b'-- Installing: /home/kth/robot_dev/robot_navigator/install/control_interfaces/share/control_interfaces/cmake/ament_cmake_export_include_directories-extras.cmake\n'}
[5.836865] (control_interfaces) StdoutLine: {'line': b'-- Installing: /home/kth/robot_dev/robot_navigator/install/control_interfaces/share/control_interfaces/cmake/ament_cmake_export_libraries-extras.cmake\n'}
[5.836953] (control_interfaces) StdoutLine: {'line': b'-- Installing: /home/kth/robot_dev/robot_navigator/install/control_interfaces/share/control_interfaces/cmake/ament_cmake_export_targets-extras.cmake\n'}
[5.837035] (control_interfaces) StdoutLine: {'line': b'-- Installing: /home/kth/robot_dev/robot_navigator/install/control_interfaces/share/control_interfaces/cmake/rosidl_cmake_export_typesupport_targets-extras.cmake\n'}
[5.837115] (control_interfaces) StdoutLine: {'line': b'-- Installing: /home/kth/robot_dev/robot_navigator/install/control_interfaces/share/control_interfaces/cmake/rosidl_cmake_export_typesupport_libraries-extras.cmake\n'}
[5.837198] (control_interfaces) StdoutLine: {'line': b'-- Installing: /home/kth/robot_dev/robot_navigator/install/control_interfaces/share/control_interfaces/cmake/control_interfacesConfig.cmake\n'}
[5.837271] (control_interfaces) StdoutLine: {'line': b'-- Installing: /home/kth/robot_dev/robot_navigator/install/control_interfaces/share/control_interfaces/cmake/control_interfacesConfig-version.cmake\n'}
[5.837367] (control_interfaces) StdoutLine: {'line': b'-- Installing: /home/kth/robot_dev/robot_navigator/install/control_interfaces/share/control_interfaces/package.xml\n'}
[5.838816] (control_interfaces) CommandEnded: {'returncode': 0}
[5.854158] (control_interfaces) JobEnded: {'identifier': 'control_interfaces', 'rc': 0}
[5.854735] (-) EventReactorShutdown: {}
