[0.082s] DEBUG:colcon:Command line arguments: ['/usr/bin/colcon', 'build', '--packages-select', 'control_interfaces']
[0.082s] DEBUG:colcon:Parsed command line arguments: Namespace(log_base=None, log_level=None, verb_name='build', build_base='build', install_base='install', merge_install=False, symlink_install=False, test_result_base=None, continue_on_error=False, executor='parallel', parallel_workers=12, event_handlers=None, ignore_user_meta=False, metas=['./colcon.meta'], base_paths=['.'], packages_ignore=None, packages_ignore_regex=None, paths=None, packages_up_to=None, packages_up_to_regex=None, packages_above=None, packages_above_and_dependencies=None, packages_above_depth=None, packages_select_by_dep=None, packages_skip_by_dep=None, packages_skip_up_to=None, packages_select_build_failed=False, packages_skip_build_finished=False, packages_select_test_failures=False, packages_skip_test_passed=False, packages_select=['control_interfaces'], packages_skip=None, packages_select_regex=None, packages_skip_regex=None, packages_start=None, packages_end=None, allow_overriding=[], cmake_args=None, cmake_target=None, cmake_target_skip_unavailable=False, cmake_clean_cache=False, cmake_clean_first=False, cmake_force_configure=False, ament_cmake_args=None, catkin_cmake_args=None, catkin_skip_building_tests=False, mixin_files=None, mixin=None, verb_parser=<colcon_mixin.mixin.mixin_argument.MixinArgumentDecorator object at 0x7a3f0ba9eed0>, verb_extension=<colcon_core.verb.build.BuildVerb object at 0x7a3f0ba9eba0>, main=<bound method BuildVerb.main of <colcon_core.verb.build.BuildVerb object at 0x7a3f0ba9eba0>>, mixin_verb=('build',))
[0.110s] Level 1:colcon.colcon_core.package_discovery:discover_packages(colcon_meta) check parameters
[0.110s] Level 1:colcon.colcon_core.package_discovery:discover_packages(recursive) check parameters
[0.110s] Level 1:colcon.colcon_core.package_discovery:discover_packages(ignore) check parameters
[0.110s] Level 1:colcon.colcon_core.package_discovery:discover_packages(path) check parameters
[0.110s] Level 1:colcon.colcon_core.package_discovery:discover_packages(colcon_meta) discover
[0.110s] Level 1:colcon.colcon_core.package_discovery:discover_packages(recursive) discover
[0.110s] INFO:colcon.colcon_core.package_discovery:Crawling recursively for packages in '/home/kth/robot_dev/robot_navigator'
[0.110s] Level 1:colcon.colcon_core.package_identification:_identify(.) by extensions ['ignore', 'ignore_ament_install']
[0.110s] Level 1:colcon.colcon_core.package_identification:_identify(.) by extension 'ignore'
[0.110s] Level 1:colcon.colcon_core.package_identification:_identify(.) by extension 'ignore_ament_install'
[0.110s] Level 1:colcon.colcon_core.package_identification:_identify(.) by extensions ['colcon_pkg']
[0.111s] Level 1:colcon.colcon_core.package_identification:_identify(.) by extension 'colcon_pkg'
[0.111s] Level 1:colcon.colcon_core.package_identification:_identify(.) by extensions ['colcon_meta']
[0.111s] Level 1:colcon.colcon_core.package_identification:_identify(.) by extension 'colcon_meta'
[0.111s] Level 1:colcon.colcon_core.package_identification:_identify(.) by extensions ['ros']
[0.111s] Level 1:colcon.colcon_core.package_identification:_identify(.) by extension 'ros'
[0.129s] Level 1:colcon.colcon_core.package_identification:_identify(.) by extensions ['cmake', 'python']
[0.129s] Level 1:colcon.colcon_core.package_identification:_identify(.) by extension 'cmake'
[0.129s] Level 1:colcon.colcon_core.package_identification:_identify(.) by extension 'python'
[0.129s] Level 1:colcon.colcon_core.package_identification:_identify(.) by extensions ['python_setup_py']
[0.129s] Level 1:colcon.colcon_core.package_identification:_identify(.) by extension 'python_setup_py'
[0.129s] Level 1:colcon.colcon_core.package_identification:_identify(build) by extensions ['ignore', 'ignore_ament_install']
[0.130s] Level 1:colcon.colcon_core.package_identification:_identify(build) by extension 'ignore'
[0.130s] Level 1:colcon.colcon_core.package_identification:_identify(build) ignored
[0.130s] Level 1:colcon.colcon_core.package_identification:_identify(install) by extensions ['ignore', 'ignore_ament_install']
[0.130s] Level 1:colcon.colcon_core.package_identification:_identify(install) by extension 'ignore'
[0.130s] Level 1:colcon.colcon_core.package_identification:_identify(install) ignored
[0.130s] Level 1:colcon.colcon_core.package_identification:_identify(log) by extensions ['ignore', 'ignore_ament_install']
[0.130s] Level 1:colcon.colcon_core.package_identification:_identify(log) by extension 'ignore'
[0.130s] Level 1:colcon.colcon_core.package_identification:_identify(log) ignored
[0.130s] Level 1:colcon.colcon_core.package_identification:_identify(src) by extensions ['ignore', 'ignore_ament_install']
[0.130s] Level 1:colcon.colcon_core.package_identification:_identify(src) by extension 'ignore'
[0.130s] Level 1:colcon.colcon_core.package_identification:_identify(src) by extension 'ignore_ament_install'
[0.130s] Level 1:colcon.colcon_core.package_identification:_identify(src) by extensions ['colcon_pkg']
[0.130s] Level 1:colcon.colcon_core.package_identification:_identify(src) by extension 'colcon_pkg'
[0.130s] Level 1:colcon.colcon_core.package_identification:_identify(src) by extensions ['colcon_meta']
[0.130s] Level 1:colcon.colcon_core.package_identification:_identify(src) by extension 'colcon_meta'
[0.130s] Level 1:colcon.colcon_core.package_identification:_identify(src) by extensions ['ros']
[0.130s] Level 1:colcon.colcon_core.package_identification:_identify(src) by extension 'ros'
[0.130s] Level 1:colcon.colcon_core.package_identification:_identify(src) by extensions ['cmake', 'python']
[0.130s] Level 1:colcon.colcon_core.package_identification:_identify(src) by extension 'cmake'
[0.130s] Level 1:colcon.colcon_core.package_identification:_identify(src) by extension 'python'
[0.130s] Level 1:colcon.colcon_core.package_identification:_identify(src) by extensions ['python_setup_py']
[0.130s] Level 1:colcon.colcon_core.package_identification:_identify(src) by extension 'python_setup_py'
[0.131s] Level 1:colcon.colcon_core.package_identification:_identify(src/control_interfaces) by extensions ['ignore', 'ignore_ament_install']
[0.131s] Level 1:colcon.colcon_core.package_identification:_identify(src/control_interfaces) by extension 'ignore'
[0.131s] Level 1:colcon.colcon_core.package_identification:_identify(src/control_interfaces) by extension 'ignore_ament_install'
[0.131s] Level 1:colcon.colcon_core.package_identification:_identify(src/control_interfaces) by extensions ['colcon_pkg']
[0.131s] Level 1:colcon.colcon_core.package_identification:_identify(src/control_interfaces) by extension 'colcon_pkg'
[0.131s] Level 1:colcon.colcon_core.package_identification:_identify(src/control_interfaces) by extensions ['colcon_meta']
[0.131s] Level 1:colcon.colcon_core.package_identification:_identify(src/control_interfaces) by extension 'colcon_meta'
[0.131s] Level 1:colcon.colcon_core.package_identification:_identify(src/control_interfaces) by extensions ['ros']
[0.131s] Level 1:colcon.colcon_core.package_identification:_identify(src/control_interfaces) by extension 'ros'
[0.132s] DEBUG:colcon.colcon_core.package_identification:Package 'src/control_interfaces' with type 'ros.ament_cmake' and name 'control_interfaces'
[0.132s] Level 1:colcon.colcon_core.package_identification:_identify(src/robot_navigator) by extensions ['ignore', 'ignore_ament_install']
[0.133s] Level 1:colcon.colcon_core.package_identification:_identify(src/robot_navigator) by extension 'ignore'
[0.133s] Level 1:colcon.colcon_core.package_identification:_identify(src/robot_navigator) by extension 'ignore_ament_install'
[0.133s] Level 1:colcon.colcon_core.package_identification:_identify(src/robot_navigator) by extensions ['colcon_pkg']
[0.133s] Level 1:colcon.colcon_core.package_identification:_identify(src/robot_navigator) by extension 'colcon_pkg'
[0.133s] Level 1:colcon.colcon_core.package_identification:_identify(src/robot_navigator) by extensions ['colcon_meta']
[0.133s] Level 1:colcon.colcon_core.package_identification:_identify(src/robot_navigator) by extension 'colcon_meta'
[0.133s] Level 1:colcon.colcon_core.package_identification:_identify(src/robot_navigator) by extensions ['ros']
[0.133s] Level 1:colcon.colcon_core.package_identification:_identify(src/robot_navigator) by extension 'ros'
[0.133s] DEBUG:colcon.colcon_core.package_identification:Package 'src/robot_navigator' with type 'ros.ament_cmake' and name 'robot_navigator'
[0.133s] Level 1:colcon.colcon_core.package_discovery:discover_packages(recursive) using defaults
[0.134s] Level 1:colcon.colcon_core.package_discovery:discover_packages(ignore) discover
[0.134s] Level 1:colcon.colcon_core.package_discovery:discover_packages(ignore) using defaults
[0.134s] Level 1:colcon.colcon_core.package_discovery:discover_packages(path) discover
[0.134s] Level 1:colcon.colcon_core.package_discovery:discover_packages(path) using defaults
[0.146s] INFO:colcon.colcon_core.package_selection:Skipping not selected package 'robot_navigator' in 'src/robot_navigator'
[0.146s] Level 1:colcon.colcon_core.package_discovery:discover_packages(prefix_path) check parameters
[0.146s] Level 1:colcon.colcon_core.package_discovery:discover_packages(prefix_path) discover
[0.148s] DEBUG:colcon.colcon_installed_package_information.package_discovery:Found 390 installed packages in /opt/ros/jazzy
[0.149s] Level 1:colcon.colcon_core.package_discovery:discover_packages(prefix_path) using defaults
[0.188s] Level 5:colcon.colcon_core.verb:set package 'control_interfaces' build argument 'cmake_args' from command line to 'None'
[0.188s] Level 5:colcon.colcon_core.verb:set package 'control_interfaces' build argument 'cmake_target' from command line to 'None'
[0.189s] Level 5:colcon.colcon_core.verb:set package 'control_interfaces' build argument 'cmake_target_skip_unavailable' from command line to 'False'
[0.189s] Level 5:colcon.colcon_core.verb:set package 'control_interfaces' build argument 'cmake_clean_cache' from command line to 'False'
[0.189s] Level 5:colcon.colcon_core.verb:set package 'control_interfaces' build argument 'cmake_clean_first' from command line to 'False'
[0.189s] Level 5:colcon.colcon_core.verb:set package 'control_interfaces' build argument 'cmake_force_configure' from command line to 'False'
[0.189s] Level 5:colcon.colcon_core.verb:set package 'control_interfaces' build argument 'ament_cmake_args' from command line to 'None'
[0.189s] Level 5:colcon.colcon_core.verb:set package 'control_interfaces' build argument 'catkin_cmake_args' from command line to 'None'
[0.189s] Level 5:colcon.colcon_core.verb:set package 'control_interfaces' build argument 'catkin_skip_building_tests' from command line to 'False'
[0.189s] DEBUG:colcon.colcon_core.verb:Building package 'control_interfaces' with the following arguments: {'ament_cmake_args': None, 'build_base': '/home/kth/robot_dev/robot_navigator/build/control_interfaces', 'catkin_cmake_args': None, 'catkin_skip_building_tests': False, 'cmake_args': None, 'cmake_clean_cache': False, 'cmake_clean_first': False, 'cmake_force_configure': False, 'cmake_target': None, 'cmake_target_skip_unavailable': False, 'install_base': '/home/kth/robot_dev/robot_navigator/install/control_interfaces', 'merge_install': False, 'path': '/home/kth/robot_dev/robot_navigator/src/control_interfaces', 'symlink_install': False, 'test_result_base': None}
[0.189s] INFO:colcon.colcon_core.executor:Executing jobs using 'parallel' executor
[0.189s] DEBUG:colcon.colcon_parallel_executor.executor.parallel:run_until_complete
[0.189s] INFO:colcon.colcon_ros.task.ament_cmake.build:Building ROS package in '/home/kth/robot_dev/robot_navigator/src/control_interfaces' with build type 'ament_cmake'
[0.189s] INFO:colcon.colcon_cmake.task.cmake.build:Building CMake package in '/home/kth/robot_dev/robot_navigator/src/control_interfaces'
[0.191s] INFO:colcon.colcon_core.plugin_system:Skipping extension 'colcon_core.shell.bat': Not used on non-Windows systems
[0.191s] INFO:colcon.colcon_core.shell:Skip shell extension 'powershell' for command environment: Not usable outside of PowerShell
[0.191s] DEBUG:colcon.colcon_core.shell:Skip shell extension 'dsv' for command environment
[0.198s] DEBUG:colcon.colcon_core.event_handler.log_command:Invoking command in '/home/kth/robot_dev/robot_navigator/build/control_interfaces': CMAKE_PREFIX_PATH=${CMAKE_PREFIX_PATH}:/opt/ros/jazzy DEBUGINFOD_URLS=https://debuginfod.ubuntu.com /usr/bin/cmake /home/kth/robot_dev/robot_navigator/src/control_interfaces -DCMAKE_INSTALL_PREFIX=/home/kth/robot_dev/robot_navigator/install/control_interfaces
[2.172s] DEBUG:colcon.colcon_core.event_handler.log_command:Invoked command in '/home/kth/robot_dev/robot_navigator/build/control_interfaces' returned '0': CMAKE_PREFIX_PATH=${CMAKE_PREFIX_PATH}:/opt/ros/jazzy DEBUGINFOD_URLS=https://debuginfod.ubuntu.com /usr/bin/cmake /home/kth/robot_dev/robot_navigator/src/control_interfaces -DCMAKE_INSTALL_PREFIX=/home/kth/robot_dev/robot_navigator/install/control_interfaces
[2.173s] DEBUG:colcon.colcon_core.event_handler.log_command:Invoking command in '/home/kth/robot_dev/robot_navigator/build/control_interfaces': CMAKE_PREFIX_PATH=${CMAKE_PREFIX_PATH}:/opt/ros/jazzy DEBUGINFOD_URLS=https://debuginfod.ubuntu.com /usr/bin/cmake --build /home/kth/robot_dev/robot_navigator/build/control_interfaces -- -j12 -l12
[5.950s] DEBUG:colcon.colcon_core.event_handler.log_command:Invoked command in '/home/kth/robot_dev/robot_navigator/build/control_interfaces' returned '0': CMAKE_PREFIX_PATH=${CMAKE_PREFIX_PATH}:/opt/ros/jazzy DEBUGINFOD_URLS=https://debuginfod.ubuntu.com /usr/bin/cmake --build /home/kth/robot_dev/robot_navigator/build/control_interfaces -- -j12 -l12
[5.957s] DEBUG:colcon.colcon_core.event_handler.log_command:Invoking command in '/home/kth/robot_dev/robot_navigator/build/control_interfaces': CMAKE_PREFIX_PATH=${CMAKE_PREFIX_PATH}:/opt/ros/jazzy DEBUGINFOD_URLS=https://debuginfod.ubuntu.com /usr/bin/cmake --install /home/kth/robot_dev/robot_navigator/build/control_interfaces
[6.028s] Level 1:colcon.colcon_core.environment:create_environment_scripts_only(control_interfaces)
[6.029s] DEBUG:colcon.colcon_core.event_handler.log_command:Invoked command in '/home/kth/robot_dev/robot_navigator/build/control_interfaces' returned '0': CMAKE_PREFIX_PATH=${CMAKE_PREFIX_PATH}:/opt/ros/jazzy DEBUGINFOD_URLS=https://debuginfod.ubuntu.com /usr/bin/cmake --install /home/kth/robot_dev/robot_navigator/build/control_interfaces
[6.030s] Level 1:colcon.colcon_core.environment:checking '/home/kth/robot_dev/robot_navigator/install/control_interfaces' for CMake module files
[6.031s] Level 1:colcon.colcon_core.environment:checking '/home/kth/robot_dev/robot_navigator/install/control_interfaces' for CMake config files
[6.031s] Level 1:colcon.colcon_core.shell:create_environment_hook('control_interfaces', 'cmake_prefix_path')
[6.031s] INFO:colcon.colcon_core.shell:Creating environment hook '/home/kth/robot_dev/robot_navigator/install/control_interfaces/share/control_interfaces/hook/cmake_prefix_path.ps1'
[6.031s] INFO:colcon.colcon_core.shell:Creating environment descriptor '/home/kth/robot_dev/robot_navigator/install/control_interfaces/share/control_interfaces/hook/cmake_prefix_path.dsv'
[6.032s] INFO:colcon.colcon_core.shell:Creating environment hook '/home/kth/robot_dev/robot_navigator/install/control_interfaces/share/control_interfaces/hook/cmake_prefix_path.sh'
[6.032s] Level 1:colcon.colcon_core.environment:checking '/home/kth/robot_dev/robot_navigator/install/control_interfaces/lib'
[6.032s] Level 1:colcon.colcon_core.shell:create_environment_hook('control_interfaces', 'ld_library_path_lib')
[6.033s] INFO:colcon.colcon_core.shell:Creating environment hook '/home/kth/robot_dev/robot_navigator/install/control_interfaces/share/control_interfaces/hook/ld_library_path_lib.ps1'
[6.033s] INFO:colcon.colcon_core.shell:Creating environment descriptor '/home/kth/robot_dev/robot_navigator/install/control_interfaces/share/control_interfaces/hook/ld_library_path_lib.dsv'
[6.033s] INFO:colcon.colcon_core.shell:Creating environment hook '/home/kth/robot_dev/robot_navigator/install/control_interfaces/share/control_interfaces/hook/ld_library_path_lib.sh'
[6.033s] Level 1:colcon.colcon_core.environment:checking '/home/kth/robot_dev/robot_navigator/install/control_interfaces/bin'
[6.033s] Level 1:colcon.colcon_core.environment:checking '/home/kth/robot_dev/robot_navigator/install/control_interfaces/lib/pkgconfig/control_interfaces.pc'
[6.034s] Level 1:colcon.colcon_core.environment:checking '/home/kth/robot_dev/robot_navigator/install/control_interfaces/lib/python3.12/site-packages'
[6.034s] Level 1:colcon.colcon_core.shell:create_environment_hook('control_interfaces', 'pythonpath')
[6.034s] INFO:colcon.colcon_core.shell:Creating environment hook '/home/kth/robot_dev/robot_navigator/install/control_interfaces/share/control_interfaces/hook/pythonpath.ps1'
[6.034s] INFO:colcon.colcon_core.shell:Creating environment descriptor '/home/kth/robot_dev/robot_navigator/install/control_interfaces/share/control_interfaces/hook/pythonpath.dsv'
[6.034s] INFO:colcon.colcon_core.shell:Creating environment hook '/home/kth/robot_dev/robot_navigator/install/control_interfaces/share/control_interfaces/hook/pythonpath.sh'
[6.035s] Level 1:colcon.colcon_core.environment:checking '/home/kth/robot_dev/robot_navigator/install/control_interfaces/bin'
[6.035s] INFO:colcon.colcon_core.shell:Creating package script '/home/kth/robot_dev/robot_navigator/install/control_interfaces/share/control_interfaces/package.ps1'
[6.035s] INFO:colcon.colcon_core.shell:Creating package descriptor '/home/kth/robot_dev/robot_navigator/install/control_interfaces/share/control_interfaces/package.dsv'
[6.036s] INFO:colcon.colcon_core.shell:Creating package script '/home/kth/robot_dev/robot_navigator/install/control_interfaces/share/control_interfaces/package.sh'
[6.036s] INFO:colcon.colcon_core.shell:Creating package script '/home/kth/robot_dev/robot_navigator/install/control_interfaces/share/control_interfaces/package.bash'
[6.037s] INFO:colcon.colcon_core.shell:Creating package script '/home/kth/robot_dev/robot_navigator/install/control_interfaces/share/control_interfaces/package.zsh'
[6.037s] Level 1:colcon.colcon_core.environment:create_file_with_runtime_dependencies(/home/kth/robot_dev/robot_navigator/install/control_interfaces/share/colcon-core/packages/control_interfaces)
[6.038s] Level 1:colcon.colcon_core.environment:create_environment_scripts_only(control_interfaces)
[6.038s] Level 1:colcon.colcon_core.environment:checking '/home/kth/robot_dev/robot_navigator/install/control_interfaces' for CMake module files
[6.038s] Level 1:colcon.colcon_core.environment:checking '/home/kth/robot_dev/robot_navigator/install/control_interfaces' for CMake config files
[6.038s] Level 1:colcon.colcon_core.shell:create_environment_hook('control_interfaces', 'cmake_prefix_path')
[6.038s] INFO:colcon.colcon_core.shell:Creating environment hook '/home/kth/robot_dev/robot_navigator/install/control_interfaces/share/control_interfaces/hook/cmake_prefix_path.ps1'
[6.039s] INFO:colcon.colcon_core.shell:Creating environment descriptor '/home/kth/robot_dev/robot_navigator/install/control_interfaces/share/control_interfaces/hook/cmake_prefix_path.dsv'
[6.039s] INFO:colcon.colcon_core.shell:Creating environment hook '/home/kth/robot_dev/robot_navigator/install/control_interfaces/share/control_interfaces/hook/cmake_prefix_path.sh'
[6.039s] Level 1:colcon.colcon_core.environment:checking '/home/kth/robot_dev/robot_navigator/install/control_interfaces/lib'
[6.039s] Level 1:colcon.colcon_core.shell:create_environment_hook('control_interfaces', 'ld_library_path_lib')
[6.039s] INFO:colcon.colcon_core.shell:Creating environment hook '/home/kth/robot_dev/robot_navigator/install/control_interfaces/share/control_interfaces/hook/ld_library_path_lib.ps1'
[6.040s] INFO:colcon.colcon_core.shell:Creating environment descriptor '/home/kth/robot_dev/robot_navigator/install/control_interfaces/share/control_interfaces/hook/ld_library_path_lib.dsv'
[6.040s] INFO:colcon.colcon_core.shell:Creating environment hook '/home/kth/robot_dev/robot_navigator/install/control_interfaces/share/control_interfaces/hook/ld_library_path_lib.sh'
[6.040s] Level 1:colcon.colcon_core.environment:checking '/home/kth/robot_dev/robot_navigator/install/control_interfaces/bin'
[6.040s] Level 1:colcon.colcon_core.environment:checking '/home/kth/robot_dev/robot_navigator/install/control_interfaces/lib/pkgconfig/control_interfaces.pc'
[6.041s] Level 1:colcon.colcon_core.environment:checking '/home/kth/robot_dev/robot_navigator/install/control_interfaces/lib/python3.12/site-packages'
[6.041s] Level 1:colcon.colcon_core.shell:create_environment_hook('control_interfaces', 'pythonpath')
[6.041s] INFO:colcon.colcon_core.shell:Creating environment hook '/home/kth/robot_dev/robot_navigator/install/control_interfaces/share/control_interfaces/hook/pythonpath.ps1'
[6.041s] INFO:colcon.colcon_core.shell:Creating environment descriptor '/home/kth/robot_dev/robot_navigator/install/control_interfaces/share/control_interfaces/hook/pythonpath.dsv'
[6.041s] INFO:colcon.colcon_core.shell:Creating environment hook '/home/kth/robot_dev/robot_navigator/install/control_interfaces/share/control_interfaces/hook/pythonpath.sh'
[6.042s] Level 1:colcon.colcon_core.environment:checking '/home/kth/robot_dev/robot_navigator/install/control_interfaces/bin'
[6.042s] INFO:colcon.colcon_core.shell:Creating package script '/home/kth/robot_dev/robot_navigator/install/control_interfaces/share/control_interfaces/package.ps1'
[6.042s] INFO:colcon.colcon_core.shell:Creating package descriptor '/home/kth/robot_dev/robot_navigator/install/control_interfaces/share/control_interfaces/package.dsv'
[6.043s] INFO:colcon.colcon_core.shell:Creating package script '/home/kth/robot_dev/robot_navigator/install/control_interfaces/share/control_interfaces/package.sh'
[6.043s] INFO:colcon.colcon_core.shell:Creating package script '/home/kth/robot_dev/robot_navigator/install/control_interfaces/share/control_interfaces/package.bash'
[6.043s] INFO:colcon.colcon_core.shell:Creating package script '/home/kth/robot_dev/robot_navigator/install/control_interfaces/share/control_interfaces/package.zsh'
[6.044s] Level 1:colcon.colcon_core.environment:create_file_with_runtime_dependencies(/home/kth/robot_dev/robot_navigator/install/control_interfaces/share/colcon-core/packages/control_interfaces)
[6.044s] DEBUG:colcon.colcon_parallel_executor.executor.parallel:closing loop
[6.044s] DEBUG:colcon.colcon_parallel_executor.executor.parallel:loop closed
[6.044s] DEBUG:colcon.colcon_parallel_executor.executor.parallel:run_until_complete finished with '0'
[6.044s] DEBUG:colcon.colcon_core.event_reactor:joining thread
[6.049s] INFO:colcon.colcon_core.plugin_system:Skipping extension 'colcon_notification.desktop_notification.terminal_notifier': Not used on non-Darwin systems
[6.049s] INFO:colcon.colcon_core.plugin_system:Skipping extension 'colcon_notification.desktop_notification.win32': Not used on non-Windows systems
[6.049s] INFO:colcon.colcon_notification.desktop_notification:Sending desktop notification using 'notify2'
[6.059s] DEBUG:colcon.colcon_core.event_reactor:joined thread
[6.059s] INFO:colcon.colcon_core.shell:Creating prefix script '/home/kth/robot_dev/robot_navigator/install/local_setup.ps1'
[6.060s] INFO:colcon.colcon_core.shell:Creating prefix util module '/home/kth/robot_dev/robot_navigator/install/_local_setup_util_ps1.py'
[6.061s] INFO:colcon.colcon_core.shell:Creating prefix chain script '/home/kth/robot_dev/robot_navigator/install/setup.ps1'
[6.062s] INFO:colcon.colcon_core.shell:Creating prefix script '/home/kth/robot_dev/robot_navigator/install/local_setup.sh'
[6.063s] INFO:colcon.colcon_core.shell:Creating prefix util module '/home/kth/robot_dev/robot_navigator/install/_local_setup_util_sh.py'
[6.064s] INFO:colcon.colcon_core.shell:Creating prefix chain script '/home/kth/robot_dev/robot_navigator/install/setup.sh'
[6.065s] INFO:colcon.colcon_core.shell:Creating prefix script '/home/kth/robot_dev/robot_navigator/install/local_setup.bash'
[6.065s] INFO:colcon.colcon_core.shell:Creating prefix chain script '/home/kth/robot_dev/robot_navigator/install/setup.bash'
[6.065s] INFO:colcon.colcon_core.shell:Creating prefix script '/home/kth/robot_dev/robot_navigator/install/local_setup.zsh'
[6.066s] INFO:colcon.colcon_core.shell:Creating prefix chain script '/home/kth/robot_dev/robot_navigator/install/setup.zsh'
