[0.007s] Invoking command in '/home/kth/robot_dev/vicpinky_ws/build/vicpinky_navigation': CMAKE_PREFIX_PATH=${CMAKE_PREFIX_PATH}:/opt/ros/jazzy DEBUGINFOD_URLS=https://debuginfod.ubuntu.com /usr/bin/cmake /home/kth/robot_dev/vicpinky_ws/src/vic_pinky/vicpinky_navigation -DCMAKE_INSTALL_PREFIX=/home/kth/robot_dev/vicpinky_ws/install/vicpinky_navigation
[0.123s] -- The C compiler identification is GNU 13.3.0
[0.211s] -- The CXX compiler identification is GNU 13.3.0
[0.226s] -- Detecting C compiler ABI info
[0.294s] -- Detecting C compiler ABI info - done
[0.302s] -- Check for working C compiler: /usr/bin/cc - skipped
[0.302s] -- Detecting C compile features
[0.303s] -- Detecting C compile features - done
[0.310s] -- Detecting CXX compiler ABI info
[0.382s] -- Detecting CXX compiler ABI info - done
[0.390s] -- Check for working CXX compiler: /usr/bin/c++ - skipped
[0.390s] -- Detecting CXX compile features
[0.390s] -- Detecting CXX compile features - done
[0.399s] -- Found ament_cmake: 2.5.4 (/opt/ros/jazzy/share/ament_cmake/cmake)
[0.518s] -- Found Python3: /usr/bin/python3 (found version "3.12.3") found components: Interpreter 
[0.662s] -- Found ament_lint_auto: 0.17.2 (/opt/ros/jazzy/share/ament_lint_auto/cmake)
[0.751s] -- Found slam_toolbox: 2.8.3 (/opt/ros/jazzy/share/slam_toolbox/cmake)
[0.802s] -- Found rosidl_generator_c: 4.6.5 (/opt/ros/jazzy/share/rosidl_generator_c/cmake)
[0.821s] -- Found rosidl_generator_cpp: 4.6.5 (/opt/ros/jazzy/share/rosidl_generator_cpp/cmake)
[0.844s] -- Using all available rosidl_typesupport_c: rosidl_typesupport_fastrtps_c;rosidl_typesupport_introspection_c
[0.867s] -- Using all available rosidl_typesupport_cpp: rosidl_typesupport_fastrtps_cpp;rosidl_typesupport_introspection_cpp
[1.118s] -- Found rmw_implementation_cmake: 7.3.2 (/opt/ros/jazzy/share/rmw_implementation_cmake/cmake)
[1.123s] -- Found rmw_fastrtps_cpp: 8.4.2 (/opt/ros/jazzy/share/rmw_fastrtps_cpp/cmake)
[1.199s] -- Found OpenSSL: /usr/lib/x86_64-linux-gnu/libcrypto.so (found version "3.0.13")  
[1.217s] -- Found FastRTPS: /opt/ros/jazzy/include (Required is at least version "2.13") 
[1.236s] -- Using RMW implementation 'rmw_fastrtps_cpp' as default
[1.497s] -- Found eigen3_cmake_module: 0.3.0 (/opt/ros/jazzy/share/eigen3_cmake_module/cmake)
[1.499s] -- Found Eigen3: TRUE (found version "3.4.0") 
[1.499s] -- Ensuring Eigen3 include directory is part of orocos-kdl CMake target
[1.630s] -- Setting OGRE_DIR to: '/opt/ros/jazzy/share/rviz_ogre_vendor/cmake/../../../opt/rviz_ogre_vendor/lib/OGRE/cmake'
[1.631s] -- Found OGRE
[1.632s] --   static     : OFF
[1.632s] --   components : MeshLodGenerator;Overlay;Paging;Property;RTShaderSystem;Terrain;Volume
[1.632s] --   plugins    : Plugin_BSPSceneManager;Plugin_OctreeSceneManager;Plugin_PCZSceneManager;Plugin_ParticleFX;RenderSystem_GL;RenderSystem_GL3Plus;Codec_STBI
[1.632s] --   media      : /opt/ros/jazzy/opt/rviz_ogre_vendor/share/OGRE/Media
[1.632s] -- OGRE_LIBRARIES: OgreMeshLodGenerator;OgreOverlay;OgrePaging;OgreProperty;OgreRTShaderSystem;OgreTerrain;OgreVolume;OgreMain
[1.632s] -- OGRE_LIBRARY_DIRS: /opt/ros/jazzy/opt/rviz_ogre_vendor/lib
[1.632s] -- OGRE_PLUGINS: Plugin_BSPSceneManager;Plugin_OctreeSceneManager;Plugin_PCZSceneManager;Plugin_ParticleFX;RenderSystem_GL;RenderSystem_GL3Plus;Codec_STBI
[1.632s] -- OGRE_PLUGIN_DIR: /opt/ros/jazzy/opt/rviz_ogre_vendor/lib/OGRE
[1.632s] -- rviz_ogre_vendor::OgreOverlay for IMPORTED_LOCATION_RELEASE: /opt/ros/jazzy/opt/rviz_ogre_vendor/lib/libOgreOverlay.so
[1.632s] -- rviz_ogre_vendor::OgreOverlay for IMPORTED_LOCATION_DEBUG: /opt/ros/jazzy/opt/rviz_ogre_vendor/lib/libOgreOverlay.so
[1.632s] -- rviz_ogre_vendor::OgreMain for IMPORTED_LOCATION_RELEASE: /opt/ros/jazzy/opt/rviz_ogre_vendor/lib/libOgreMain.so
[1.632s] -- rviz_ogre_vendor::OgreMain for IMPORTED_LOCATION_DEBUG: /opt/ros/jazzy/opt/rviz_ogre_vendor/lib/libOgreMain.so
[1.658s] -- Found ZLIB: /usr/lib/x86_64-linux-gnu/libz.so (found version "1.3")  
[1.669s] -- Found OpenGL: /usr/lib/x86_64-linux-gnu/libOpenGL.so   
[1.791s] -- Found X11: /usr/include   
[1.792s] -- Looking for XOpenDisplay in /usr/lib/x86_64-linux-gnu/libX11.so;/usr/lib/x86_64-linux-gnu/libXext.so
[1.855s] -- Looking for XOpenDisplay in /usr/lib/x86_64-linux-gnu/libX11.so;/usr/lib/x86_64-linux-gnu/libXext.so - found
[1.855s] -- Looking for gethostbyname
[1.920s] -- Looking for gethostbyname - found
[1.920s] -- Looking for connect
[1.991s] -- Looking for connect - found
[1.991s] -- Looking for remove
[2.059s] -- Looking for remove - found
[2.059s] -- Looking for shmat
[2.122s] -- Looking for shmat - found
[2.122s] -- Looking for IceConnectionNumber in ICE
[2.183s] -- Looking for IceConnectionNumber in ICE - found
[2.205s] -- Setting yaml-cpp_DIR to: '/opt/ros/jazzy/share/yaml_cpp_vendor/cmake/../../../opt/yaml_cpp_vendor/share/cmake/yaml-cpp'
[2.327s] -- Added test 'lint_cmake' to check CMake code style
[2.328s] -- Added test 'xmllint' to check XML markup files
[2.330s] -- Configuring done (2.3s)
[2.334s] -- Generating done (0.0s)
[2.337s] -- Build files have been written to: /home/kth/robot_dev/vicpinky_ws/build/vicpinky_navigation
[2.345s] Invoked command in '/home/kth/robot_dev/vicpinky_ws/build/vicpinky_navigation' returned '0': CMAKE_PREFIX_PATH=${CMAKE_PREFIX_PATH}:/opt/ros/jazzy DEBUGINFOD_URLS=https://debuginfod.ubuntu.com /usr/bin/cmake /home/kth/robot_dev/vicpinky_ws/src/vic_pinky/vicpinky_navigation -DCMAKE_INSTALL_PREFIX=/home/kth/robot_dev/vicpinky_ws/install/vicpinky_navigation
[2.346s] Invoking command in '/home/kth/robot_dev/vicpinky_ws/build/vicpinky_navigation': CMAKE_PREFIX_PATH=${CMAKE_PREFIX_PATH}:/opt/ros/jazzy DEBUGINFOD_URLS=https://debuginfod.ubuntu.com /usr/bin/cmake --build /home/kth/robot_dev/vicpinky_ws/build/vicpinky_navigation -- -j12 -l12
[2.377s] Invoked command in '/home/kth/robot_dev/vicpinky_ws/build/vicpinky_navigation' returned '0': CMAKE_PREFIX_PATH=${CMAKE_PREFIX_PATH}:/opt/ros/jazzy DEBUGINFOD_URLS=https://debuginfod.ubuntu.com /usr/bin/cmake --build /home/kth/robot_dev/vicpinky_ws/build/vicpinky_navigation -- -j12 -l12
[2.378s] Invoking command in '/home/kth/robot_dev/vicpinky_ws/build/vicpinky_navigation': CMAKE_PREFIX_PATH=${CMAKE_PREFIX_PATH}:/opt/ros/jazzy DEBUGINFOD_URLS=https://debuginfod.ubuntu.com /usr/bin/cmake --install /home/kth/robot_dev/vicpinky_ws/build/vicpinky_navigation
[2.383s] -- Install configuration: ""
[2.384s] -- Installing: /home/kth/robot_dev/vicpinky_ws/install/vicpinky_navigation/share/vicpinky_navigation/launch
[2.384s] -- Installing: /home/kth/robot_dev/vicpinky_ws/install/vicpinky_navigation/share/vicpinky_navigation/launch/map_view.launch.xml
[2.384s] -- Installing: /home/kth/robot_dev/vicpinky_ws/install/vicpinky_navigation/share/vicpinky_navigation/launch/nav2_view.launch.xml
[2.384s] -- Installing: /home/kth/robot_dev/vicpinky_ws/install/vicpinky_navigation/share/vicpinky_navigation/rviz
[2.384s] -- Installing: /home/kth/robot_dev/vicpinky_ws/install/vicpinky_navigation/share/vicpinky_navigation/rviz/map_view.rviz
[2.384s] -- Installing: /home/kth/robot_dev/vicpinky_ws/install/vicpinky_navigation/share/vicpinky_navigation/rviz/nav2_view.rviz
[2.384s] -- Installing: /home/kth/robot_dev/vicpinky_ws/install/vicpinky_navigation/share/ament_index/resource_index/package_run_dependencies/vicpinky_navigation
[2.384s] -- Installing: /home/kth/robot_dev/vicpinky_ws/install/vicpinky_navigation/share/ament_index/resource_index/parent_prefix_path/vicpinky_navigation
[2.384s] -- Installing: /home/kth/robot_dev/vicpinky_ws/install/vicpinky_navigation/share/vicpinky_navigation/environment/ament_prefix_path.sh
[2.384s] -- Installing: /home/kth/robot_dev/vicpinky_ws/install/vicpinky_navigation/share/vicpinky_navigation/environment/ament_prefix_path.dsv
[2.384s] -- Installing: /home/kth/robot_dev/vicpinky_ws/install/vicpinky_navigation/share/vicpinky_navigation/environment/path.sh
[2.385s] -- Installing: /home/kth/robot_dev/vicpinky_ws/install/vicpinky_navigation/share/vicpinky_navigation/environment/path.dsv
[2.385s] -- Installing: /home/kth/robot_dev/vicpinky_ws/install/vicpinky_navigation/share/vicpinky_navigation/local_setup.bash
[2.385s] -- Installing: /home/kth/robot_dev/vicpinky_ws/install/vicpinky_navigation/share/vicpinky_navigation/local_setup.sh
[2.385s] -- Installing: /home/kth/robot_dev/vicpinky_ws/install/vicpinky_navigation/share/vicpinky_navigation/local_setup.zsh
[2.385s] -- Installing: /home/kth/robot_dev/vicpinky_ws/install/vicpinky_navigation/share/vicpinky_navigation/local_setup.dsv
[2.385s] -- Installing: /home/kth/robot_dev/vicpinky_ws/install/vicpinky_navigation/share/vicpinky_navigation/package.dsv
[2.385s] -- Installing: /home/kth/robot_dev/vicpinky_ws/install/vicpinky_navigation/share/ament_index/resource_index/packages/vicpinky_navigation
[2.385s] -- Installing: /home/kth/robot_dev/vicpinky_ws/install/vicpinky_navigation/share/vicpinky_navigation/cmake/vicpinky_navigationConfig.cmake
[2.385s] -- Installing: /home/kth/robot_dev/vicpinky_ws/install/vicpinky_navigation/share/vicpinky_navigation/cmake/vicpinky_navigationConfig-version.cmake
[2.385s] -- Installing: /home/kth/robot_dev/vicpinky_ws/install/vicpinky_navigation/share/vicpinky_navigation/package.xml
[2.387s] Invoked command in '/home/kth/robot_dev/vicpinky_ws/build/vicpinky_navigation' returned '0': CMAKE_PREFIX_PATH=${CMAKE_PREFIX_PATH}:/opt/ros/jazzy DEBUGINFOD_URLS=https://debuginfod.ubuntu.com /usr/bin/cmake --install /home/kth/robot_dev/vicpinky_ws/build/vicpinky_navigation
