-- Found ament_cmake: 2.5.4 (/opt/ros/jazzy/share/ament_cmake/cmake)
-- Found rclcpp: 28.1.10 (/opt/ros/jazzy/share/rclcpp/cmake)
-- Found rosidl_generator_c: 4.6.5 (/opt/ros/jazzy/share/rosidl_generator_c/cmake)
-- Found rosidl_generator_cpp: 4.6.5 (/opt/ros/jazzy/share/rosidl_generator_cpp/cmake)
-- Using all available rosidl_typesupport_c: rosidl_typesupport_fastrtps_c;rosidl_typesupport_introspection_c
-- Using all available rosidl_typesupport_cpp: rosidl_typesupport_fastrtps_cpp;rosidl_typesupport_introspection_cpp
-- Found rmw_implementation_cmake: 7.3.2 (/opt/ros/jazzy/share/rmw_implementation_cmake/cmake)
-- Found rmw_fastrtps_cpp: 8.4.2 (/opt/ros/jazzy/share/rmw_fastrtps_cpp/cmake)
-- Using RMW implementation 'rmw_fastrtps_cpp' as default
-- Found geometry_msgs: 5.3.6 (/opt/ros/jazzy/share/geometry_msgs/cmake)
-- Found nav_msgs: 5.3.6 (/opt/ros/jazzy/share/nav_msgs/cmake)
-- Found sensor_msgs: 5.3.6 (/opt/ros/jazzy/share/sensor_msgs/cmake)
-- Found nav2_msgs: 1.3.7 (/opt/ros/jazzy/share/nav2_msgs/cmake)
-- Found tf2: 0.36.12 (/opt/ros/jazzy/share/tf2/cmake)
-- Found tf2_ros: 0.36.12 (/opt/ros/jazzy/share/tf2_ros/cmake)
-- Found tf2_geometry_msgs: 0.36.12 (/opt/ros/jazzy/share/tf2_geometry_msgs/cmake)
-- Found eigen3_cmake_module: 0.3.0 (/opt/ros/jazzy/share/eigen3_cmake_module/cmake)
-- Ensuring Eigen3 include directory is part of orocos-kdl CMake target
-- Found control_interfaces: 0.0.0 (/home/kth/robot_dev/robot_navigator/install/control_interfaces/share/control_interfaces/cmake)
-- Found ament_lint_auto: 0.17.2 (/opt/ros/jazzy/share/ament_lint_auto/cmake)
-- Added test 'cppcheck' to perform static code analysis on C / C++ code
-- Configured cppcheck include dirs: $<BUILD_INTERFACE:/home/kth/robot_dev/robot_navigator/src/robot_navigator/include>
-- Configured cppcheck exclude dirs and/or files: 
-- Added test 'lint_cmake' to check CMake code style
-- Added test 'uncrustify' to check C / C++ code style
-- Configured uncrustify additional arguments: 
-- Added test 'xmllint' to check XML markup files
-- Configuring done (0.7s)
-- Generating done (0.0s)
-- Build files have been written to: /home/kth/robot_dev/robot_navigator/build/robot_navigator
[ 40%] Built target obstacle_detector
[ 60%] [32mBuilding CXX object CMakeFiles/robot_navigator.dir/src/robot_navigator.cpp.o[0m
[ 80%] [32mBuilding CXX object CMakeFiles/robot_navigator.dir/src/main.cpp.o[0m
[01m[K/home/kth/robot_dev/robot_navigator/src/robot_navigator/src/robot_navigator.cpp:[m[K In member function ‘[01m[Kvoid RobotNavigator::[01;32m[KinitializeRobotSubscribers[m[K()[m[K’:
[01m[K/home/kth/robot_dev/robot_navigator/src/robot_navigator/src/robot_navigator.cpp:105:36:[m[K [01;31m[Kerror: [m[K‘[01m[KglobalPathCallback[m[K’ is not a member of ‘[01m[KRobotNavigator[m[K’
  105 |         std::bind(&RobotNavigator::[01;31m[KglobalPathCallback[m[K, this, _1));
      |                                    [01;31m[K^~~~~~~~~~~~~~~~~~[m[K
[01m[K/home/kth/robot_dev/robot_navigator/src/robot_navigator/src/robot_navigator.cpp:[m[K In function ‘[01m[Kvoid[01;32m[K globalPathCallback[m[K(nav_msgs::msg::Path_<std::allocator<void> >::SharedPtr)[m[K’:
[01m[K/home/kth/robot_dev/robot_navigator/src/robot_navigator/src/robot_navigator.cpp:860:5:[m[K [01;31m[Kerror: [m[K‘[01m[Kcurrent_global_path_[m[K’ was not declared in this scope
  860 |     [01;31m[Kcurrent_global_path_[m[K = *msg;
      |     [01;31m[K^~~~~~~~~~~~~~~~~~~~[m[K
[01m[K/home/kth/robot_dev/robot_navigator/src/robot_navigator/src/robot_navigator.cpp:[m[K In function ‘[01m[Kgeometry_msgs::msg::PoseStamped[01;32m[K getNextWaypointFromPath[m[K(const geometry_msgs::msg::Point&)[m[K’:
[01m[K/home/kth/robot_dev/robot_navigator/src/robot_navigator/src/robot_navigator.cpp:867:9:[m[K [01;31m[Kerror: [m[K‘[01m[Kcurrent_global_path_[m[K’ was not declared in this scope
  867 |     if ([01;31m[Kcurrent_global_path_[m[K.poses.empty()) {
      |         [01;31m[K^~~~~~~~~~~~~~~~~~~~[m[K
[01m[K/home/kth/robot_dev/robot_navigator/src/robot_navigator/src/robot_navigator.cpp:875:28:[m[K [01;31m[Kerror: [m[K‘[01m[Kcurrent_global_path_[m[K’ was not declared in this scope
  875 |     for (size_t i = 0; i < [01;31m[Kcurrent_global_path_[m[K.poses.size(); ++i) {
      |                            [01;31m[K^~~~~~~~~~~~~~~~~~~~[m[K
[01m[K/home/kth/robot_dev/robot_navigator/src/robot_navigator/src/robot_navigator.cpp:887:49:[m[K [01;31m[Kerror: [m[K‘[01m[Kcurrent_global_path_[m[K’ was not declared in this scope
  887 |     size_t next_idx = std::min(closest_idx + 1, [01;31m[Kcurrent_global_path_[m[K.poses.size() - 1);
      |                                                 [01;31m[K^~~~~~~~~~~~~~~~~~~~[m[K
gmake[2]: *** [CMakeFiles/robot_navigator.dir/build.make:76: CMakeFiles/robot_navigator.dir/src/robot_navigator.cpp.o] Error 1
gmake[1]: *** [CMakeFiles/Makefile2:139: CMakeFiles/robot_navigator.dir/all] Error 2
gmake: *** [Makefile:146: all] Error 2
