[0.009s] Invoking command in '/home/kth/robot_dev/robot_navigator/build/robot_navigator': CMAKE_PREFIX_PATH=${CMAKE_PREFIX_PATH}:/opt/ros/jazzy DEBUGINFOD_URLS=https://debuginfod.ubuntu.com /usr/bin/cmake --build /home/kth/robot_dev/robot_navigator/build/robot_navigator -- -j12 -l12
[0.029s] -- Found ament_cmake: 2.5.4 (/opt/ros/jazzy/share/ament_cmake/cmake)
[0.184s] -- Found rclcpp: 28.1.10 (/opt/ros/jazzy/share/rclcpp/cmake)
[0.206s] -- Found rosidl_generator_c: 4.6.5 (/opt/ros/jazzy/share/rosidl_generator_c/cmake)
[0.214s] -- Found rosidl_generator_cpp: 4.6.5 (/opt/ros/jazzy/share/rosidl_generator_cpp/cmake)
[0.223s] -- Using all available rosidl_typesupport_c: rosidl_typesupport_fastrtps_c;rosidl_typesupport_introspection_c
[0.233s] -- Using all available rosidl_typesupport_cpp: rosidl_typesupport_fastrtps_cpp;rosidl_typesupport_introspection_cpp
[0.283s] -- Found rmw_implementation_cmake: 7.3.2 (/opt/ros/jazzy/share/rmw_implementation_cmake/cmake)
[0.284s] -- Found rmw_fastrtps_cpp: 8.4.2 (/opt/ros/jazzy/share/rmw_fastrtps_cpp/cmake)
[0.336s] -- Using RMW implementation 'rmw_fastrtps_cpp' as default
[0.390s] -- Found geometry_msgs: 5.3.6 (/opt/ros/jazzy/share/geometry_msgs/cmake)
[0.415s] -- Found nav_msgs: 5.3.6 (/opt/ros/jazzy/share/nav_msgs/cmake)
[0.437s] -- Found sensor_msgs: 5.3.6 (/opt/ros/jazzy/share/sensor_msgs/cmake)
[0.456s] -- Found nav2_msgs: 1.3.7 (/opt/ros/jazzy/share/nav2_msgs/cmake)
[0.550s] -- Found tf2: 0.36.12 (/opt/ros/jazzy/share/tf2/cmake)
[0.553s] -- Found tf2_ros: 0.36.12 (/opt/ros/jazzy/share/tf2_ros/cmake)
[0.617s] -- Found tf2_geometry_msgs: 0.36.12 (/opt/ros/jazzy/share/tf2_geometry_msgs/cmake)
[0.620s] -- Found eigen3_cmake_module: 0.3.0 (/opt/ros/jazzy/share/eigen3_cmake_module/cmake)
[0.621s] -- Ensuring Eigen3 include directory is part of orocos-kdl CMake target
[0.622s] -- Found control_interfaces: 0.0.0 (/home/kth/robot_dev/robot_navigator/install/control_interfaces/share/control_interfaces/cmake)
[0.641s] -- Found ament_lint_auto: 0.17.2 (/opt/ros/jazzy/share/ament_lint_auto/cmake)
[0.710s] -- Added test 'cppcheck' to perform static code analysis on C / C++ code
[0.710s] -- Configured cppcheck include dirs: $<BUILD_INTERFACE:/home/kth/robot_dev/robot_navigator/src/robot_navigator/include>
[0.710s] -- Configured cppcheck exclude dirs and/or files: 
[0.710s] -- Added test 'lint_cmake' to check CMake code style
[0.711s] -- Added test 'uncrustify' to check C / C++ code style
[0.711s] -- Configured uncrustify additional arguments: 
[0.711s] -- Added test 'xmllint' to check XML markup files
[0.712s] -- Configuring done (0.7s)
[0.729s] -- Generating done (0.0s)
[0.734s] -- Build files have been written to: /home/kth/robot_dev/robot_navigator/build/robot_navigator
[0.769s] [ 40%] Built target obstacle_detector
[0.773s] [ 60%] [32mBuilding CXX object CMakeFiles/robot_navigator.dir/src/robot_navigator.cpp.o[0m
[0.773s] [ 80%] [32mBuilding CXX object CMakeFiles/robot_navigator.dir/src/main.cpp.o[0m
[3.150s] [01m[K/home/kth/robot_dev/robot_navigator/src/robot_navigator/src/robot_navigator.cpp:[m[K In member function ‘[01m[Kvoid RobotNavigator::[01;32m[KinitializeRobotSubscribers[m[K()[m[K’:
[3.150s] [01m[K/home/kth/robot_dev/robot_navigator/src/robot_navigator/src/robot_navigator.cpp:105:36:[m[K [01;31m[Kerror: [m[K‘[01m[KglobalPathCallback[m[K’ is not a member of ‘[01m[KRobotNavigator[m[K’
[3.150s]   105 |         std::bind(&RobotNavigator::[01;31m[KglobalPathCallback[m[K, this, _1));
[3.150s]       |                                    [01;31m[K^~~~~~~~~~~~~~~~~~[m[K
[3.243s] [01m[K/home/kth/robot_dev/robot_navigator/src/robot_navigator/src/robot_navigator.cpp:[m[K In function ‘[01m[Kvoid[01;32m[K globalPathCallback[m[K(nav_msgs::msg::Path_<std::allocator<void> >::SharedPtr)[m[K’:
[3.243s] [01m[K/home/kth/robot_dev/robot_navigator/src/robot_navigator/src/robot_navigator.cpp:860:5:[m[K [01;31m[Kerror: [m[K‘[01m[Kcurrent_global_path_[m[K’ was not declared in this scope
[3.243s]   860 |     [01;31m[Kcurrent_global_path_[m[K = *msg;
[3.243s]       |     [01;31m[K^~~~~~~~~~~~~~~~~~~~[m[K
[3.250s] [01m[K/home/kth/robot_dev/robot_navigator/src/robot_navigator/src/robot_navigator.cpp:[m[K In function ‘[01m[Kgeometry_msgs::msg::PoseStamped[01;32m[K getNextWaypointFromPath[m[K(const geometry_msgs::msg::Point&)[m[K’:
[3.250s] [01m[K/home/kth/robot_dev/robot_navigator/src/robot_navigator/src/robot_navigator.cpp:867:9:[m[K [01;31m[Kerror: [m[K‘[01m[Kcurrent_global_path_[m[K’ was not declared in this scope
[3.250s]   867 |     if ([01;31m[Kcurrent_global_path_[m[K.poses.empty()) {
[3.250s]       |         [01;31m[K^~~~~~~~~~~~~~~~~~~~[m[K
[3.256s] [01m[K/home/kth/robot_dev/robot_navigator/src/robot_navigator/src/robot_navigator.cpp:875:28:[m[K [01;31m[Kerror: [m[K‘[01m[Kcurrent_global_path_[m[K’ was not declared in this scope
[3.256s]   875 |     for (size_t i = 0; i < [01;31m[Kcurrent_global_path_[m[K.poses.size(); ++i) {
[3.256s]       |                            [01;31m[K^~~~~~~~~~~~~~~~~~~~[m[K
[3.262s] [01m[K/home/kth/robot_dev/robot_navigator/src/robot_navigator/src/robot_navigator.cpp:887:49:[m[K [01;31m[Kerror: [m[K‘[01m[Kcurrent_global_path_[m[K’ was not declared in this scope
[3.262s]   887 |     size_t next_idx = std::min(closest_idx + 1, [01;31m[Kcurrent_global_path_[m[K.poses.size() - 1);
[3.263s]       |                                                 [01;31m[K^~~~~~~~~~~~~~~~~~~~[m[K
[8.633s] gmake[2]: *** [CMakeFiles/robot_navigator.dir/build.make:76: CMakeFiles/robot_navigator.dir/src/robot_navigator.cpp.o] Error 1
[8.633s] gmake[1]: *** [CMakeFiles/Makefile2:139: CMakeFiles/robot_navigator.dir/all] Error 2
[8.634s] gmake: *** [Makefile:146: all] Error 2
[8.635s] Invoked command in '/home/kth/robot_dev/robot_navigator/build/robot_navigator' returned '2': CMAKE_PREFIX_PATH=${CMAKE_PREFIX_PATH}:/opt/ros/jazzy DEBUGINFOD_URLS=https://debuginfod.ubuntu.com /usr/bin/cmake --build /home/kth/robot_dev/robot_navigator/build/robot_navigator -- -j12 -l12
