[0.968s] Invoking command in '/home/kth/robot_dev/pinky/src/pinky_for_edu/pinky_simple_navigator': DEBUGINFOD_URLS=https://debuginfod.ubuntu.com PYTHONPATH=/home/kth/robot_dev/pinky/build/pinky_simple_navigator/prefix_override:/usr/lib/python3/dist-packages/colcon_core/task/python/colcon_distutils_commands:/home/kth/robot_dev/pinky/install/pinky_simple_navigator/lib/python3.12/site-packages:${PYTHONPATH} /usr/bin/python3 -W ignore:setup.py install is deprecated -W ignore:easy_install command is deprecated setup.py egg_info --egg-base ../../../build/pinky_simple_navigator build --build-base /home/kth/robot_dev/pinky/build/pinky_simple_navigator/build install --record /home/kth/robot_dev/pinky/build/pinky_simple_navigator/install.log --single-version-externally-managed install_data
[1.239s] running egg_info
[1.239s] creating ../../../build/pinky_simple_navigator/pinky_simple_navigator.egg-info
[1.260s] writing ../../../build/pinky_simple_navigator/pinky_simple_navigator.egg-info/PKG-INFO
[1.260s] writing dependency_links to ../../../build/pinky_simple_navigator/pinky_simple_navigator.egg-info/dependency_links.txt
[1.260s] writing entry points to ../../../build/pinky_simple_navigator/pinky_simple_navigator.egg-info/entry_points.txt
[1.261s] writing requirements to ../../../build/pinky_simple_navigator/pinky_simple_navigator.egg-info/requires.txt
[1.261s] writing top-level names to ../../../build/pinky_simple_navigator/pinky_simple_navigator.egg-info/top_level.txt
[1.261s] writing manifest file '../../../build/pinky_simple_navigator/pinky_simple_navigator.egg-info/SOURCES.txt'
[1.306s] reading manifest file '../../../build/pinky_simple_navigator/pinky_simple_navigator.egg-info/SOURCES.txt'
[1.306s] writing manifest file '../../../build/pinky_simple_navigator/pinky_simple_navigator.egg-info/SOURCES.txt'
[1.306s] running build
[1.306s] running build_py
[1.307s] creating /home/kth/robot_dev/pinky/build/pinky_simple_navigator/build
[1.307s] creating /home/kth/robot_dev/pinky/build/pinky_simple_navigator/build/lib
[1.307s] creating /home/kth/robot_dev/pinky/build/pinky_simple_navigator/build/lib/pinky_simple_navigator
[1.307s] copying pinky_simple_navigator/simple_navigator.py -> /home/kth/robot_dev/pinky/build/pinky_simple_navigator/build/lib/pinky_simple_navigator
[1.307s] copying pinky_simple_navigator/__init__.py -> /home/kth/robot_dev/pinky/build/pinky_simple_navigator/build/lib/pinky_simple_navigator
[1.307s] running install
[1.313s] running install_lib
[1.334s] creating /home/kth/robot_dev/pinky/install/pinky_simple_navigator/lib/python3.12/site-packages/pinky_simple_navigator
[1.334s] copying /home/kth/robot_dev/pinky/build/pinky_simple_navigator/build/lib/pinky_simple_navigator/simple_navigator.py -> /home/kth/robot_dev/pinky/install/pinky_simple_navigator/lib/python3.12/site-packages/pinky_simple_navigator
[1.334s] copying /home/kth/robot_dev/pinky/build/pinky_simple_navigator/build/lib/pinky_simple_navigator/__init__.py -> /home/kth/robot_dev/pinky/install/pinky_simple_navigator/lib/python3.12/site-packages/pinky_simple_navigator
[1.335s] byte-compiling /home/kth/robot_dev/pinky/install/pinky_simple_navigator/lib/python3.12/site-packages/pinky_simple_navigator/simple_navigator.py to simple_navigator.cpython-312.pyc
[1.336s] byte-compiling /home/kth/robot_dev/pinky/install/pinky_simple_navigator/lib/python3.12/site-packages/pinky_simple_navigator/__init__.py to __init__.cpython-312.pyc
[1.336s] running install_data
[1.336s] creating /home/kth/robot_dev/pinky/install/pinky_simple_navigator/share/ament_index
[1.336s] creating /home/kth/robot_dev/pinky/install/pinky_simple_navigator/share/ament_index/resource_index
[1.336s] creating /home/kth/robot_dev/pinky/install/pinky_simple_navigator/share/ament_index/resource_index/packages
[1.336s] copying resource/pinky_simple_navigator -> /home/kth/robot_dev/pinky/install/pinky_simple_navigator/share/ament_index/resource_index/packages
[1.336s] copying package.xml -> /home/kth/robot_dev/pinky/install/pinky_simple_navigator/share/pinky_simple_navigator
[1.337s] creating /home/kth/robot_dev/pinky/install/pinky_simple_navigator/share/pinky_simple_navigator/launch
[1.337s] copying launch/simple_drive.launch.xml -> /home/kth/robot_dev/pinky/install/pinky_simple_navigator/share/pinky_simple_navigator/launch
[1.337s] running install_egg_info
[1.360s] Copying ../../../build/pinky_simple_navigator/pinky_simple_navigator.egg-info to /home/kth/robot_dev/pinky/install/pinky_simple_navigator/lib/python3.12/site-packages/pinky_simple_navigator-0.0.0-py3.12.egg-info
[1.360s] running install_scripts
[1.493s] Installing simple_navigator script to /home/kth/robot_dev/pinky/install/pinky_simple_navigator/lib/pinky_simple_navigator
[1.493s] writing list of installed files to '/home/kth/robot_dev/pinky/build/pinky_simple_navigator/install.log'
[1.530s] Invoked command in '/home/kth/robot_dev/pinky/src/pinky_for_edu/pinky_simple_navigator' returned '0': DEBUGINFOD_URLS=https://debuginfod.ubuntu.com PYTHONPATH=/home/kth/robot_dev/pinky/build/pinky_simple_navigator/prefix_override:/usr/lib/python3/dist-packages/colcon_core/task/python/colcon_distutils_commands:/home/kth/robot_dev/pinky/install/pinky_simple_navigator/lib/python3.12/site-packages:${PYTHONPATH} /usr/bin/python3 -W ignore:setup.py install is deprecated -W ignore:easy_install command is deprecated setup.py egg_info --egg-base ../../../build/pinky_simple_navigator build --build-base /home/kth/robot_dev/pinky/build/pinky_simple_navigator/build install --record /home/kth/robot_dev/pinky/build/pinky_simple_navigator/install.log --single-version-externally-managed install_data
