/home/kth/robot_dev/my_opencv_tutorials/install/my_opencv_tutorials/lib/python3.12/site-packages/my_opencv_tutorials/edge_detect.py
/home/kth/robot_dev/my_opencv_tutorials/install/my_opencv_tutorials/lib/python3.12/site-packages/my_opencv_tutorials/cartoon.py
/home/kth/robot_dev/my_opencv_tutorials/install/my_opencv_tutorials/lib/python3.12/site-packages/my_opencv_tutorials/convert_hsv.py
/home/kth/robot_dev/my_opencv_tutorials/install/my_opencv_tutorials/lib/python3.12/site-packages/my_opencv_tutorials/__init__.py
/home/kth/robot_dev/my_opencv_tutorials/install/my_opencv_tutorials/lib/python3.12/site-packages/my_opencv_tutorials/img_pub.py
/home/kth/robot_dev/my_opencv_tutorials/install/my_opencv_tutorials/lib/python3.12/site-packages/my_opencv_tutorials/optical_flow.py
/home/kth/robot_dev/my_opencv_tutorials/install/my_opencv_tutorials/lib/python3.12/site-packages/my_opencv_tutorials/mnist_node.py
/home/kth/robot_dev/my_opencv_tutorials/install/my_opencv_tutorials/lib/python3.12/site-packages/my_opencv_tutorials/__pycache__/edge_detect.cpython-312.pyc
/home/kth/robot_dev/my_opencv_tutorials/install/my_opencv_tutorials/lib/python3.12/site-packages/my_opencv_tutorials/__pycache__/cartoon.cpython-312.pyc
/home/kth/robot_dev/my_opencv_tutorials/install/my_opencv_tutorials/lib/python3.12/site-packages/my_opencv_tutorials/__pycache__/convert_hsv.cpython-312.pyc
/home/kth/robot_dev/my_opencv_tutorials/install/my_opencv_tutorials/lib/python3.12/site-packages/my_opencv_tutorials/__pycache__/__init__.cpython-312.pyc
/home/kth/robot_dev/my_opencv_tutorials/install/my_opencv_tutorials/lib/python3.12/site-packages/my_opencv_tutorials/__pycache__/img_pub.cpython-312.pyc
/home/kth/robot_dev/my_opencv_tutorials/install/my_opencv_tutorials/lib/python3.12/site-packages/my_opencv_tutorials/__pycache__/optical_flow.cpython-312.pyc
/home/kth/robot_dev/my_opencv_tutorials/install/my_opencv_tutorials/lib/python3.12/site-packages/my_opencv_tutorials/__pycache__/mnist_node.cpython-312.pyc
/home/kth/robot_dev/my_opencv_tutorials/install/my_opencv_tutorials/share/ament_index/resource_index/packages/my_opencv_tutorials
/home/kth/robot_dev/my_opencv_tutorials/install/my_opencv_tutorials/share/my_opencv_tutorials/package.xml
/home/kth/robot_dev/my_opencv_tutorials/install/my_opencv_tutorials/share/my_opencv_tutorials/cnn_model.tflite
/home/kth/robot_dev/my_opencv_tutorials/install/my_opencv_tutorials/share/my_opencv_tutorials/launch/bringup_usb_cam.launch.xml
/home/kth/robot_dev/my_opencv_tutorials/install/my_opencv_tutorials/share/my_opencv_tutorials/launch/cartoon_styler.launch.xml
/home/kth/robot_dev/my_opencv_tutorials/install/my_opencv_tutorials/share/my_opencv_tutorials/launch/optical_flow.launch.xml
/home/kth/robot_dev/my_opencv_tutorials/install/my_opencv_tutorials/share/my_opencv_tutorials/launch/bringup_cv.launch.xml
/home/kth/robot_dev/my_opencv_tutorials/install/my_opencv_tutorials/share/my_opencv_tutorials/launch/mnist.launch.xml
/home/kth/robot_dev/my_opencv_tutorials/install/my_opencv_tutorials/share/my_opencv_tutorials/launch/edge_detection.launch.xml
/home/kth/robot_dev/my_opencv_tutorials/install/my_opencv_tutorials/share/my_opencv_tutorials/launch/hsv_converter_cv.launch.xml
/home/kth/robot_dev/my_opencv_tutorials/install/my_opencv_tutorials/share/my_opencv_tutorials/config/cv_params.yaml
/home/kth/robot_dev/my_opencv_tutorials/install/my_opencv_tutorials/lib/python3.12/site-packages/my_opencv_tutorials-0.0.0-py3.12.egg-info/zip-safe
/home/kth/robot_dev/my_opencv_tutorials/install/my_opencv_tutorials/lib/python3.12/site-packages/my_opencv_tutorials-0.0.0-py3.12.egg-info/top_level.txt
/home/kth/robot_dev/my_opencv_tutorials/install/my_opencv_tutorials/lib/python3.12/site-packages/my_opencv_tutorials-0.0.0-py3.12.egg-info/PKG-INFO
/home/kth/robot_dev/my_opencv_tutorials/install/my_opencv_tutorials/lib/python3.12/site-packages/my_opencv_tutorials-0.0.0-py3.12.egg-info/entry_points.txt
/home/kth/robot_dev/my_opencv_tutorials/install/my_opencv_tutorials/lib/python3.12/site-packages/my_opencv_tutorials-0.0.0-py3.12.egg-info/dependency_links.txt
/home/kth/robot_dev/my_opencv_tutorials/install/my_opencv_tutorials/lib/python3.12/site-packages/my_opencv_tutorials-0.0.0-py3.12.egg-info/requires.txt
/home/kth/robot_dev/my_opencv_tutorials/install/my_opencv_tutorials/lib/python3.12/site-packages/my_opencv_tutorials-0.0.0-py3.12.egg-info/SOURCES.txt
/home/kth/robot_dev/my_opencv_tutorials/install/my_opencv_tutorials/lib/my_opencv_tutorials/cartoon
/home/kth/robot_dev/my_opencv_tutorials/install/my_opencv_tutorials/lib/my_opencv_tutorials/convert_hsv
/home/kth/robot_dev/my_opencv_tutorials/install/my_opencv_tutorials/lib/my_opencv_tutorials/edge_detect
/home/kth/robot_dev/my_opencv_tutorials/install/my_opencv_tutorials/lib/my_opencv_tutorials/img_pub
/home/kth/robot_dev/my_opencv_tutorials/install/my_opencv_tutorials/lib/my_opencv_tutorials/mnist_node
/home/kth/robot_dev/my_opencv_tutorials/install/my_opencv_tutorials/lib/my_opencv_tutorials/optical_flow
