[0.666s] Invoking command in '/home/kth/robot_dev/my_tf_tutorials/src/my_tf': DEBUGINFOD_URLS=https://debuginfod.ubuntu.com PYTHONPATH=/home/kth/robot_dev/my_tf_tutorials/build/my_tf/prefix_override:/usr/lib/python3/dist-packages/colcon_core/task/python/colcon_distutils_commands:/home/kth/robot_dev/my_tf_tutorials/install/my_tf/lib/python3.12/site-packages:${PYTHONPATH} /usr/bin/python3 -W ignore:setup.py install is deprecated -W ignore:easy_install command is deprecated setup.py egg_info --egg-base ../../build/my_tf build --build-base /home/kth/robot_dev/my_tf_tutorials/build/my_tf/build install --record /home/kth/robot_dev/my_tf_tutorials/build/my_tf/install.log --single-version-externally-managed install_data
[0.889s] running egg_info
[0.907s] writing ../../build/my_tf/my_tf.egg-info/PKG-INFO
[0.908s] writing dependency_links to ../../build/my_tf/my_tf.egg-info/dependency_links.txt
[0.908s] writing entry points to ../../build/my_tf/my_tf.egg-info/entry_points.txt
[0.908s] writing requirements to ../../build/my_tf/my_tf.egg-info/requires.txt
[0.908s] writing top-level names to ../../build/my_tf/my_tf.egg-info/top_level.txt
[0.945s] reading manifest file '../../build/my_tf/my_tf.egg-info/SOURCES.txt'
[0.945s] writing manifest file '../../build/my_tf/my_tf.egg-info/SOURCES.txt'
[0.946s] running build
[0.946s] running build_py
[0.946s] copying my_tf/combined_frame.py -> /home/kth/robot_dev/my_tf_tutorials/build/my_tf/build/lib/my_tf
[0.946s] running install
[0.951s] running install_lib
[0.971s] copying /home/kth/robot_dev/my_tf_tutorials/build/my_tf/build/lib/my_tf/combined_frame.py -> /home/kth/robot_dev/my_tf_tutorials/install/my_tf/lib/python3.12/site-packages/my_tf
[0.971s] byte-compiling /home/kth/robot_dev/my_tf_tutorials/install/my_tf/lib/python3.12/site-packages/my_tf/combined_frame.py to combined_frame.cpython-312.pyc
[0.972s] running install_data
[0.972s] running install_egg_info
[0.991s] removing '/home/kth/robot_dev/my_tf_tutorials/install/my_tf/lib/python3.12/site-packages/my_tf-0.0.0-py3.12.egg-info' (and everything under it)
[0.991s] Copying ../../build/my_tf/my_tf.egg-info to /home/kth/robot_dev/my_tf_tutorials/install/my_tf/lib/python3.12/site-packages/my_tf-0.0.0-py3.12.egg-info
[0.992s] running install_scripts
[1.113s] Installing child_frame script to /home/kth/robot_dev/my_tf_tutorials/install/my_tf/lib/my_tf
[1.113s] Installing combined_frame script to /home/kth/robot_dev/my_tf_tutorials/install/my_tf/lib/my_tf
[1.113s] Installing my_tf_1 script to /home/kth/robot_dev/my_tf_tutorials/install/my_tf/lib/my_tf
[1.113s] writing list of installed files to '/home/kth/robot_dev/my_tf_tutorials/build/my_tf/install.log'
[1.132s] Invoked command in '/home/kth/robot_dev/my_tf_tutorials/src/my_tf' returned '0': DEBUGINFOD_URLS=https://debuginfod.ubuntu.com PYTHONPATH=/home/kth/robot_dev/my_tf_tutorials/build/my_tf/prefix_override:/usr/lib/python3/dist-packages/colcon_core/task/python/colcon_distutils_commands:/home/kth/robot_dev/my_tf_tutorials/install/my_tf/lib/python3.12/site-packages:${PYTHONPATH} /usr/bin/python3 -W ignore:setup.py install is deprecated -W ignore:easy_install command is deprecated setup.py egg_info --egg-base ../../build/my_tf build --build-base /home/kth/robot_dev/my_tf_tutorials/build/my_tf/build install --record /home/kth/robot_dev/my_tf_tutorials/build/my_tf/install.log --single-version-externally-managed install_data
