[0.000000] (-) TimerEvent: {}
[0.000095] (my_behavior_tree) JobQueued: {'identifier': 'my_behavior_tree', 'dependencies': OrderedDict()}
[0.000147] (py_trees_ros_viewer) JobQueued: {'identifier': 'py_trees_ros_viewer', 'dependencies': OrderedDict()}
[0.000713] (my_behavior_tree) JobStarted: {'identifier': 'my_behavior_tree'}
[0.006633] (py_trees_ros_viewer) JobStarted: {'identifier': 'py_trees_ros_viewer'}
[0.099881] (-) TimerEvent: {}
[0.200102] (-) TimerEvent: {}
[0.300298] (-) TimerEvent: {}
[0.400503] (-) TimerEvent: {}
[0.500713] (-) TimerEvent: {}
[0.600936] (-) TimerEvent: {}
[0.701139] (-) TimerEvent: {}
[0.801354] (-) TimerEvent: {}
[0.901570] (-) TimerEvent: {}
[0.950348] (my_behavior_tree) Command: {'cmd': ['/usr/bin/python3', '-W', 'ignore:setup.py install is deprecated', '-W', 'ignore:easy_install command is deprecated', 'setup.py', 'egg_info', '--egg-base', '../../build/my_behavior_tree', 'build', '--build-base', '/home/kth/robot_dev/bt_tutorials/build/my_behavior_tree/build', 'install', '--record', '/home/kth/robot_dev/bt_tutorials/build/my_behavior_tree/install.log', '--single-version-externally-managed', 'install_data'], 'cwd': '/home/kth/robot_dev/bt_tutorials/src/my_behavior_tree', 'env': {'GJS_DEBUG_TOPICS': 'JS ERROR;JS LOG', 'XDG_ACTIVATION_TOKEN': 'gnome-shell/Terminator/2661-4-kth-GP75-Leopard-10SEK_TIME2526258', 'CONDA_PROMPT_MODIFIER': 'false', 'USER': 'kth', 'GZ_CONFIG_PATH': '/opt/ros/jazzy/opt/gz_sim_vendor/share/gz:/opt/ros/jazzy/opt/sdformat_vendor/share/gz:/opt/ros/jazzy/opt/gz_gui_vendor/share/gz:/opt/ros/jazzy/opt/gz_transport_vendor/share/gz:/opt/ros/jazzy/opt/gz_rendering_vendor/share/gz:/opt/ros/jazzy/opt/gz_plugin_vendor/share/gz:/opt/ros/jazzy/opt/gz_fuel_tools_vendor/share/gz:/opt/ros/jazzy/opt/gz_msgs_vendor/share/gz:/opt/ros/jazzy/opt/gz_common_vendor/share/gz', 'XDG_SESSION_TYPE': 'x11', 'POWERLINE_COMMAND': 'oh-my-posh', 'SHLVL': '1', 'LD_LIBRARY_PATH': '/opt/ros/jazzy/opt/gz_sim_vendor/lib:/opt/ros/jazzy/opt/gz_sensors_vendor/lib:/opt/ros/jazzy/opt/gz_physics_vendor/lib:/opt/ros/jazzy/opt/sdformat_vendor/lib:/opt/ros/jazzy/opt/rviz_ogre_vendor/lib:/opt/ros/jazzy/lib/x86_64-linux-gnu:/opt/ros/jazzy/opt/gz_gui_vendor/lib:/opt/ros/jazzy/opt/gz_transport_vendor/lib:/opt/ros/jazzy/opt/gz_rendering_vendor/lib:/opt/ros/jazzy/opt/gz_plugin_vendor/lib:/opt/ros/jazzy/opt/gz_fuel_tools_vendor/lib:/opt/ros/jazzy/opt/gz_msgs_vendor/lib:/opt/ros/jazzy/opt/gz_common_vendor/lib:/opt/ros/jazzy/opt/gz_math_vendor/lib:/opt/ros/jazzy/opt/gz_utils_vendor/lib:/opt/ros/jazzy/opt/gz_tools_vendor/lib:/opt/ros/jazzy/opt/gz_ogre_next_vendor/lib:/opt/ros/jazzy/opt/gz_dartsim_vendor/lib:/opt/ros/jazzy/opt/gz_cmake_vendor/lib:/opt/ros/jazzy/lib', 'CLUTTER_DISABLE_MIPMAPPED_TEXT': '1', 'HOME': '/home/kth', 'DESKTOP_SESSION': 'ubuntu', 'GIO_LAUNCHED_DESKTOP_FILE': '/usr/share/applications/terminator.desktop', 'ROS_PYTHON_VERSION': '3', 'GNOME_SHELL_SESSION_MODE': 'ubuntu', 'GTK_MODULES': 'gail:atk-bridge', 'MANAGERPID': '2194', 'SYSTEMD_EXEC_PID': '2661', 'GSM_SKIP_SSH_AGENT_WORKAROUND': 'true', 'DBUS_SESSION_BUS_ADDRESS': 'unix:path=/run/user/1000/bus', 'GIO_LAUNCHED_DESKTOP_FILE_PID': '9550', 'COLORTERM': 'truecolor', 'TERMINATOR_DBUS_NAME': 'net.tenshu.Terminator23558193cd9818af7fe4d2c2f5bd9d00f', 'DEBUGINFOD_URLS': 'https://debuginfod.ubuntu.com', 'ROS_DISTRO': 'jazzy', 'LOGNAME': 'kth', 'JOURNAL_STREAM': '9:24781', 'POSH_SESSION_ID': 'f57abb86-529d-48e3-985d-30790a6fcbc5', 'MEMORY_PRESSURE_WATCH': '/sys/fs/cgroup/user.slice/user-1000.slice/user@1000.service/session.slice/org.gnome.Shell@x11.service/memory.pressure', 'ROS_VERSION': '2', 'XDG_SESSION_CLASS': 'user', 'USERNAME': 'kth', 'TERM': 'xterm-256color', 'GNOME_DESKTOP_SESSION_ID': 'this-is-deprecated', 'POSH_SHELL_VERSION': '3.7.0', 'WINDOWPATH': '2', 'PATH': '/opt/ros/jazzy/opt/gz_msgs_vendor/bin:/opt/ros/jazzy/opt/gz_tools_vendor/bin:/opt/ros/jazzy/opt/gz_ogre_next_vendor/bin:/opt/ros/jazzy/bin:/home/kth/.local/bin:/usr/local/sbin:/usr/local/bin:/usr/sbin:/usr/bin:/sbin:/bin:/usr/games:/usr/local/games:/snap/bin:/snap/bin', 'SESSION_MANAGER': 'local/kth-GP75-Leopard-10SEK:@/tmp/.ICE-unix/2629,unix/kth-GP75-Leopard-10SEK:/tmp/.ICE-unix/2629', 'INVOCATION_ID': 'c0f5b26b83dd4eaf99516d60e41a24c8', 'XDG_RUNTIME_DIR': '/run/user/1000', 'XDG_MENU_PREFIX': 'gnome-', 'DISPLAY': ':1', 'LANG': 'en_US.UTF-8', 'XDG_CURRENT_DESKTOP': 'ubuntu:GNOME', 'TERMINATOR_DBUS_PATH': '/net/tenshu/Terminator2', 'XAUTHORITY': '/run/user/1000/gdm/Xauthority', 'XMODIFIERS': '@im=ibus', 'XDG_SESSION_DESKTOP': 'ubuntu', 'SSH_AUTH_SOCK': '/run/user/1000/keyring/ssh', 'AMENT_PREFIX_PATH': '/opt/ros/jazzy', 'ROS_DOMAIN_ID': '22', 'TERMINATOR_UUID': 'urn:uuid:068dd377-8ca3-4d8c-8062-4029b7957198', 'SHELL': '/usr/bin/fish', 'QT_ACCESSIBILITY': '1', 'GDMSESSION': 'ubuntu', 'IGN_GAZEBO_RESOURCE_PATH': '/opt/ros/jazzy/share', 'GPG_AGENT_INFO': '/run/user/1000/gnupg/S.gpg-agent:0:1', 'GJS_DEBUG_OUTPUT': 'stderr', 'POSH_THEME': '/home/kth/.poshthemes/sonicboom_light.omp.json', 'ROS_AUTOMATIC_DISCOVERY_RANGE': 'SUBNET', 'QT_IM_MODULE': 'ibus', 'PWD': '/home/kth/robot_dev/bt_tutorials/build/my_behavior_tree', 'LC_ALL': 'en_US.UTF-8', 'XDG_DATA_DIRS': '/usr/share/ubuntu:/usr/share/gnome:/usr/local/share/:/usr/share/:/var/lib/snapd/desktop', 'XDG_CONFIG_DIRS': '/etc/xdg/xdg-ubuntu:/etc/xdg', 'PYTHONPATH': '/home/kth/robot_dev/bt_tutorials/build/my_behavior_tree/prefix_override:/usr/lib/python3/dist-packages/colcon_core/task/python/colcon_distutils_commands:/home/kth/robot_dev/bt_tutorials/install/my_behavior_tree/lib/python3.12/site-packages:/opt/ros/jazzy/lib/python3.12/site-packages', 'COLCON': '1', 'POSH_SHELL': 'fish', 'VTE_VERSION': '7600', 'MEMORY_PRESSURE_WRITE': 'c29tZSAyMDAwMDAgMjAwMDAwMAA=', 'CMAKE_PREFIX_PATH': '/opt/ros/jazzy/opt/gz_sim_vendor:/opt/ros/jazzy/opt/gz_sensors_vendor:/opt/ros/jazzy/opt/gz_physics_vendor:/opt/ros/jazzy/opt/sdformat_vendor:/opt/ros/jazzy/opt/gz_gui_vendor:/opt/ros/jazzy/opt/gz_transport_vendor:/opt/ros/jazzy/opt/gz_rendering_vendor:/opt/ros/jazzy/opt/gz_plugin_vendor:/opt/ros/jazzy/opt/gz_fuel_tools_vendor:/opt/ros/jazzy/opt/gz_msgs_vendor:/opt/ros/jazzy/opt/gz_common_vendor:/opt/ros/jazzy/opt/gz_math_vendor:/opt/ros/jazzy/opt/gz_utils_vendor:/opt/ros/jazzy/opt/gz_tools_vendor:/opt/ros/jazzy/opt/gz_ogre_next_vendor:/opt/ros/jazzy/opt/gz_dartsim_vendor:/opt/ros/jazzy/opt/gz_cmake_vendor'}, 'shell': False}
[0.959951] (py_trees_ros_viewer) Command: {'cmd': ['/usr/bin/python3', '-W', 'ignore:setup.py install is deprecated', '-W', 'ignore:easy_install command is deprecated', 'setup.py', 'egg_info', '--egg-base', '../../build/py_trees_ros_viewer', 'build', '--build-base', '/home/kth/robot_dev/bt_tutorials/build/py_trees_ros_viewer/build', 'install', '--record', '/home/kth/robot_dev/bt_tutorials/build/py_trees_ros_viewer/install.log', '--single-version-externally-managed', 'install_data'], 'cwd': '/home/kth/robot_dev/bt_tutorials/src/py_trees_ros_viewer', 'env': {'GJS_DEBUG_TOPICS': 'JS ERROR;JS LOG', 'XDG_ACTIVATION_TOKEN': 'gnome-shell/Terminator/2661-4-kth-GP75-Leopard-10SEK_TIME2526258', 'CONDA_PROMPT_MODIFIER': 'false', 'USER': 'kth', 'GZ_CONFIG_PATH': '/opt/ros/jazzy/opt/gz_sim_vendor/share/gz:/opt/ros/jazzy/opt/sdformat_vendor/share/gz:/opt/ros/jazzy/opt/gz_gui_vendor/share/gz:/opt/ros/jazzy/opt/gz_transport_vendor/share/gz:/opt/ros/jazzy/opt/gz_rendering_vendor/share/gz:/opt/ros/jazzy/opt/gz_plugin_vendor/share/gz:/opt/ros/jazzy/opt/gz_fuel_tools_vendor/share/gz:/opt/ros/jazzy/opt/gz_msgs_vendor/share/gz:/opt/ros/jazzy/opt/gz_common_vendor/share/gz', 'XDG_SESSION_TYPE': 'x11', 'POWERLINE_COMMAND': 'oh-my-posh', 'SHLVL': '1', 'LD_LIBRARY_PATH': '/opt/ros/jazzy/opt/gz_sim_vendor/lib:/opt/ros/jazzy/opt/gz_sensors_vendor/lib:/opt/ros/jazzy/opt/gz_physics_vendor/lib:/opt/ros/jazzy/opt/sdformat_vendor/lib:/opt/ros/jazzy/opt/rviz_ogre_vendor/lib:/opt/ros/jazzy/lib/x86_64-linux-gnu:/opt/ros/jazzy/opt/gz_gui_vendor/lib:/opt/ros/jazzy/opt/gz_transport_vendor/lib:/opt/ros/jazzy/opt/gz_rendering_vendor/lib:/opt/ros/jazzy/opt/gz_plugin_vendor/lib:/opt/ros/jazzy/opt/gz_fuel_tools_vendor/lib:/opt/ros/jazzy/opt/gz_msgs_vendor/lib:/opt/ros/jazzy/opt/gz_common_vendor/lib:/opt/ros/jazzy/opt/gz_math_vendor/lib:/opt/ros/jazzy/opt/gz_utils_vendor/lib:/opt/ros/jazzy/opt/gz_tools_vendor/lib:/opt/ros/jazzy/opt/gz_ogre_next_vendor/lib:/opt/ros/jazzy/opt/gz_dartsim_vendor/lib:/opt/ros/jazzy/opt/gz_cmake_vendor/lib:/opt/ros/jazzy/lib', 'CLUTTER_DISABLE_MIPMAPPED_TEXT': '1', 'HOME': '/home/kth', 'DESKTOP_SESSION': 'ubuntu', 'GIO_LAUNCHED_DESKTOP_FILE': '/usr/share/applications/terminator.desktop', 'ROS_PYTHON_VERSION': '3', 'GNOME_SHELL_SESSION_MODE': 'ubuntu', 'GTK_MODULES': 'gail:atk-bridge', 'MANAGERPID': '2194', 'SYSTEMD_EXEC_PID': '2661', 'GSM_SKIP_SSH_AGENT_WORKAROUND': 'true', 'DBUS_SESSION_BUS_ADDRESS': 'unix:path=/run/user/1000/bus', 'GIO_LAUNCHED_DESKTOP_FILE_PID': '9550', 'COLORTERM': 'truecolor', 'TERMINATOR_DBUS_NAME': 'net.tenshu.Terminator23558193cd9818af7fe4d2c2f5bd9d00f', 'DEBUGINFOD_URLS': 'https://debuginfod.ubuntu.com', 'ROS_DISTRO': 'jazzy', 'LOGNAME': 'kth', 'JOURNAL_STREAM': '9:24781', 'POSH_SESSION_ID': 'f57abb86-529d-48e3-985d-30790a6fcbc5', 'MEMORY_PRESSURE_WATCH': '/sys/fs/cgroup/user.slice/user-1000.slice/user@1000.service/session.slice/org.gnome.Shell@x11.service/memory.pressure', 'ROS_VERSION': '2', 'XDG_SESSION_CLASS': 'user', 'USERNAME': 'kth', 'TERM': 'xterm-256color', 'GNOME_DESKTOP_SESSION_ID': 'this-is-deprecated', 'POSH_SHELL_VERSION': '3.7.0', 'WINDOWPATH': '2', 'PATH': '/opt/ros/jazzy/opt/gz_msgs_vendor/bin:/opt/ros/jazzy/opt/gz_tools_vendor/bin:/opt/ros/jazzy/opt/gz_ogre_next_vendor/bin:/opt/ros/jazzy/bin:/home/kth/.local/bin:/usr/local/sbin:/usr/local/bin:/usr/sbin:/usr/bin:/sbin:/bin:/usr/games:/usr/local/games:/snap/bin:/snap/bin', 'SESSION_MANAGER': 'local/kth-GP75-Leopard-10SEK:@/tmp/.ICE-unix/2629,unix/kth-GP75-Leopard-10SEK:/tmp/.ICE-unix/2629', 'INVOCATION_ID': 'c0f5b26b83dd4eaf99516d60e41a24c8', 'XDG_RUNTIME_DIR': '/run/user/1000', 'XDG_MENU_PREFIX': 'gnome-', 'DISPLAY': ':1', 'LANG': 'en_US.UTF-8', 'XDG_CURRENT_DESKTOP': 'ubuntu:GNOME', 'TERMINATOR_DBUS_PATH': '/net/tenshu/Terminator2', 'XAUTHORITY': '/run/user/1000/gdm/Xauthority', 'XMODIFIERS': '@im=ibus', 'XDG_SESSION_DESKTOP': 'ubuntu', 'SSH_AUTH_SOCK': '/run/user/1000/keyring/ssh', 'AMENT_PREFIX_PATH': '/opt/ros/jazzy', 'ROS_DOMAIN_ID': '22', 'TERMINATOR_UUID': 'urn:uuid:068dd377-8ca3-4d8c-8062-4029b7957198', 'SHELL': '/usr/bin/fish', 'QT_ACCESSIBILITY': '1', 'GDMSESSION': 'ubuntu', 'IGN_GAZEBO_RESOURCE_PATH': '/opt/ros/jazzy/share', 'GPG_AGENT_INFO': '/run/user/1000/gnupg/S.gpg-agent:0:1', 'GJS_DEBUG_OUTPUT': 'stderr', 'POSH_THEME': '/home/kth/.poshthemes/sonicboom_light.omp.json', 'ROS_AUTOMATIC_DISCOVERY_RANGE': 'SUBNET', 'QT_IM_MODULE': 'ibus', 'PWD': '/home/kth/robot_dev/bt_tutorials/build/py_trees_ros_viewer', 'LC_ALL': 'en_US.UTF-8', 'XDG_DATA_DIRS': '/usr/share/ubuntu:/usr/share/gnome:/usr/local/share/:/usr/share/:/var/lib/snapd/desktop', 'XDG_CONFIG_DIRS': '/etc/xdg/xdg-ubuntu:/etc/xdg', 'PYTHONPATH': '/home/kth/robot_dev/bt_tutorials/build/py_trees_ros_viewer/prefix_override:/usr/lib/python3/dist-packages/colcon_core/task/python/colcon_distutils_commands:/home/kth/robot_dev/bt_tutorials/install/py_trees_ros_viewer/lib/python3.12/site-packages:/opt/ros/jazzy/lib/python3.12/site-packages', 'COLCON': '1', 'POSH_SHELL': 'fish', 'VTE_VERSION': '7600', 'MEMORY_PRESSURE_WRITE': 'c29tZSAyMDAwMDAgMjAwMDAwMAA=', 'CMAKE_PREFIX_PATH': '/opt/ros/jazzy/opt/gz_sim_vendor:/opt/ros/jazzy/opt/gz_sensors_vendor:/opt/ros/jazzy/opt/gz_physics_vendor:/opt/ros/jazzy/opt/sdformat_vendor:/opt/ros/jazzy/opt/gz_gui_vendor:/opt/ros/jazzy/opt/gz_transport_vendor:/opt/ros/jazzy/opt/gz_rendering_vendor:/opt/ros/jazzy/opt/gz_plugin_vendor:/opt/ros/jazzy/opt/gz_fuel_tools_vendor:/opt/ros/jazzy/opt/gz_msgs_vendor:/opt/ros/jazzy/opt/gz_common_vendor:/opt/ros/jazzy/opt/gz_math_vendor:/opt/ros/jazzy/opt/gz_utils_vendor:/opt/ros/jazzy/opt/gz_tools_vendor:/opt/ros/jazzy/opt/gz_ogre_next_vendor:/opt/ros/jazzy/opt/gz_dartsim_vendor:/opt/ros/jazzy/opt/gz_cmake_vendor'}, 'shell': False}
[1.001677] (-) TimerEvent: {}
[1.101909] (-) TimerEvent: {}
[1.190274] (my_behavior_tree) StdoutLine: {'line': b'running egg_info\n'}
[1.190540] (my_behavior_tree) StdoutLine: {'line': b'creating ../../build/my_behavior_tree/my_behavior_tree.egg-info\n'}
[1.202004] (-) TimerEvent: {}
[1.209598] (my_behavior_tree) StdoutLine: {'line': b'writing ../../build/my_behavior_tree/my_behavior_tree.egg-info/PKG-INFO\n'}
[1.209904] (my_behavior_tree) StdoutLine: {'line': b'writing dependency_links to ../../build/my_behavior_tree/my_behavior_tree.egg-info/dependency_links.txt\n'}
[1.210170] (my_behavior_tree) StdoutLine: {'line': b'writing entry points to ../../build/my_behavior_tree/my_behavior_tree.egg-info/entry_points.txt\n'}
[1.210281] (my_behavior_tree) StdoutLine: {'line': b'writing requirements to ../../build/my_behavior_tree/my_behavior_tree.egg-info/requires.txt\n'}
[1.210434] (my_behavior_tree) StdoutLine: {'line': b'writing top-level names to ../../build/my_behavior_tree/my_behavior_tree.egg-info/top_level.txt\n'}
[1.210515] (my_behavior_tree) StdoutLine: {'line': b"writing manifest file '../../build/my_behavior_tree/my_behavior_tree.egg-info/SOURCES.txt'\n"}
[1.248580] (my_behavior_tree) StdoutLine: {'line': b"reading manifest file '../../build/my_behavior_tree/my_behavior_tree.egg-info/SOURCES.txt'\n"}
[1.249088] (my_behavior_tree) StdoutLine: {'line': b"writing manifest file '../../build/my_behavior_tree/my_behavior_tree.egg-info/SOURCES.txt'\n"}
[1.249244] (my_behavior_tree) StdoutLine: {'line': b'running build\n'}
[1.249324] (my_behavior_tree) StdoutLine: {'line': b'running build_py\n'}
[1.249455] (my_behavior_tree) StdoutLine: {'line': b'creating /home/kth/robot_dev/bt_tutorials/build/my_behavior_tree/build\n'}
[1.249552] (my_behavior_tree) StdoutLine: {'line': b'creating /home/kth/robot_dev/bt_tutorials/build/my_behavior_tree/build/lib\n'}
[1.249612] (my_behavior_tree) StdoutLine: {'line': b'creating /home/kth/robot_dev/bt_tutorials/build/my_behavior_tree/build/lib/my_behavior_tree\n'}
[1.249668] (my_behavior_tree) StdoutLine: {'line': b'copying my_behavior_tree/bt_basic.py -> /home/kth/robot_dev/bt_tutorials/build/my_behavior_tree/build/lib/my_behavior_tree\n'}
[1.249722] (my_behavior_tree) StdoutLine: {'line': b'copying my_behavior_tree/__init__.py -> /home/kth/robot_dev/bt_tutorials/build/my_behavior_tree/build/lib/my_behavior_tree\n'}
[1.249792] (my_behavior_tree) StdoutLine: {'line': b'running install\n'}
[1.254547] (my_behavior_tree) StdoutLine: {'line': b'running install_lib\n'}
[1.273313] (my_behavior_tree) StdoutLine: {'line': b'creating /home/kth/robot_dev/bt_tutorials/install/my_behavior_tree/lib/python3.12/site-packages/my_behavior_tree\n'}
[1.273474] (my_behavior_tree) StdoutLine: {'line': b'copying /home/kth/robot_dev/bt_tutorials/build/my_behavior_tree/build/lib/my_behavior_tree/bt_basic.py -> /home/kth/robot_dev/bt_tutorials/install/my_behavior_tree/lib/python3.12/site-packages/my_behavior_tree\n'}
[1.273560] (my_behavior_tree) StdoutLine: {'line': b'copying /home/kth/robot_dev/bt_tutorials/build/my_behavior_tree/build/lib/my_behavior_tree/__init__.py -> /home/kth/robot_dev/bt_tutorials/install/my_behavior_tree/lib/python3.12/site-packages/my_behavior_tree\n'}
[1.273822] (my_behavior_tree) StdoutLine: {'line': b'byte-compiling /home/kth/robot_dev/bt_tutorials/install/my_behavior_tree/lib/python3.12/site-packages/my_behavior_tree/bt_basic.py to bt_basic.cpython-312.pyc\n'}
[1.274559] (my_behavior_tree) StdoutLine: {'line': b'byte-compiling /home/kth/robot_dev/bt_tutorials/install/my_behavior_tree/lib/python3.12/site-packages/my_behavior_tree/__init__.py to __init__.cpython-312.pyc\n'}
[1.274727] (my_behavior_tree) StdoutLine: {'line': b'running install_data\n'}
[1.274841] (my_behavior_tree) StdoutLine: {'line': b'creating /home/kth/robot_dev/bt_tutorials/install/my_behavior_tree/share/ament_index\n'}
[1.274981] (my_behavior_tree) StdoutLine: {'line': b'creating /home/kth/robot_dev/bt_tutorials/install/my_behavior_tree/share/ament_index/resource_index\n'}
[1.275056] (my_behavior_tree) StdoutLine: {'line': b'creating /home/kth/robot_dev/bt_tutorials/install/my_behavior_tree/share/ament_index/resource_index/packages\n'}
[1.275113] (my_behavior_tree) StdoutLine: {'line': b'copying resource/my_behavior_tree -> /home/kth/robot_dev/bt_tutorials/install/my_behavior_tree/share/ament_index/resource_index/packages\n'}
[1.275182] (my_behavior_tree) StdoutLine: {'line': b'copying package.xml -> /home/kth/robot_dev/bt_tutorials/install/my_behavior_tree/share/my_behavior_tree\n'}
[1.275232] (my_behavior_tree) StdoutLine: {'line': b'running install_egg_info\n'}
[1.276595] (py_trees_ros_viewer) StdoutLine: {'line': b'running egg_info\n'}
[1.294949] (my_behavior_tree) StdoutLine: {'line': b'Copying ../../build/my_behavior_tree/my_behavior_tree.egg-info to /home/kth/robot_dev/bt_tutorials/install/my_behavior_tree/lib/python3.12/site-packages/my_behavior_tree-0.0.0-py3.12.egg-info\n'}
[1.295517] (my_behavior_tree) StdoutLine: {'line': b'running install_scripts\n'}
[1.295726] (py_trees_ros_viewer) StdoutLine: {'line': b'writing ../../build/py_trees_ros_viewer/py_trees_ros_viewer.egg-info/PKG-INFO\n'}
[1.295909] (py_trees_ros_viewer) StdoutLine: {'line': b'writing dependency_links to ../../build/py_trees_ros_viewer/py_trees_ros_viewer.egg-info/dependency_links.txt\n'}
[1.296100] (py_trees_ros_viewer) StdoutLine: {'line': b'writing entry points to ../../build/py_trees_ros_viewer/py_trees_ros_viewer.egg-info/entry_points.txt\n'}
[1.296221] (py_trees_ros_viewer) StdoutLine: {'line': b'writing top-level names to ../../build/py_trees_ros_viewer/py_trees_ros_viewer.egg-info/top_level.txt\n'}
[1.302069] (-) TimerEvent: {}
[1.337529] (py_trees_ros_viewer) StdoutLine: {'line': b"reading manifest file '../../build/py_trees_ros_viewer/py_trees_ros_viewer.egg-info/SOURCES.txt'\n"}
[1.337766] (py_trees_ros_viewer) StdoutLine: {'line': b"adding license file 'LICENSE'\n"}
[1.338297] (py_trees_ros_viewer) StdoutLine: {'line': b"writing manifest file '../../build/py_trees_ros_viewer/py_trees_ros_viewer.egg-info/SOURCES.txt'\n"}
[1.338482] (py_trees_ros_viewer) StdoutLine: {'line': b'running build\n'}
[1.338563] (py_trees_ros_viewer) StdoutLine: {'line': b'running build_py\n'}
[1.339312] (py_trees_ros_viewer) StdoutLine: {'line': b'running install\n'}
[1.344264] (py_trees_ros_viewer) StdoutLine: {'line': b'running install_lib\n'}
[1.363833] (py_trees_ros_viewer) StdoutLine: {'line': b'running install_data\n'}
[1.363975] (py_trees_ros_viewer) StdoutLine: {'line': b'running install_egg_info\n'}
[1.382598] (py_trees_ros_viewer) StdoutLine: {'line': b"removing '/home/kth/robot_dev/bt_tutorials/install/py_trees_ros_viewer/lib/python3.12/site-packages/py_trees_ros_viewer-0.2.5-py3.12.egg-info' (and everything under it)\n"}
[1.382749] (py_trees_ros_viewer) StdoutLine: {'line': b'Copying ../../build/py_trees_ros_viewer/py_trees_ros_viewer.egg-info to /home/kth/robot_dev/bt_tutorials/install/py_trees_ros_viewer/lib/python3.12/site-packages/py_trees_ros_viewer-0.2.5-py3.12.egg-info\n'}
[1.383370] (py_trees_ros_viewer) StdoutLine: {'line': b'running install_scripts\n'}
[1.402180] (-) TimerEvent: {}
[1.415267] (my_behavior_tree) StdoutLine: {'line': b'Installing bt_basic script to /home/kth/robot_dev/bt_tutorials/install/my_behavior_tree/lib/my_behavior_tree\n'}
[1.415569] (my_behavior_tree) StdoutLine: {'line': b"writing list of installed files to '/home/kth/robot_dev/bt_tutorials/build/my_behavior_tree/install.log'\n"}
[1.422231] (py_trees_ros_viewer) StdoutLine: {'line': b'Installing py-trees-tree-viewer script to /home/kth/robot_dev/bt_tutorials/install/py_trees_ros_viewer/bin\n'}
[1.422624] (py_trees_ros_viewer) StdoutLine: {'line': b"writing list of installed files to '/home/kth/robot_dev/bt_tutorials/build/py_trees_ros_viewer/install.log'\n"}
[1.437360] (my_behavior_tree) CommandEnded: {'returncode': 0}
[1.444199] (my_behavior_tree) JobEnded: {'identifier': 'my_behavior_tree', 'rc': 0}
[1.445420] (py_trees_ros_viewer) CommandEnded: {'returncode': 0}
[1.452527] (py_trees_ros_viewer) JobEnded: {'identifier': 'py_trees_ros_viewer', 'rc': 0}
[1.452967] (-) EventReactorShutdown: {}
