[0.085s] DEBUG:colcon:Command line arguments: ['/usr/bin/colcon', 'build']
[0.085s] DEBUG:colcon:Parsed command line arguments: Namespace(log_base=None, log_level=None, verb_name='build', build_base='build', install_base='install', merge_install=False, symlink_install=False, test_result_base=None, continue_on_error=False, executor='parallel', parallel_workers=12, event_handlers=None, ignore_user_meta=False, metas=['./colcon.meta'], base_paths=['.'], packages_ignore=None, packages_ignore_regex=None, paths=None, packages_up_to=None, packages_up_to_regex=None, packages_above=None, packages_above_and_dependencies=None, packages_above_depth=None, packages_select_by_dep=None, packages_skip_by_dep=None, packages_skip_up_to=None, packages_select_build_failed=False, packages_skip_build_finished=False, packages_select_test_failures=False, packages_skip_test_passed=False, packages_select=None, packages_skip=None, packages_select_regex=None, packages_skip_regex=None, packages_start=None, packages_end=None, allow_overriding=[], cmake_args=None, cmake_target=None, cmake_target_skip_unavailable=False, cmake_clean_cache=False, cmake_clean_first=False, cmake_force_configure=False, ament_cmake_args=None, catkin_cmake_args=None, catkin_skip_building_tests=False, mixin_files=None, mixin=None, verb_parser=<colcon_mixin.mixin.mixin_argument.MixinArgumentDecorator object at 0x7ef05ec9ecc0>, verb_extension=<colcon_core.verb.build.BuildVerb object at 0x7ef05ec9ea50>, main=<bound method BuildVerb.main of <colcon_core.verb.build.BuildVerb object at 0x7ef05ec9ea50>>, mixin_verb=('build',))
[0.113s] Level 1:colcon.colcon_core.package_discovery:discover_packages(colcon_meta) check parameters
[0.113s] Level 1:colcon.colcon_core.package_discovery:discover_packages(recursive) check parameters
[0.113s] Level 1:colcon.colcon_core.package_discovery:discover_packages(ignore) check parameters
[0.113s] Level 1:colcon.colcon_core.package_discovery:discover_packages(path) check parameters
[0.113s] Level 1:colcon.colcon_core.package_discovery:discover_packages(colcon_meta) discover
[0.113s] Level 1:colcon.colcon_core.package_discovery:discover_packages(recursive) discover
[0.113s] INFO:colcon.colcon_core.package_discovery:Crawling recursively for packages in '/home/kth/robot_dev/bt_tutorials'
[0.113s] Level 1:colcon.colcon_core.package_identification:_identify(.) by extensions ['ignore', 'ignore_ament_install']
[0.113s] Level 1:colcon.colcon_core.package_identification:_identify(.) by extension 'ignore'
[0.113s] Level 1:colcon.colcon_core.package_identification:_identify(.) by extension 'ignore_ament_install'
[0.113s] Level 1:colcon.colcon_core.package_identification:_identify(.) by extensions ['colcon_pkg']
[0.113s] Level 1:colcon.colcon_core.package_identification:_identify(.) by extension 'colcon_pkg'
[0.113s] Level 1:colcon.colcon_core.package_identification:_identify(.) by extensions ['colcon_meta']
[0.113s] Level 1:colcon.colcon_core.package_identification:_identify(.) by extension 'colcon_meta'
[0.113s] Level 1:colcon.colcon_core.package_identification:_identify(.) by extensions ['ros']
[0.113s] Level 1:colcon.colcon_core.package_identification:_identify(.) by extension 'ros'
[0.131s] Level 1:colcon.colcon_core.package_identification:_identify(.) by extensions ['cmake', 'python']
[0.131s] Level 1:colcon.colcon_core.package_identification:_identify(.) by extension 'cmake'
[0.131s] Level 1:colcon.colcon_core.package_identification:_identify(.) by extension 'python'
[0.131s] Level 1:colcon.colcon_core.package_identification:_identify(.) by extensions ['python_setup_py']
[0.131s] Level 1:colcon.colcon_core.package_identification:_identify(.) by extension 'python_setup_py'
[0.132s] Level 1:colcon.colcon_core.package_identification:_identify(build) by extensions ['ignore', 'ignore_ament_install']
[0.132s] Level 1:colcon.colcon_core.package_identification:_identify(build) by extension 'ignore'
[0.132s] Level 1:colcon.colcon_core.package_identification:_identify(build) ignored
[0.132s] Level 1:colcon.colcon_core.package_identification:_identify(install) by extensions ['ignore', 'ignore_ament_install']
[0.132s] Level 1:colcon.colcon_core.package_identification:_identify(install) by extension 'ignore'
[0.132s] Level 1:colcon.colcon_core.package_identification:_identify(install) ignored
[0.132s] Level 1:colcon.colcon_core.package_identification:_identify(log) by extensions ['ignore', 'ignore_ament_install']
[0.132s] Level 1:colcon.colcon_core.package_identification:_identify(log) by extension 'ignore'
[0.132s] Level 1:colcon.colcon_core.package_identification:_identify(log) ignored
[0.132s] Level 1:colcon.colcon_core.package_identification:_identify(src) by extensions ['ignore', 'ignore_ament_install']
[0.132s] Level 1:colcon.colcon_core.package_identification:_identify(src) by extension 'ignore'
[0.132s] Level 1:colcon.colcon_core.package_identification:_identify(src) by extension 'ignore_ament_install'
[0.132s] Level 1:colcon.colcon_core.package_identification:_identify(src) by extensions ['colcon_pkg']
[0.132s] Level 1:colcon.colcon_core.package_identification:_identify(src) by extension 'colcon_pkg'
[0.132s] Level 1:colcon.colcon_core.package_identification:_identify(src) by extensions ['colcon_meta']
[0.132s] Level 1:colcon.colcon_core.package_identification:_identify(src) by extension 'colcon_meta'
[0.132s] Level 1:colcon.colcon_core.package_identification:_identify(src) by extensions ['ros']
[0.132s] Level 1:colcon.colcon_core.package_identification:_identify(src) by extension 'ros'
[0.132s] Level 1:colcon.colcon_core.package_identification:_identify(src) by extensions ['cmake', 'python']
[0.132s] Level 1:colcon.colcon_core.package_identification:_identify(src) by extension 'cmake'
[0.132s] Level 1:colcon.colcon_core.package_identification:_identify(src) by extension 'python'
[0.132s] Level 1:colcon.colcon_core.package_identification:_identify(src) by extensions ['python_setup_py']
[0.133s] Level 1:colcon.colcon_core.package_identification:_identify(src) by extension 'python_setup_py'
[0.133s] Level 1:colcon.colcon_core.package_identification:_identify(src/my_behavior_tree) by extensions ['ignore', 'ignore_ament_install']
[0.133s] Level 1:colcon.colcon_core.package_identification:_identify(src/my_behavior_tree) by extension 'ignore'
[0.133s] Level 1:colcon.colcon_core.package_identification:_identify(src/my_behavior_tree) by extension 'ignore_ament_install'
[0.133s] Level 1:colcon.colcon_core.package_identification:_identify(src/my_behavior_tree) by extensions ['colcon_pkg']
[0.133s] Level 1:colcon.colcon_core.package_identification:_identify(src/my_behavior_tree) by extension 'colcon_pkg'
[0.133s] Level 1:colcon.colcon_core.package_identification:_identify(src/my_behavior_tree) by extensions ['colcon_meta']
[0.133s] Level 1:colcon.colcon_core.package_identification:_identify(src/my_behavior_tree) by extension 'colcon_meta'
[0.133s] Level 1:colcon.colcon_core.package_identification:_identify(src/my_behavior_tree) by extensions ['ros']
[0.133s] Level 1:colcon.colcon_core.package_identification:_identify(src/my_behavior_tree) by extension 'ros'
[0.134s] DEBUG:colcon.colcon_core.package_identification:Package 'src/my_behavior_tree' with type 'ros.ament_python' and name 'my_behavior_tree'
[0.134s] Level 1:colcon.colcon_core.package_identification:_identify(src/py_trees_ros_viewer) by extensions ['ignore', 'ignore_ament_install']
[0.135s] Level 1:colcon.colcon_core.package_identification:_identify(src/py_trees_ros_viewer) by extension 'ignore'
[0.135s] Level 1:colcon.colcon_core.package_identification:_identify(src/py_trees_ros_viewer) by extension 'ignore_ament_install'
[0.135s] Level 1:colcon.colcon_core.package_identification:_identify(src/py_trees_ros_viewer) by extensions ['colcon_pkg']
[0.135s] Level 1:colcon.colcon_core.package_identification:_identify(src/py_trees_ros_viewer) by extension 'colcon_pkg'
[0.135s] Level 1:colcon.colcon_core.package_identification:_identify(src/py_trees_ros_viewer) by extensions ['colcon_meta']
[0.135s] Level 1:colcon.colcon_core.package_identification:_identify(src/py_trees_ros_viewer) by extension 'colcon_meta'
[0.135s] Level 1:colcon.colcon_core.package_identification:_identify(src/py_trees_ros_viewer) by extensions ['ros']
[0.135s] Level 1:colcon.colcon_core.package_identification:_identify(src/py_trees_ros_viewer) by extension 'ros'
[0.135s] DEBUG:colcon.colcon_core.package_identification:Package 'src/py_trees_ros_viewer' with type 'ros.ament_python' and name 'py_trees_ros_viewer'
[0.135s] Level 1:colcon.colcon_core.package_discovery:discover_packages(recursive) using defaults
[0.135s] Level 1:colcon.colcon_core.package_discovery:discover_packages(ignore) discover
[0.135s] Level 1:colcon.colcon_core.package_discovery:discover_packages(ignore) using defaults
[0.135s] Level 1:colcon.colcon_core.package_discovery:discover_packages(path) discover
[0.135s] Level 1:colcon.colcon_core.package_discovery:discover_packages(path) using defaults
[0.148s] Level 1:colcon.colcon_core.package_discovery:discover_packages(prefix_path) check parameters
[0.148s] Level 1:colcon.colcon_core.package_discovery:discover_packages(prefix_path) discover
[0.150s] DEBUG:colcon.colcon_installed_package_information.package_discovery:Found 390 installed packages in /opt/ros/jazzy
[0.151s] Level 1:colcon.colcon_core.package_discovery:discover_packages(prefix_path) using defaults
[0.191s] Level 5:colcon.colcon_core.verb:set package 'my_behavior_tree' build argument 'cmake_args' from command line to 'None'
[0.191s] Level 5:colcon.colcon_core.verb:set package 'my_behavior_tree' build argument 'cmake_target' from command line to 'None'
[0.192s] Level 5:colcon.colcon_core.verb:set package 'my_behavior_tree' build argument 'cmake_target_skip_unavailable' from command line to 'False'
[0.192s] Level 5:colcon.colcon_core.verb:set package 'my_behavior_tree' build argument 'cmake_clean_cache' from command line to 'False'
[0.192s] Level 5:colcon.colcon_core.verb:set package 'my_behavior_tree' build argument 'cmake_clean_first' from command line to 'False'
[0.192s] Level 5:colcon.colcon_core.verb:set package 'my_behavior_tree' build argument 'cmake_force_configure' from command line to 'False'
[0.192s] Level 5:colcon.colcon_core.verb:set package 'my_behavior_tree' build argument 'ament_cmake_args' from command line to 'None'
[0.192s] Level 5:colcon.colcon_core.verb:set package 'my_behavior_tree' build argument 'catkin_cmake_args' from command line to 'None'
[0.192s] Level 5:colcon.colcon_core.verb:set package 'my_behavior_tree' build argument 'catkin_skip_building_tests' from command line to 'False'
[0.192s] DEBUG:colcon.colcon_core.verb:Building package 'my_behavior_tree' with the following arguments: {'ament_cmake_args': None, 'build_base': '/home/kth/robot_dev/bt_tutorials/build/my_behavior_tree', 'catkin_cmake_args': None, 'catkin_skip_building_tests': False, 'cmake_args': None, 'cmake_clean_cache': False, 'cmake_clean_first': False, 'cmake_force_configure': False, 'cmake_target': None, 'cmake_target_skip_unavailable': False, 'install_base': '/home/kth/robot_dev/bt_tutorials/install/my_behavior_tree', 'merge_install': False, 'path': '/home/kth/robot_dev/bt_tutorials/src/my_behavior_tree', 'symlink_install': False, 'test_result_base': None}
[0.192s] Level 5:colcon.colcon_core.verb:set package 'py_trees_ros_viewer' build argument 'cmake_args' from command line to 'None'
[0.192s] Level 5:colcon.colcon_core.verb:set package 'py_trees_ros_viewer' build argument 'cmake_target' from command line to 'None'
[0.192s] Level 5:colcon.colcon_core.verb:set package 'py_trees_ros_viewer' build argument 'cmake_target_skip_unavailable' from command line to 'False'
[0.192s] Level 5:colcon.colcon_core.verb:set package 'py_trees_ros_viewer' build argument 'cmake_clean_cache' from command line to 'False'
[0.192s] Level 5:colcon.colcon_core.verb:set package 'py_trees_ros_viewer' build argument 'cmake_clean_first' from command line to 'False'
[0.192s] Level 5:colcon.colcon_core.verb:set package 'py_trees_ros_viewer' build argument 'cmake_force_configure' from command line to 'False'
[0.192s] Level 5:colcon.colcon_core.verb:set package 'py_trees_ros_viewer' build argument 'ament_cmake_args' from command line to 'None'
[0.192s] Level 5:colcon.colcon_core.verb:set package 'py_trees_ros_viewer' build argument 'catkin_cmake_args' from command line to 'None'
[0.192s] Level 5:colcon.colcon_core.verb:set package 'py_trees_ros_viewer' build argument 'catkin_skip_building_tests' from command line to 'False'
[0.192s] DEBUG:colcon.colcon_core.verb:Building package 'py_trees_ros_viewer' with the following arguments: {'ament_cmake_args': None, 'build_base': '/home/kth/robot_dev/bt_tutorials/build/py_trees_ros_viewer', 'catkin_cmake_args': None, 'catkin_skip_building_tests': False, 'cmake_args': None, 'cmake_clean_cache': False, 'cmake_clean_first': False, 'cmake_force_configure': False, 'cmake_target': None, 'cmake_target_skip_unavailable': False, 'install_base': '/home/kth/robot_dev/bt_tutorials/install/py_trees_ros_viewer', 'merge_install': False, 'path': '/home/kth/robot_dev/bt_tutorials/src/py_trees_ros_viewer', 'symlink_install': False, 'test_result_base': None}
[0.192s] INFO:colcon.colcon_core.executor:Executing jobs using 'parallel' executor
[0.193s] DEBUG:colcon.colcon_parallel_executor.executor.parallel:run_until_complete
[0.193s] INFO:colcon.colcon_ros.task.ament_python.build:Building ROS package in '/home/kth/robot_dev/bt_tutorials/src/my_behavior_tree' with build type 'ament_python'
[0.193s] Level 1:colcon.colcon_core.shell:create_environment_hook('my_behavior_tree', 'ament_prefix_path')
[0.195s] INFO:colcon.colcon_core.plugin_system:Skipping extension 'colcon_core.shell.bat': Not used on non-Windows systems
[0.195s] INFO:colcon.colcon_core.shell:Creating environment hook '/home/kth/robot_dev/bt_tutorials/install/my_behavior_tree/share/my_behavior_tree/hook/ament_prefix_path.ps1'
[0.195s] INFO:colcon.colcon_core.shell:Creating environment descriptor '/home/kth/robot_dev/bt_tutorials/install/my_behavior_tree/share/my_behavior_tree/hook/ament_prefix_path.dsv'
[0.196s] INFO:colcon.colcon_core.shell:Creating environment hook '/home/kth/robot_dev/bt_tutorials/install/my_behavior_tree/share/my_behavior_tree/hook/ament_prefix_path.sh'
[0.196s] INFO:colcon.colcon_core.shell:Skip shell extension 'powershell' for command environment: Not usable outside of PowerShell
[0.196s] DEBUG:colcon.colcon_core.shell:Skip shell extension 'dsv' for command environment
[0.199s] INFO:colcon.colcon_ros.task.ament_python.build:Building ROS package in '/home/kth/robot_dev/bt_tutorials/src/py_trees_ros_viewer' with build type 'ament_python'
[0.199s] Level 1:colcon.colcon_core.shell:create_environment_hook('py_trees_ros_viewer', 'ament_prefix_path')
[0.199s] INFO:colcon.colcon_core.shell:Creating environment hook '/home/kth/robot_dev/bt_tutorials/install/py_trees_ros_viewer/share/py_trees_ros_viewer/hook/ament_prefix_path.ps1'
[0.200s] INFO:colcon.colcon_core.shell:Creating environment descriptor '/home/kth/robot_dev/bt_tutorials/install/py_trees_ros_viewer/share/py_trees_ros_viewer/hook/ament_prefix_path.dsv'
[0.200s] INFO:colcon.colcon_core.shell:Creating environment hook '/home/kth/robot_dev/bt_tutorials/install/py_trees_ros_viewer/share/py_trees_ros_viewer/hook/ament_prefix_path.sh'
[0.201s] INFO:colcon.colcon_core.shell:Skip shell extension 'powershell' for command environment: Not usable outside of PowerShell
[0.201s] DEBUG:colcon.colcon_core.shell:Skip shell extension 'dsv' for command environment
[0.375s] INFO:colcon.colcon_core.task.python.build:Building Python package in '/home/kth/robot_dev/bt_tutorials/src/my_behavior_tree'
[0.375s] INFO:colcon.colcon_core.shell:Skip shell extension 'powershell' for command environment: Not usable outside of PowerShell
[0.375s] DEBUG:colcon.colcon_core.shell:Skip shell extension 'dsv' for command environment
[0.631s] WARNING:colcon.colcon_ros.task.ament_python.build:Package 'py_trees_ros_viewer' doesn't explicitly install a marker in the package index (colcon-ros currently does it implicitly but that fallback will be removed in the future)
[0.632s] INFO:colcon.colcon_core.task.python.build:Building Python package in '/home/kth/robot_dev/bt_tutorials/src/py_trees_ros_viewer'
[0.632s] INFO:colcon.colcon_core.shell:Skip shell extension 'powershell' for command environment: Not usable outside of PowerShell
[0.632s] DEBUG:colcon.colcon_core.shell:Skip shell extension 'dsv' for command environment
[1.144s] DEBUG:colcon.colcon_core.event_handler.log_command:Invoking command in '/home/kth/robot_dev/bt_tutorials/src/my_behavior_tree': DEBUGINFOD_URLS=https://debuginfod.ubuntu.com PYTHONPATH=/home/kth/robot_dev/bt_tutorials/build/my_behavior_tree/prefix_override:/usr/lib/python3/dist-packages/colcon_core/task/python/colcon_distutils_commands:/home/kth/robot_dev/bt_tutorials/install/my_behavior_tree/lib/python3.12/site-packages:${PYTHONPATH} /usr/bin/python3 -W ignore:setup.py install is deprecated -W ignore:easy_install command is deprecated setup.py egg_info --egg-base ../../build/my_behavior_tree build --build-base /home/kth/robot_dev/bt_tutorials/build/my_behavior_tree/build install --record /home/kth/robot_dev/bt_tutorials/build/my_behavior_tree/install.log --single-version-externally-managed install_data
[1.154s] DEBUG:colcon.colcon_core.event_handler.log_command:Invoking command in '/home/kth/robot_dev/bt_tutorials/src/py_trees_ros_viewer': DEBUGINFOD_URLS=https://debuginfod.ubuntu.com PYTHONPATH=/home/kth/robot_dev/bt_tutorials/build/py_trees_ros_viewer/prefix_override:/usr/lib/python3/dist-packages/colcon_core/task/python/colcon_distutils_commands:/home/kth/robot_dev/bt_tutorials/install/py_trees_ros_viewer/lib/python3.12/site-packages:${PYTHONPATH} /usr/bin/python3 -W ignore:setup.py install is deprecated -W ignore:easy_install command is deprecated setup.py egg_info --egg-base ../../build/py_trees_ros_viewer build --build-base /home/kth/robot_dev/bt_tutorials/build/py_trees_ros_viewer/build install --record /home/kth/robot_dev/bt_tutorials/build/py_trees_ros_viewer/install.log --single-version-externally-managed install_data
[1.630s] DEBUG:colcon.colcon_core.event_handler.log_command:Invoked command in '/home/kth/robot_dev/bt_tutorials/src/my_behavior_tree' returned '0': DEBUGINFOD_URLS=https://debuginfod.ubuntu.com PYTHONPATH=/home/kth/robot_dev/bt_tutorials/build/my_behavior_tree/prefix_override:/usr/lib/python3/dist-packages/colcon_core/task/python/colcon_distutils_commands:/home/kth/robot_dev/bt_tutorials/install/my_behavior_tree/lib/python3.12/site-packages:${PYTHONPATH} /usr/bin/python3 -W ignore:setup.py install is deprecated -W ignore:easy_install command is deprecated setup.py egg_info --egg-base ../../build/my_behavior_tree build --build-base /home/kth/robot_dev/bt_tutorials/build/my_behavior_tree/build install --record /home/kth/robot_dev/bt_tutorials/build/my_behavior_tree/install.log --single-version-externally-managed install_data
[1.632s] Level 1:colcon.colcon_core.environment:checking '/home/kth/robot_dev/bt_tutorials/install/my_behavior_tree' for CMake module files
[1.632s] Level 1:colcon.colcon_core.environment:checking '/home/kth/robot_dev/bt_tutorials/install/my_behavior_tree' for CMake config files
[1.633s] Level 1:colcon.colcon_core.environment:checking '/home/kth/robot_dev/bt_tutorials/install/my_behavior_tree/lib'
[1.633s] Level 1:colcon.colcon_core.environment:checking '/home/kth/robot_dev/bt_tutorials/install/my_behavior_tree/bin'
[1.633s] Level 1:colcon.colcon_core.environment:checking '/home/kth/robot_dev/bt_tutorials/install/my_behavior_tree/lib/pkgconfig/my_behavior_tree.pc'
[1.633s] Level 1:colcon.colcon_core.environment:checking '/home/kth/robot_dev/bt_tutorials/install/my_behavior_tree/lib/python3.12/site-packages'
[1.633s] Level 1:colcon.colcon_core.shell:create_environment_hook('my_behavior_tree', 'pythonpath')
[1.633s] INFO:colcon.colcon_core.shell:Creating environment hook '/home/kth/robot_dev/bt_tutorials/install/my_behavior_tree/share/my_behavior_tree/hook/pythonpath.ps1'
[1.634s] INFO:colcon.colcon_core.shell:Creating environment descriptor '/home/kth/robot_dev/bt_tutorials/install/my_behavior_tree/share/my_behavior_tree/hook/pythonpath.dsv'
[1.634s] INFO:colcon.colcon_core.shell:Creating environment hook '/home/kth/robot_dev/bt_tutorials/install/my_behavior_tree/share/my_behavior_tree/hook/pythonpath.sh'
[1.634s] Level 1:colcon.colcon_core.environment:checking '/home/kth/robot_dev/bt_tutorials/install/my_behavior_tree/bin'
[1.634s] Level 1:colcon.colcon_core.environment:create_environment_scripts_only(my_behavior_tree)
[1.634s] INFO:colcon.colcon_core.shell:Creating package script '/home/kth/robot_dev/bt_tutorials/install/my_behavior_tree/share/my_behavior_tree/package.ps1'
[1.635s] INFO:colcon.colcon_core.shell:Creating package descriptor '/home/kth/robot_dev/bt_tutorials/install/my_behavior_tree/share/my_behavior_tree/package.dsv'
[1.635s] INFO:colcon.colcon_core.shell:Creating package script '/home/kth/robot_dev/bt_tutorials/install/my_behavior_tree/share/my_behavior_tree/package.sh'
[1.636s] INFO:colcon.colcon_core.shell:Creating package script '/home/kth/robot_dev/bt_tutorials/install/my_behavior_tree/share/my_behavior_tree/package.bash'
[1.636s] INFO:colcon.colcon_core.shell:Creating package script '/home/kth/robot_dev/bt_tutorials/install/my_behavior_tree/share/my_behavior_tree/package.zsh'
[1.636s] Level 1:colcon.colcon_core.environment:create_file_with_runtime_dependencies(/home/kth/robot_dev/bt_tutorials/install/my_behavior_tree/share/colcon-core/packages/my_behavior_tree)
[1.638s] Level 1:colcon.colcon_core.environment:checking '/home/kth/robot_dev/bt_tutorials/install/py_trees_ros_viewer' for CMake module files
[1.638s] DEBUG:colcon.colcon_core.event_handler.log_command:Invoked command in '/home/kth/robot_dev/bt_tutorials/src/py_trees_ros_viewer' returned '0': DEBUGINFOD_URLS=https://debuginfod.ubuntu.com PYTHONPATH=/home/kth/robot_dev/bt_tutorials/build/py_trees_ros_viewer/prefix_override:/usr/lib/python3/dist-packages/colcon_core/task/python/colcon_distutils_commands:/home/kth/robot_dev/bt_tutorials/install/py_trees_ros_viewer/lib/python3.12/site-packages:${PYTHONPATH} /usr/bin/python3 -W ignore:setup.py install is deprecated -W ignore:easy_install command is deprecated setup.py egg_info --egg-base ../../build/py_trees_ros_viewer build --build-base /home/kth/robot_dev/bt_tutorials/build/py_trees_ros_viewer/build install --record /home/kth/robot_dev/bt_tutorials/build/py_trees_ros_viewer/install.log --single-version-externally-managed install_data
[1.639s] Level 1:colcon.colcon_core.environment:checking '/home/kth/robot_dev/bt_tutorials/install/py_trees_ros_viewer' for CMake config files
[1.639s] Level 1:colcon.colcon_core.environment:checking '/home/kth/robot_dev/bt_tutorials/install/py_trees_ros_viewer/lib'
[1.639s] Level 1:colcon.colcon_core.environment:checking '/home/kth/robot_dev/bt_tutorials/install/py_trees_ros_viewer/bin'
[1.639s] Level 1:colcon.colcon_core.shell:create_environment_hook('py_trees_ros_viewer', 'path')
[1.639s] INFO:colcon.colcon_core.shell:Creating environment hook '/home/kth/robot_dev/bt_tutorials/install/py_trees_ros_viewer/share/py_trees_ros_viewer/hook/path.ps1'
[1.640s] INFO:colcon.colcon_core.shell:Creating environment descriptor '/home/kth/robot_dev/bt_tutorials/install/py_trees_ros_viewer/share/py_trees_ros_viewer/hook/path.dsv'
[1.640s] INFO:colcon.colcon_core.shell:Creating environment hook '/home/kth/robot_dev/bt_tutorials/install/py_trees_ros_viewer/share/py_trees_ros_viewer/hook/path.sh'
[1.640s] Level 1:colcon.colcon_core.environment:checking '/home/kth/robot_dev/bt_tutorials/install/py_trees_ros_viewer/lib/pkgconfig/py_trees_ros_viewer.pc'
[1.641s] Level 1:colcon.colcon_core.environment:checking '/home/kth/robot_dev/bt_tutorials/install/py_trees_ros_viewer/lib/python3.12/site-packages'
[1.641s] Level 1:colcon.colcon_core.shell:create_environment_hook('py_trees_ros_viewer', 'pythonpath')
[1.641s] INFO:colcon.colcon_core.shell:Creating environment hook '/home/kth/robot_dev/bt_tutorials/install/py_trees_ros_viewer/share/py_trees_ros_viewer/hook/pythonpath.ps1'
[1.641s] INFO:colcon.colcon_core.shell:Creating environment descriptor '/home/kth/robot_dev/bt_tutorials/install/py_trees_ros_viewer/share/py_trees_ros_viewer/hook/pythonpath.dsv'
[1.642s] INFO:colcon.colcon_core.shell:Creating environment hook '/home/kth/robot_dev/bt_tutorials/install/py_trees_ros_viewer/share/py_trees_ros_viewer/hook/pythonpath.sh'
[1.642s] Level 1:colcon.colcon_core.environment:checking '/home/kth/robot_dev/bt_tutorials/install/py_trees_ros_viewer/bin'
[1.642s] Level 1:colcon.colcon_core.shell:create_environment_hook('py_trees_ros_viewer', 'pythonscriptspath')
[1.642s] INFO:colcon.colcon_core.shell:Creating environment hook '/home/kth/robot_dev/bt_tutorials/install/py_trees_ros_viewer/share/py_trees_ros_viewer/hook/pythonscriptspath.ps1'
[1.642s] INFO:colcon.colcon_core.shell:Creating environment descriptor '/home/kth/robot_dev/bt_tutorials/install/py_trees_ros_viewer/share/py_trees_ros_viewer/hook/pythonscriptspath.dsv'
[1.643s] INFO:colcon.colcon_core.shell:Creating environment hook '/home/kth/robot_dev/bt_tutorials/install/py_trees_ros_viewer/share/py_trees_ros_viewer/hook/pythonscriptspath.sh'
[1.643s] Level 1:colcon.colcon_core.environment:create_environment_scripts_only(py_trees_ros_viewer)
[1.643s] INFO:colcon.colcon_core.shell:Creating package script '/home/kth/robot_dev/bt_tutorials/install/py_trees_ros_viewer/share/py_trees_ros_viewer/package.ps1'
[1.644s] INFO:colcon.colcon_core.shell:Creating package descriptor '/home/kth/robot_dev/bt_tutorials/install/py_trees_ros_viewer/share/py_trees_ros_viewer/package.dsv'
[1.644s] INFO:colcon.colcon_core.shell:Creating package script '/home/kth/robot_dev/bt_tutorials/install/py_trees_ros_viewer/share/py_trees_ros_viewer/package.sh'
[1.644s] INFO:colcon.colcon_core.shell:Creating package script '/home/kth/robot_dev/bt_tutorials/install/py_trees_ros_viewer/share/py_trees_ros_viewer/package.bash'
[1.645s] INFO:colcon.colcon_core.shell:Creating package script '/home/kth/robot_dev/bt_tutorials/install/py_trees_ros_viewer/share/py_trees_ros_viewer/package.zsh'
[1.645s] Level 1:colcon.colcon_core.environment:create_file_with_runtime_dependencies(/home/kth/robot_dev/bt_tutorials/install/py_trees_ros_viewer/share/colcon-core/packages/py_trees_ros_viewer)
[1.645s] DEBUG:colcon.colcon_parallel_executor.executor.parallel:closing loop
[1.645s] DEBUG:colcon.colcon_parallel_executor.executor.parallel:loop closed
[1.645s] DEBUG:colcon.colcon_parallel_executor.executor.parallel:run_until_complete finished with '0'
[1.645s] DEBUG:colcon.colcon_core.event_reactor:joining thread
[1.649s] INFO:colcon.colcon_core.plugin_system:Skipping extension 'colcon_notification.desktop_notification.terminal_notifier': Not used on non-Darwin systems
[1.649s] INFO:colcon.colcon_core.plugin_system:Skipping extension 'colcon_notification.desktop_notification.win32': Not used on non-Windows systems
[1.649s] INFO:colcon.colcon_notification.desktop_notification:Sending desktop notification using 'notify2'
[1.666s] DEBUG:colcon.colcon_core.event_reactor:joined thread
[1.666s] INFO:colcon.colcon_core.shell:Creating prefix script '/home/kth/robot_dev/bt_tutorials/install/local_setup.ps1'
[1.667s] INFO:colcon.colcon_core.shell:Creating prefix util module '/home/kth/robot_dev/bt_tutorials/install/_local_setup_util_ps1.py'
[1.668s] INFO:colcon.colcon_core.shell:Creating prefix chain script '/home/kth/robot_dev/bt_tutorials/install/setup.ps1'
[1.668s] INFO:colcon.colcon_core.shell:Creating prefix script '/home/kth/robot_dev/bt_tutorials/install/local_setup.sh'
[1.669s] INFO:colcon.colcon_core.shell:Creating prefix util module '/home/kth/robot_dev/bt_tutorials/install/_local_setup_util_sh.py'
[1.669s] INFO:colcon.colcon_core.shell:Creating prefix chain script '/home/kth/robot_dev/bt_tutorials/install/setup.sh'
[1.670s] INFO:colcon.colcon_core.shell:Creating prefix script '/home/kth/robot_dev/bt_tutorials/install/local_setup.bash'
[1.671s] INFO:colcon.colcon_core.shell:Creating prefix chain script '/home/kth/robot_dev/bt_tutorials/install/setup.bash'
[1.671s] INFO:colcon.colcon_core.shell:Creating prefix script '/home/kth/robot_dev/bt_tutorials/install/local_setup.zsh'
[1.672s] INFO:colcon.colcon_core.shell:Creating prefix chain script '/home/kth/robot_dev/bt_tutorials/install/setup.zsh'
