[0.217s] Invoking command in '/home/kth/robot_dev/vicpinky_2/build/vicpinky_navigation': CMAKE_PREFIX_PATH=${CMAKE_PREFIX_PATH}:/home/kth/robot_dev/vicpinky_2/install/vicpinky_bringup:/opt/ros/jazzy DEBUGINFOD_URLS=https://debuginfod.ubuntu.com /usr/bin/cmake --build /home/kth/robot_dev/vicpinky_2/build/vicpinky_navigation -- -j12 -l12
[0.274s] [ 50%] [32mBuilding CXX object CMakeFiles/graph_planner.dir/src/graph_planner.cpp.o[0m
[2.630s] [01m[K/home/kth/robot_dev/vicpinky_2/src/vic_pinky/vicpinky_navigation/src/graph_planner.cpp:544:16:[m[K [01;31m[Kerror: [m[K‘[01m[Kvectorstd[m[K’ in namespace ‘[01m[Kstd[m[K’ does not name a type; did you mean ‘[01m[Kvector[m[K’?
[2.630s]   544 |     const std::[01;31m[Kvectorstd[m[K::string & path_nodes)
[2.630s]       |                [01;31m[K^~~~~~~~~[m[K
[2.630s]       |                [32m[Kvector[m[K
[2.630s] [01m[K/home/kth/robot_dev/vicpinky_2/src/vic_pinky/vicpinky_navigation/src/graph_planner.cpp:544:34:[m[K [01;31m[Kerror: [m[Kexpected unqualified-id before ‘[01m[K&[m[K’ token
[2.630s]   544 |     const std::vectorstd::string [01;31m[K&[m[K path_nodes)
[2.630s]       |                                  [01;31m[K^[m[K
[2.630s] [01m[K/home/kth/robot_dev/vicpinky_2/src/vic_pinky/vicpinky_navigation/src/graph_planner.cpp:544:33:[m[K [01;31m[Kerror: [m[Kexpected ‘[01m[K)[m[K’ before ‘[01m[K&[m[K’ token
[2.630s]   544 |     const std::vectorstd::string[01;31m[K [m[K[32m[K&[m[K path_nodes)
[2.630s]       |                                 [01;31m[K^[m[K[32m[K~[m[K
[2.630s]       |                                 [32m[K)[m[K
[2.630s] [01m[K/home/kth/robot_dev/vicpinky_2/src/vic_pinky/vicpinky_navigation/src/graph_planner.cpp:542:84:[m[K [01;36m[Knote: [m[Kto match this ‘[01m[K([m[K’
[2.630s]   542 |  std::set<std::pair<std::string, std::string>> buildBlockedEdgesOnUpcomingSegments[01;36m[K([m[K
[2.630s]       |                                                                                   [01;36m[K^[m[K
[2.630s] 
[2.630s] [01m[K/home/kth/robot_dev/vicpinky_2/src/vic_pinky/vicpinky_navigation/src/graph_planner.cpp:544:34:[m[K [01;31m[Kerror: [m[Kexpected ‘[01m[K;[m[K’ at end of member declaration
[2.630s]   544 |     const std::vectorstd::string [01;31m[K&[m[K path_nodes)
[2.631s]       |                                  [01;31m[K^[m[K
[2.631s]       |                                   [32m[K;[m[K
[2.632s] [01m[K/home/kth/robot_dev/vicpinky_2/src/vic_pinky/vicpinky_navigation/src/graph_planner.cpp:544:36:[m[K [01;31m[Kerror: [m[K‘[01m[Kpath_nodes[m[K’ does not name a type
[2.632s]   544 |     const std::vectorstd::string & [01;31m[Kpath_nodes[m[K)
[2.632s]       |                                    [01;31m[K^~~~~~~~~~[m[K
[2.679s] [01m[K/home/kth/robot_dev/vicpinky_2/src/vic_pinky/vicpinky_navigation/src/graph_planner.cpp:[m[K In member function ‘[01m[Kvirtual nav_msgs::msg::Path graph_planner::GraphPlanner::[01;32m[KcreatePlan[m[K(const geometry_msgs::msg::PoseStamped&, const geometry_msgs::msg::PoseStamped&, std::function<bool()>)[m[K’:
[2.679s] [01m[K/home/kth/robot_dev/vicpinky_2/src/vic_pinky/vicpinky_navigation/src/graph_planner.cpp:123:67:[m[K [01;31m[Kerror: [m[K‘[01m[KgetObstacleBlockedEdges[m[K’ was not declared in this scope
[2.679s]   123 |     std::set<std::pair<std::string, std::string>> blocked_edges = [01;31m[KgetObstacleBlockedEdges[m[K();
[2.679s]       |                                                                   [01;31m[K^~~~~~~~~~~~~~~~~~~~~~~[m[K
[2.688s] [01m[K/home/kth/robot_dev/vicpinky_2/src/vic_pinky/vicpinky_navigation/src/graph_planner.cpp:[m[K In member function ‘[01m[Kvoid graph_planner::GraphPlanner::[01;32m[KupdateObstacles[m[K()[m[K’:
[2.688s] [01m[K/home/kth/robot_dev/vicpinky_2/src/vic_pinky/vicpinky_navigation/src/graph_planner.cpp:264:10:[m[K [01;31m[Kerror: [m[K‘[01m[Kstd::lock_guardstd[m[K’ has not been declared
[2.688s]   264 |     std::[01;31m[Klock_guardstd[m[K::mutex lock(obstacle_mutex_);
[2.688s]       |          [01;31m[K^~~~~~~~~~~~~[m[K
[4.761s] gmake[2]: *** [CMakeFiles/graph_planner.dir/build.make:76: CMakeFiles/graph_planner.dir/src/graph_planner.cpp.o] Error 1
[4.761s] gmake[1]: *** [CMakeFiles/Makefile2:137: CMakeFiles/graph_planner.dir/all] Error 2
[4.761s] gmake: *** [Makefile:146: all] Error 2
[4.763s] Invoked command in '/home/kth/robot_dev/vicpinky_2/build/vicpinky_navigation' returned '2': CMAKE_PREFIX_PATH=${CMAKE_PREFIX_PATH}:/home/kth/robot_dev/vicpinky_2/install/vicpinky_bringup:/opt/ros/jazzy DEBUGINFOD_URLS=https://debuginfod.ubuntu.com /usr/bin/cmake --build /home/kth/robot_dev/vicpinky_2/build/vicpinky_navigation -- -j12 -l12
