[0.000000] (-) TimerEvent: {}
[0.000369] (-) JobUnselected: {'identifier': 'control_interfaces'}
[0.000471] (robot_navigator) JobQueued: {'identifier': 'robot_navigator', 'dependencies': OrderedDict()}
[0.000535] (robot_navigator) JobStarted: {'identifier': 'robot_navigator'}
[0.005311] (robot_navigator) JobProgress: {'identifier': 'robot_navigator', 'progress': 'cmake'}
[0.010913] (robot_navigator) JobProgress: {'identifier': 'robot_navigator', 'progress': 'build'}
[0.011515] (robot_navigator) Command: {'cmd': ['/usr/bin/cmake', '--build', '/home/kth/robot_dev/robot_navigator/build/robot_navigator', '--', '-j12', '-l12'], 'cwd': '/home/kth/robot_dev/robot_navigator/build/robot_navigator', 'env': OrderedDict({'XDG_ACTIVATION_TOKEN': 'gnome-shell/Terminator/2733-11-kth-GP75-Leopard-10SEK_TIME14708978', 'GJS_DEBUG_TOPICS': 'JS ERROR;JS LOG', 'CONDA_PROMPT_MODIFIER': 'false', 'USER': 'kth', 'XDG_SESSION_TYPE': 'x11', 'SHLVL': '1', 'POWERLINE_COMMAND': 'oh-my-posh', 'CLUTTER_DISABLE_MIPMAPPED_TEXT': '1', 'HOME': '/home/kth', 'DESKTOP_SESSION': 'ubuntu', 'GIO_LAUNCHED_DESKTOP_FILE': '/usr/share/applications/terminator.desktop', 'GNOME_SHELL_SESSION_MODE': 'ubuntu', 'GTK_MODULES': 'gail:atk-bridge', 'MANAGERPID': '2257', 'GSM_SKIP_SSH_AGENT_WORKAROUND': 'true', 'DBUS_SESSION_BUS_ADDRESS': 'unix:path=/run/user/1000/bus', 'SYSTEMD_EXEC_PID': '2733', 'COLORTERM': 'truecolor', 'TERMINATOR_DBUS_NAME': 'net.tenshu.Terminator23558193cd9818af7fe4d2c2f5bd9d00f', 'GIO_LAUNCHED_DESKTOP_FILE_PID': '24415', 'DEBUGINFOD_URLS': 'https://debuginfod.ubuntu.com', 'LOGNAME': 'kth', 'POSH_SESSION_ID': '0aa8716e-c3b1-4fac-a563-7e1ee40dfd76', 'JOURNAL_STREAM': '9:24881', 'MEMORY_PRESSURE_WATCH': '/sys/fs/cgroup/user.slice/user-1000.slice/user@1000.service/session.slice/org.gnome.Shell@x11.service/memory.pressure', 'XDG_SESSION_CLASS': 'user', 'TERM': 'xterm-256color', 'USERNAME': 'kth', 'GNOME_DESKTOP_SESSION_ID': 'this-is-deprecated', 'POSH_SHELL_VERSION': '3.7.0', 'WINDOWPATH': '2', 'PATH': '/home/kth/.local/bin:/usr/local/sbin:/usr/local/bin:/usr/sbin:/usr/bin:/sbin:/bin:/usr/games:/usr/local/games:/snap/bin:/snap/bin', 'INVOCATION_ID': '921896e3d3cf41f68858fc660c5041cd', 'SESSION_MANAGER': 'local/kth-GP75-Leopard-10SEK:@/tmp/.ICE-unix/2701,unix/kth-GP75-Leopard-10SEK:/tmp/.ICE-unix/2701', 'XDG_RUNTIME_DIR': '/run/user/1000', 'XDG_MENU_PREFIX': 'gnome-', 'DISPLAY': ':1', 'TERMINATOR_DBUS_PATH': '/net/tenshu/Terminator2', 'XDG_CURRENT_DESKTOP': 'ubuntu:GNOME', 'LANG': 'en_US.UTF-8', 'XMODIFIERS': '@im=ibus', 'XAUTHORITY': '/run/user/1000/gdm/Xauthority', 'XDG_SESSION_DESKTOP': 'ubuntu', 'SSH_AUTH_SOCK': '/run/user/1000/keyring/ssh', 'TERMINATOR_UUID': 'urn:uuid:335c3e2c-7d03-40fe-9d25-bbd6b94e9a07', 'SHELL': '/usr/bin/fish', 'QT_ACCESSIBILITY': '1', 'GDMSESSION': 'ubuntu', 'GPG_AGENT_INFO': '/run/user/1000/gnupg/S.gpg-agent:0:1', 'GJS_DEBUG_OUTPUT': 'stderr', 'POSH_THEME': '/home/kth/.poshthemes/sonicboom_light.omp.json', 'QT_IM_MODULE': 'ibus', 'PWD': '/home/kth/robot_dev/robot_navigator/build/robot_navigator', 'LC_ALL': 'en_US.UTF-8', 'XDG_CONFIG_DIRS': '/etc/xdg/xdg-ubuntu:/etc/xdg', 'XDG_DATA_DIRS': '/usr/share/ubuntu:/usr/share/gnome:/usr/local/share/:/usr/share/:/var/lib/snapd/desktop', 'QTWEBENGINE_DICTIONARIES_PATH': '/usr/share/hunspell-bdic/', 'COLCON': '1', 'VTE_VERSION': '7600', 'POSH_SHELL': 'fish', 'MEMORY_PRESSURE_WRITE': 'c29tZSAyMDAwMDAgMjAwMDAwMAA='}), 'shell': False}
[0.051720] (robot_navigator) StdoutLine: {'line': b'[ 40%] Built target obstacle_detector\n'}
[0.058458] (robot_navigator) StdoutLine: {'line': b'[ 60%] \x1b[32mBuilding CXX object CMakeFiles/robot_navigator.dir/src/robot_navigator.cpp.o\x1b[0m\n'}
[0.058847] (robot_navigator) StdoutLine: {'line': b'[ 80%] \x1b[32mBuilding CXX object CMakeFiles/robot_navigator.dir/src/main.cpp.o\x1b[0m\n'}
[0.099793] (-) TimerEvent: {}
[0.200025] (-) TimerEvent: {}
[0.300273] (-) TimerEvent: {}
[0.400516] (-) TimerEvent: {}
[0.500758] (-) TimerEvent: {}
[0.600973] (-) TimerEvent: {}
[0.701224] (-) TimerEvent: {}
[0.801471] (-) TimerEvent: {}
[0.901710] (-) TimerEvent: {}
[1.001956] (-) TimerEvent: {}
[1.102187] (-) TimerEvent: {}
[1.202435] (-) TimerEvent: {}
[1.302649] (-) TimerEvent: {}
[1.402891] (-) TimerEvent: {}
[1.503137] (-) TimerEvent: {}
[1.603362] (-) TimerEvent: {}
[1.703596] (-) TimerEvent: {}
[1.803845] (-) TimerEvent: {}
[1.904089] (-) TimerEvent: {}
[2.004340] (-) TimerEvent: {}
[2.104568] (-) TimerEvent: {}
[2.204809] (-) TimerEvent: {}
[2.231841] (robot_navigator) StderrLine: {'line': b'In file included from \x1b[01m\x1b[K/home/kth/robot_dev/robot_navigator/src/robot_navigator/src/robot_navigator.cpp:1\x1b[m\x1b[K:\n'}
[2.232002] (robot_navigator) StderrLine: {'line': b'\x1b[01m\x1b[K/home/kth/robot_dev/robot_navigator/src/robot_navigator/include/robot_navigator/robot_navigator.hpp:72:5:\x1b[m\x1b[K \x1b[01;31m\x1b[Kerror: \x1b[m\x1b[K\xe2\x80\x98\x1b[01m\x1b[Knav_msgs\x1b[m\x1b[K\xe2\x80\x99 does not name a type\n'}
[2.232071] (robot_navigator) StderrLine: {'line': b'   72 |     \x1b[01;31m\x1b[Knav_msgs\x1b[m\x1b[K::msg::Path current_global_path_;\n'}
[2.232124] (robot_navigator) StderrLine: {'line': b'      |     \x1b[01;31m\x1b[K^~~~~~~~\x1b[m\x1b[K\n'}
[2.239035] (robot_navigator) StderrLine: {'line': b'In file included from \x1b[01m\x1b[K/home/kth/robot_dev/robot_navigator/src/robot_navigator/src/main.cpp:1\x1b[m\x1b[K:\n'}
[2.239180] (robot_navigator) StderrLine: {'line': b'\x1b[01m\x1b[K/home/kth/robot_dev/robot_navigator/src/robot_navigator/include/robot_navigator/robot_navigator.hpp:72:5:\x1b[m\x1b[K \x1b[01;31m\x1b[Kerror: \x1b[m\x1b[K\xe2\x80\x98\x1b[01m\x1b[Knav_msgs\x1b[m\x1b[K\xe2\x80\x99 does not name a type\n'}
[2.239239] (robot_navigator) StderrLine: {'line': b'   72 |     \x1b[01;31m\x1b[Knav_msgs\x1b[m\x1b[K::msg::Path current_global_path_;\n'}
[2.239290] (robot_navigator) StderrLine: {'line': b'      |     \x1b[01;31m\x1b[K^~~~~~~~\x1b[m\x1b[K\n'}
[2.304898] (-) TimerEvent: {}
[2.317924] (robot_navigator) StderrLine: {'line': b'\x1b[01m\x1b[K/home/kth/robot_dev/robot_navigator/src/robot_navigator/include/robot_navigator/robot_navigator.hpp:82:26:\x1b[m\x1b[K \x1b[01;31m\x1b[Kerror: \x1b[m\x1b[K\xe2\x80\x98\x1b[01m\x1b[Knav_msgs\x1b[m\x1b[K\xe2\x80\x99 was not declared in this scope; did you mean \xe2\x80\x98\x1b[01m\x1b[Knav2_msgs\x1b[m\x1b[K\xe2\x80\x99?\n'}
[2.318133] (robot_navigator) StderrLine: {'line': b'   82 |     rclcpp::Subscription<\x1b[01;31m\x1b[Knav_msgs\x1b[m\x1b[K::msg::Path>::SharedPtr global_path_sub_;\n'}
[2.318189] (robot_navigator) StderrLine: {'line': b'      |                          \x1b[01;31m\x1b[K^~~~~~~~\x1b[m\x1b[K\n'}
[2.318239] (robot_navigator) StderrLine: {'line': b'      |                          \x1b[32m\x1b[Knav2_msgs\x1b[m\x1b[K\n'}
[2.318287] (robot_navigator) StderrLine: {'line': b'\x1b[01m\x1b[K/home/kth/robot_dev/robot_navigator/src/robot_navigator/include/robot_navigator/robot_navigator.hpp:82:45:\x1b[m\x1b[K \x1b[01;31m\x1b[Kerror: \x1b[m\x1b[Ktemplate argument 1 is invalid\n'}
[2.318337] (robot_navigator) StderrLine: {'line': b'   82 |     rclcpp::Subscription<nav_msgs::msg::Path\x1b[01;31m\x1b[K>\x1b[m\x1b[K::SharedPtr global_path_sub_;\n'}
[2.318415] (robot_navigator) StderrLine: {'line': b'      |                                             \x1b[01;31m\x1b[K^\x1b[m\x1b[K\n'}
[2.318489] (robot_navigator) StderrLine: {'line': b'\x1b[01m\x1b[K/home/kth/robot_dev/robot_navigator/src/robot_navigator/include/robot_navigator/robot_navigator.hpp:82:45:\x1b[m\x1b[K \x1b[01;31m\x1b[Kerror: \x1b[m\x1b[Ktemplate argument 3 is invalid\n'}
[2.318537] (robot_navigator) StderrLine: {'line': b'\x1b[01m\x1b[K/home/kth/robot_dev/robot_navigator/src/robot_navigator/include/robot_navigator/robot_navigator.hpp:82:45:\x1b[m\x1b[K \x1b[01;31m\x1b[Kerror: \x1b[m\x1b[Ktemplate argument 4 is invalid\n'}
[2.318584] (robot_navigator) StderrLine: {'line': b'\x1b[01m\x1b[K/home/kth/robot_dev/robot_navigator/src/robot_navigator/include/robot_navigator/robot_navigator.hpp:82:45:\x1b[m\x1b[K \x1b[01;31m\x1b[Kerror: \x1b[m\x1b[Ktemplate argument 5 is invalid\n'}
[2.323988] (robot_navigator) StderrLine: {'line': b'\x1b[01m\x1b[K/home/kth/robot_dev/robot_navigator/src/robot_navigator/include/robot_navigator/robot_navigator.hpp:82:26:\x1b[m\x1b[K \x1b[01;31m\x1b[Kerror: \x1b[m\x1b[K\xe2\x80\x98\x1b[01m\x1b[Knav_msgs\x1b[m\x1b[K\xe2\x80\x99 was not declared in this scope; did you mean \xe2\x80\x98\x1b[01m\x1b[Knav2_msgs\x1b[m\x1b[K\xe2\x80\x99?\n'}
[2.324083] (robot_navigator) StderrLine: {'line': b'   82 |     rclcpp::Subscription<\x1b[01;31m\x1b[Knav_msgs\x1b[m\x1b[K::msg::Path>::SharedPtr global_path_sub_;\n'}
[2.324138] (robot_navigator) StderrLine: {'line': b'      |                          \x1b[01;31m\x1b[K^~~~~~~~\x1b[m\x1b[K\n'}
[2.324188] (robot_navigator) StderrLine: {'line': b'      |                          \x1b[32m\x1b[Knav2_msgs\x1b[m\x1b[K\n'}
[2.324237] (robot_navigator) StderrLine: {'line': b'\x1b[01m\x1b[K/home/kth/robot_dev/robot_navigator/src/robot_navigator/include/robot_navigator/robot_navigator.hpp:82:45:\x1b[m\x1b[K \x1b[01;31m\x1b[Kerror: \x1b[m\x1b[Ktemplate argument 1 is invalid\n'}
[2.324286] (robot_navigator) StderrLine: {'line': b'   82 |     rclcpp::Subscription<nav_msgs::msg::Path\x1b[01;31m\x1b[K>\x1b[m\x1b[K::SharedPtr global_path_sub_;\n'}
[2.324334] (robot_navigator) StderrLine: {'line': b'      |                                             \x1b[01;31m\x1b[K^\x1b[m\x1b[K\n'}
[2.324389] (robot_navigator) StderrLine: {'line': b'\x1b[01m\x1b[K/home/kth/robot_dev/robot_navigator/src/robot_navigator/include/robot_navigator/robot_navigator.hpp:82:45:\x1b[m\x1b[K \x1b[01;31m\x1b[Kerror: \x1b[m\x1b[Ktemplate argument 3 is invalid\n'}
[2.324444] (robot_navigator) StderrLine: {'line': b'\x1b[01m\x1b[K/home/kth/robot_dev/robot_navigator/src/robot_navigator/include/robot_navigator/robot_navigator.hpp:82:45:\x1b[m\x1b[K \x1b[01;31m\x1b[Kerror: \x1b[m\x1b[Ktemplate argument 4 is invalid\n'}
[2.324492] (robot_navigator) StderrLine: {'line': b'\x1b[01m\x1b[K/home/kth/robot_dev/robot_navigator/src/robot_navigator/include/robot_navigator/robot_navigator.hpp:82:45:\x1b[m\x1b[K \x1b[01;31m\x1b[Kerror: \x1b[m\x1b[Ktemplate argument 5 is invalid\n'}
[2.325734] (robot_navigator) StderrLine: {'line': b'\x1b[01m\x1b[K/home/kth/robot_dev/robot_navigator/src/robot_navigator/include/robot_navigator/robot_navigator.hpp:82:48:\x1b[m\x1b[K \x1b[01;31m\x1b[Kerror: \x1b[m\x1b[Kexpected \xe2\x80\x98\x1b[01m\x1b[K;\x1b[m\x1b[K\xe2\x80\x99 at end of member declaration\n'}
[2.325890] (robot_navigator) StderrLine: {'line': b'   82 |     rclcpp::Subscription<nav_msgs::msg::Path>::\x1b[01;31m\x1b[KSharedPtr\x1b[m\x1b[K global_path_sub_;\n'}
[2.325982] (robot_navigator) StderrLine: {'line': b'      |                                                \x1b[01;31m\x1b[K^~~~~~~~~\x1b[m\x1b[K\n'}
[2.326147] (robot_navigator) StderrLine: {'line': b'      |                                                         \x1b[32m\x1b[K;\x1b[m\x1b[K\n'}
[2.326213] (robot_navigator) StderrLine: {'line': b'\x1b[01m\x1b[K/home/kth/robot_dev/robot_navigator/src/robot_navigator/include/robot_navigator/robot_navigator.hpp:82:48:\x1b[m\x1b[K \x1b[01;31m\x1b[Kerror: \x1b[m\x1b[Kexpected \xe2\x80\x98\x1b[01m\x1b[K;\x1b[m\x1b[K\xe2\x80\x99 at end of member declaration\n'}
[2.326276] (robot_navigator) StderrLine: {'line': b'   82 |     rclcpp::Subscription<nav_msgs::msg::Path>::\x1b[01;31m\x1b[KSharedPtr\x1b[m\x1b[K global_path_sub_;\n'}
[2.326328] (robot_navigator) StderrLine: {'line': b'      |                                                \x1b[01;31m\x1b[K^~~~~~~~~\x1b[m\x1b[K\n'}
[2.326382] (robot_navigator) StderrLine: {'line': b'      |                                                         \x1b[32m\x1b[K;\x1b[m\x1b[K\n'}
[2.328504] (robot_navigator) StderrLine: {'line': b'\x1b[01m\x1b[K/home/kth/robot_dev/robot_navigator/src/robot_navigator/include/robot_navigator/robot_navigator.hpp:82:58:\x1b[m\x1b[K \x1b[01;31m\x1b[Kerror: \x1b[m\x1b[K\xe2\x80\x98\x1b[01m\x1b[Kglobal_path_sub_\x1b[m\x1b[K\xe2\x80\x99 does not name a type\n'}
[2.328606] (robot_navigator) StderrLine: {'line': b'   82 |     rclcpp::Subscription<nav_msgs::msg::Path>::SharedPtr \x1b[01;31m\x1b[Kglobal_path_sub_\x1b[m\x1b[K;\n'}
[2.328671] (robot_navigator) StderrLine: {'line': b'      |                                                          \x1b[01;31m\x1b[K^~~~~~~~~~~~~~~~\x1b[m\x1b[K\n'}
[2.328959] (robot_navigator) StderrLine: {'line': b'\x1b[01m\x1b[K/home/kth/robot_dev/robot_navigator/src/robot_navigator/include/robot_navigator/robot_navigator.hpp:82:58:\x1b[m\x1b[K \x1b[01;31m\x1b[Kerror: \x1b[m\x1b[K\xe2\x80\x98\x1b[01m\x1b[Kglobal_path_sub_\x1b[m\x1b[K\xe2\x80\x99 does not name a type\n'}
[2.329035] (robot_navigator) StderrLine: {'line': b'   82 |     rclcpp::Subscription<nav_msgs::msg::Path>::SharedPtr \x1b[01;31m\x1b[Kglobal_path_sub_\x1b[m\x1b[K;\n'}
[2.329090] (robot_navigator) StderrLine: {'line': b'      |                                                          \x1b[01;31m\x1b[K^~~~~~~~~~~~~~~~\x1b[m\x1b[K\n'}
[2.405014] (-) TimerEvent: {}
[2.412161] (robot_navigator) StderrLine: {'line': b'\x1b[01m\x1b[K/home/kth/robot_dev/robot_navigator/src/robot_navigator/src/robot_navigator.cpp:\x1b[m\x1b[K In member function \xe2\x80\x98\x1b[01m\x1b[Kvoid RobotNavigator::\x1b[01;32m\x1b[KinitializeRobotSubscribers\x1b[m\x1b[K()\x1b[m\x1b[K\xe2\x80\x99:\n'}
[2.412312] (robot_navigator) StderrLine: {'line': b'\x1b[01m\x1b[K/home/kth/robot_dev/robot_navigator/src/robot_navigator/src/robot_navigator.cpp:103:5:\x1b[m\x1b[K \x1b[01;31m\x1b[Kerror: \x1b[m\x1b[K\xe2\x80\x98\x1b[01m\x1b[Kglobal_path_sub_\x1b[m\x1b[K\xe2\x80\x99 was not declared in this scope\n'}
[2.412376] (robot_navigator) StderrLine: {'line': b'  103 |     \x1b[01;31m\x1b[Kglobal_path_sub_\x1b[m\x1b[K = this->create_subscription<nav_msgs::msg::Path>(\n'}
[2.412476] (robot_navigator) StderrLine: {'line': b'      |     \x1b[01;31m\x1b[K^~~~~~~~~~~~~~~~\x1b[m\x1b[K\n'}
[2.418234] (robot_navigator) StderrLine: {'line': b'\x1b[01m\x1b[K/home/kth/robot_dev/robot_navigator/src/robot_navigator/src/robot_navigator.cpp:103:50:\x1b[m\x1b[K \x1b[01;31m\x1b[Kerror: \x1b[m\x1b[K\xe2\x80\x98\x1b[01m\x1b[Knav_msgs\x1b[m\x1b[K\xe2\x80\x99 was not declared in this scope; did you mean \xe2\x80\x98\x1b[01m\x1b[Knav2_msgs\x1b[m\x1b[K\xe2\x80\x99?\n'}
[2.418390] (robot_navigator) StderrLine: {'line': b'  103 |     global_path_sub_ = this->create_subscription<\x1b[01;31m\x1b[Knav_msgs\x1b[m\x1b[K::msg::Path>(\n'}
[2.418471] (robot_navigator) StderrLine: {'line': b'      |                                                  \x1b[01;31m\x1b[K^~~~~~~~\x1b[m\x1b[K\n'}
[2.418522] (robot_navigator) StderrLine: {'line': b'      |                                                  \x1b[32m\x1b[Knav2_msgs\x1b[m\x1b[K\n'}
[2.418570] (robot_navigator) StderrLine: {'line': b'\x1b[01m\x1b[K/home/kth/robot_dev/robot_navigator/src/robot_navigator/src/robot_navigator.cpp:103:30:\x1b[m\x1b[K \x1b[01;31m\x1b[Kerror: \x1b[m\x1b[Kparse error in template argument list\n'}
[2.418618] (robot_navigator) StderrLine: {'line': b'  103 |     global_path_sub_ = this->\x1b[01;31m\x1b[Kcreate_subscription<nav_msgs::msg::Path>\x1b[m\x1b[K(\n'}
[2.418665] (robot_navigator) StderrLine: {'line': b'      |                              \x1b[01;31m\x1b[K^~~~~~~~~~~~~~~~~~~~~~~~~~~~~~~~~~~~~~~~\x1b[m\x1b[K\n'}
[2.418711] (robot_navigator) StderrLine: {'line': b'\x1b[01m\x1b[K/home/kth/robot_dev/robot_navigator/src/robot_navigator/src/robot_navigator.cpp:105:36:\x1b[m\x1b[K \x1b[01;31m\x1b[Kerror: \x1b[m\x1b[K\xe2\x80\x98\x1b[01m\x1b[KglobalPathCallback\x1b[m\x1b[K\xe2\x80\x99 is not a member of \xe2\x80\x98\x1b[01m\x1b[KRobotNavigator\x1b[m\x1b[K\xe2\x80\x99\n'}
[2.418759] (robot_navigator) StderrLine: {'line': b'  105 |         std::bind(&RobotNavigator::\x1b[01;31m\x1b[KglobalPathCallback\x1b[m\x1b[K, this, _1));\n'}
[2.418805] (robot_navigator) StderrLine: {'line': b'      |                                    \x1b[01;31m\x1b[K^~~~~~~~~~~~~~~~~~\x1b[m\x1b[K\n'}
[2.502009] (robot_navigator) StderrLine: {'line': b'\x1b[01m\x1b[K/home/kth/robot_dev/robot_navigator/src/robot_navigator/src/robot_navigator.cpp:\x1b[m\x1b[K At global scope:\n'}
[2.502229] (robot_navigator) StderrLine: {'line': b'\x1b[01m\x1b[K/home/kth/robot_dev/robot_navigator/src/robot_navigator/src/robot_navigator.cpp:858:31:\x1b[m\x1b[K \x1b[01;31m\x1b[Kerror: \x1b[m\x1b[K\xe2\x80\x98\x1b[01m\x1b[Knav_msgs\x1b[m\x1b[K\xe2\x80\x99 does not name a type\n'}
[2.502304] (robot_navigator) StderrLine: {'line': b'  858 | void globalPathCallback(const \x1b[01;31m\x1b[Knav_msgs\x1b[m\x1b[K::msg::Path::SharedPtr msg)\n'}
[2.502357] (robot_navigator) StderrLine: {'line': b'      |                               \x1b[01;31m\x1b[K^~~~~~~~\x1b[m\x1b[K\n'}
[2.502438] (robot_navigator) StderrLine: {'line': b'\x1b[01m\x1b[K/home/kth/robot_dev/robot_navigator/src/robot_navigator/src/robot_navigator.cpp:858:44:\x1b[m\x1b[K \x1b[01;31m\x1b[Kerror: \x1b[m\x1b[Kexpected unqualified-id before \xe2\x80\x98\x1b[01m\x1b[K::\x1b[m\x1b[K\xe2\x80\x99 token\n'}
[2.502505] (robot_navigator) StderrLine: {'line': b'  858 | void globalPathCallback(const nav_msgs::msg\x1b[01;31m\x1b[K::\x1b[m\x1b[KPath::SharedPtr msg)\n'}
[2.502554] (robot_navigator) StderrLine: {'line': b'      |                                            \x1b[01;31m\x1b[K^~\x1b[m\x1b[K\n'}
[2.502603] (robot_navigator) StderrLine: {'line': b'\x1b[01m\x1b[K/home/kth/robot_dev/robot_navigator/src/robot_navigator/src/robot_navigator.cpp:858:44:\x1b[m\x1b[K \x1b[01;31m\x1b[Kerror: \x1b[m\x1b[Kexpected \xe2\x80\x98\x1b[01m\x1b[K)\x1b[m\x1b[K\xe2\x80\x99 before \xe2\x80\x98\x1b[01m\x1b[K::\x1b[m\x1b[K\xe2\x80\x99 token\n'}
[2.502656] (robot_navigator) StderrLine: {'line': b'  858 | void globalPathCallback\x1b[34m\x1b[K(\x1b[m\x1b[Kconst nav_msgs::msg\x1b[01;31m\x1b[K:\x1b[m\x1b[K\x1b[32m\x1b[K:\x1b[m\x1b[KPath::SharedPtr msg)\n'}
[2.502705] (robot_navigator) StderrLine: {'line': b'      |                        \x1b[34m\x1b[K~\x1b[m\x1b[K                   \x1b[01;31m\x1b[K^\x1b[m\x1b[K\x1b[32m\x1b[K~\x1b[m\x1b[K\n'}
[2.502756] (robot_navigator) StderrLine: {'line': b'      |                                            \x1b[32m\x1b[K)\x1b[m\x1b[K\n'}
[2.502803] (robot_navigator) StderrLine: {'line': b'\x1b[01m\x1b[K/home/kth/robot_dev/robot_navigator/src/robot_navigator/src/robot_navigator.cpp:858:44:\x1b[m\x1b[K \x1b[01;31m\x1b[Kerror: \x1b[m\x1b[Kexpected initializer before \xe2\x80\x98\x1b[01m\x1b[K::\x1b[m\x1b[K\xe2\x80\x99 token\n'}
[2.502852] (robot_navigator) StderrLine: {'line': b'  858 | void globalPathCallback(const nav_msgs::msg\x1b[01;31m\x1b[K::\x1b[m\x1b[KPath::SharedPtr msg)\n'}
[2.502900] (robot_navigator) StderrLine: {'line': b'      |                                            \x1b[01;31m\x1b[K^~\x1b[m\x1b[K\n'}
[2.505102] (-) TimerEvent: {}
[2.509469] (robot_navigator) StderrLine: {'line': b'\x1b[01m\x1b[K/home/kth/robot_dev/robot_navigator/src/robot_navigator/src/robot_navigator.cpp:\x1b[m\x1b[K In function \xe2\x80\x98\x1b[01m\x1b[Kgeometry_msgs::msg::PoseStamped\x1b[01;32m\x1b[K getNextWaypointFromPath\x1b[m\x1b[K(const geometry_msgs::msg::Point&)\x1b[m\x1b[K\xe2\x80\x99:\n'}
[2.509671] (robot_navigator) StderrLine: {'line': b'\x1b[01m\x1b[K/home/kth/robot_dev/robot_navigator/src/robot_navigator/src/robot_navigator.cpp:867:9:\x1b[m\x1b[K \x1b[01;31m\x1b[Kerror: \x1b[m\x1b[K\xe2\x80\x98\x1b[01m\x1b[Kcurrent_global_path_\x1b[m\x1b[K\xe2\x80\x99 was not declared in this scope\n'}
[2.509729] (robot_navigator) StderrLine: {'line': b'  867 |     if (\x1b[01;31m\x1b[Kcurrent_global_path_\x1b[m\x1b[K.poses.empty()) {\n'}
[2.509780] (robot_navigator) StderrLine: {'line': b'      |         \x1b[01;31m\x1b[K^~~~~~~~~~~~~~~~~~~~\x1b[m\x1b[K\n'}
[2.516736] (robot_navigator) StderrLine: {'line': b'\x1b[01m\x1b[K/home/kth/robot_dev/robot_navigator/src/robot_navigator/src/robot_navigator.cpp:875:28:\x1b[m\x1b[K \x1b[01;31m\x1b[Kerror: \x1b[m\x1b[K\xe2\x80\x98\x1b[01m\x1b[Kcurrent_global_path_\x1b[m\x1b[K\xe2\x80\x99 was not declared in this scope\n'}
[2.516887] (robot_navigator) StderrLine: {'line': b'  875 |     for (size_t i = 0; i < \x1b[01;31m\x1b[Kcurrent_global_path_\x1b[m\x1b[K.poses.size(); ++i) {\n'}
[2.516944] (robot_navigator) StderrLine: {'line': b'      |                            \x1b[01;31m\x1b[K^~~~~~~~~~~~~~~~~~~~\x1b[m\x1b[K\n'}
[2.523505] (robot_navigator) StderrLine: {'line': b'\x1b[01m\x1b[K/home/kth/robot_dev/robot_navigator/src/robot_navigator/src/robot_navigator.cpp:887:49:\x1b[m\x1b[K \x1b[01;31m\x1b[Kerror: \x1b[m\x1b[K\xe2\x80\x98\x1b[01m\x1b[Kcurrent_global_path_\x1b[m\x1b[K\xe2\x80\x99 was not declared in this scope\n'}
[2.523636] (robot_navigator) StderrLine: {'line': b'  887 |     size_t next_idx = std::min(closest_idx + 1, \x1b[01;31m\x1b[Kcurrent_global_path_\x1b[m\x1b[K.poses.size() - 1);\n'}
[2.523692] (robot_navigator) StderrLine: {'line': b'      |                                                 \x1b[01;31m\x1b[K^~~~~~~~~~~~~~~~~~~~\x1b[m\x1b[K\n'}
[2.605221] (-) TimerEvent: {}
[2.705490] (-) TimerEvent: {}
[2.805729] (-) TimerEvent: {}
[2.905966] (-) TimerEvent: {}
[3.006212] (-) TimerEvent: {}
[3.106457] (-) TimerEvent: {}
[3.206716] (-) TimerEvent: {}
[3.285253] (robot_navigator) StderrLine: {'line': b'gmake[2]: *** [CMakeFiles/robot_navigator.dir/build.make:90: CMakeFiles/robot_navigator.dir/src/main.cpp.o] Error 1\n'}
[3.285457] (robot_navigator) StderrLine: {'line': b'gmake[2]: *** Waiting for unfinished jobs....\n'}
[3.306797] (-) TimerEvent: {}
[3.407037] (-) TimerEvent: {}
[3.507281] (-) TimerEvent: {}
[3.607521] (-) TimerEvent: {}
[3.707767] (-) TimerEvent: {}
[3.808014] (-) TimerEvent: {}
[3.908254] (-) TimerEvent: {}
[4.008508] (-) TimerEvent: {}
[4.108773] (-) TimerEvent: {}
[4.209059] (-) TimerEvent: {}
[4.309320] (-) TimerEvent: {}
[4.409618] (-) TimerEvent: {}
[4.509927] (-) TimerEvent: {}
[4.610170] (-) TimerEvent: {}
[4.710439] (-) TimerEvent: {}
[4.810697] (-) TimerEvent: {}
[4.910940] (-) TimerEvent: {}
[5.011186] (-) TimerEvent: {}
[5.111422] (-) TimerEvent: {}
[5.211765] (-) TimerEvent: {}
[5.312022] (-) TimerEvent: {}
[5.412268] (-) TimerEvent: {}
[5.512538] (-) TimerEvent: {}
[5.612787] (-) TimerEvent: {}
[5.713033] (-) TimerEvent: {}
[5.813279] (-) TimerEvent: {}
[5.913555] (-) TimerEvent: {}
[6.013810] (-) TimerEvent: {}
[6.114051] (-) TimerEvent: {}
[6.214294] (-) TimerEvent: {}
[6.314586] (-) TimerEvent: {}
[6.414831] (-) TimerEvent: {}
[6.515073] (-) TimerEvent: {}
[6.615316] (-) TimerEvent: {}
[6.715567] (-) TimerEvent: {}
[6.815809] (-) TimerEvent: {}
[6.916059] (-) TimerEvent: {}
[7.016349] (-) TimerEvent: {}
[7.116685] (-) TimerEvent: {}
[7.216921] (-) TimerEvent: {}
[7.317160] (-) TimerEvent: {}
[7.417431] (-) TimerEvent: {}
[7.441149] (robot_navigator) StderrLine: {'line': b'gmake[2]: *** [CMakeFiles/robot_navigator.dir/build.make:76: CMakeFiles/robot_navigator.dir/src/robot_navigator.cpp.o] Interrupt\n'}
[7.441605] (robot_navigator) StderrLine: {'line': b'gmake[1]: *** [CMakeFiles/Makefile2:139: CMakeFiles/robot_navigator.dir/all] Interrupt\n'}
[7.441947] (robot_navigator) StderrLine: {'line': b'gmake: *** [Makefile:146: all] Interrupt\n'}
[7.480926] (robot_navigator) CommandEnded: {'returncode': -2}
[7.489771] (robot_navigator) JobEnded: {'identifier': 'robot_navigator', 'rc': 'SIGINT'}
[7.500134] (-) EventReactorShutdown: {}
