[0.550s] Invoking command in '/home/kth/robot_dev/vicpinky_2/src/vic_pinky/vicpinky_bringup': DEBUGINFOD_URLS=https://debuginfod.ubuntu.com PYTHONPATH=/home/kth/robot_dev/vicpinky_2/build/vicpinky_bringup/prefix_override:/usr/lib/python3/dist-packages/colcon_core/task/python/colcon_distutils_commands:/home/kth/robot_dev/vicpinky_2/install/vicpinky_bringup/lib/python3.12/site-packages: /usr/bin/python3 -W ignore:setup.py install is deprecated -W ignore:easy_install command is deprecated setup.py egg_info --egg-base ../../../build/vicpinky_bringup build --build-base /home/kth/robot_dev/vicpinky_2/build/vicpinky_bringup/build install --record /home/kth/robot_dev/vicpinky_2/build/vicpinky_bringup/install.log --single-version-externally-managed install_data
[0.715s] running egg_info
[0.725s] writing ../../../build/vicpinky_bringup/vicpinky_bringup.egg-info/PKG-INFO
[0.726s] writing dependency_links to ../../../build/vicpinky_bringup/vicpinky_bringup.egg-info/dependency_links.txt
[0.726s] writing entry points to ../../../build/vicpinky_bringup/vicpinky_bringup.egg-info/entry_points.txt
[0.726s] writing requirements to ../../../build/vicpinky_bringup/vicpinky_bringup.egg-info/requires.txt
[0.726s] writing top-level names to ../../../build/vicpinky_bringup/vicpinky_bringup.egg-info/top_level.txt
[0.747s] reading manifest file '../../../build/vicpinky_bringup/vicpinky_bringup.egg-info/SOURCES.txt'
[0.748s] writing manifest file '../../../build/vicpinky_bringup/vicpinky_bringup.egg-info/SOURCES.txt'
[0.748s] running build
[0.748s] running build_py
[0.748s] running install
[0.753s] running install_lib
[0.764s] running install_data
[0.764s] running install_egg_info
[0.775s] removing '/home/kth/robot_dev/vicpinky_2/install/vicpinky_bringup/lib/python3.12/site-packages/vicpinky_bringup-0.0.0-py3.12.egg-info' (and everything under it)
[0.775s] Copying ../../../build/vicpinky_bringup/vicpinky_bringup.egg-info to /home/kth/robot_dev/vicpinky_2/install/vicpinky_bringup/lib/python3.12/site-packages/vicpinky_bringup-0.0.0-py3.12.egg-info
[0.776s] running install_scripts
[0.853s] Installing bringup script to /home/kth/robot_dev/vicpinky_2/install/vicpinky_bringup/lib/vicpinky_bringup
[0.853s] writing list of installed files to '/home/kth/robot_dev/vicpinky_2/build/vicpinky_bringup/install.log'
[0.873s] Invoked command in '/home/kth/robot_dev/vicpinky_2/src/vic_pinky/vicpinky_bringup' returned '0': DEBUGINFOD_URLS=https://debuginfod.ubuntu.com PYTHONPATH=/home/kth/robot_dev/vicpinky_2/build/vicpinky_bringup/prefix_override:/usr/lib/python3/dist-packages/colcon_core/task/python/colcon_distutils_commands:/home/kth/robot_dev/vicpinky_2/install/vicpinky_bringup/lib/python3.12/site-packages: /usr/bin/python3 -W ignore:setup.py install is deprecated -W ignore:easy_install command is deprecated setup.py egg_info --egg-base ../../../build/vicpinky_bringup build --build-base /home/kth/robot_dev/vicpinky_2/build/vicpinky_bringup/build install --record /home/kth/robot_dev/vicpinky_2/build/vicpinky_bringup/install.log --single-version-externally-managed install_data
