[0.711s] Invoking command in '/home/kth/robot_dev/my_tf_tutorials/src/my_tf': DEBUGINFOD_URLS=https://debuginfod.ubuntu.com PYTHONPATH=/home/kth/robot_dev/my_tf_tutorials/build/my_tf/prefix_override:/usr/lib/python3/dist-packages/colcon_core/task/python/colcon_distutils_commands:/home/kth/robot_dev/my_tf_tutorials/install/my_tf/lib/python3.12/site-packages:${PYTHONPATH} /usr/bin/python3 -W ignore:setup.py install is deprecated -W ignore:easy_install command is deprecated setup.py egg_info --egg-base ../../build/my_tf build --build-base /home/kth/robot_dev/my_tf_tutorials/build/my_tf/build install --record /home/kth/robot_dev/my_tf_tutorials/build/my_tf/install.log --single-version-externally-managed install_data
[0.951s] running egg_info
[0.970s] writing ../../build/my_tf/my_tf.egg-info/PKG-INFO
[0.970s] writing dependency_links to ../../build/my_tf/my_tf.egg-info/dependency_links.txt
[0.970s] writing entry points to ../../build/my_tf/my_tf.egg-info/entry_points.txt
[0.970s] writing requirements to ../../build/my_tf/my_tf.egg-info/requires.txt
[0.970s] writing top-level names to ../../build/my_tf/my_tf.egg-info/top_level.txt
[1.009s] reading manifest file '../../build/my_tf/my_tf.egg-info/SOURCES.txt'
[1.009s] writing manifest file '../../build/my_tf/my_tf.egg-info/SOURCES.txt'
[1.009s] running build
[1.009s] running build_py
[1.009s] copying my_tf/child_frame.py -> /home/kth/robot_dev/my_tf_tutorials/build/my_tf/build/lib/my_tf
[1.010s] running install
[1.016s] running install_lib
[1.035s] copying /home/kth/robot_dev/my_tf_tutorials/build/my_tf/build/lib/my_tf/child_frame.py -> /home/kth/robot_dev/my_tf_tutorials/install/my_tf/lib/python3.12/site-packages/my_tf
[1.035s] byte-compiling /home/kth/robot_dev/my_tf_tutorials/install/my_tf/lib/python3.12/site-packages/my_tf/child_frame.py to child_frame.cpython-312.pyc
[1.036s] running install_data
[1.036s] running install_egg_info
[1.055s] removing '/home/kth/robot_dev/my_tf_tutorials/install/my_tf/lib/python3.12/site-packages/my_tf-0.0.0-py3.12.egg-info' (and everything under it)
[1.056s] Copying ../../build/my_tf/my_tf.egg-info to /home/kth/robot_dev/my_tf_tutorials/install/my_tf/lib/python3.12/site-packages/my_tf-0.0.0-py3.12.egg-info
[1.056s] running install_scripts
[1.177s] Installing child_frame script to /home/kth/robot_dev/my_tf_tutorials/install/my_tf/lib/my_tf
[1.177s] Installing my_tf_1 script to /home/kth/robot_dev/my_tf_tutorials/install/my_tf/lib/my_tf
[1.177s] writing list of installed files to '/home/kth/robot_dev/my_tf_tutorials/build/my_tf/install.log'
[1.199s] Invoked command in '/home/kth/robot_dev/my_tf_tutorials/src/my_tf' returned '0': DEBUGINFOD_URLS=https://debuginfod.ubuntu.com PYTHONPATH=/home/kth/robot_dev/my_tf_tutorials/build/my_tf/prefix_override:/usr/lib/python3/dist-packages/colcon_core/task/python/colcon_distutils_commands:/home/kth/robot_dev/my_tf_tutorials/install/my_tf/lib/python3.12/site-packages:${PYTHONPATH} /usr/bin/python3 -W ignore:setup.py install is deprecated -W ignore:easy_install command is deprecated setup.py egg_info --egg-base ../../build/my_tf build --build-base /home/kth/robot_dev/my_tf_tutorials/build/my_tf/build install --record /home/kth/robot_dev/my_tf_tutorials/build/my_tf/install.log --single-version-externally-managed install_data
