[0.012s] Invoking command in '/home/kth/robot_dev/robot_navigator/build/robot_navigator': DEBUGINFOD_URLS=https://debuginfod.ubuntu.com /usr/bin/cmake --build /home/kth/robot_dev/robot_navigator/build/robot_navigator -- -j12 -l12
[0.051s] [ 40%] Built target obstacle_detector
[0.058s] [ 60%] [32mBuilding CXX object CMakeFiles/robot_navigator.dir/src/robot_navigator.cpp.o[0m
[0.058s] [ 80%] [32mBuilding CXX object CMakeFiles/robot_navigator.dir/src/main.cpp.o[0m
[2.231s] In file included from [01m[K/home/kth/robot_dev/robot_navigator/src/robot_navigator/src/robot_navigator.cpp:1[m[K:
[2.232s] [01m[K/home/kth/robot_dev/robot_navigator/src/robot_navigator/include/robot_navigator/robot_navigator.hpp:72:5:[m[K [01;31m[Kerror: [m[K‘[01m[Knav_msgs[m[K’ does not name a type
[2.232s]    72 |     [01;31m[Knav_msgs[m[K::msg::Path current_global_path_;
[2.232s]       |     [01;31m[K^~~~~~~~[m[K
[2.239s] In file included from [01m[K/home/kth/robot_dev/robot_navigator/src/robot_navigator/src/main.cpp:1[m[K:
[2.239s] [01m[K/home/kth/robot_dev/robot_navigator/src/robot_navigator/include/robot_navigator/robot_navigator.hpp:72:5:[m[K [01;31m[Kerror: [m[K‘[01m[Knav_msgs[m[K’ does not name a type
[2.239s]    72 |     [01;31m[Knav_msgs[m[K::msg::Path current_global_path_;
[2.239s]       |     [01;31m[K^~~~~~~~[m[K
[2.318s] [01m[K/home/kth/robot_dev/robot_navigator/src/robot_navigator/include/robot_navigator/robot_navigator.hpp:82:26:[m[K [01;31m[Kerror: [m[K‘[01m[Knav_msgs[m[K’ was not declared in this scope; did you mean ‘[01m[Knav2_msgs[m[K’?
[2.318s]    82 |     rclcpp::Subscription<[01;31m[Knav_msgs[m[K::msg::Path>::SharedPtr global_path_sub_;
[2.318s]       |                          [01;31m[K^~~~~~~~[m[K
[2.318s]       |                          [32m[Knav2_msgs[m[K
[2.318s] [01m[K/home/kth/robot_dev/robot_navigator/src/robot_navigator/include/robot_navigator/robot_navigator.hpp:82:45:[m[K [01;31m[Kerror: [m[Ktemplate argument 1 is invalid
[2.318s]    82 |     rclcpp::Subscription<nav_msgs::msg::Path[01;31m[K>[m[K::SharedPtr global_path_sub_;
[2.318s]       |                                             [01;31m[K^[m[K
[2.318s] [01m[K/home/kth/robot_dev/robot_navigator/src/robot_navigator/include/robot_navigator/robot_navigator.hpp:82:45:[m[K [01;31m[Kerror: [m[Ktemplate argument 3 is invalid
[2.318s] [01m[K/home/kth/robot_dev/robot_navigator/src/robot_navigator/include/robot_navigator/robot_navigator.hpp:82:45:[m[K [01;31m[Kerror: [m[Ktemplate argument 4 is invalid
[2.318s] [01m[K/home/kth/robot_dev/robot_navigator/src/robot_navigator/include/robot_navigator/robot_navigator.hpp:82:45:[m[K [01;31m[Kerror: [m[Ktemplate argument 5 is invalid
[2.324s] [01m[K/home/kth/robot_dev/robot_navigator/src/robot_navigator/include/robot_navigator/robot_navigator.hpp:82:26:[m[K [01;31m[Kerror: [m[K‘[01m[Knav_msgs[m[K’ was not declared in this scope; did you mean ‘[01m[Knav2_msgs[m[K’?
[2.324s]    82 |     rclcpp::Subscription<[01;31m[Knav_msgs[m[K::msg::Path>::SharedPtr global_path_sub_;
[2.324s]       |                          [01;31m[K^~~~~~~~[m[K
[2.324s]       |                          [32m[Knav2_msgs[m[K
[2.324s] [01m[K/home/kth/robot_dev/robot_navigator/src/robot_navigator/include/robot_navigator/robot_navigator.hpp:82:45:[m[K [01;31m[Kerror: [m[Ktemplate argument 1 is invalid
[2.324s]    82 |     rclcpp::Subscription<nav_msgs::msg::Path[01;31m[K>[m[K::SharedPtr global_path_sub_;
[2.324s]       |                                             [01;31m[K^[m[K
[2.324s] [01m[K/home/kth/robot_dev/robot_navigator/src/robot_navigator/include/robot_navigator/robot_navigator.hpp:82:45:[m[K [01;31m[Kerror: [m[Ktemplate argument 3 is invalid
[2.324s] [01m[K/home/kth/robot_dev/robot_navigator/src/robot_navigator/include/robot_navigator/robot_navigator.hpp:82:45:[m[K [01;31m[Kerror: [m[Ktemplate argument 4 is invalid
[2.324s] [01m[K/home/kth/robot_dev/robot_navigator/src/robot_navigator/include/robot_navigator/robot_navigator.hpp:82:45:[m[K [01;31m[Kerror: [m[Ktemplate argument 5 is invalid
[2.325s] [01m[K/home/kth/robot_dev/robot_navigator/src/robot_navigator/include/robot_navigator/robot_navigator.hpp:82:48:[m[K [01;31m[Kerror: [m[Kexpected ‘[01m[K;[m[K’ at end of member declaration
[2.325s]    82 |     rclcpp::Subscription<nav_msgs::msg::Path>::[01;31m[KSharedPtr[m[K global_path_sub_;
[2.326s]       |                                                [01;31m[K^~~~~~~~~[m[K
[2.326s]       |                                                         [32m[K;[m[K
[2.326s] [01m[K/home/kth/robot_dev/robot_navigator/src/robot_navigator/include/robot_navigator/robot_navigator.hpp:82:48:[m[K [01;31m[Kerror: [m[Kexpected ‘[01m[K;[m[K’ at end of member declaration
[2.326s]    82 |     rclcpp::Subscription<nav_msgs::msg::Path>::[01;31m[KSharedPtr[m[K global_path_sub_;
[2.326s]       |                                                [01;31m[K^~~~~~~~~[m[K
[2.326s]       |                                                         [32m[K;[m[K
[2.328s] [01m[K/home/kth/robot_dev/robot_navigator/src/robot_navigator/include/robot_navigator/robot_navigator.hpp:82:58:[m[K [01;31m[Kerror: [m[K‘[01m[Kglobal_path_sub_[m[K’ does not name a type
[2.328s]    82 |     rclcpp::Subscription<nav_msgs::msg::Path>::SharedPtr [01;31m[Kglobal_path_sub_[m[K;
[2.328s]       |                                                          [01;31m[K^~~~~~~~~~~~~~~~[m[K
[2.328s] [01m[K/home/kth/robot_dev/robot_navigator/src/robot_navigator/include/robot_navigator/robot_navigator.hpp:82:58:[m[K [01;31m[Kerror: [m[K‘[01m[Kglobal_path_sub_[m[K’ does not name a type
[2.329s]    82 |     rclcpp::Subscription<nav_msgs::msg::Path>::SharedPtr [01;31m[Kglobal_path_sub_[m[K;
[2.329s]       |                                                          [01;31m[K^~~~~~~~~~~~~~~~[m[K
[2.412s] [01m[K/home/kth/robot_dev/robot_navigator/src/robot_navigator/src/robot_navigator.cpp:[m[K In member function ‘[01m[Kvoid RobotNavigator::[01;32m[KinitializeRobotSubscribers[m[K()[m[K’:
[2.412s] [01m[K/home/kth/robot_dev/robot_navigator/src/robot_navigator/src/robot_navigator.cpp:103:5:[m[K [01;31m[Kerror: [m[K‘[01m[Kglobal_path_sub_[m[K’ was not declared in this scope
[2.412s]   103 |     [01;31m[Kglobal_path_sub_[m[K = this->create_subscription<nav_msgs::msg::Path>(
[2.412s]       |     [01;31m[K^~~~~~~~~~~~~~~~[m[K
[2.418s] [01m[K/home/kth/robot_dev/robot_navigator/src/robot_navigator/src/robot_navigator.cpp:103:50:[m[K [01;31m[Kerror: [m[K‘[01m[Knav_msgs[m[K’ was not declared in this scope; did you mean ‘[01m[Knav2_msgs[m[K’?
[2.418s]   103 |     global_path_sub_ = this->create_subscription<[01;31m[Knav_msgs[m[K::msg::Path>(
[2.418s]       |                                                  [01;31m[K^~~~~~~~[m[K
[2.418s]       |                                                  [32m[Knav2_msgs[m[K
[2.418s] [01m[K/home/kth/robot_dev/robot_navigator/src/robot_navigator/src/robot_navigator.cpp:103:30:[m[K [01;31m[Kerror: [m[Kparse error in template argument list
[2.418s]   103 |     global_path_sub_ = this->[01;31m[Kcreate_subscription<nav_msgs::msg::Path>[m[K(
[2.418s]       |                              [01;31m[K^~~~~~~~~~~~~~~~~~~~~~~~~~~~~~~~~~~~~~~~[m[K
[2.418s] [01m[K/home/kth/robot_dev/robot_navigator/src/robot_navigator/src/robot_navigator.cpp:105:36:[m[K [01;31m[Kerror: [m[K‘[01m[KglobalPathCallback[m[K’ is not a member of ‘[01m[KRobotNavigator[m[K’
[2.418s]   105 |         std::bind(&RobotNavigator::[01;31m[KglobalPathCallback[m[K, this, _1));
[2.418s]       |                                    [01;31m[K^~~~~~~~~~~~~~~~~~[m[K
[2.502s] [01m[K/home/kth/robot_dev/robot_navigator/src/robot_navigator/src/robot_navigator.cpp:[m[K At global scope:
[2.502s] [01m[K/home/kth/robot_dev/robot_navigator/src/robot_navigator/src/robot_navigator.cpp:858:31:[m[K [01;31m[Kerror: [m[K‘[01m[Knav_msgs[m[K’ does not name a type
[2.502s]   858 | void globalPathCallback(const [01;31m[Knav_msgs[m[K::msg::Path::SharedPtr msg)
[2.502s]       |                               [01;31m[K^~~~~~~~[m[K
[2.502s] [01m[K/home/kth/robot_dev/robot_navigator/src/robot_navigator/src/robot_navigator.cpp:858:44:[m[K [01;31m[Kerror: [m[Kexpected unqualified-id before ‘[01m[K::[m[K’ token
[2.502s]   858 | void globalPathCallback(const nav_msgs::msg[01;31m[K::[m[KPath::SharedPtr msg)
[2.502s]       |                                            [01;31m[K^~[m[K
[2.502s] [01m[K/home/kth/robot_dev/robot_navigator/src/robot_navigator/src/robot_navigator.cpp:858:44:[m[K [01;31m[Kerror: [m[Kexpected ‘[01m[K)[m[K’ before ‘[01m[K::[m[K’ token
[2.502s]   858 | void globalPathCallback[34m[K([m[Kconst nav_msgs::msg[01;31m[K:[m[K[32m[K:[m[KPath::SharedPtr msg)
[2.502s]       |                        [34m[K~[m[K                   [01;31m[K^[m[K[32m[K~[m[K
[2.502s]       |                                            [32m[K)[m[K
[2.502s] [01m[K/home/kth/robot_dev/robot_navigator/src/robot_navigator/src/robot_navigator.cpp:858:44:[m[K [01;31m[Kerror: [m[Kexpected initializer before ‘[01m[K::[m[K’ token
[2.502s]   858 | void globalPathCallback(const nav_msgs::msg[01;31m[K::[m[KPath::SharedPtr msg)
[2.502s]       |                                            [01;31m[K^~[m[K
[2.509s] [01m[K/home/kth/robot_dev/robot_navigator/src/robot_navigator/src/robot_navigator.cpp:[m[K In function ‘[01m[Kgeometry_msgs::msg::PoseStamped[01;32m[K getNextWaypointFromPath[m[K(const geometry_msgs::msg::Point&)[m[K’:
[2.509s] [01m[K/home/kth/robot_dev/robot_navigator/src/robot_navigator/src/robot_navigator.cpp:867:9:[m[K [01;31m[Kerror: [m[K‘[01m[Kcurrent_global_path_[m[K’ was not declared in this scope
[2.509s]   867 |     if ([01;31m[Kcurrent_global_path_[m[K.poses.empty()) {
[2.509s]       |         [01;31m[K^~~~~~~~~~~~~~~~~~~~[m[K
[2.516s] [01m[K/home/kth/robot_dev/robot_navigator/src/robot_navigator/src/robot_navigator.cpp:875:28:[m[K [01;31m[Kerror: [m[K‘[01m[Kcurrent_global_path_[m[K’ was not declared in this scope
[2.516s]   875 |     for (size_t i = 0; i < [01;31m[Kcurrent_global_path_[m[K.poses.size(); ++i) {
[2.516s]       |                            [01;31m[K^~~~~~~~~~~~~~~~~~~~[m[K
[2.523s] [01m[K/home/kth/robot_dev/robot_navigator/src/robot_navigator/src/robot_navigator.cpp:887:49:[m[K [01;31m[Kerror: [m[K‘[01m[Kcurrent_global_path_[m[K’ was not declared in this scope
[2.523s]   887 |     size_t next_idx = std::min(closest_idx + 1, [01;31m[Kcurrent_global_path_[m[K.poses.size() - 1);
[2.523s]       |                                                 [01;31m[K^~~~~~~~~~~~~~~~~~~~[m[K
[3.285s] gmake[2]: *** [CMakeFiles/robot_navigator.dir/build.make:90: CMakeFiles/robot_navigator.dir/src/main.cpp.o] Error 1
[3.285s] gmake[2]: *** Waiting for unfinished jobs....
[7.441s] gmake[2]: *** [CMakeFiles/robot_navigator.dir/build.make:76: CMakeFiles/robot_navigator.dir/src/robot_navigator.cpp.o] Interrupt
[7.441s] gmake[1]: *** [CMakeFiles/Makefile2:139: CMakeFiles/robot_navigator.dir/all] Interrupt
[7.441s] gmake: *** [Makefile:146: all] Interrupt
[7.481s] Invoked command in '/home/kth/robot_dev/robot_navigator/build/robot_navigator' returned '-2': DEBUGINFOD_URLS=https://debuginfod.ubuntu.com /usr/bin/cmake --build /home/kth/robot_dev/robot_navigator/build/robot_navigator -- -j12 -l12
