[0.016s] Invoking command in '/home/kth/robot_dev/pinky/build/pinky_description': CMAKE_PREFIX_PATH=${CMAKE_PREFIX_PATH}:/opt/ros/jazzy DEBUGINFOD_URLS=https://debuginfod.ubuntu.com /usr/bin/cmake /home/kth/robot_dev/pinky/src/pinky_for_edu/pinky_description -DCMAKE_INSTALL_PREFIX=/home/kth/robot_dev/pinky/install/pinky_description
[0.142s] -- The C compiler identification is GNU 13.3.0
[0.230s] -- The CXX compiler identification is GNU 13.3.0
[0.245s] -- Detecting C compiler ABI info
[0.316s] -- Detecting C compiler ABI info - done
[0.331s] -- Check for working C compiler: /usr/bin/cc - skipped
[0.331s] -- Detecting C compile features
[0.332s] -- Detecting C compile features - done
[0.340s] -- Detecting CXX compiler ABI info
[0.413s] -- Detecting CXX compiler ABI info - done
[0.421s] -- Check for working CXX compiler: /usr/bin/c++ - skipped
[0.421s] -- Detecting CXX compile features
[0.422s] -- Detecting CXX compile features - done
[0.425s] -- Found ament_cmake: 2.5.4 (/opt/ros/jazzy/share/ament_cmake/cmake)
[0.507s] -- Found Python3: /home/kth/venv/ros_venv/bin/python3 (found version "3.12.3") found components: Interpreter 
[0.611s] -- Found ament_lint_auto: 0.17.2 (/opt/ros/jazzy/share/ament_lint_auto/cmake)
[0.626s] Traceback (most recent call last):
[0.627s]   File "/opt/ros/jazzy/share/ament_cmake_core/cmake/core/package_xml_2_cmake.py", line 22, in <module>
[0.627s]     from catkin_pkg.package import parse_package_string
[0.627s] ModuleNotFoundError: No module named 'catkin_pkg'
[0.629s] [31mCMake Error at /opt/ros/jazzy/share/ament_cmake_core/cmake/core/ament_package_xml.cmake:95 (message):
[0.629s]   execute_process(/home/kth/venv/ros_venv/bin/python3
[0.629s]   /opt/ros/jazzy/share/ament_cmake_core/cmake/core/package_xml_2_cmake.py
[0.629s]   /home/kth/robot_dev/pinky/src/pinky_for_edu/pinky_description/package.xml
[0.629s]   /home/kth/robot_dev/pinky/build/pinky_description/ament_cmake_core/package.cmake)
[0.629s]   returned error code 1
[0.629s] Call Stack (most recent call first):
[0.630s]   /opt/ros/jazzy/share/ament_cmake_core/cmake/core/ament_package_xml.cmake:49 (_ament_package_xml)
[0.630s]   /opt/ros/jazzy/share/ament_lint_auto/cmake/ament_lint_auto_find_test_dependencies.cmake:31 (ament_package_xml)
[0.630s]   CMakeLists.txt:23 (ament_lint_auto_find_test_dependencies)
[0.630s] 
[0.630s] [0m
[0.631s] -- Configuring incomplete, errors occurred!
[0.634s] Invoked command in '/home/kth/robot_dev/pinky/build/pinky_description' returned '1': CMAKE_PREFIX_PATH=${CMAKE_PREFIX_PATH}:/opt/ros/jazzy DEBUGINFOD_URLS=https://debuginfod.ubuntu.com /usr/bin/cmake /home/kth/robot_dev/pinky/src/pinky_for_edu/pinky_description -DCMAKE_INSTALL_PREFIX=/home/kth/robot_dev/pinky/install/pinky_description
