[0.000000] (-) TimerEvent: {}
[0.000187] (robot_navigator) JobQueued: {'identifier': 'robot_navigator', 'dependencies': OrderedDict()}
[0.000454] (robot_navigator) JobStarted: {'identifier': 'robot_navigator'}
[0.006328] (robot_navigator) JobProgress: {'identifier': 'robot_navigator', 'progress': 'cmake'}
[0.006629] (robot_navigator) Command: {'cmd': ['/usr/bin/cmake', '/home/kth/robot_dev/robot_navigator/src/robot_navigator', '-DCMAKE_INSTALL_PREFIX=/home/kth/robot_dev/robot_navigator/install/robot_navigator'], 'cwd': '/home/kth/robot_dev/robot_navigator/build/robot_navigator', 'env': OrderedDict({'GJS_DEBUG_TOPICS': 'JS ERROR;JS LOG', 'XDG_ACTIVATION_TOKEN': 'gnome-shell/Terminator/2754-3-kth-GP75-Leopard-10SEK_TIME13873019', 'CONDA_PROMPT_MODIFIER': 'false', 'USER': 'kth', 'GZ_CONFIG_PATH': '/opt/ros/jazzy/opt/gz_sim_vendor/share/gz:/opt/ros/jazzy/opt/sdformat_vendor/share/gz:/opt/ros/jazzy/opt/gz_gui_vendor/share/gz:/opt/ros/jazzy/opt/gz_transport_vendor/share/gz:/opt/ros/jazzy/opt/gz_rendering_vendor/share/gz:/opt/ros/jazzy/opt/gz_plugin_vendor/share/gz:/opt/ros/jazzy/opt/gz_fuel_tools_vendor/share/gz:/opt/ros/jazzy/opt/gz_msgs_vendor/share/gz:/opt/ros/jazzy/opt/gz_common_vendor/share/gz', 'XDG_SESSION_TYPE': 'x11', 'POWERLINE_COMMAND': 'oh-my-posh', 'SHLVL': '1', 'LD_LIBRARY_PATH': '/opt/ros/jazzy/opt/gz_sim_vendor/lib:/opt/ros/jazzy/opt/gz_sensors_vendor/lib:/opt/ros/jazzy/opt/gz_physics_vendor/lib:/opt/ros/jazzy/opt/sdformat_vendor/lib:/opt/ros/jazzy/opt/rviz_ogre_vendor/lib:/opt/ros/jazzy/lib/x86_64-linux-gnu:/opt/ros/jazzy/opt/gz_gui_vendor/lib:/opt/ros/jazzy/opt/gz_transport_vendor/lib:/opt/ros/jazzy/opt/gz_rendering_vendor/lib:/opt/ros/jazzy/opt/gz_plugin_vendor/lib:/opt/ros/jazzy/opt/gz_fuel_tools_vendor/lib:/opt/ros/jazzy/opt/gz_msgs_vendor/lib:/opt/ros/jazzy/opt/gz_common_vendor/lib:/opt/ros/jazzy/opt/gz_math_vendor/lib:/opt/ros/jazzy/opt/gz_utils_vendor/lib:/opt/ros/jazzy/opt/gz_tools_vendor/lib:/opt/ros/jazzy/opt/gz_ogre_next_vendor/lib:/opt/ros/jazzy/opt/gz_dartsim_vendor/lib:/opt/ros/jazzy/opt/gz_cmake_vendor/lib:/opt/ros/jazzy/lib', 'CLUTTER_DISABLE_MIPMAPPED_TEXT': '1', 'HOME': '/home/kth', 'DESKTOP_SESSION': 'ubuntu', 'GIO_LAUNCHED_DESKTOP_FILE': '/usr/share/applications/terminator.desktop', 'ROS_PYTHON_VERSION': '3', 'GNOME_SHELL_SESSION_MODE': 'ubuntu', 'GTK_MODULES': 'gail:atk-bridge', 'MANAGERPID': '2282', 'SYSTEMD_EXEC_PID': '2754', 'GSM_SKIP_SSH_AGENT_WORKAROUND': 'true', 'DBUS_SESSION_BUS_ADDRESS': 'unix:path=/run/user/1000/bus', 'GIO_LAUNCHED_DESKTOP_FILE_PID': '9118', 'COLORTERM': 'truecolor', 'TERMINATOR_DBUS_NAME': 'net.tenshu.Terminator23558193cd9818af7fe4d2c2f5bd9d00f', 'DEBUGINFOD_URLS': 'https://debuginfod.ubuntu.com', 'ROS_DISTRO': 'jazzy', 'LOGNAME': 'kth', 'JOURNAL_STREAM': '9:24844', 'POSH_SESSION_ID': 'e575b55a-db88-40be-ab1e-8ba6e2fe93af', 'MEMORY_PRESSURE_WATCH': '/sys/fs/cgroup/user.slice/user-1000.slice/user@1000.service/session.slice/org.gnome.Shell@x11.service/memory.pressure', 'ROS_VERSION': '2', 'XDG_SESSION_CLASS': 'user', 'USERNAME': 'kth', 'TERM': 'xterm-256color', 'GNOME_DESKTOP_SESSION_ID': 'this-is-deprecated', 'POSH_SHELL_VERSION': '3.7.0', 'WINDOWPATH': '2', 'PATH': '/opt/ros/jazzy/opt/gz_msgs_vendor/bin:/opt/ros/jazzy/opt/gz_tools_vendor/bin:/opt/ros/jazzy/opt/gz_ogre_next_vendor/bin:/opt/ros/jazzy/bin:/home/kth/.local/bin:/usr/local/sbin:/usr/local/bin:/usr/sbin:/usr/bin:/sbin:/bin:/usr/games:/usr/local/games:/snap/bin:/snap/bin', 'SESSION_MANAGER': 'local/kth-GP75-Leopard-10SEK:@/tmp/.ICE-unix/2719,unix/kth-GP75-Leopard-10SEK:/tmp/.ICE-unix/2719', 'INVOCATION_ID': '5fa92b484150426e9e58a79f1ba23da2', 'XDG_RUNTIME_DIR': '/run/user/1000', 'XDG_MENU_PREFIX': 'gnome-', 'DISPLAY': ':1', 'LANG': 'en_US.UTF-8', 'XDG_CURRENT_DESKTOP': 'ubuntu:GNOME', 'TERMINATOR_DBUS_PATH': '/net/tenshu/Terminator2', 'XAUTHORITY': '/run/user/1000/gdm/Xauthority', 'XMODIFIERS': '@im=ibus', 'XDG_SESSION_DESKTOP': 'ubuntu', 'SSH_AUTH_SOCK': '/run/user/1000/keyring/ssh', 'AMENT_PREFIX_PATH': '/opt/ros/jazzy', 'ROS_DOMAIN_ID': '22', 'TERMINATOR_UUID': 'urn:uuid:5b1b8825-8945-47de-bd9b-cc783143f05b', 'SHELL': '/usr/bin/fish', 'QT_ACCESSIBILITY': '1', 'GDMSESSION': 'ubuntu', 'IGN_GAZEBO_RESOURCE_PATH': '/opt/ros/jazzy/share', 'GPG_AGENT_INFO': '/run/user/1000/gnupg/S.gpg-agent:0:1', 'GJS_DEBUG_OUTPUT': 'stderr', 'POSH_THEME': '/home/kth/.poshthemes/sonicboom_light.omp.json', 'ROS_AUTOMATIC_DISCOVERY_RANGE': 'SUBNET', 'QT_IM_MODULE': 'ibus', 'PWD': '/home/kth/robot_dev/robot_navigator/build/robot_navigator', 'LC_ALL': 'en_US.UTF-8', 'XDG_DATA_DIRS': '/usr/share/ubuntu:/usr/share/gnome:/usr/local/share/:/usr/share/:/var/lib/snapd/desktop', 'XDG_CONFIG_DIRS': '/etc/xdg/xdg-ubuntu:/etc/xdg', 'QTWEBENGINE_DICTIONARIES_PATH': '/usr/share/hunspell-bdic/', 'PYTHONPATH': '/opt/ros/jazzy/lib/python3.12/site-packages', 'COLCON': '1', 'POSH_SHELL': 'fish', 'VTE_VERSION': '7600', 'MEMORY_PRESSURE_WRITE': 'c29tZSAyMDAwMDAgMjAwMDAwMAA=', 'CMAKE_PREFIX_PATH': '/opt/ros/jazzy/opt/gz_sim_vendor:/opt/ros/jazzy/opt/gz_sensors_vendor:/opt/ros/jazzy/opt/gz_physics_vendor:/opt/ros/jazzy/opt/sdformat_vendor:/opt/ros/jazzy/opt/gz_gui_vendor:/opt/ros/jazzy/opt/gz_transport_vendor:/opt/ros/jazzy/opt/gz_rendering_vendor:/opt/ros/jazzy/opt/gz_plugin_vendor:/opt/ros/jazzy/opt/gz_fuel_tools_vendor:/opt/ros/jazzy/opt/gz_msgs_vendor:/opt/ros/jazzy/opt/gz_common_vendor:/opt/ros/jazzy/opt/gz_math_vendor:/opt/ros/jazzy/opt/gz_utils_vendor:/opt/ros/jazzy/opt/gz_tools_vendor:/opt/ros/jazzy/opt/gz_ogre_next_vendor:/opt/ros/jazzy/opt/gz_dartsim_vendor:/opt/ros/jazzy/opt/gz_cmake_vendor:/opt/ros/jazzy'}), 'shell': False}
[0.047171] (robot_navigator) StdoutLine: {'line': b'-- The C compiler identification is GNU 13.3.0\n'}
[0.087240] (robot_navigator) StdoutLine: {'line': b'-- The CXX compiler identification is GNU 13.3.0\n'}
[0.098219] (robot_navigator) StdoutLine: {'line': b'-- Detecting C compiler ABI info\n'}
[0.099861] (-) TimerEvent: {}
[0.160093] (robot_navigator) StdoutLine: {'line': b'-- Detecting C compiler ABI info - done\n'}
[0.167725] (robot_navigator) StdoutLine: {'line': b'-- Check for working C compiler: /usr/bin/cc - skipped\n'}
[0.167943] (robot_navigator) StdoutLine: {'line': b'-- Detecting C compile features\n'}
[0.168245] (robot_navigator) StdoutLine: {'line': b'-- Detecting C compile features - done\n'}
[0.174562] (robot_navigator) StdoutLine: {'line': b'-- Detecting CXX compiler ABI info\n'}
[0.199984] (-) TimerEvent: {}
[0.242068] (robot_navigator) StdoutLine: {'line': b'-- Detecting CXX compiler ABI info - done\n'}
[0.249938] (robot_navigator) StdoutLine: {'line': b'-- Check for working CXX compiler: /usr/bin/c++ - skipped\n'}
[0.250143] (robot_navigator) StdoutLine: {'line': b'-- Detecting CXX compile features\n'}
[0.250480] (robot_navigator) StdoutLine: {'line': b'-- Detecting CXX compile features - done\n'}
[0.253447] (robot_navigator) StdoutLine: {'line': b'-- Found ament_cmake: 2.5.4 (/opt/ros/jazzy/share/ament_cmake/cmake)\n'}
[0.300117] (-) TimerEvent: {}
[0.364631] (robot_navigator) StdoutLine: {'line': b'-- Found Python3: /usr/bin/python3 (found version "3.12.3") found components: Interpreter \n'}
[0.400231] (-) TimerEvent: {}
[0.451883] (robot_navigator) StdoutLine: {'line': b'-- Found rclcpp: 28.1.10 (/opt/ros/jazzy/share/rclcpp/cmake)\n'}
[0.489968] (robot_navigator) StdoutLine: {'line': b'-- Found rosidl_generator_c: 4.6.5 (/opt/ros/jazzy/share/rosidl_generator_c/cmake)\n'}
[0.500327] (-) TimerEvent: {}
[0.502780] (robot_navigator) StdoutLine: {'line': b'-- Found rosidl_generator_cpp: 4.6.5 (/opt/ros/jazzy/share/rosidl_generator_cpp/cmake)\n'}
[0.517887] (robot_navigator) StdoutLine: {'line': b'-- Using all available rosidl_typesupport_c: rosidl_typesupport_fastrtps_c;rosidl_typesupport_introspection_c\n'}
[0.534140] (robot_navigator) StdoutLine: {'line': b'-- Using all available rosidl_typesupport_cpp: rosidl_typesupport_fastrtps_cpp;rosidl_typesupport_introspection_cpp\n'}
[0.600443] (-) TimerEvent: {}
[0.600686] (robot_navigator) StdoutLine: {'line': b'-- Found rmw_implementation_cmake: 7.3.2 (/opt/ros/jazzy/share/rmw_implementation_cmake/cmake)\n'}
[0.604168] (robot_navigator) StdoutLine: {'line': b'-- Found rmw_fastrtps_cpp: 8.4.2 (/opt/ros/jazzy/share/rmw_fastrtps_cpp/cmake)\n'}
[0.664235] (robot_navigator) StdoutLine: {'line': b'-- Found OpenSSL: /usr/lib/x86_64-linux-gnu/libcrypto.so (found version "3.0.13")  \n'}
[0.679804] (robot_navigator) StdoutLine: {'line': b'-- Found FastRTPS: /opt/ros/jazzy/include (Required is at least version "2.13") \n'}
[0.696702] (robot_navigator) StdoutLine: {'line': b"-- Using RMW implementation 'rmw_fastrtps_cpp' as default\n"}
[0.700526] (-) TimerEvent: {}
[0.763163] (robot_navigator) StdoutLine: {'line': b'-- Found geometry_msgs: 5.3.6 (/opt/ros/jazzy/share/geometry_msgs/cmake)\n'}
[0.791864] (robot_navigator) StdoutLine: {'line': b'-- Found nav_msgs: 5.3.6 (/opt/ros/jazzy/share/nav_msgs/cmake)\n'}
[0.800626] (-) TimerEvent: {}
[0.815774] (robot_navigator) StdoutLine: {'line': b'-- Found sensor_msgs: 5.3.6 (/opt/ros/jazzy/share/sensor_msgs/cmake)\n'}
[0.837022] (robot_navigator) StdoutLine: {'line': b'-- Found nav2_msgs: 1.3.7 (/opt/ros/jazzy/share/nav2_msgs/cmake)\n'}
[0.900706] (-) TimerEvent: {}
[0.937635] (robot_navigator) StdoutLine: {'line': b'-- Found tf2: 0.36.12 (/opt/ros/jazzy/share/tf2/cmake)\n'}
[0.942433] (robot_navigator) StdoutLine: {'line': b'-- Found tf2_geometry_msgs: 0.36.12 (/opt/ros/jazzy/share/tf2_geometry_msgs/cmake)\n'}
[0.956679] (robot_navigator) StdoutLine: {'line': b'-- Found eigen3_cmake_module: 0.3.0 (/opt/ros/jazzy/share/eigen3_cmake_module/cmake)\n'}
[0.957756] (robot_navigator) StdoutLine: {'line': b'-- Found Eigen3: TRUE (found version "3.4.0") \n'}
[0.957984] (robot_navigator) StdoutLine: {'line': b'-- Ensuring Eigen3 include directory is part of orocos-kdl CMake target\n'}
[1.000827] (-) TimerEvent: {}
[1.048033] (robot_navigator) StdoutLine: {'line': b'-- Found ament_lint_auto: 0.17.2 (/opt/ros/jazzy/share/ament_lint_auto/cmake)\n'}
[1.100939] (-) TimerEvent: {}
[1.129764] (robot_navigator) StdoutLine: {'line': b"-- Added test 'cppcheck' to perform static code analysis on C / C++ code\n"}
[1.129940] (robot_navigator) StdoutLine: {'line': b'-- Configured cppcheck include dirs: $<BUILD_INTERFACE:/home/kth/robot_dev/robot_navigator/src/robot_navigator/include>\n'}
[1.129997] (robot_navigator) StdoutLine: {'line': b'-- Configured cppcheck exclude dirs and/or files: \n'}
[1.130641] (robot_navigator) StdoutLine: {'line': b"-- Added test 'lint_cmake' to check CMake code style\n"}
[1.131472] (robot_navigator) StdoutLine: {'line': b"-- Added test 'uncrustify' to check C / C++ code style\n"}
[1.131552] (robot_navigator) StdoutLine: {'line': b'-- Configured uncrustify additional arguments: \n'}
[1.132057] (robot_navigator) StdoutLine: {'line': b"-- Added test 'xmllint' to check XML markup files\n"}
[1.133265] (robot_navigator) StdoutLine: {'line': b'-- Configuring done (1.1s)\n'}
[1.144397] (robot_navigator) StdoutLine: {'line': b'-- Generating done (0.0s)\n'}
[1.147586] (robot_navigator) StdoutLine: {'line': b'-- Build files have been written to: /home/kth/robot_dev/robot_navigator/build/robot_navigator\n'}
[1.155018] (robot_navigator) CommandEnded: {'returncode': 0}
[1.155385] (robot_navigator) JobProgress: {'identifier': 'robot_navigator', 'progress': 'build'}
[1.156004] (robot_navigator) Command: {'cmd': ['/usr/bin/cmake', '--build', '/home/kth/robot_dev/robot_navigator/build/robot_navigator', '--', '-j12', '-l12'], 'cwd': '/home/kth/robot_dev/robot_navigator/build/robot_navigator', 'env': OrderedDict({'GJS_DEBUG_TOPICS': 'JS ERROR;JS LOG', 'XDG_ACTIVATION_TOKEN': 'gnome-shell/Terminator/2754-3-kth-GP75-Leopard-10SEK_TIME13873019', 'CONDA_PROMPT_MODIFIER': 'false', 'USER': 'kth', 'GZ_CONFIG_PATH': '/opt/ros/jazzy/opt/gz_sim_vendor/share/gz:/opt/ros/jazzy/opt/sdformat_vendor/share/gz:/opt/ros/jazzy/opt/gz_gui_vendor/share/gz:/opt/ros/jazzy/opt/gz_transport_vendor/share/gz:/opt/ros/jazzy/opt/gz_rendering_vendor/share/gz:/opt/ros/jazzy/opt/gz_plugin_vendor/share/gz:/opt/ros/jazzy/opt/gz_fuel_tools_vendor/share/gz:/opt/ros/jazzy/opt/gz_msgs_vendor/share/gz:/opt/ros/jazzy/opt/gz_common_vendor/share/gz', 'XDG_SESSION_TYPE': 'x11', 'POWERLINE_COMMAND': 'oh-my-posh', 'SHLVL': '1', 'LD_LIBRARY_PATH': '/opt/ros/jazzy/opt/gz_sim_vendor/lib:/opt/ros/jazzy/opt/gz_sensors_vendor/lib:/opt/ros/jazzy/opt/gz_physics_vendor/lib:/opt/ros/jazzy/opt/sdformat_vendor/lib:/opt/ros/jazzy/opt/rviz_ogre_vendor/lib:/opt/ros/jazzy/lib/x86_64-linux-gnu:/opt/ros/jazzy/opt/gz_gui_vendor/lib:/opt/ros/jazzy/opt/gz_transport_vendor/lib:/opt/ros/jazzy/opt/gz_rendering_vendor/lib:/opt/ros/jazzy/opt/gz_plugin_vendor/lib:/opt/ros/jazzy/opt/gz_fuel_tools_vendor/lib:/opt/ros/jazzy/opt/gz_msgs_vendor/lib:/opt/ros/jazzy/opt/gz_common_vendor/lib:/opt/ros/jazzy/opt/gz_math_vendor/lib:/opt/ros/jazzy/opt/gz_utils_vendor/lib:/opt/ros/jazzy/opt/gz_tools_vendor/lib:/opt/ros/jazzy/opt/gz_ogre_next_vendor/lib:/opt/ros/jazzy/opt/gz_dartsim_vendor/lib:/opt/ros/jazzy/opt/gz_cmake_vendor/lib:/opt/ros/jazzy/lib', 'CLUTTER_DISABLE_MIPMAPPED_TEXT': '1', 'HOME': '/home/kth', 'DESKTOP_SESSION': 'ubuntu', 'GIO_LAUNCHED_DESKTOP_FILE': '/usr/share/applications/terminator.desktop', 'ROS_PYTHON_VERSION': '3', 'GNOME_SHELL_SESSION_MODE': 'ubuntu', 'GTK_MODULES': 'gail:atk-bridge', 'MANAGERPID': '2282', 'SYSTEMD_EXEC_PID': '2754', 'GSM_SKIP_SSH_AGENT_WORKAROUND': 'true', 'DBUS_SESSION_BUS_ADDRESS': 'unix:path=/run/user/1000/bus', 'GIO_LAUNCHED_DESKTOP_FILE_PID': '9118', 'COLORTERM': 'truecolor', 'TERMINATOR_DBUS_NAME': 'net.tenshu.Terminator23558193cd9818af7fe4d2c2f5bd9d00f', 'DEBUGINFOD_URLS': 'https://debuginfod.ubuntu.com', 'ROS_DISTRO': 'jazzy', 'LOGNAME': 'kth', 'JOURNAL_STREAM': '9:24844', 'POSH_SESSION_ID': 'e575b55a-db88-40be-ab1e-8ba6e2fe93af', 'MEMORY_PRESSURE_WATCH': '/sys/fs/cgroup/user.slice/user-1000.slice/user@1000.service/session.slice/org.gnome.Shell@x11.service/memory.pressure', 'ROS_VERSION': '2', 'XDG_SESSION_CLASS': 'user', 'USERNAME': 'kth', 'TERM': 'xterm-256color', 'GNOME_DESKTOP_SESSION_ID': 'this-is-deprecated', 'POSH_SHELL_VERSION': '3.7.0', 'WINDOWPATH': '2', 'PATH': '/opt/ros/jazzy/opt/gz_msgs_vendor/bin:/opt/ros/jazzy/opt/gz_tools_vendor/bin:/opt/ros/jazzy/opt/gz_ogre_next_vendor/bin:/opt/ros/jazzy/bin:/home/kth/.local/bin:/usr/local/sbin:/usr/local/bin:/usr/sbin:/usr/bin:/sbin:/bin:/usr/games:/usr/local/games:/snap/bin:/snap/bin', 'SESSION_MANAGER': 'local/kth-GP75-Leopard-10SEK:@/tmp/.ICE-unix/2719,unix/kth-GP75-Leopard-10SEK:/tmp/.ICE-unix/2719', 'INVOCATION_ID': '5fa92b484150426e9e58a79f1ba23da2', 'XDG_RUNTIME_DIR': '/run/user/1000', 'XDG_MENU_PREFIX': 'gnome-', 'DISPLAY': ':1', 'LANG': 'en_US.UTF-8', 'XDG_CURRENT_DESKTOP': 'ubuntu:GNOME', 'TERMINATOR_DBUS_PATH': '/net/tenshu/Terminator2', 'XAUTHORITY': '/run/user/1000/gdm/Xauthority', 'XMODIFIERS': '@im=ibus', 'XDG_SESSION_DESKTOP': 'ubuntu', 'SSH_AUTH_SOCK': '/run/user/1000/keyring/ssh', 'AMENT_PREFIX_PATH': '/opt/ros/jazzy', 'ROS_DOMAIN_ID': '22', 'TERMINATOR_UUID': 'urn:uuid:5b1b8825-8945-47de-bd9b-cc783143f05b', 'SHELL': '/usr/bin/fish', 'QT_ACCESSIBILITY': '1', 'GDMSESSION': 'ubuntu', 'IGN_GAZEBO_RESOURCE_PATH': '/opt/ros/jazzy/share', 'GPG_AGENT_INFO': '/run/user/1000/gnupg/S.gpg-agent:0:1', 'GJS_DEBUG_OUTPUT': 'stderr', 'POSH_THEME': '/home/kth/.poshthemes/sonicboom_light.omp.json', 'ROS_AUTOMATIC_DISCOVERY_RANGE': 'SUBNET', 'QT_IM_MODULE': 'ibus', 'PWD': '/home/kth/robot_dev/robot_navigator/build/robot_navigator', 'LC_ALL': 'en_US.UTF-8', 'XDG_DATA_DIRS': '/usr/share/ubuntu:/usr/share/gnome:/usr/local/share/:/usr/share/:/var/lib/snapd/desktop', 'XDG_CONFIG_DIRS': '/etc/xdg/xdg-ubuntu:/etc/xdg', 'QTWEBENGINE_DICTIONARIES_PATH': '/usr/share/hunspell-bdic/', 'PYTHONPATH': '/opt/ros/jazzy/lib/python3.12/site-packages', 'COLCON': '1', 'POSH_SHELL': 'fish', 'VTE_VERSION': '7600', 'MEMORY_PRESSURE_WRITE': 'c29tZSAyMDAwMDAgMjAwMDAwMAA=', 'CMAKE_PREFIX_PATH': '/opt/ros/jazzy/opt/gz_sim_vendor:/opt/ros/jazzy/opt/gz_sensors_vendor:/opt/ros/jazzy/opt/gz_physics_vendor:/opt/ros/jazzy/opt/sdformat_vendor:/opt/ros/jazzy/opt/gz_gui_vendor:/opt/ros/jazzy/opt/gz_transport_vendor:/opt/ros/jazzy/opt/gz_rendering_vendor:/opt/ros/jazzy/opt/gz_plugin_vendor:/opt/ros/jazzy/opt/gz_fuel_tools_vendor:/opt/ros/jazzy/opt/gz_msgs_vendor:/opt/ros/jazzy/opt/gz_common_vendor:/opt/ros/jazzy/opt/gz_math_vendor:/opt/ros/jazzy/opt/gz_utils_vendor:/opt/ros/jazzy/opt/gz_tools_vendor:/opt/ros/jazzy/opt/gz_ogre_next_vendor:/opt/ros/jazzy/opt/gz_dartsim_vendor:/opt/ros/jazzy/opt/gz_cmake_vendor:/opt/ros/jazzy'}), 'shell': False}
[1.192284] (robot_navigator) StdoutLine: {'line': b'[ 66%] \x1b[32mBuilding CXX object CMakeFiles/robot_navigator.dir/src/main.cpp.o\x1b[0m\n'}
[1.192420] (robot_navigator) StdoutLine: {'line': b'[ 66%] \x1b[32mBuilding CXX object CMakeFiles/robot_navigator.dir/src/robot_navigator.cpp.o\x1b[0m\n'}
[1.201019] (-) TimerEvent: {}
[1.301247] (-) TimerEvent: {}
[1.401486] (-) TimerEvent: {}
[1.501756] (-) TimerEvent: {}
[1.602001] (-) TimerEvent: {}
[1.702276] (-) TimerEvent: {}
[1.802509] (-) TimerEvent: {}
[1.902746] (-) TimerEvent: {}
[2.003022] (-) TimerEvent: {}
[2.103317] (-) TimerEvent: {}
[2.203546] (-) TimerEvent: {}
[2.303819] (-) TimerEvent: {}
[2.404065] (-) TimerEvent: {}
[2.504312] (-) TimerEvent: {}
[2.604563] (-) TimerEvent: {}
[2.704850] (-) TimerEvent: {}
[2.805100] (-) TimerEvent: {}
[2.905348] (-) TimerEvent: {}
[3.005610] (-) TimerEvent: {}
[3.105894] (-) TimerEvent: {}
[3.206145] (-) TimerEvent: {}
[3.306389] (-) TimerEvent: {}
[3.406601] (-) TimerEvent: {}
[3.506866] (-) TimerEvent: {}
[3.607092] (-) TimerEvent: {}
[3.707286] (-) TimerEvent: {}
[3.807578] (-) TimerEvent: {}
[3.908140] (-) TimerEvent: {}
[4.008451] (-) TimerEvent: {}
[4.108740] (-) TimerEvent: {}
[4.208978] (-) TimerEvent: {}
[4.309224] (-) TimerEvent: {}
[4.409460] (-) TimerEvent: {}
[4.509691] (-) TimerEvent: {}
[4.609917] (-) TimerEvent: {}
[4.710108] (-) TimerEvent: {}
[4.810341] (-) TimerEvent: {}
[4.910613] (-) TimerEvent: {}
[5.010851] (-) TimerEvent: {}
[5.111075] (-) TimerEvent: {}
[5.211306] (-) TimerEvent: {}
[5.311533] (-) TimerEvent: {}
[5.411790] (-) TimerEvent: {}
[5.512014] (-) TimerEvent: {}
[5.612257] (-) TimerEvent: {}
[5.712498] (-) TimerEvent: {}
[5.812741] (-) TimerEvent: {}
[5.912982] (-) TimerEvent: {}
[6.013246] (-) TimerEvent: {}
[6.113489] (-) TimerEvent: {}
[6.213729] (-) TimerEvent: {}
[6.313974] (-) TimerEvent: {}
[6.414221] (-) TimerEvent: {}
[6.514455] (-) TimerEvent: {}
[6.614717] (-) TimerEvent: {}
[6.714961] (-) TimerEvent: {}
[6.815212] (-) TimerEvent: {}
[6.915439] (-) TimerEvent: {}
[7.015677] (-) TimerEvent: {}
[7.115901] (-) TimerEvent: {}
[7.216130] (-) TimerEvent: {}
[7.316375] (-) TimerEvent: {}
[7.416637] (-) TimerEvent: {}
[7.516866] (-) TimerEvent: {}
[7.617115] (-) TimerEvent: {}
[7.717377] (-) TimerEvent: {}
[7.817666] (-) TimerEvent: {}
[7.917942] (-) TimerEvent: {}
[8.018178] (-) TimerEvent: {}
[8.118416] (-) TimerEvent: {}
[8.218685] (-) TimerEvent: {}
[8.318938] (-) TimerEvent: {}
[8.419173] (-) TimerEvent: {}
[8.519426] (-) TimerEvent: {}
[8.619700] (-) TimerEvent: {}
[8.719983] (-) TimerEvent: {}
[8.820219] (-) TimerEvent: {}
[8.920436] (-) TimerEvent: {}
[9.020700] (-) TimerEvent: {}
[9.120917] (-) TimerEvent: {}
[9.221153] (-) TimerEvent: {}
[9.321390] (-) TimerEvent: {}
[9.421626] (-) TimerEvent: {}
[9.521903] (-) TimerEvent: {}
[9.622140] (-) TimerEvent: {}
[9.722373] (-) TimerEvent: {}
[9.822612] (-) TimerEvent: {}
[9.922868] (-) TimerEvent: {}
[10.023105] (-) TimerEvent: {}
[10.123340] (-) TimerEvent: {}
[10.223576] (-) TimerEvent: {}
[10.323848] (-) TimerEvent: {}
[10.424084] (-) TimerEvent: {}
[10.524321] (-) TimerEvent: {}
[10.624569] (-) TimerEvent: {}
[10.724866] (-) TimerEvent: {}
[10.825123] (-) TimerEvent: {}
[10.925359] (-) TimerEvent: {}
[11.025598] (-) TimerEvent: {}
[11.125860] (-) TimerEvent: {}
[11.226090] (-) TimerEvent: {}
[11.326325] (-) TimerEvent: {}
[11.426564] (-) TimerEvent: {}
[11.526844] (-) TimerEvent: {}
[11.627101] (-) TimerEvent: {}
[11.727331] (-) TimerEvent: {}
[11.827568] (-) TimerEvent: {}
[11.927800] (-) TimerEvent: {}
[12.028034] (-) TimerEvent: {}
[12.128274] (-) TimerEvent: {}
[12.228508] (-) TimerEvent: {}
[12.328828] (-) TimerEvent: {}
[12.429153] (-) TimerEvent: {}
[12.529390] (-) TimerEvent: {}
[12.629630] (-) TimerEvent: {}
[12.729913] (-) TimerEvent: {}
[12.830151] (-) TimerEvent: {}
[12.930394] (-) TimerEvent: {}
[13.030686] (-) TimerEvent: {}
[13.130983] (-) TimerEvent: {}
[13.231247] (-) TimerEvent: {}
[13.277186] (robot_navigator) StdoutLine: {'line': b'[100%] \x1b[32m\x1b[1mLinking CXX executable robot_navigator\x1b[0m\n'}
[13.331387] (-) TimerEvent: {}
[13.431791] (-) TimerEvent: {}
[13.532045] (-) TimerEvent: {}
[13.632278] (-) TimerEvent: {}
[13.732562] (-) TimerEvent: {}
[13.814071] (robot_navigator) StdoutLine: {'line': b'[100%] Built target robot_navigator\n'}
[13.823971] (robot_navigator) CommandEnded: {'returncode': 0}
[13.824314] (robot_navigator) JobProgress: {'identifier': 'robot_navigator', 'progress': 'install'}
[13.831082] (robot_navigator) Command: {'cmd': ['/usr/bin/cmake', '--install', '/home/kth/robot_dev/robot_navigator/build/robot_navigator'], 'cwd': '/home/kth/robot_dev/robot_navigator/build/robot_navigator', 'env': OrderedDict({'GJS_DEBUG_TOPICS': 'JS ERROR;JS LOG', 'XDG_ACTIVATION_TOKEN': 'gnome-shell/Terminator/2754-3-kth-GP75-Leopard-10SEK_TIME13873019', 'CONDA_PROMPT_MODIFIER': 'false', 'USER': 'kth', 'GZ_CONFIG_PATH': '/opt/ros/jazzy/opt/gz_sim_vendor/share/gz:/opt/ros/jazzy/opt/sdformat_vendor/share/gz:/opt/ros/jazzy/opt/gz_gui_vendor/share/gz:/opt/ros/jazzy/opt/gz_transport_vendor/share/gz:/opt/ros/jazzy/opt/gz_rendering_vendor/share/gz:/opt/ros/jazzy/opt/gz_plugin_vendor/share/gz:/opt/ros/jazzy/opt/gz_fuel_tools_vendor/share/gz:/opt/ros/jazzy/opt/gz_msgs_vendor/share/gz:/opt/ros/jazzy/opt/gz_common_vendor/share/gz', 'XDG_SESSION_TYPE': 'x11', 'POWERLINE_COMMAND': 'oh-my-posh', 'SHLVL': '1', 'LD_LIBRARY_PATH': '/opt/ros/jazzy/opt/gz_sim_vendor/lib:/opt/ros/jazzy/opt/gz_sensors_vendor/lib:/opt/ros/jazzy/opt/gz_physics_vendor/lib:/opt/ros/jazzy/opt/sdformat_vendor/lib:/opt/ros/jazzy/opt/rviz_ogre_vendor/lib:/opt/ros/jazzy/lib/x86_64-linux-gnu:/opt/ros/jazzy/opt/gz_gui_vendor/lib:/opt/ros/jazzy/opt/gz_transport_vendor/lib:/opt/ros/jazzy/opt/gz_rendering_vendor/lib:/opt/ros/jazzy/opt/gz_plugin_vendor/lib:/opt/ros/jazzy/opt/gz_fuel_tools_vendor/lib:/opt/ros/jazzy/opt/gz_msgs_vendor/lib:/opt/ros/jazzy/opt/gz_common_vendor/lib:/opt/ros/jazzy/opt/gz_math_vendor/lib:/opt/ros/jazzy/opt/gz_utils_vendor/lib:/opt/ros/jazzy/opt/gz_tools_vendor/lib:/opt/ros/jazzy/opt/gz_ogre_next_vendor/lib:/opt/ros/jazzy/opt/gz_dartsim_vendor/lib:/opt/ros/jazzy/opt/gz_cmake_vendor/lib:/opt/ros/jazzy/lib', 'CLUTTER_DISABLE_MIPMAPPED_TEXT': '1', 'HOME': '/home/kth', 'DESKTOP_SESSION': 'ubuntu', 'GIO_LAUNCHED_DESKTOP_FILE': '/usr/share/applications/terminator.desktop', 'ROS_PYTHON_VERSION': '3', 'GNOME_SHELL_SESSION_MODE': 'ubuntu', 'GTK_MODULES': 'gail:atk-bridge', 'MANAGERPID': '2282', 'SYSTEMD_EXEC_PID': '2754', 'GSM_SKIP_SSH_AGENT_WORKAROUND': 'true', 'DBUS_SESSION_BUS_ADDRESS': 'unix:path=/run/user/1000/bus', 'GIO_LAUNCHED_DESKTOP_FILE_PID': '9118', 'COLORTERM': 'truecolor', 'TERMINATOR_DBUS_NAME': 'net.tenshu.Terminator23558193cd9818af7fe4d2c2f5bd9d00f', 'DEBUGINFOD_URLS': 'https://debuginfod.ubuntu.com', 'ROS_DISTRO': 'jazzy', 'LOGNAME': 'kth', 'JOURNAL_STREAM': '9:24844', 'POSH_SESSION_ID': 'e575b55a-db88-40be-ab1e-8ba6e2fe93af', 'MEMORY_PRESSURE_WATCH': '/sys/fs/cgroup/user.slice/user-1000.slice/user@1000.service/session.slice/org.gnome.Shell@x11.service/memory.pressure', 'ROS_VERSION': '2', 'XDG_SESSION_CLASS': 'user', 'USERNAME': 'kth', 'TERM': 'xterm-256color', 'GNOME_DESKTOP_SESSION_ID': 'this-is-deprecated', 'POSH_SHELL_VERSION': '3.7.0', 'WINDOWPATH': '2', 'PATH': '/opt/ros/jazzy/opt/gz_msgs_vendor/bin:/opt/ros/jazzy/opt/gz_tools_vendor/bin:/opt/ros/jazzy/opt/gz_ogre_next_vendor/bin:/opt/ros/jazzy/bin:/home/kth/.local/bin:/usr/local/sbin:/usr/local/bin:/usr/sbin:/usr/bin:/sbin:/bin:/usr/games:/usr/local/games:/snap/bin:/snap/bin', 'SESSION_MANAGER': 'local/kth-GP75-Leopard-10SEK:@/tmp/.ICE-unix/2719,unix/kth-GP75-Leopard-10SEK:/tmp/.ICE-unix/2719', 'INVOCATION_ID': '5fa92b484150426e9e58a79f1ba23da2', 'XDG_RUNTIME_DIR': '/run/user/1000', 'XDG_MENU_PREFIX': 'gnome-', 'DISPLAY': ':1', 'LANG': 'en_US.UTF-8', 'XDG_CURRENT_DESKTOP': 'ubuntu:GNOME', 'TERMINATOR_DBUS_PATH': '/net/tenshu/Terminator2', 'XAUTHORITY': '/run/user/1000/gdm/Xauthority', 'XMODIFIERS': '@im=ibus', 'XDG_SESSION_DESKTOP': 'ubuntu', 'SSH_AUTH_SOCK': '/run/user/1000/keyring/ssh', 'AMENT_PREFIX_PATH': '/opt/ros/jazzy', 'ROS_DOMAIN_ID': '22', 'TERMINATOR_UUID': 'urn:uuid:5b1b8825-8945-47de-bd9b-cc783143f05b', 'SHELL': '/usr/bin/fish', 'QT_ACCESSIBILITY': '1', 'GDMSESSION': 'ubuntu', 'IGN_GAZEBO_RESOURCE_PATH': '/opt/ros/jazzy/share', 'GPG_AGENT_INFO': '/run/user/1000/gnupg/S.gpg-agent:0:1', 'GJS_DEBUG_OUTPUT': 'stderr', 'POSH_THEME': '/home/kth/.poshthemes/sonicboom_light.omp.json', 'ROS_AUTOMATIC_DISCOVERY_RANGE': 'SUBNET', 'QT_IM_MODULE': 'ibus', 'PWD': '/home/kth/robot_dev/robot_navigator/build/robot_navigator', 'LC_ALL': 'en_US.UTF-8', 'XDG_DATA_DIRS': '/usr/share/ubuntu:/usr/share/gnome:/usr/local/share/:/usr/share/:/var/lib/snapd/desktop', 'XDG_CONFIG_DIRS': '/etc/xdg/xdg-ubuntu:/etc/xdg', 'QTWEBENGINE_DICTIONARIES_PATH': '/usr/share/hunspell-bdic/', 'PYTHONPATH': '/opt/ros/jazzy/lib/python3.12/site-packages', 'COLCON': '1', 'POSH_SHELL': 'fish', 'VTE_VERSION': '7600', 'MEMORY_PRESSURE_WRITE': 'c29tZSAyMDAwMDAgMjAwMDAwMAA=', 'CMAKE_PREFIX_PATH': '/opt/ros/jazzy/opt/gz_sim_vendor:/opt/ros/jazzy/opt/gz_sensors_vendor:/opt/ros/jazzy/opt/gz_physics_vendor:/opt/ros/jazzy/opt/sdformat_vendor:/opt/ros/jazzy/opt/gz_gui_vendor:/opt/ros/jazzy/opt/gz_transport_vendor:/opt/ros/jazzy/opt/gz_rendering_vendor:/opt/ros/jazzy/opt/gz_plugin_vendor:/opt/ros/jazzy/opt/gz_fuel_tools_vendor:/opt/ros/jazzy/opt/gz_msgs_vendor:/opt/ros/jazzy/opt/gz_common_vendor:/opt/ros/jazzy/opt/gz_math_vendor:/opt/ros/jazzy/opt/gz_utils_vendor:/opt/ros/jazzy/opt/gz_tools_vendor:/opt/ros/jazzy/opt/gz_ogre_next_vendor:/opt/ros/jazzy/opt/gz_dartsim_vendor:/opt/ros/jazzy/opt/gz_cmake_vendor:/opt/ros/jazzy'}), 'shell': False}
[13.832614] (-) TimerEvent: {}
[13.837620] (robot_navigator) StdoutLine: {'line': b'-- Install configuration: ""\n'}
[13.837867] (robot_navigator) StdoutLine: {'line': b'-- Installing: /home/kth/robot_dev/robot_navigator/install/robot_navigator/lib/robot_navigator/robot_navigator\n'}
[13.843610] (robot_navigator) StdoutLine: {'line': b'-- Set non-toolchain portion of runtime path of "/home/kth/robot_dev/robot_navigator/install/robot_navigator/lib/robot_navigator/robot_navigator" to ""\n'}
[13.843918] (robot_navigator) StdoutLine: {'line': b'-- Installing: /home/kth/robot_dev/robot_navigator/install/robot_navigator/share/ament_index/resource_index/package_run_dependencies/robot_navigator\n'}
[13.844035] (robot_navigator) StdoutLine: {'line': b'-- Installing: /home/kth/robot_dev/robot_navigator/install/robot_navigator/share/ament_index/resource_index/parent_prefix_path/robot_navigator\n'}
[13.844186] (robot_navigator) StdoutLine: {'line': b'-- Installing: /home/kth/robot_dev/robot_navigator/install/robot_navigator/share/robot_navigator/environment/ament_prefix_path.sh\n'}
[13.844285] (robot_navigator) StdoutLine: {'line': b'-- Installing: /home/kth/robot_dev/robot_navigator/install/robot_navigator/share/robot_navigator/environment/ament_prefix_path.dsv\n'}
[13.844349] (robot_navigator) StdoutLine: {'line': b'-- Installing: /home/kth/robot_dev/robot_navigator/install/robot_navigator/share/robot_navigator/environment/path.sh\n'}
[13.844429] (robot_navigator) StdoutLine: {'line': b'-- Installing: /home/kth/robot_dev/robot_navigator/install/robot_navigator/share/robot_navigator/environment/path.dsv\n'}
[13.844506] (robot_navigator) StdoutLine: {'line': b'-- Installing: /home/kth/robot_dev/robot_navigator/install/robot_navigator/share/robot_navigator/local_setup.bash\n'}
[13.844564] (robot_navigator) StdoutLine: {'line': b'-- Installing: /home/kth/robot_dev/robot_navigator/install/robot_navigator/share/robot_navigator/local_setup.sh\n'}
[13.844637] (robot_navigator) StdoutLine: {'line': b'-- Installing: /home/kth/robot_dev/robot_navigator/install/robot_navigator/share/robot_navigator/local_setup.zsh\n'}
[13.844741] (robot_navigator) StdoutLine: {'line': b'-- Installing: /home/kth/robot_dev/robot_navigator/install/robot_navigator/share/robot_navigator/local_setup.dsv\n'}
[13.844817] (robot_navigator) StdoutLine: {'line': b'-- Installing: /home/kth/robot_dev/robot_navigator/install/robot_navigator/share/robot_navigator/package.dsv\n'}
[13.844877] (robot_navigator) StdoutLine: {'line': b'-- Installing: /home/kth/robot_dev/robot_navigator/install/robot_navigator/share/ament_index/resource_index/packages/robot_navigator\n'}
[13.844946] (robot_navigator) StdoutLine: {'line': b'-- Installing: /home/kth/robot_dev/robot_navigator/install/robot_navigator/share/robot_navigator/cmake/robot_navigatorConfig.cmake\n'}
[13.845017] (robot_navigator) StdoutLine: {'line': b'-- Installing: /home/kth/robot_dev/robot_navigator/install/robot_navigator/share/robot_navigator/cmake/robot_navigatorConfig-version.cmake\n'}
[13.845087] (robot_navigator) StdoutLine: {'line': b'-- Installing: /home/kth/robot_dev/robot_navigator/install/robot_navigator/share/robot_navigator/package.xml\n'}
[13.846265] (robot_navigator) CommandEnded: {'returncode': 0}
[13.857073] (robot_navigator) JobEnded: {'identifier': 'robot_navigator', 'rc': 0}
[13.857549] (-) EventReactorShutdown: {}
