[0.187s] Invoking command in '/home/kth/robot_dev/vicpinky_2/build/vicpinky_description': CMAKE_PREFIX_PATH=${CMAKE_PREFIX_PATH}:/home/kth/robot_dev/vicpinky_2/install/vicpinky_bringup:/opt/ros/jazzy DEBUGINFOD_URLS=https://debuginfod.ubuntu.com /usr/bin/cmake /home/kth/robot_dev/vicpinky_2/src/vic_pinky/vicpinky_description -DCMAKE_INSTALL_PREFIX=/home/kth/robot_dev/vicpinky_2/install/vicpinky_description
[0.231s] -- The C compiler identification is GNU 13.3.0
[0.274s] -- The CXX compiler identification is GNU 13.3.0
[0.288s] -- Detecting C compiler ABI info
[0.355s] -- Detecting C compiler ABI info - done
[0.370s] -- Check for working C compiler: /usr/bin/cc - skipped
[0.371s] -- Detecting C compile features
[0.371s] -- Detecting C compile features - done
[0.379s] -- Detecting CXX compiler ABI info
[0.457s] -- Detecting CXX compiler ABI info - done
[0.465s] -- Check for working CXX compiler: /usr/bin/c++ - skipped
[0.466s] -- Detecting CXX compile features
[0.466s] -- Detecting CXX compile features - done
[0.469s] -- Found ament_cmake: 2.5.4 (/opt/ros/jazzy/share/ament_cmake/cmake)
[0.598s] -- Found Python3: /usr/bin/python3 (found version "3.12.3") found components: Interpreter 
[0.713s] -- Found ament_lint_auto: 0.17.2 (/opt/ros/jazzy/share/ament_lint_auto/cmake)
[0.811s] -- Added test 'lint_cmake' to check CMake code style
[0.813s] -- Added test 'xmllint' to check XML markup files
[0.814s] -- Configuring done (0.6s)
[0.816s] -- Generating done (0.0s)
[0.818s] -- Build files have been written to: /home/kth/robot_dev/vicpinky_2/build/vicpinky_description
[0.822s] Invoked command in '/home/kth/robot_dev/vicpinky_2/build/vicpinky_description' returned '0': CMAKE_PREFIX_PATH=${CMAKE_PREFIX_PATH}:/home/kth/robot_dev/vicpinky_2/install/vicpinky_bringup:/opt/ros/jazzy DEBUGINFOD_URLS=https://debuginfod.ubuntu.com /usr/bin/cmake /home/kth/robot_dev/vicpinky_2/src/vic_pinky/vicpinky_description -DCMAKE_INSTALL_PREFIX=/home/kth/robot_dev/vicpinky_2/install/vicpinky_description
[0.824s] Invoking command in '/home/kth/robot_dev/vicpinky_2/build/vicpinky_description': CMAKE_PREFIX_PATH=${CMAKE_PREFIX_PATH}:/home/kth/robot_dev/vicpinky_2/install/vicpinky_bringup:/opt/ros/jazzy DEBUGINFOD_URLS=https://debuginfod.ubuntu.com /usr/bin/cmake --build /home/kth/robot_dev/vicpinky_2/build/vicpinky_description -- -j12 -l12
[0.854s] Invoked command in '/home/kth/robot_dev/vicpinky_2/build/vicpinky_description' returned '0': CMAKE_PREFIX_PATH=${CMAKE_PREFIX_PATH}:/home/kth/robot_dev/vicpinky_2/install/vicpinky_bringup:/opt/ros/jazzy DEBUGINFOD_URLS=https://debuginfod.ubuntu.com /usr/bin/cmake --build /home/kth/robot_dev/vicpinky_2/build/vicpinky_description -- -j12 -l12
[0.862s] Invoking command in '/home/kth/robot_dev/vicpinky_2/build/vicpinky_description': CMAKE_PREFIX_PATH=${CMAKE_PREFIX_PATH}:/home/kth/robot_dev/vicpinky_2/install/vicpinky_bringup:/opt/ros/jazzy DEBUGINFOD_URLS=https://debuginfod.ubuntu.com /usr/bin/cmake --install /home/kth/robot_dev/vicpinky_2/build/vicpinky_description
[0.868s] -- Install configuration: ""
[0.868s] -- Installing: /home/kth/robot_dev/vicpinky_2/install/vicpinky_description/share/vicpinky_description/rviz
[0.868s] -- Installing: /home/kth/robot_dev/vicpinky_2/install/vicpinky_description/share/vicpinky_description/rviz/urdf_config.rviz
[0.868s] -- Installing: /home/kth/robot_dev/vicpinky_2/install/vicpinky_description/share/vicpinky_description/urdf
[0.868s] -- Installing: /home/kth/robot_dev/vicpinky_2/install/vicpinky_description/share/vicpinky_description/urdf/robot_gazebo.xacro
[0.868s] -- Installing: /home/kth/robot_dev/vicpinky_2/install/vicpinky_description/share/vicpinky_description/urdf/lidar.xacro
[0.868s] -- Installing: /home/kth/robot_dev/vicpinky_2/install/vicpinky_description/share/vicpinky_description/urdf/robot_core.xacro
[0.868s] -- Installing: /home/kth/robot_dev/vicpinky_2/install/vicpinky_description/share/vicpinky_description/urdf/camera.xacro
[0.868s] -- Installing: /home/kth/robot_dev/vicpinky_2/install/vicpinky_description/share/vicpinky_description/urdf/robot.urdf.xacro
[0.868s] -- Installing: /home/kth/robot_dev/vicpinky_2/install/vicpinky_description/share/vicpinky_description/urdf/inertial_macros.xacro
[0.868s] -- Installing: /home/kth/robot_dev/vicpinky_2/install/vicpinky_description/share/vicpinky_description/urdf/gazebo_control.xacro
[0.868s] -- Installing: /home/kth/robot_dev/vicpinky_2/install/vicpinky_description/share/vicpinky_description/launch
[0.869s] -- Installing: /home/kth/robot_dev/vicpinky_2/install/vicpinky_description/share/vicpinky_description/launch/display.launch.xml
[0.869s] -- Installing: /home/kth/robot_dev/vicpinky_2/install/vicpinky_description/share/vicpinky_description/launch/upload.launch.xml
[0.869s] -- Installing: /home/kth/robot_dev/vicpinky_2/install/vicpinky_description/share/vicpinky_description/meshes
[0.869s] -- Installing: /home/kth/robot_dev/vicpinky_2/install/vicpinky_description/share/vicpinky_description/meshes/collision
[0.869s] -- Installing: /home/kth/robot_dev/vicpinky_2/install/vicpinky_description/share/vicpinky_description/meshes/collision/lidar.stl
[0.869s] -- Installing: /home/kth/robot_dev/vicpinky_2/install/vicpinky_description/share/vicpinky_description/meshes/visual
[0.869s] -- Installing: /home/kth/robot_dev/vicpinky_2/install/vicpinky_description/share/vicpinky_description/meshes/visual/lidar.dae
[0.871s] -- Installing: /home/kth/robot_dev/vicpinky_2/install/vicpinky_description/share/ament_index/resource_index/package_run_dependencies/vicpinky_description
[0.871s] -- Installing: /home/kth/robot_dev/vicpinky_2/install/vicpinky_description/share/ament_index/resource_index/parent_prefix_path/vicpinky_description
[0.871s] -- Installing: /home/kth/robot_dev/vicpinky_2/install/vicpinky_description/share/vicpinky_description/environment/ament_prefix_path.sh
[0.871s] -- Installing: /home/kth/robot_dev/vicpinky_2/install/vicpinky_description/share/vicpinky_description/environment/ament_prefix_path.dsv
[0.871s] -- Installing: /home/kth/robot_dev/vicpinky_2/install/vicpinky_description/share/vicpinky_description/environment/path.sh
[0.871s] -- Installing: /home/kth/robot_dev/vicpinky_2/install/vicpinky_description/share/vicpinky_description/environment/path.dsv
[0.871s] -- Installing: /home/kth/robot_dev/vicpinky_2/install/vicpinky_description/share/vicpinky_description/local_setup.bash
[0.871s] -- Installing: /home/kth/robot_dev/vicpinky_2/install/vicpinky_description/share/vicpinky_description/local_setup.sh
[0.872s] -- Installing: /home/kth/robot_dev/vicpinky_2/install/vicpinky_description/share/vicpinky_description/local_setup.zsh
[0.872s] -- Installing: /home/kth/robot_dev/vicpinky_2/install/vicpinky_description/share/vicpinky_description/local_setup.dsv
[0.872s] -- Installing: /home/kth/robot_dev/vicpinky_2/install/vicpinky_description/share/vicpinky_description/package.dsv
[0.872s] -- Installing: /home/kth/robot_dev/vicpinky_2/install/vicpinky_description/share/ament_index/resource_index/packages/vicpinky_description
[0.872s] -- Installing: /home/kth/robot_dev/vicpinky_2/install/vicpinky_description/share/vicpinky_description/cmake/vicpinky_descriptionConfig.cmake
[0.872s] -- Installing: /home/kth/robot_dev/vicpinky_2/install/vicpinky_description/share/vicpinky_description/cmake/vicpinky_descriptionConfig-version.cmake
[0.872s] -- Installing: /home/kth/robot_dev/vicpinky_2/install/vicpinky_description/share/vicpinky_description/package.xml
[0.875s] Invoked command in '/home/kth/robot_dev/vicpinky_2/build/vicpinky_description' returned '0': CMAKE_PREFIX_PATH=${CMAKE_PREFIX_PATH}:/home/kth/robot_dev/vicpinky_2/install/vicpinky_bringup:/opt/ros/jazzy DEBUGINFOD_URLS=https://debuginfod.ubuntu.com /usr/bin/cmake --install /home/kth/robot_dev/vicpinky_2/build/vicpinky_description
