running egg_info
creating ../../../build/vicpinky_bringup/vicpinky_bringup.egg-info
writing ../../../build/vicpinky_bringup/vicpinky_bringup.egg-info/PKG-INFO
writing dependency_links to ../../../build/vicpinky_bringup/vicpinky_bringup.egg-info/dependency_links.txt
writing entry points to ../../../build/vicpinky_bringup/vicpinky_bringup.egg-info/entry_points.txt
writing requirements to ../../../build/vicpinky_bringup/vicpinky_bringup.egg-info/requires.txt
writing top-level names to ../../../build/vicpinky_bringup/vicpinky_bringup.egg-info/top_level.txt
writing manifest file '../../../build/vicpinky_bringup/vicpinky_bringup.egg-info/SOURCES.txt'
reading manifest file '../../../build/vicpinky_bringup/vicpinky_bringup.egg-info/SOURCES.txt'
writing manifest file '../../../build/vicpinky_bringup/vicpinky_bringup.egg-info/SOURCES.txt'
running build
running build_py
creating /home/kth/robot_dev/vicpinky_2/build/vicpinky_bringup/build
creating /home/kth/robot_dev/vicpinky_2/build/vicpinky_bringup/build/lib
creating /home/kth/robot_dev/vicpinky_2/build/vicpinky_bringup/build/lib/vicpinky_bringup
copying vicpinky_bringup/bringup.py -> /home/kth/robot_dev/vicpinky_2/build/vicpinky_bringup/build/lib/vicpinky_bringup
copying vicpinky_bringup/zlac_driver.py -> /home/kth/robot_dev/vicpinky_2/build/vicpinky_bringup/build/lib/vicpinky_bringup
copying vicpinky_bringup/__init__.py -> /home/kth/robot_dev/vicpinky_2/build/vicpinky_bringup/build/lib/vicpinky_bringup
running install
running install_lib
creating /home/kth/robot_dev/vicpinky_2/install/vicpinky_bringup/lib/python3.12/site-packages/vicpinky_bringup
copying /home/kth/robot_dev/vicpinky_2/build/vicpinky_bringup/build/lib/vicpinky_bringup/bringup.py -> /home/kth/robot_dev/vicpinky_2/install/vicpinky_bringup/lib/python3.12/site-packages/vicpinky_bringup
copying /home/kth/robot_dev/vicpinky_2/build/vicpinky_bringup/build/lib/vicpinky_bringup/zlac_driver.py -> /home/kth/robot_dev/vicpinky_2/install/vicpinky_bringup/lib/python3.12/site-packages/vicpinky_bringup
copying /home/kth/robot_dev/vicpinky_2/build/vicpinky_bringup/build/lib/vicpinky_bringup/__init__.py -> /home/kth/robot_dev/vicpinky_2/install/vicpinky_bringup/lib/python3.12/site-packages/vicpinky_bringup
byte-compiling /home/kth/robot_dev/vicpinky_2/install/vicpinky_bringup/lib/python3.12/site-packages/vicpinky_bringup/bringup.py to bringup.cpython-312.pyc
byte-compiling /home/kth/robot_dev/vicpinky_2/install/vicpinky_bringup/lib/python3.12/site-packages/vicpinky_bringup/zlac_driver.py to zlac_driver.cpython-312.pyc
byte-compiling /home/kth/robot_dev/vicpinky_2/install/vicpinky_bringup/lib/python3.12/site-packages/vicpinky_bringup/__init__.py to __init__.cpython-312.pyc
running install_data
creating /home/kth/robot_dev/vicpinky_2/install/vicpinky_bringup/share/ament_index
creating /home/kth/robot_dev/vicpinky_2/install/vicpinky_bringup/share/ament_index/resource_index
creating /home/kth/robot_dev/vicpinky_2/install/vicpinky_bringup/share/ament_index/resource_index/packages
copying resource/vicpinky_bringup -> /home/kth/robot_dev/vicpinky_2/install/vicpinky_bringup/share/ament_index/resource_index/packages
copying package.xml -> /home/kth/robot_dev/vicpinky_2/install/vicpinky_bringup/share/vicpinky_bringup
creating /home/kth/robot_dev/vicpinky_2/install/vicpinky_bringup/share/vicpinky_bringup/launch
copying launch/bringup.launch.xml -> /home/kth/robot_dev/vicpinky_2/install/vicpinky_bringup/share/vicpinky_bringup/launch
copying launch/gazebo_bringup.launch.xml -> /home/kth/robot_dev/vicpinky_2/install/vicpinky_bringup/share/vicpinky_bringup/launch
copying launch/gazebo_multi_spwan.launch.xml -> /home/kth/robot_dev/vicpinky_2/install/vicpinky_bringup/share/vicpinky_bringup/launch
creating /home/kth/robot_dev/vicpinky_2/install/vicpinky_bringup/share/vicpinky_bringup/config
copying config/laser_filter.yaml -> /home/kth/robot_dev/vicpinky_2/install/vicpinky_bringup/share/vicpinky_bringup/config
running install_egg_info
Copying ../../../build/vicpinky_bringup/vicpinky_bringup.egg-info to /home/kth/robot_dev/vicpinky_2/install/vicpinky_bringup/lib/python3.12/site-packages/vicpinky_bringup-0.0.0-py3.12.egg-info
running install_scripts
Installing bringup script to /home/kth/robot_dev/vicpinky_2/install/vicpinky_bringup/lib/vicpinky_bringup
writing list of installed files to '/home/kth/robot_dev/vicpinky_2/build/vicpinky_bringup/install.log'
