[0.833s] Invoking command in '/home/kth/robot_dev/vicpinky_2/src/vic_pinky/vicpinky_bringup': DEBUGINFOD_URLS=https://debuginfod.ubuntu.com PYTHONPATH=/home/kth/robot_dev/vicpinky_2/build/vicpinky_bringup/prefix_override:/usr/lib/python3/dist-packages/colcon_core/task/python/colcon_distutils_commands:/home/kth/robot_dev/vicpinky_2/install/vicpinky_bringup/lib/python3.12/site-packages:${PYTHONPATH} /usr/bin/python3 -W ignore:setup.py install is deprecated -W ignore:easy_install command is deprecated setup.py egg_info --egg-base ../../../build/vicpinky_bringup build --build-base /home/kth/robot_dev/vicpinky_2/build/vicpinky_bringup/build install --record /home/kth/robot_dev/vicpinky_2/build/vicpinky_bringup/install.log --single-version-externally-managed install_data
[1.094s] running egg_info
[1.095s] creating ../../../build/vicpinky_bringup/vicpinky_bringup.egg-info
[1.116s] writing ../../../build/vicpinky_bringup/vicpinky_bringup.egg-info/PKG-INFO
[1.116s] writing dependency_links to ../../../build/vicpinky_bringup/vicpinky_bringup.egg-info/dependency_links.txt
[1.116s] writing entry points to ../../../build/vicpinky_bringup/vicpinky_bringup.egg-info/entry_points.txt
[1.116s] writing requirements to ../../../build/vicpinky_bringup/vicpinky_bringup.egg-info/requires.txt
[1.116s] writing top-level names to ../../../build/vicpinky_bringup/vicpinky_bringup.egg-info/top_level.txt
[1.116s] writing manifest file '../../../build/vicpinky_bringup/vicpinky_bringup.egg-info/SOURCES.txt'
[1.156s] reading manifest file '../../../build/vicpinky_bringup/vicpinky_bringup.egg-info/SOURCES.txt'
[1.157s] writing manifest file '../../../build/vicpinky_bringup/vicpinky_bringup.egg-info/SOURCES.txt'
[1.157s] running build
[1.157s] running build_py
[1.157s] creating /home/kth/robot_dev/vicpinky_2/build/vicpinky_bringup/build
[1.157s] creating /home/kth/robot_dev/vicpinky_2/build/vicpinky_bringup/build/lib
[1.157s] creating /home/kth/robot_dev/vicpinky_2/build/vicpinky_bringup/build/lib/vicpinky_bringup
[1.157s] copying vicpinky_bringup/bringup.py -> /home/kth/robot_dev/vicpinky_2/build/vicpinky_bringup/build/lib/vicpinky_bringup
[1.157s] copying vicpinky_bringup/zlac_driver.py -> /home/kth/robot_dev/vicpinky_2/build/vicpinky_bringup/build/lib/vicpinky_bringup
[1.158s] copying vicpinky_bringup/__init__.py -> /home/kth/robot_dev/vicpinky_2/build/vicpinky_bringup/build/lib/vicpinky_bringup
[1.158s] running install
[1.163s] running install_lib
[1.183s] creating /home/kth/robot_dev/vicpinky_2/install/vicpinky_bringup/lib/python3.12/site-packages/vicpinky_bringup
[1.183s] copying /home/kth/robot_dev/vicpinky_2/build/vicpinky_bringup/build/lib/vicpinky_bringup/bringup.py -> /home/kth/robot_dev/vicpinky_2/install/vicpinky_bringup/lib/python3.12/site-packages/vicpinky_bringup
[1.183s] copying /home/kth/robot_dev/vicpinky_2/build/vicpinky_bringup/build/lib/vicpinky_bringup/zlac_driver.py -> /home/kth/robot_dev/vicpinky_2/install/vicpinky_bringup/lib/python3.12/site-packages/vicpinky_bringup
[1.183s] copying /home/kth/robot_dev/vicpinky_2/build/vicpinky_bringup/build/lib/vicpinky_bringup/__init__.py -> /home/kth/robot_dev/vicpinky_2/install/vicpinky_bringup/lib/python3.12/site-packages/vicpinky_bringup
[1.184s] byte-compiling /home/kth/robot_dev/vicpinky_2/install/vicpinky_bringup/lib/python3.12/site-packages/vicpinky_bringup/bringup.py to bringup.cpython-312.pyc
[1.185s] byte-compiling /home/kth/robot_dev/vicpinky_2/install/vicpinky_bringup/lib/python3.12/site-packages/vicpinky_bringup/zlac_driver.py to zlac_driver.cpython-312.pyc
[1.186s] byte-compiling /home/kth/robot_dev/vicpinky_2/install/vicpinky_bringup/lib/python3.12/site-packages/vicpinky_bringup/__init__.py to __init__.cpython-312.pyc
[1.187s] running install_data
[1.187s] creating /home/kth/robot_dev/vicpinky_2/install/vicpinky_bringup/share/ament_index
[1.187s] creating /home/kth/robot_dev/vicpinky_2/install/vicpinky_bringup/share/ament_index/resource_index
[1.187s] creating /home/kth/robot_dev/vicpinky_2/install/vicpinky_bringup/share/ament_index/resource_index/packages
[1.187s] copying resource/vicpinky_bringup -> /home/kth/robot_dev/vicpinky_2/install/vicpinky_bringup/share/ament_index/resource_index/packages
[1.187s] copying package.xml -> /home/kth/robot_dev/vicpinky_2/install/vicpinky_bringup/share/vicpinky_bringup
[1.187s] creating /home/kth/robot_dev/vicpinky_2/install/vicpinky_bringup/share/vicpinky_bringup/launch
[1.188s] copying launch/bringup.launch.xml -> /home/kth/robot_dev/vicpinky_2/install/vicpinky_bringup/share/vicpinky_bringup/launch
[1.188s] copying launch/gazebo_bringup.launch.xml -> /home/kth/robot_dev/vicpinky_2/install/vicpinky_bringup/share/vicpinky_bringup/launch
[1.188s] copying launch/gazebo_multi_spwan.launch.xml -> /home/kth/robot_dev/vicpinky_2/install/vicpinky_bringup/share/vicpinky_bringup/launch
[1.188s] creating /home/kth/robot_dev/vicpinky_2/install/vicpinky_bringup/share/vicpinky_bringup/config
[1.188s] copying config/laser_filter.yaml -> /home/kth/robot_dev/vicpinky_2/install/vicpinky_bringup/share/vicpinky_bringup/config
[1.188s] running install_egg_info
[1.211s] Copying ../../../build/vicpinky_bringup/vicpinky_bringup.egg-info to /home/kth/robot_dev/vicpinky_2/install/vicpinky_bringup/lib/python3.12/site-packages/vicpinky_bringup-0.0.0-py3.12.egg-info
[1.212s] running install_scripts
[1.334s] Installing bringup script to /home/kth/robot_dev/vicpinky_2/install/vicpinky_bringup/lib/vicpinky_bringup
[1.335s] writing list of installed files to '/home/kth/robot_dev/vicpinky_2/build/vicpinky_bringup/install.log'
[1.356s] Invoked command in '/home/kth/robot_dev/vicpinky_2/src/vic_pinky/vicpinky_bringup' returned '0': DEBUGINFOD_URLS=https://debuginfod.ubuntu.com PYTHONPATH=/home/kth/robot_dev/vicpinky_2/build/vicpinky_bringup/prefix_override:/usr/lib/python3/dist-packages/colcon_core/task/python/colcon_distutils_commands:/home/kth/robot_dev/vicpinky_2/install/vicpinky_bringup/lib/python3.12/site-packages:${PYTHONPATH} /usr/bin/python3 -W ignore:setup.py install is deprecated -W ignore:easy_install command is deprecated setup.py egg_info --egg-base ../../../build/vicpinky_bringup build --build-base /home/kth/robot_dev/vicpinky_2/build/vicpinky_bringup/build install --record /home/kth/robot_dev/vicpinky_2/build/vicpinky_bringup/install.log --single-version-externally-managed install_data
