[0.208s] DEBUG:colcon:Command line arguments: ['/usr/bin/colcon', 'build']
[0.208s] DEBUG:colcon:Parsed command line arguments: Namespace(log_base=None, log_level=None, verb_name='build', build_base='build', install_base='install', merge_install=False, symlink_install=False, test_result_base=None, continue_on_error=False, executor='parallel', parallel_workers=12, event_handlers=None, ignore_user_meta=False, metas=['./colcon.meta'], base_paths=['.'], packages_ignore=None, packages_ignore_regex=None, paths=None, packages_up_to=None, packages_up_to_regex=None, packages_above=None, packages_above_and_dependencies=None, packages_above_depth=None, packages_select_by_dep=None, packages_skip_by_dep=None, packages_skip_up_to=None, packages_select_build_failed=False, packages_skip_build_finished=False, packages_select_test_failures=False, packages_skip_test_passed=False, packages_select=None, packages_skip=None, packages_select_regex=None, packages_skip_regex=None, packages_start=None, packages_end=None, allow_overriding=[], cmake_args=None, cmake_target=None, cmake_target_skip_unavailable=False, cmake_clean_cache=False, cmake_clean_first=False, cmake_force_configure=False, ament_cmake_args=None, catkin_cmake_args=None, catkin_skip_building_tests=False, mixin_files=None, mixin=None, verb_parser=<colcon_mixin.mixin.mixin_argument.MixinArgumentDecorator object at 0x77003d6a8e60>, verb_extension=<colcon_core.verb.build.BuildVerb object at 0x77003d61ade0>, main=<bound method BuildVerb.main of <colcon_core.verb.build.BuildVerb object at 0x77003d61ade0>>, mixin_verb=('build',))
[0.253s] Level 1:colcon.colcon_core.package_discovery:discover_packages(colcon_meta) check parameters
[0.254s] Level 1:colcon.colcon_core.package_discovery:discover_packages(recursive) check parameters
[0.254s] Level 1:colcon.colcon_core.package_discovery:discover_packages(ignore) check parameters
[0.254s] Level 1:colcon.colcon_core.package_discovery:discover_packages(path) check parameters
[0.254s] Level 1:colcon.colcon_core.package_discovery:discover_packages(colcon_meta) discover
[0.254s] Level 1:colcon.colcon_core.package_discovery:discover_packages(recursive) discover
[0.254s] INFO:colcon.colcon_core.package_discovery:Crawling recursively for packages in '/home/kth/robot_dev/pinky'
[0.254s] Level 1:colcon.colcon_core.package_identification:_identify(.) by extensions ['ignore', 'ignore_ament_install']
[0.254s] Level 1:colcon.colcon_core.package_identification:_identify(.) by extension 'ignore'
[0.254s] Level 1:colcon.colcon_core.package_identification:_identify(.) by extension 'ignore_ament_install'
[0.254s] Level 1:colcon.colcon_core.package_identification:_identify(.) by extensions ['colcon_pkg']
[0.254s] Level 1:colcon.colcon_core.package_identification:_identify(.) by extension 'colcon_pkg'
[0.254s] Level 1:colcon.colcon_core.package_identification:_identify(.) by extensions ['colcon_meta']
[0.254s] Level 1:colcon.colcon_core.package_identification:_identify(.) by extension 'colcon_meta'
[0.254s] Level 1:colcon.colcon_core.package_identification:_identify(.) by extensions ['ros']
[0.254s] Level 1:colcon.colcon_core.package_identification:_identify(.) by extension 'ros'
[0.273s] Level 1:colcon.colcon_core.package_identification:_identify(.) by extensions ['cmake', 'python']
[0.273s] Level 1:colcon.colcon_core.package_identification:_identify(.) by extension 'cmake'
[0.273s] Level 1:colcon.colcon_core.package_identification:_identify(.) by extension 'python'
[0.273s] Level 1:colcon.colcon_core.package_identification:_identify(.) by extensions ['python_setup_py']
[0.273s] Level 1:colcon.colcon_core.package_identification:_identify(.) by extension 'python_setup_py'
[0.273s] Level 1:colcon.colcon_core.package_identification:_identify(build) by extensions ['ignore', 'ignore_ament_install']
[0.273s] Level 1:colcon.colcon_core.package_identification:_identify(build) by extension 'ignore'
[0.273s] Level 1:colcon.colcon_core.package_identification:_identify(build) ignored
[0.273s] Level 1:colcon.colcon_core.package_identification:_identify(install) by extensions ['ignore', 'ignore_ament_install']
[0.273s] Level 1:colcon.colcon_core.package_identification:_identify(install) by extension 'ignore'
[0.273s] Level 1:colcon.colcon_core.package_identification:_identify(install) ignored
[0.273s] Level 1:colcon.colcon_core.package_identification:_identify(log) by extensions ['ignore', 'ignore_ament_install']
[0.273s] Level 1:colcon.colcon_core.package_identification:_identify(log) by extension 'ignore'
[0.273s] Level 1:colcon.colcon_core.package_identification:_identify(log) ignored
[0.273s] Level 1:colcon.colcon_core.package_identification:_identify(src) by extensions ['ignore', 'ignore_ament_install']
[0.273s] Level 1:colcon.colcon_core.package_identification:_identify(src) by extension 'ignore'
[0.273s] Level 1:colcon.colcon_core.package_identification:_identify(src) by extension 'ignore_ament_install'
[0.273s] Level 1:colcon.colcon_core.package_identification:_identify(src) by extensions ['colcon_pkg']
[0.273s] Level 1:colcon.colcon_core.package_identification:_identify(src) by extension 'colcon_pkg'
[0.273s] Level 1:colcon.colcon_core.package_identification:_identify(src) by extensions ['colcon_meta']
[0.273s] Level 1:colcon.colcon_core.package_identification:_identify(src) by extension 'colcon_meta'
[0.273s] Level 1:colcon.colcon_core.package_identification:_identify(src) by extensions ['ros']
[0.274s] Level 1:colcon.colcon_core.package_identification:_identify(src) by extension 'ros'
[0.274s] Level 1:colcon.colcon_core.package_identification:_identify(src) by extensions ['cmake', 'python']
[0.274s] Level 1:colcon.colcon_core.package_identification:_identify(src) by extension 'cmake'
[0.274s] Level 1:colcon.colcon_core.package_identification:_identify(src) by extension 'python'
[0.274s] Level 1:colcon.colcon_core.package_identification:_identify(src) by extensions ['python_setup_py']
[0.274s] Level 1:colcon.colcon_core.package_identification:_identify(src) by extension 'python_setup_py'
[0.274s] Level 1:colcon.colcon_core.package_identification:_identify(src/pinky_for_edu) by extensions ['ignore', 'ignore_ament_install']
[0.274s] Level 1:colcon.colcon_core.package_identification:_identify(src/pinky_for_edu) by extension 'ignore'
[0.274s] Level 1:colcon.colcon_core.package_identification:_identify(src/pinky_for_edu) by extension 'ignore_ament_install'
[0.274s] Level 1:colcon.colcon_core.package_identification:_identify(src/pinky_for_edu) by extensions ['colcon_pkg']
[0.274s] Level 1:colcon.colcon_core.package_identification:_identify(src/pinky_for_edu) by extension 'colcon_pkg'
[0.274s] Level 1:colcon.colcon_core.package_identification:_identify(src/pinky_for_edu) by extensions ['colcon_meta']
[0.274s] Level 1:colcon.colcon_core.package_identification:_identify(src/pinky_for_edu) by extension 'colcon_meta'
[0.274s] Level 1:colcon.colcon_core.package_identification:_identify(src/pinky_for_edu) by extensions ['ros']
[0.274s] Level 1:colcon.colcon_core.package_identification:_identify(src/pinky_for_edu) by extension 'ros'
[0.274s] Level 1:colcon.colcon_core.package_identification:_identify(src/pinky_for_edu) by extensions ['cmake', 'python']
[0.274s] Level 1:colcon.colcon_core.package_identification:_identify(src/pinky_for_edu) by extension 'cmake'
[0.274s] Level 1:colcon.colcon_core.package_identification:_identify(src/pinky_for_edu) by extension 'python'
[0.274s] Level 1:colcon.colcon_core.package_identification:_identify(src/pinky_for_edu) by extensions ['python_setup_py']
[0.274s] Level 1:colcon.colcon_core.package_identification:_identify(src/pinky_for_edu) by extension 'python_setup_py'
[0.274s] Level 1:colcon.colcon_core.package_identification:_identify(src/pinky_for_edu/pinky_description) by extensions ['ignore', 'ignore_ament_install']
[0.274s] Level 1:colcon.colcon_core.package_identification:_identify(src/pinky_for_edu/pinky_description) by extension 'ignore'
[0.274s] Level 1:colcon.colcon_core.package_identification:_identify(src/pinky_for_edu/pinky_description) by extension 'ignore_ament_install'
[0.274s] Level 1:colcon.colcon_core.package_identification:_identify(src/pinky_for_edu/pinky_description) by extensions ['colcon_pkg']
[0.274s] Level 1:colcon.colcon_core.package_identification:_identify(src/pinky_for_edu/pinky_description) by extension 'colcon_pkg'
[0.274s] Level 1:colcon.colcon_core.package_identification:_identify(src/pinky_for_edu/pinky_description) by extensions ['colcon_meta']
[0.275s] Level 1:colcon.colcon_core.package_identification:_identify(src/pinky_for_edu/pinky_description) by extension 'colcon_meta'
[0.275s] Level 1:colcon.colcon_core.package_identification:_identify(src/pinky_for_edu/pinky_description) by extensions ['ros']
[0.275s] Level 1:colcon.colcon_core.package_identification:_identify(src/pinky_for_edu/pinky_description) by extension 'ros'
[0.277s] DEBUG:colcon.colcon_core.package_identification:Package 'src/pinky_for_edu/pinky_description' with type 'ros.ament_cmake' and name 'pinky_description'
[0.277s] Level 1:colcon.colcon_core.package_identification:_identify(src/pinky_for_edu/pinky_gazebo) by extensions ['ignore', 'ignore_ament_install']
[0.277s] Level 1:colcon.colcon_core.package_identification:_identify(src/pinky_for_edu/pinky_gazebo) by extension 'ignore'
[0.277s] Level 1:colcon.colcon_core.package_identification:_identify(src/pinky_for_edu/pinky_gazebo) by extension 'ignore_ament_install'
[0.277s] Level 1:colcon.colcon_core.package_identification:_identify(src/pinky_for_edu/pinky_gazebo) by extensions ['colcon_pkg']
[0.277s] Level 1:colcon.colcon_core.package_identification:_identify(src/pinky_for_edu/pinky_gazebo) by extension 'colcon_pkg'
[0.277s] Level 1:colcon.colcon_core.package_identification:_identify(src/pinky_for_edu/pinky_gazebo) by extensions ['colcon_meta']
[0.277s] Level 1:colcon.colcon_core.package_identification:_identify(src/pinky_for_edu/pinky_gazebo) by extension 'colcon_meta'
[0.277s] Level 1:colcon.colcon_core.package_identification:_identify(src/pinky_for_edu/pinky_gazebo) by extensions ['ros']
[0.277s] Level 1:colcon.colcon_core.package_identification:_identify(src/pinky_for_edu/pinky_gazebo) by extension 'ros'
[0.278s] DEBUG:colcon.colcon_core.package_identification:Package 'src/pinky_for_edu/pinky_gazebo' with type 'ros.ament_cmake' and name 'pinky_gazebo'
[0.278s] Level 1:colcon.colcon_core.package_identification:_identify(src/pinky_for_edu/pinky_navigation) by extensions ['ignore', 'ignore_ament_install']
[0.278s] Level 1:colcon.colcon_core.package_identification:_identify(src/pinky_for_edu/pinky_navigation) by extension 'ignore'
[0.278s] Level 1:colcon.colcon_core.package_identification:_identify(src/pinky_for_edu/pinky_navigation) by extension 'ignore_ament_install'
[0.278s] Level 1:colcon.colcon_core.package_identification:_identify(src/pinky_for_edu/pinky_navigation) by extensions ['colcon_pkg']
[0.278s] Level 1:colcon.colcon_core.package_identification:_identify(src/pinky_for_edu/pinky_navigation) by extension 'colcon_pkg'
[0.278s] Level 1:colcon.colcon_core.package_identification:_identify(src/pinky_for_edu/pinky_navigation) by extensions ['colcon_meta']
[0.278s] Level 1:colcon.colcon_core.package_identification:_identify(src/pinky_for_edu/pinky_navigation) by extension 'colcon_meta'
[0.278s] Level 1:colcon.colcon_core.package_identification:_identify(src/pinky_for_edu/pinky_navigation) by extensions ['ros']
[0.278s] Level 1:colcon.colcon_core.package_identification:_identify(src/pinky_for_edu/pinky_navigation) by extension 'ros'
[0.278s] DEBUG:colcon.colcon_core.package_identification:Package 'src/pinky_for_edu/pinky_navigation' with type 'ros.ament_cmake' and name 'pinky_navigation'
[0.278s] Level 1:colcon.colcon_core.package_discovery:discover_packages(recursive) using defaults
[0.279s] Level 1:colcon.colcon_core.package_discovery:discover_packages(ignore) discover
[0.279s] Level 1:colcon.colcon_core.package_discovery:discover_packages(ignore) using defaults
[0.279s] Level 1:colcon.colcon_core.package_discovery:discover_packages(path) discover
[0.279s] Level 1:colcon.colcon_core.package_discovery:discover_packages(path) using defaults
[0.298s] Level 1:colcon.colcon_core.package_discovery:discover_packages(prefix_path) check parameters
[0.298s] Level 1:colcon.colcon_core.package_discovery:discover_packages(prefix_path) discover
[0.301s] DEBUG:colcon.colcon_installed_package_information.package_discovery:Found 322 installed packages in /opt/ros/jazzy
[0.302s] Level 1:colcon.colcon_core.package_discovery:discover_packages(prefix_path) using defaults
[0.337s] Level 5:colcon.colcon_core.verb:set package 'pinky_description' build argument 'cmake_args' from command line to 'None'
[0.337s] Level 5:colcon.colcon_core.verb:set package 'pinky_description' build argument 'cmake_target' from command line to 'None'
[0.337s] Level 5:colcon.colcon_core.verb:set package 'pinky_description' build argument 'cmake_target_skip_unavailable' from command line to 'False'
[0.337s] Level 5:colcon.colcon_core.verb:set package 'pinky_description' build argument 'cmake_clean_cache' from command line to 'False'
[0.337s] Level 5:colcon.colcon_core.verb:set package 'pinky_description' build argument 'cmake_clean_first' from command line to 'False'
[0.337s] Level 5:colcon.colcon_core.verb:set package 'pinky_description' build argument 'cmake_force_configure' from command line to 'False'
[0.337s] Level 5:colcon.colcon_core.verb:set package 'pinky_description' build argument 'ament_cmake_args' from command line to 'None'
[0.337s] Level 5:colcon.colcon_core.verb:set package 'pinky_description' build argument 'catkin_cmake_args' from command line to 'None'
[0.337s] Level 5:colcon.colcon_core.verb:set package 'pinky_description' build argument 'catkin_skip_building_tests' from command line to 'False'
[0.337s] DEBUG:colcon.colcon_core.verb:Building package 'pinky_description' with the following arguments: {'ament_cmake_args': None, 'build_base': '/home/kth/robot_dev/pinky/build/pinky_description', 'catkin_cmake_args': None, 'catkin_skip_building_tests': False, 'cmake_args': None, 'cmake_clean_cache': False, 'cmake_clean_first': False, 'cmake_force_configure': False, 'cmake_target': None, 'cmake_target_skip_unavailable': False, 'install_base': '/home/kth/robot_dev/pinky/install/pinky_description', 'merge_install': False, 'path': '/home/kth/robot_dev/pinky/src/pinky_for_edu/pinky_description', 'symlink_install': False, 'test_result_base': None}
[0.337s] Level 5:colcon.colcon_core.verb:set package 'pinky_navigation' build argument 'cmake_args' from command line to 'None'
[0.337s] Level 5:colcon.colcon_core.verb:set package 'pinky_navigation' build argument 'cmake_target' from command line to 'None'
[0.337s] Level 5:colcon.colcon_core.verb:set package 'pinky_navigation' build argument 'cmake_target_skip_unavailable' from command line to 'False'
[0.337s] Level 5:colcon.colcon_core.verb:set package 'pinky_navigation' build argument 'cmake_clean_cache' from command line to 'False'
[0.337s] Level 5:colcon.colcon_core.verb:set package 'pinky_navigation' build argument 'cmake_clean_first' from command line to 'False'
[0.337s] Level 5:colcon.colcon_core.verb:set package 'pinky_navigation' build argument 'cmake_force_configure' from command line to 'False'
[0.337s] Level 5:colcon.colcon_core.verb:set package 'pinky_navigation' build argument 'ament_cmake_args' from command line to 'None'
[0.337s] Level 5:colcon.colcon_core.verb:set package 'pinky_navigation' build argument 'catkin_cmake_args' from command line to 'None'
[0.337s] Level 5:colcon.colcon_core.verb:set package 'pinky_navigation' build argument 'catkin_skip_building_tests' from command line to 'False'
[0.337s] DEBUG:colcon.colcon_core.verb:Building package 'pinky_navigation' with the following arguments: {'ament_cmake_args': None, 'build_base': '/home/kth/robot_dev/pinky/build/pinky_navigation', 'catkin_cmake_args': None, 'catkin_skip_building_tests': False, 'cmake_args': None, 'cmake_clean_cache': False, 'cmake_clean_first': False, 'cmake_force_configure': False, 'cmake_target': None, 'cmake_target_skip_unavailable': False, 'install_base': '/home/kth/robot_dev/pinky/install/pinky_navigation', 'merge_install': False, 'path': '/home/kth/robot_dev/pinky/src/pinky_for_edu/pinky_navigation', 'symlink_install': False, 'test_result_base': None}
[0.338s] Level 5:colcon.colcon_core.verb:set package 'pinky_gazebo' build argument 'cmake_args' from command line to 'None'
[0.338s] Level 5:colcon.colcon_core.verb:set package 'pinky_gazebo' build argument 'cmake_target' from command line to 'None'
[0.338s] Level 5:colcon.colcon_core.verb:set package 'pinky_gazebo' build argument 'cmake_target_skip_unavailable' from command line to 'False'
[0.338s] Level 5:colcon.colcon_core.verb:set package 'pinky_gazebo' build argument 'cmake_clean_cache' from command line to 'False'
[0.338s] Level 5:colcon.colcon_core.verb:set package 'pinky_gazebo' build argument 'cmake_clean_first' from command line to 'False'
[0.338s] Level 5:colcon.colcon_core.verb:set package 'pinky_gazebo' build argument 'cmake_force_configure' from command line to 'False'
[0.338s] Level 5:colcon.colcon_core.verb:set package 'pinky_gazebo' build argument 'ament_cmake_args' from command line to 'None'
[0.338s] Level 5:colcon.colcon_core.verb:set package 'pinky_gazebo' build argument 'catkin_cmake_args' from command line to 'None'
[0.338s] Level 5:colcon.colcon_core.verb:set package 'pinky_gazebo' build argument 'catkin_skip_building_tests' from command line to 'False'
[0.338s] DEBUG:colcon.colcon_core.verb:Building package 'pinky_gazebo' with the following arguments: {'ament_cmake_args': None, 'build_base': '/home/kth/robot_dev/pinky/build/pinky_gazebo', 'catkin_cmake_args': None, 'catkin_skip_building_tests': False, 'cmake_args': None, 'cmake_clean_cache': False, 'cmake_clean_first': False, 'cmake_force_configure': False, 'cmake_target': None, 'cmake_target_skip_unavailable': False, 'install_base': '/home/kth/robot_dev/pinky/install/pinky_gazebo', 'merge_install': False, 'path': '/home/kth/robot_dev/pinky/src/pinky_for_edu/pinky_gazebo', 'symlink_install': False, 'test_result_base': None}
[0.338s] INFO:colcon.colcon_core.executor:Executing jobs using 'parallel' executor
[0.338s] DEBUG:colcon.colcon_parallel_executor.executor.parallel:run_until_complete
[0.338s] INFO:colcon.colcon_ros.task.ament_cmake.build:Building ROS package in '/home/kth/robot_dev/pinky/src/pinky_for_edu/pinky_description' with build type 'ament_cmake'
[0.338s] INFO:colcon.colcon_cmake.task.cmake.build:Building CMake package in '/home/kth/robot_dev/pinky/src/pinky_for_edu/pinky_description'
[0.343s] INFO:colcon.colcon_core.plugin_system:Skipping extension 'colcon_core.shell.bat': Not used on non-Windows systems
[0.343s] INFO:colcon.colcon_core.shell:Skip shell extension 'powershell' for command environment: Not usable outside of PowerShell
[0.343s] DEBUG:colcon.colcon_core.shell:Skip shell extension 'dsv' for command environment
[0.346s] INFO:colcon.colcon_ros.task.ament_cmake.build:Building ROS package in '/home/kth/robot_dev/pinky/src/pinky_for_edu/pinky_navigation' with build type 'ament_cmake'
[0.346s] INFO:colcon.colcon_cmake.task.cmake.build:Building CMake package in '/home/kth/robot_dev/pinky/src/pinky_for_edu/pinky_navigation'
[0.346s] INFO:colcon.colcon_core.shell:Skip shell extension 'powershell' for command environment: Not usable outside of PowerShell
[0.346s] DEBUG:colcon.colcon_core.shell:Skip shell extension 'dsv' for command environment
[0.350s] DEBUG:colcon.colcon_core.event_handler.log_command:Invoking command in '/home/kth/robot_dev/pinky/build/pinky_description': CMAKE_PREFIX_PATH=${CMAKE_PREFIX_PATH}:/opt/ros/jazzy DEBUGINFOD_URLS=https://debuginfod.ubuntu.com /usr/bin/cmake /home/kth/robot_dev/pinky/src/pinky_for_edu/pinky_description -DCMAKE_INSTALL_PREFIX=/home/kth/robot_dev/pinky/install/pinky_description
[0.360s] DEBUG:colcon.colcon_core.event_handler.log_command:Invoking command in '/home/kth/robot_dev/pinky/build/pinky_navigation': CMAKE_PREFIX_PATH=${CMAKE_PREFIX_PATH}:/opt/ros/jazzy DEBUGINFOD_URLS=https://debuginfod.ubuntu.com /usr/bin/cmake /home/kth/robot_dev/pinky/src/pinky_for_edu/pinky_navigation -DCMAKE_INSTALL_PREFIX=/home/kth/robot_dev/pinky/install/pinky_navigation
[1.102s] DEBUG:colcon.colcon_core.event_handler.log_command:Invoked command in '/home/kth/robot_dev/pinky/build/pinky_navigation' returned '0': CMAKE_PREFIX_PATH=${CMAKE_PREFIX_PATH}:/opt/ros/jazzy DEBUGINFOD_URLS=https://debuginfod.ubuntu.com /usr/bin/cmake /home/kth/robot_dev/pinky/src/pinky_for_edu/pinky_navigation -DCMAKE_INSTALL_PREFIX=/home/kth/robot_dev/pinky/install/pinky_navigation
[1.102s] DEBUG:colcon.colcon_core.event_handler.log_command:Invoking command in '/home/kth/robot_dev/pinky/build/pinky_navigation': CMAKE_PREFIX_PATH=${CMAKE_PREFIX_PATH}:/opt/ros/jazzy DEBUGINFOD_URLS=https://debuginfod.ubuntu.com /usr/bin/cmake --build /home/kth/robot_dev/pinky/build/pinky_navigation -- -j12 -l12
[1.103s] DEBUG:colcon.colcon_core.event_handler.log_command:Invoked command in '/home/kth/robot_dev/pinky/build/pinky_description' returned '0': CMAKE_PREFIX_PATH=${CMAKE_PREFIX_PATH}:/opt/ros/jazzy DEBUGINFOD_URLS=https://debuginfod.ubuntu.com /usr/bin/cmake /home/kth/robot_dev/pinky/src/pinky_for_edu/pinky_description -DCMAKE_INSTALL_PREFIX=/home/kth/robot_dev/pinky/install/pinky_description
[1.104s] DEBUG:colcon.colcon_core.event_handler.log_command:Invoking command in '/home/kth/robot_dev/pinky/build/pinky_description': CMAKE_PREFIX_PATH=${CMAKE_PREFIX_PATH}:/opt/ros/jazzy DEBUGINFOD_URLS=https://debuginfod.ubuntu.com /usr/bin/cmake --build /home/kth/robot_dev/pinky/build/pinky_description -- -j12 -l12
[1.132s] DEBUG:colcon.colcon_core.event_handler.log_command:Invoked command in '/home/kth/robot_dev/pinky/build/pinky_description' returned '0': CMAKE_PREFIX_PATH=${CMAKE_PREFIX_PATH}:/opt/ros/jazzy DEBUGINFOD_URLS=https://debuginfod.ubuntu.com /usr/bin/cmake --build /home/kth/robot_dev/pinky/build/pinky_description -- -j12 -l12
[1.140s] DEBUG:colcon.colcon_core.event_handler.log_command:Invoking command in '/home/kth/robot_dev/pinky/build/pinky_description': CMAKE_PREFIX_PATH=${CMAKE_PREFIX_PATH}:/opt/ros/jazzy DEBUGINFOD_URLS=https://debuginfod.ubuntu.com /usr/bin/cmake --install /home/kth/robot_dev/pinky/build/pinky_description
[1.140s] DEBUG:colcon.colcon_core.event_handler.log_command:Invoked command in '/home/kth/robot_dev/pinky/build/pinky_navigation' returned '0': CMAKE_PREFIX_PATH=${CMAKE_PREFIX_PATH}:/opt/ros/jazzy DEBUGINFOD_URLS=https://debuginfod.ubuntu.com /usr/bin/cmake --build /home/kth/robot_dev/pinky/build/pinky_navigation -- -j12 -l12
[1.141s] DEBUG:colcon.colcon_core.event_handler.log_command:Invoking command in '/home/kth/robot_dev/pinky/build/pinky_navigation': CMAKE_PREFIX_PATH=${CMAKE_PREFIX_PATH}:/opt/ros/jazzy DEBUGINFOD_URLS=https://debuginfod.ubuntu.com /usr/bin/cmake --install /home/kth/robot_dev/pinky/build/pinky_navigation
[1.151s] Level 1:colcon.colcon_core.environment:create_environment_scripts_only(pinky_navigation)
[1.151s] DEBUG:colcon.colcon_core.event_handler.log_command:Invoked command in '/home/kth/robot_dev/pinky/build/pinky_navigation' returned '0': CMAKE_PREFIX_PATH=${CMAKE_PREFIX_PATH}:/opt/ros/jazzy DEBUGINFOD_URLS=https://debuginfod.ubuntu.com /usr/bin/cmake --install /home/kth/robot_dev/pinky/build/pinky_navigation
[1.157s] Level 1:colcon.colcon_core.environment:checking '/home/kth/robot_dev/pinky/install/pinky_navigation' for CMake module files
[1.158s] Level 1:colcon.colcon_core.environment:checking '/home/kth/robot_dev/pinky/install/pinky_navigation' for CMake config files
[1.158s] Level 1:colcon.colcon_core.shell:create_environment_hook('pinky_navigation', 'cmake_prefix_path')
[1.158s] INFO:colcon.colcon_core.shell:Creating environment hook '/home/kth/robot_dev/pinky/install/pinky_navigation/share/pinky_navigation/hook/cmake_prefix_path.ps1'
[1.159s] INFO:colcon.colcon_core.shell:Creating environment descriptor '/home/kth/robot_dev/pinky/install/pinky_navigation/share/pinky_navigation/hook/cmake_prefix_path.dsv'
[1.159s] INFO:colcon.colcon_core.shell:Creating environment hook '/home/kth/robot_dev/pinky/install/pinky_navigation/share/pinky_navigation/hook/cmake_prefix_path.sh'
[1.161s] Level 1:colcon.colcon_core.environment:checking '/home/kth/robot_dev/pinky/install/pinky_navigation/bin'
[1.161s] Level 1:colcon.colcon_core.environment:checking '/home/kth/robot_dev/pinky/install/pinky_navigation/lib/pkgconfig/pinky_navigation.pc'
[1.161s] Level 1:colcon.colcon_core.environment:checking '/home/kth/robot_dev/pinky/install/pinky_navigation/lib/python3.12/site-packages'
[1.161s] Level 1:colcon.colcon_core.environment:checking '/home/kth/robot_dev/pinky/install/pinky_navigation/bin'
[1.162s] INFO:colcon.colcon_core.shell:Creating package script '/home/kth/robot_dev/pinky/install/pinky_navigation/share/pinky_navigation/package.ps1'
[1.162s] INFO:colcon.colcon_core.shell:Creating package descriptor '/home/kth/robot_dev/pinky/install/pinky_navigation/share/pinky_navigation/package.dsv'
[1.163s] INFO:colcon.colcon_core.shell:Creating package script '/home/kth/robot_dev/pinky/install/pinky_navigation/share/pinky_navigation/package.sh'
[1.163s] INFO:colcon.colcon_core.shell:Creating package script '/home/kth/robot_dev/pinky/install/pinky_navigation/share/pinky_navigation/package.bash'
[1.164s] INFO:colcon.colcon_core.shell:Creating package script '/home/kth/robot_dev/pinky/install/pinky_navigation/share/pinky_navigation/package.zsh'
[1.164s] Level 1:colcon.colcon_core.environment:create_file_with_runtime_dependencies(/home/kth/robot_dev/pinky/install/pinky_navigation/share/colcon-core/packages/pinky_navigation)
[1.165s] Level 1:colcon.colcon_core.environment:create_environment_scripts_only(pinky_navigation)
[1.165s] Level 1:colcon.colcon_core.environment:checking '/home/kth/robot_dev/pinky/install/pinky_navigation' for CMake module files
[1.165s] Level 1:colcon.colcon_core.environment:checking '/home/kth/robot_dev/pinky/install/pinky_navigation' for CMake config files
[1.166s] Level 1:colcon.colcon_core.shell:create_environment_hook('pinky_navigation', 'cmake_prefix_path')
[1.166s] INFO:colcon.colcon_core.shell:Creating environment hook '/home/kth/robot_dev/pinky/install/pinky_navigation/share/pinky_navigation/hook/cmake_prefix_path.ps1'
[1.166s] INFO:colcon.colcon_core.shell:Creating environment descriptor '/home/kth/robot_dev/pinky/install/pinky_navigation/share/pinky_navigation/hook/cmake_prefix_path.dsv'
[1.166s] INFO:colcon.colcon_core.shell:Creating environment hook '/home/kth/robot_dev/pinky/install/pinky_navigation/share/pinky_navigation/hook/cmake_prefix_path.sh'
[1.167s] Level 1:colcon.colcon_core.environment:checking '/home/kth/robot_dev/pinky/install/pinky_navigation/bin'
[1.167s] Level 1:colcon.colcon_core.environment:checking '/home/kth/robot_dev/pinky/install/pinky_navigation/lib/pkgconfig/pinky_navigation.pc'
[1.167s] Level 1:colcon.colcon_core.environment:checking '/home/kth/robot_dev/pinky/install/pinky_navigation/lib/python3.12/site-packages'
[1.167s] Level 1:colcon.colcon_core.environment:checking '/home/kth/robot_dev/pinky/install/pinky_navigation/bin'
[1.167s] INFO:colcon.colcon_core.shell:Creating package script '/home/kth/robot_dev/pinky/install/pinky_navigation/share/pinky_navigation/package.ps1'
[1.167s] INFO:colcon.colcon_core.shell:Creating package descriptor '/home/kth/robot_dev/pinky/install/pinky_navigation/share/pinky_navigation/package.dsv'
[1.168s] INFO:colcon.colcon_core.shell:Creating package script '/home/kth/robot_dev/pinky/install/pinky_navigation/share/pinky_navigation/package.sh'
[1.168s] INFO:colcon.colcon_core.shell:Creating package script '/home/kth/robot_dev/pinky/install/pinky_navigation/share/pinky_navigation/package.bash'
[1.168s] INFO:colcon.colcon_core.shell:Creating package script '/home/kth/robot_dev/pinky/install/pinky_navigation/share/pinky_navigation/package.zsh'
[1.169s] Level 1:colcon.colcon_core.environment:create_file_with_runtime_dependencies(/home/kth/robot_dev/pinky/install/pinky_navigation/share/colcon-core/packages/pinky_navigation)
[1.169s] Level 1:colcon.colcon_core.environment:create_environment_scripts_only(pinky_description)
[1.169s] Level 1:colcon.colcon_core.environment:checking '/home/kth/robot_dev/pinky/install/pinky_description' for CMake module files
[1.170s] DEBUG:colcon.colcon_core.event_handler.log_command:Invoked command in '/home/kth/robot_dev/pinky/build/pinky_description' returned '0': CMAKE_PREFIX_PATH=${CMAKE_PREFIX_PATH}:/opt/ros/jazzy DEBUGINFOD_URLS=https://debuginfod.ubuntu.com /usr/bin/cmake --install /home/kth/robot_dev/pinky/build/pinky_description
[1.170s] Level 1:colcon.colcon_core.environment:checking '/home/kth/robot_dev/pinky/install/pinky_description' for CMake config files
[1.170s] Level 1:colcon.colcon_core.shell:create_environment_hook('pinky_description', 'cmake_prefix_path')
[1.170s] INFO:colcon.colcon_core.shell:Creating environment hook '/home/kth/robot_dev/pinky/install/pinky_description/share/pinky_description/hook/cmake_prefix_path.ps1'
[1.171s] INFO:colcon.colcon_core.shell:Creating environment descriptor '/home/kth/robot_dev/pinky/install/pinky_description/share/pinky_description/hook/cmake_prefix_path.dsv'
[1.171s] INFO:colcon.colcon_core.shell:Creating environment hook '/home/kth/robot_dev/pinky/install/pinky_description/share/pinky_description/hook/cmake_prefix_path.sh'
[1.171s] Level 1:colcon.colcon_core.environment:checking '/home/kth/robot_dev/pinky/install/pinky_description/bin'
[1.171s] Level 1:colcon.colcon_core.environment:checking '/home/kth/robot_dev/pinky/install/pinky_description/lib/pkgconfig/pinky_description.pc'
[1.172s] Level 1:colcon.colcon_core.environment:checking '/home/kth/robot_dev/pinky/install/pinky_description/lib/python3.12/site-packages'
[1.172s] Level 1:colcon.colcon_core.environment:checking '/home/kth/robot_dev/pinky/install/pinky_description/bin'
[1.172s] INFO:colcon.colcon_core.shell:Creating package script '/home/kth/robot_dev/pinky/install/pinky_description/share/pinky_description/package.ps1'
[1.172s] INFO:colcon.colcon_core.shell:Creating package descriptor '/home/kth/robot_dev/pinky/install/pinky_description/share/pinky_description/package.dsv'
[1.172s] INFO:colcon.colcon_core.shell:Creating package script '/home/kth/robot_dev/pinky/install/pinky_description/share/pinky_description/package.sh'
[1.173s] INFO:colcon.colcon_core.shell:Creating package script '/home/kth/robot_dev/pinky/install/pinky_description/share/pinky_description/package.bash'
[1.173s] INFO:colcon.colcon_core.shell:Creating package script '/home/kth/robot_dev/pinky/install/pinky_description/share/pinky_description/package.zsh'
[1.173s] Level 1:colcon.colcon_core.environment:create_file_with_runtime_dependencies(/home/kth/robot_dev/pinky/install/pinky_description/share/colcon-core/packages/pinky_description)
[1.174s] Level 1:colcon.colcon_core.environment:create_environment_scripts_only(pinky_description)
[1.174s] Level 1:colcon.colcon_core.environment:checking '/home/kth/robot_dev/pinky/install/pinky_description' for CMake module files
[1.175s] Level 1:colcon.colcon_core.environment:checking '/home/kth/robot_dev/pinky/install/pinky_description' for CMake config files
[1.175s] Level 1:colcon.colcon_core.shell:create_environment_hook('pinky_description', 'cmake_prefix_path')
[1.175s] INFO:colcon.colcon_core.shell:Creating environment hook '/home/kth/robot_dev/pinky/install/pinky_description/share/pinky_description/hook/cmake_prefix_path.ps1'
[1.176s] INFO:colcon.colcon_core.shell:Creating environment descriptor '/home/kth/robot_dev/pinky/install/pinky_description/share/pinky_description/hook/cmake_prefix_path.dsv'
[1.176s] INFO:colcon.colcon_core.shell:Creating environment hook '/home/kth/robot_dev/pinky/install/pinky_description/share/pinky_description/hook/cmake_prefix_path.sh'
[1.176s] Level 1:colcon.colcon_core.environment:checking '/home/kth/robot_dev/pinky/install/pinky_description/bin'
[1.176s] Level 1:colcon.colcon_core.environment:checking '/home/kth/robot_dev/pinky/install/pinky_description/lib/pkgconfig/pinky_description.pc'
[1.176s] Level 1:colcon.colcon_core.environment:checking '/home/kth/robot_dev/pinky/install/pinky_description/lib/python3.12/site-packages'
[1.177s] Level 1:colcon.colcon_core.environment:checking '/home/kth/robot_dev/pinky/install/pinky_description/bin'
[1.177s] INFO:colcon.colcon_core.shell:Creating package script '/home/kth/robot_dev/pinky/install/pinky_description/share/pinky_description/package.ps1'
[1.177s] INFO:colcon.colcon_core.shell:Creating package descriptor '/home/kth/robot_dev/pinky/install/pinky_description/share/pinky_description/package.dsv'
[1.177s] INFO:colcon.colcon_core.shell:Creating package script '/home/kth/robot_dev/pinky/install/pinky_description/share/pinky_description/package.sh'
[1.178s] INFO:colcon.colcon_core.shell:Creating package script '/home/kth/robot_dev/pinky/install/pinky_description/share/pinky_description/package.bash'
[1.178s] INFO:colcon.colcon_core.shell:Creating package script '/home/kth/robot_dev/pinky/install/pinky_description/share/pinky_description/package.zsh'
[1.178s] Level 1:colcon.colcon_core.environment:create_file_with_runtime_dependencies(/home/kth/robot_dev/pinky/install/pinky_description/share/colcon-core/packages/pinky_description)
[1.179s] INFO:colcon.colcon_ros.task.ament_cmake.build:Building ROS package in '/home/kth/robot_dev/pinky/src/pinky_for_edu/pinky_gazebo' with build type 'ament_cmake'
[1.179s] INFO:colcon.colcon_cmake.task.cmake.build:Building CMake package in '/home/kth/robot_dev/pinky/src/pinky_for_edu/pinky_gazebo'
[1.179s] INFO:colcon.colcon_core.shell:Skip shell extension 'powershell' for command environment: Not usable outside of PowerShell
[1.179s] DEBUG:colcon.colcon_core.shell:Skip shell extension 'dsv' for command environment
[1.184s] DEBUG:colcon.colcon_core.event_handler.log_command:Invoking command in '/home/kth/robot_dev/pinky/build/pinky_gazebo': AMENT_PREFIX_PATH=/home/kth/robot_dev/pinky/install/pinky_description:${AMENT_PREFIX_PATH} CMAKE_PREFIX_PATH=/home/kth/robot_dev/pinky/install/pinky_description:/opt/ros/jazzy/opt/gz_sim_vendor:/opt/ros/jazzy/opt/gz_sensors_vendor:/opt/ros/jazzy/opt/gz_physics_vendor:/opt/ros/jazzy/opt/sdformat_vendor:/opt/ros/jazzy/opt/gz_gui_vendor:/opt/ros/jazzy/opt/gz_transport_vendor:/opt/ros/jazzy/opt/gz_rendering_vendor:/opt/ros/jazzy/opt/gz_plugin_vendor:/opt/ros/jazzy/opt/gz_fuel_tools_vendor:/opt/ros/jazzy/opt/gz_msgs_vendor:/opt/ros/jazzy/opt/gz_common_vendor:/opt/ros/jazzy/opt/gz_math_vendor:/opt/ros/jazzy/opt/gz_utils_vendor:/opt/ros/jazzy/opt/gz_tools_vendor:/opt/ros/jazzy/opt/gz_ogre_next_vendor:/opt/ros/jazzy/opt/gz_dartsim_vendor:/opt/ros/jazzy/opt/gz_cmake_vendor:/opt/ros/jazzy DEBUGINFOD_URLS=https://debuginfod.ubuntu.com /usr/bin/cmake /home/kth/robot_dev/pinky/src/pinky_for_edu/pinky_gazebo -DCMAKE_INSTALL_PREFIX=/home/kth/robot_dev/pinky/install/pinky_gazebo
[1.731s] DEBUG:colcon.colcon_core.event_handler.log_command:Invoked command in '/home/kth/robot_dev/pinky/build/pinky_gazebo' returned '0': AMENT_PREFIX_PATH=/home/kth/robot_dev/pinky/install/pinky_description:${AMENT_PREFIX_PATH} CMAKE_PREFIX_PATH=/home/kth/robot_dev/pinky/install/pinky_description:/opt/ros/jazzy/opt/gz_sim_vendor:/opt/ros/jazzy/opt/gz_sensors_vendor:/opt/ros/jazzy/opt/gz_physics_vendor:/opt/ros/jazzy/opt/sdformat_vendor:/opt/ros/jazzy/opt/gz_gui_vendor:/opt/ros/jazzy/opt/gz_transport_vendor:/opt/ros/jazzy/opt/gz_rendering_vendor:/opt/ros/jazzy/opt/gz_plugin_vendor:/opt/ros/jazzy/opt/gz_fuel_tools_vendor:/opt/ros/jazzy/opt/gz_msgs_vendor:/opt/ros/jazzy/opt/gz_common_vendor:/opt/ros/jazzy/opt/gz_math_vendor:/opt/ros/jazzy/opt/gz_utils_vendor:/opt/ros/jazzy/opt/gz_tools_vendor:/opt/ros/jazzy/opt/gz_ogre_next_vendor:/opt/ros/jazzy/opt/gz_dartsim_vendor:/opt/ros/jazzy/opt/gz_cmake_vendor:/opt/ros/jazzy DEBUGINFOD_URLS=https://debuginfod.ubuntu.com /usr/bin/cmake /home/kth/robot_dev/pinky/src/pinky_for_edu/pinky_gazebo -DCMAKE_INSTALL_PREFIX=/home/kth/robot_dev/pinky/install/pinky_gazebo
[1.732s] DEBUG:colcon.colcon_core.event_handler.log_command:Invoking command in '/home/kth/robot_dev/pinky/build/pinky_gazebo': AMENT_PREFIX_PATH=/home/kth/robot_dev/pinky/install/pinky_description:${AMENT_PREFIX_PATH} CMAKE_PREFIX_PATH=/home/kth/robot_dev/pinky/install/pinky_description:/opt/ros/jazzy/opt/gz_sim_vendor:/opt/ros/jazzy/opt/gz_sensors_vendor:/opt/ros/jazzy/opt/gz_physics_vendor:/opt/ros/jazzy/opt/sdformat_vendor:/opt/ros/jazzy/opt/gz_gui_vendor:/opt/ros/jazzy/opt/gz_transport_vendor:/opt/ros/jazzy/opt/gz_rendering_vendor:/opt/ros/jazzy/opt/gz_plugin_vendor:/opt/ros/jazzy/opt/gz_fuel_tools_vendor:/opt/ros/jazzy/opt/gz_msgs_vendor:/opt/ros/jazzy/opt/gz_common_vendor:/opt/ros/jazzy/opt/gz_math_vendor:/opt/ros/jazzy/opt/gz_utils_vendor:/opt/ros/jazzy/opt/gz_tools_vendor:/opt/ros/jazzy/opt/gz_ogre_next_vendor:/opt/ros/jazzy/opt/gz_dartsim_vendor:/opt/ros/jazzy/opt/gz_cmake_vendor:/opt/ros/jazzy DEBUGINFOD_URLS=https://debuginfod.ubuntu.com /usr/bin/cmake --build /home/kth/robot_dev/pinky/build/pinky_gazebo -- -j12 -l12
[1.761s] DEBUG:colcon.colcon_core.event_handler.log_command:Invoked command in '/home/kth/robot_dev/pinky/build/pinky_gazebo' returned '0': AMENT_PREFIX_PATH=/home/kth/robot_dev/pinky/install/pinky_description:${AMENT_PREFIX_PATH} CMAKE_PREFIX_PATH=/home/kth/robot_dev/pinky/install/pinky_description:/opt/ros/jazzy/opt/gz_sim_vendor:/opt/ros/jazzy/opt/gz_sensors_vendor:/opt/ros/jazzy/opt/gz_physics_vendor:/opt/ros/jazzy/opt/sdformat_vendor:/opt/ros/jazzy/opt/gz_gui_vendor:/opt/ros/jazzy/opt/gz_transport_vendor:/opt/ros/jazzy/opt/gz_rendering_vendor:/opt/ros/jazzy/opt/gz_plugin_vendor:/opt/ros/jazzy/opt/gz_fuel_tools_vendor:/opt/ros/jazzy/opt/gz_msgs_vendor:/opt/ros/jazzy/opt/gz_common_vendor:/opt/ros/jazzy/opt/gz_math_vendor:/opt/ros/jazzy/opt/gz_utils_vendor:/opt/ros/jazzy/opt/gz_tools_vendor:/opt/ros/jazzy/opt/gz_ogre_next_vendor:/opt/ros/jazzy/opt/gz_dartsim_vendor:/opt/ros/jazzy/opt/gz_cmake_vendor:/opt/ros/jazzy DEBUGINFOD_URLS=https://debuginfod.ubuntu.com /usr/bin/cmake --build /home/kth/robot_dev/pinky/build/pinky_gazebo -- -j12 -l12
[1.762s] DEBUG:colcon.colcon_core.event_handler.log_command:Invoking command in '/home/kth/robot_dev/pinky/build/pinky_gazebo': AMENT_PREFIX_PATH=/home/kth/robot_dev/pinky/install/pinky_description:${AMENT_PREFIX_PATH} CMAKE_PREFIX_PATH=/home/kth/robot_dev/pinky/install/pinky_description:/opt/ros/jazzy/opt/gz_sim_vendor:/opt/ros/jazzy/opt/gz_sensors_vendor:/opt/ros/jazzy/opt/gz_physics_vendor:/opt/ros/jazzy/opt/sdformat_vendor:/opt/ros/jazzy/opt/gz_gui_vendor:/opt/ros/jazzy/opt/gz_transport_vendor:/opt/ros/jazzy/opt/gz_rendering_vendor:/opt/ros/jazzy/opt/gz_plugin_vendor:/opt/ros/jazzy/opt/gz_fuel_tools_vendor:/opt/ros/jazzy/opt/gz_msgs_vendor:/opt/ros/jazzy/opt/gz_common_vendor:/opt/ros/jazzy/opt/gz_math_vendor:/opt/ros/jazzy/opt/gz_utils_vendor:/opt/ros/jazzy/opt/gz_tools_vendor:/opt/ros/jazzy/opt/gz_ogre_next_vendor:/opt/ros/jazzy/opt/gz_dartsim_vendor:/opt/ros/jazzy/opt/gz_cmake_vendor:/opt/ros/jazzy DEBUGINFOD_URLS=https://debuginfod.ubuntu.com /usr/bin/cmake --install /home/kth/robot_dev/pinky/build/pinky_gazebo
[1.793s] Level 1:colcon.colcon_core.environment:create_environment_scripts_only(pinky_gazebo)
[1.793s] Level 1:colcon.colcon_core.environment:checking '/home/kth/robot_dev/pinky/install/pinky_gazebo' for CMake module files
[1.793s] DEBUG:colcon.colcon_core.event_handler.log_command:Invoked command in '/home/kth/robot_dev/pinky/build/pinky_gazebo' returned '0': AMENT_PREFIX_PATH=/home/kth/robot_dev/pinky/install/pinky_description:${AMENT_PREFIX_PATH} CMAKE_PREFIX_PATH=/home/kth/robot_dev/pinky/install/pinky_description:/opt/ros/jazzy/opt/gz_sim_vendor:/opt/ros/jazzy/opt/gz_sensors_vendor:/opt/ros/jazzy/opt/gz_physics_vendor:/opt/ros/jazzy/opt/sdformat_vendor:/opt/ros/jazzy/opt/gz_gui_vendor:/opt/ros/jazzy/opt/gz_transport_vendor:/opt/ros/jazzy/opt/gz_rendering_vendor:/opt/ros/jazzy/opt/gz_plugin_vendor:/opt/ros/jazzy/opt/gz_fuel_tools_vendor:/opt/ros/jazzy/opt/gz_msgs_vendor:/opt/ros/jazzy/opt/gz_common_vendor:/opt/ros/jazzy/opt/gz_math_vendor:/opt/ros/jazzy/opt/gz_utils_vendor:/opt/ros/jazzy/opt/gz_tools_vendor:/opt/ros/jazzy/opt/gz_ogre_next_vendor:/opt/ros/jazzy/opt/gz_dartsim_vendor:/opt/ros/jazzy/opt/gz_cmake_vendor:/opt/ros/jazzy DEBUGINFOD_URLS=https://debuginfod.ubuntu.com /usr/bin/cmake --install /home/kth/robot_dev/pinky/build/pinky_gazebo
[1.793s] Level 1:colcon.colcon_core.environment:checking '/home/kth/robot_dev/pinky/install/pinky_gazebo' for CMake config files
[1.794s] Level 1:colcon.colcon_core.shell:create_environment_hook('pinky_gazebo', 'cmake_prefix_path')
[1.794s] INFO:colcon.colcon_core.shell:Creating environment hook '/home/kth/robot_dev/pinky/install/pinky_gazebo/share/pinky_gazebo/hook/cmake_prefix_path.ps1'
[1.794s] INFO:colcon.colcon_core.shell:Creating environment descriptor '/home/kth/robot_dev/pinky/install/pinky_gazebo/share/pinky_gazebo/hook/cmake_prefix_path.dsv'
[1.794s] INFO:colcon.colcon_core.shell:Creating environment hook '/home/kth/robot_dev/pinky/install/pinky_gazebo/share/pinky_gazebo/hook/cmake_prefix_path.sh'
[1.795s] Level 1:colcon.colcon_core.environment:checking '/home/kth/robot_dev/pinky/install/pinky_gazebo/bin'
[1.795s] Level 1:colcon.colcon_core.environment:checking '/home/kth/robot_dev/pinky/install/pinky_gazebo/lib/pkgconfig/pinky_gazebo.pc'
[1.795s] Level 1:colcon.colcon_core.environment:checking '/home/kth/robot_dev/pinky/install/pinky_gazebo/lib/python3.12/site-packages'
[1.795s] Level 1:colcon.colcon_core.environment:checking '/home/kth/robot_dev/pinky/install/pinky_gazebo/bin'
[1.795s] INFO:colcon.colcon_core.shell:Creating package script '/home/kth/robot_dev/pinky/install/pinky_gazebo/share/pinky_gazebo/package.ps1'
[1.795s] INFO:colcon.colcon_core.shell:Creating package descriptor '/home/kth/robot_dev/pinky/install/pinky_gazebo/share/pinky_gazebo/package.dsv'
[1.796s] INFO:colcon.colcon_core.shell:Creating package script '/home/kth/robot_dev/pinky/install/pinky_gazebo/share/pinky_gazebo/package.sh'
[1.796s] INFO:colcon.colcon_core.shell:Creating package script '/home/kth/robot_dev/pinky/install/pinky_gazebo/share/pinky_gazebo/package.bash'
[1.796s] INFO:colcon.colcon_core.shell:Creating package script '/home/kth/robot_dev/pinky/install/pinky_gazebo/share/pinky_gazebo/package.zsh'
[1.796s] Level 1:colcon.colcon_core.environment:create_file_with_runtime_dependencies(/home/kth/robot_dev/pinky/install/pinky_gazebo/share/colcon-core/packages/pinky_gazebo)
[1.797s] Level 1:colcon.colcon_core.environment:create_environment_scripts_only(pinky_gazebo)
[1.797s] Level 1:colcon.colcon_core.environment:checking '/home/kth/robot_dev/pinky/install/pinky_gazebo' for CMake module files
[1.797s] Level 1:colcon.colcon_core.environment:checking '/home/kth/robot_dev/pinky/install/pinky_gazebo' for CMake config files
[1.797s] Level 1:colcon.colcon_core.shell:create_environment_hook('pinky_gazebo', 'cmake_prefix_path')
[1.798s] INFO:colcon.colcon_core.shell:Creating environment hook '/home/kth/robot_dev/pinky/install/pinky_gazebo/share/pinky_gazebo/hook/cmake_prefix_path.ps1'
[1.798s] INFO:colcon.colcon_core.shell:Creating environment descriptor '/home/kth/robot_dev/pinky/install/pinky_gazebo/share/pinky_gazebo/hook/cmake_prefix_path.dsv'
[1.798s] INFO:colcon.colcon_core.shell:Creating environment hook '/home/kth/robot_dev/pinky/install/pinky_gazebo/share/pinky_gazebo/hook/cmake_prefix_path.sh'
[1.798s] Level 1:colcon.colcon_core.environment:checking '/home/kth/robot_dev/pinky/install/pinky_gazebo/bin'
[1.798s] Level 1:colcon.colcon_core.environment:checking '/home/kth/robot_dev/pinky/install/pinky_gazebo/lib/pkgconfig/pinky_gazebo.pc'
[1.799s] Level 1:colcon.colcon_core.environment:checking '/home/kth/robot_dev/pinky/install/pinky_gazebo/lib/python3.12/site-packages'
[1.799s] Level 1:colcon.colcon_core.environment:checking '/home/kth/robot_dev/pinky/install/pinky_gazebo/bin'
[1.799s] INFO:colcon.colcon_core.shell:Creating package script '/home/kth/robot_dev/pinky/install/pinky_gazebo/share/pinky_gazebo/package.ps1'
[1.799s] INFO:colcon.colcon_core.shell:Creating package descriptor '/home/kth/robot_dev/pinky/install/pinky_gazebo/share/pinky_gazebo/package.dsv'
[1.800s] INFO:colcon.colcon_core.shell:Creating package script '/home/kth/robot_dev/pinky/install/pinky_gazebo/share/pinky_gazebo/package.sh'
[1.800s] INFO:colcon.colcon_core.shell:Creating package script '/home/kth/robot_dev/pinky/install/pinky_gazebo/share/pinky_gazebo/package.bash'
[1.800s] INFO:colcon.colcon_core.shell:Creating package script '/home/kth/robot_dev/pinky/install/pinky_gazebo/share/pinky_gazebo/package.zsh'
[1.801s] Level 1:colcon.colcon_core.environment:create_file_with_runtime_dependencies(/home/kth/robot_dev/pinky/install/pinky_gazebo/share/colcon-core/packages/pinky_gazebo)
[1.801s] DEBUG:colcon.colcon_parallel_executor.executor.parallel:closing loop
[1.801s] DEBUG:colcon.colcon_parallel_executor.executor.parallel:loop closed
[1.801s] DEBUG:colcon.colcon_parallel_executor.executor.parallel:run_until_complete finished with '0'
[1.801s] DEBUG:colcon.colcon_core.event_reactor:joining thread
[1.807s] INFO:colcon.colcon_core.plugin_system:Skipping extension 'colcon_notification.desktop_notification.terminal_notifier': Not used on non-Darwin systems
[1.808s] INFO:colcon.colcon_core.plugin_system:Skipping extension 'colcon_notification.desktop_notification.win32': Not used on non-Windows systems
[1.808s] INFO:colcon.colcon_notification.desktop_notification:Sending desktop notification using 'notify2'
[1.825s] DEBUG:colcon.colcon_core.event_reactor:joined thread
[1.825s] INFO:colcon.colcon_core.shell:Creating prefix script '/home/kth/robot_dev/pinky/install/local_setup.ps1'
[1.826s] INFO:colcon.colcon_core.shell:Creating prefix util module '/home/kth/robot_dev/pinky/install/_local_setup_util_ps1.py'
[1.827s] INFO:colcon.colcon_core.shell:Creating prefix chain script '/home/kth/robot_dev/pinky/install/setup.ps1'
[1.828s] INFO:colcon.colcon_core.shell:Creating prefix script '/home/kth/robot_dev/pinky/install/local_setup.sh'
[1.828s] INFO:colcon.colcon_core.shell:Creating prefix util module '/home/kth/robot_dev/pinky/install/_local_setup_util_sh.py'
[1.829s] INFO:colcon.colcon_core.shell:Creating prefix chain script '/home/kth/robot_dev/pinky/install/setup.sh'
[1.830s] INFO:colcon.colcon_core.shell:Creating prefix script '/home/kth/robot_dev/pinky/install/local_setup.bash'
[1.830s] INFO:colcon.colcon_core.shell:Creating prefix chain script '/home/kth/robot_dev/pinky/install/setup.bash'
[1.831s] INFO:colcon.colcon_core.shell:Creating prefix script '/home/kth/robot_dev/pinky/install/local_setup.zsh'
[1.832s] INFO:colcon.colcon_core.shell:Creating prefix chain script '/home/kth/robot_dev/pinky/install/setup.zsh'
