[0.000000] (-) TimerEvent: {}
[0.000426] (vicpinky_description) JobQueued: {'identifier': 'vicpinky_description', 'dependencies': OrderedDict()}
[0.000453] (vicpinky_navigation) JobQueued: {'identifier': 'vicpinky_navigation', 'dependencies': OrderedDict()}
[0.000468] (vicpinky_description) JobStarted: {'identifier': 'vicpinky_description'}
[0.007288] (vicpinky_navigation) JobStarted: {'identifier': 'vicpinky_navigation'}
[0.010380] (vicpinky_description) JobProgress: {'identifier': 'vicpinky_description', 'progress': 'cmake'}
[0.010871] (vicpinky_description) Command: {'cmd': ['/usr/bin/cmake', '/home/kth/robot_dev/vicpinky_ws/src/vic_pinky/vicpinky_description', '-DCMAKE_INSTALL_PREFIX=/home/kth/robot_dev/vicpinky_ws/install/vicpinky_description'], 'cwd': '/home/kth/robot_dev/vicpinky_ws/build/vicpinky_description', 'env': OrderedDict({'GJS_DEBUG_TOPICS': 'JS ERROR;JS LOG', 'XDG_ACTIVATION_TOKEN': 'gnome-shell/Terminator/2546-6-kth-GP75-Leopard-10SEK_TIME3860866', 'CONDA_PROMPT_MODIFIER': 'false', 'USER': 'kth', 'GZ_CONFIG_PATH': '/opt/ros/jazzy/opt/gz_sim_vendor/share/gz:/opt/ros/jazzy/opt/sdformat_vendor/share/gz:/opt/ros/jazzy/opt/gz_gui_vendor/share/gz:/opt/ros/jazzy/opt/gz_transport_vendor/share/gz:/opt/ros/jazzy/opt/gz_rendering_vendor/share/gz:/opt/ros/jazzy/opt/gz_plugin_vendor/share/gz:/opt/ros/jazzy/opt/gz_fuel_tools_vendor/share/gz:/opt/ros/jazzy/opt/gz_msgs_vendor/share/gz:/opt/ros/jazzy/opt/gz_common_vendor/share/gz', 'XDG_SESSION_TYPE': 'x11', 'POWERLINE_COMMAND': 'oh-my-posh', 'SHLVL': '1', 'LD_LIBRARY_PATH': '/opt/ros/jazzy/opt/gz_sim_vendor/lib:/opt/ros/jazzy/opt/gz_sensors_vendor/lib:/opt/ros/jazzy/opt/gz_physics_vendor/lib:/opt/ros/jazzy/opt/sdformat_vendor/lib:/opt/ros/jazzy/opt/rviz_ogre_vendor/lib:/opt/ros/jazzy/lib/x86_64-linux-gnu:/opt/ros/jazzy/opt/gz_gui_vendor/lib:/opt/ros/jazzy/opt/gz_transport_vendor/lib:/opt/ros/jazzy/opt/gz_rendering_vendor/lib:/opt/ros/jazzy/opt/gz_plugin_vendor/lib:/opt/ros/jazzy/opt/gz_fuel_tools_vendor/lib:/opt/ros/jazzy/opt/gz_msgs_vendor/lib:/opt/ros/jazzy/opt/gz_common_vendor/lib:/opt/ros/jazzy/opt/gz_math_vendor/lib:/opt/ros/jazzy/opt/gz_utils_vendor/lib:/opt/ros/jazzy/opt/gz_tools_vendor/lib:/opt/ros/jazzy/opt/gz_ogre_next_vendor/lib:/opt/ros/jazzy/opt/gz_dartsim_vendor/lib:/opt/ros/jazzy/opt/gz_cmake_vendor/lib:/opt/ros/jazzy/lib', 'CLUTTER_DISABLE_MIPMAPPED_TEXT': '1', 'HOME': '/home/kth', 'DESKTOP_SESSION': 'ubuntu', 'GIO_LAUNCHED_DESKTOP_FILE': '/usr/share/applications/terminator.desktop', 'ROS_PYTHON_VERSION': '3', 'GNOME_SHELL_SESSION_MODE': 'ubuntu', 'GTK_MODULES': 'gail:atk-bridge', 'MANAGERPID': '2094', 'SYSTEMD_EXEC_PID': '2546', 'GSM_SKIP_SSH_AGENT_WORKAROUND': 'true', 'DBUS_SESSION_BUS_ADDRESS': 'unix:path=/run/user/1000/bus', 'GIO_LAUNCHED_DESKTOP_FILE_PID': '14970', 'COLORTERM': 'truecolor', 'TERMINATOR_DBUS_NAME': 'net.tenshu.Terminator23558193cd9818af7fe4d2c2f5bd9d00f', 'DEBUGINFOD_URLS': 'https://debuginfod.ubuntu.com', 'ROS_DISTRO': 'jazzy', 'LOGNAME': 'kth', 'JOURNAL_STREAM': '9:19835', 'POSH_SESSION_ID': '325afdf4-33d6-45c8-9ae1-bf5c06f15a05', 'MEMORY_PRESSURE_WATCH': '/sys/fs/cgroup/user.slice/user-1000.slice/user@1000.service/session.slice/org.gnome.Shell@x11.service/memory.pressure', 'ROS_VERSION': '2', 'XDG_SESSION_CLASS': 'user', 'USERNAME': 'kth', 'TERM': 'xterm-256color', 'GNOME_DESKTOP_SESSION_ID': 'this-is-deprecated', 'POSH_SHELL_VERSION': '3.7.0', 'WINDOWPATH': '2', 'PATH': '/opt/ros/jazzy/opt/gz_msgs_vendor/bin:/opt/ros/jazzy/opt/gz_tools_vendor/bin:/opt/ros/jazzy/opt/gz_ogre_next_vendor/bin:/opt/ros/jazzy/bin:/home/kth/.local/bin:/usr/local/sbin:/usr/local/bin:/usr/sbin:/usr/bin:/sbin:/bin:/usr/games:/usr/local/games:/snap/bin:/snap/bin', 'SESSION_MANAGER': 'local/kth-GP75-Leopard-10SEK:@/tmp/.ICE-unix/2514,unix/kth-GP75-Leopard-10SEK:/tmp/.ICE-unix/2514', 'INVOCATION_ID': '6676266d20b346929f65e89413f2a98e', 'XDG_RUNTIME_DIR': '/run/user/1000', 'XDG_MENU_PREFIX': 'gnome-', 'DISPLAY': ':1', 'LANG': 'en_US.UTF-8', 'XDG_CURRENT_DESKTOP': 'ubuntu:GNOME', 'TERMINATOR_DBUS_PATH': '/net/tenshu/Terminator2', 'XAUTHORITY': '/run/user/1000/gdm/Xauthority', 'XMODIFIERS': '@im=ibus', 'XDG_SESSION_DESKTOP': 'ubuntu', 'SSH_AUTH_SOCK': '/run/user/1000/keyring/ssh', 'AMENT_PREFIX_PATH': '/opt/ros/jazzy', 'ROS_DOMAIN_ID': '22', 'TERMINATOR_UUID': 'urn:uuid:8c4eeb6a-27e1-493f-b67a-a86e3a06f02f', 'SHELL': '/usr/bin/fish', 'QT_ACCESSIBILITY': '1', 'GDMSESSION': 'ubuntu', 'IGN_GAZEBO_RESOURCE_PATH': '/opt/ros/jazzy/share', 'GPG_AGENT_INFO': '/run/user/1000/gnupg/S.gpg-agent:0:1', 'GJS_DEBUG_OUTPUT': 'stderr', 'POSH_THEME': '/home/kth/.poshthemes/sonicboom_light.omp.json', 'ROS_AUTOMATIC_DISCOVERY_RANGE': 'SUBNET', 'QT_IM_MODULE': 'ibus', 'PWD': '/home/kth/robot_dev/vicpinky_ws/build/vicpinky_description', 'LC_ALL': 'en_US.UTF-8', 'XDG_DATA_DIRS': '/usr/share/ubuntu:/usr/share/gnome:/usr/local/share/:/usr/share/:/var/lib/snapd/desktop', 'XDG_CONFIG_DIRS': '/etc/xdg/xdg-ubuntu:/etc/xdg', 'PYTHONPATH': '/opt/ros/jazzy/lib/python3.12/site-packages', 'COLCON': '1', 'POSH_SHELL': 'fish', 'VTE_VERSION': '7600', 'MEMORY_PRESSURE_WRITE': 'c29tZSAyMDAwMDAgMjAwMDAwMAA=', 'CMAKE_PREFIX_PATH': '/opt/ros/jazzy/opt/gz_sim_vendor:/opt/ros/jazzy/opt/gz_sensors_vendor:/opt/ros/jazzy/opt/gz_physics_vendor:/opt/ros/jazzy/opt/sdformat_vendor:/opt/ros/jazzy/opt/gz_gui_vendor:/opt/ros/jazzy/opt/gz_transport_vendor:/opt/ros/jazzy/opt/gz_rendering_vendor:/opt/ros/jazzy/opt/gz_plugin_vendor:/opt/ros/jazzy/opt/gz_fuel_tools_vendor:/opt/ros/jazzy/opt/gz_msgs_vendor:/opt/ros/jazzy/opt/gz_common_vendor:/opt/ros/jazzy/opt/gz_math_vendor:/opt/ros/jazzy/opt/gz_utils_vendor:/opt/ros/jazzy/opt/gz_tools_vendor:/opt/ros/jazzy/opt/gz_ogre_next_vendor:/opt/ros/jazzy/opt/gz_dartsim_vendor:/opt/ros/jazzy/opt/gz_cmake_vendor:/opt/ros/jazzy'}), 'shell': False}
[0.013364] (vicpinky_navigation) JobProgress: {'identifier': 'vicpinky_navigation', 'progress': 'cmake'}
[0.013766] (vicpinky_navigation) Command: {'cmd': ['/usr/bin/cmake', '/home/kth/robot_dev/vicpinky_ws/src/vic_pinky/vicpinky_navigation', '-DCMAKE_INSTALL_PREFIX=/home/kth/robot_dev/vicpinky_ws/install/vicpinky_navigation'], 'cwd': '/home/kth/robot_dev/vicpinky_ws/build/vicpinky_navigation', 'env': OrderedDict({'GJS_DEBUG_TOPICS': 'JS ERROR;JS LOG', 'XDG_ACTIVATION_TOKEN': 'gnome-shell/Terminator/2546-6-kth-GP75-Leopard-10SEK_TIME3860866', 'CONDA_PROMPT_MODIFIER': 'false', 'USER': 'kth', 'GZ_CONFIG_PATH': '/opt/ros/jazzy/opt/gz_sim_vendor/share/gz:/opt/ros/jazzy/opt/sdformat_vendor/share/gz:/opt/ros/jazzy/opt/gz_gui_vendor/share/gz:/opt/ros/jazzy/opt/gz_transport_vendor/share/gz:/opt/ros/jazzy/opt/gz_rendering_vendor/share/gz:/opt/ros/jazzy/opt/gz_plugin_vendor/share/gz:/opt/ros/jazzy/opt/gz_fuel_tools_vendor/share/gz:/opt/ros/jazzy/opt/gz_msgs_vendor/share/gz:/opt/ros/jazzy/opt/gz_common_vendor/share/gz', 'XDG_SESSION_TYPE': 'x11', 'POWERLINE_COMMAND': 'oh-my-posh', 'SHLVL': '1', 'LD_LIBRARY_PATH': '/opt/ros/jazzy/opt/gz_sim_vendor/lib:/opt/ros/jazzy/opt/gz_sensors_vendor/lib:/opt/ros/jazzy/opt/gz_physics_vendor/lib:/opt/ros/jazzy/opt/sdformat_vendor/lib:/opt/ros/jazzy/opt/rviz_ogre_vendor/lib:/opt/ros/jazzy/lib/x86_64-linux-gnu:/opt/ros/jazzy/opt/gz_gui_vendor/lib:/opt/ros/jazzy/opt/gz_transport_vendor/lib:/opt/ros/jazzy/opt/gz_rendering_vendor/lib:/opt/ros/jazzy/opt/gz_plugin_vendor/lib:/opt/ros/jazzy/opt/gz_fuel_tools_vendor/lib:/opt/ros/jazzy/opt/gz_msgs_vendor/lib:/opt/ros/jazzy/opt/gz_common_vendor/lib:/opt/ros/jazzy/opt/gz_math_vendor/lib:/opt/ros/jazzy/opt/gz_utils_vendor/lib:/opt/ros/jazzy/opt/gz_tools_vendor/lib:/opt/ros/jazzy/opt/gz_ogre_next_vendor/lib:/opt/ros/jazzy/opt/gz_dartsim_vendor/lib:/opt/ros/jazzy/opt/gz_cmake_vendor/lib:/opt/ros/jazzy/lib', 'CLUTTER_DISABLE_MIPMAPPED_TEXT': '1', 'HOME': '/home/kth', 'DESKTOP_SESSION': 'ubuntu', 'GIO_LAUNCHED_DESKTOP_FILE': '/usr/share/applications/terminator.desktop', 'ROS_PYTHON_VERSION': '3', 'GNOME_SHELL_SESSION_MODE': 'ubuntu', 'GTK_MODULES': 'gail:atk-bridge', 'MANAGERPID': '2094', 'SYSTEMD_EXEC_PID': '2546', 'GSM_SKIP_SSH_AGENT_WORKAROUND': 'true', 'DBUS_SESSION_BUS_ADDRESS': 'unix:path=/run/user/1000/bus', 'GIO_LAUNCHED_DESKTOP_FILE_PID': '14970', 'COLORTERM': 'truecolor', 'TERMINATOR_DBUS_NAME': 'net.tenshu.Terminator23558193cd9818af7fe4d2c2f5bd9d00f', 'DEBUGINFOD_URLS': 'https://debuginfod.ubuntu.com', 'ROS_DISTRO': 'jazzy', 'LOGNAME': 'kth', 'JOURNAL_STREAM': '9:19835', 'POSH_SESSION_ID': '325afdf4-33d6-45c8-9ae1-bf5c06f15a05', 'MEMORY_PRESSURE_WATCH': '/sys/fs/cgroup/user.slice/user-1000.slice/user@1000.service/session.slice/org.gnome.Shell@x11.service/memory.pressure', 'ROS_VERSION': '2', 'XDG_SESSION_CLASS': 'user', 'USERNAME': 'kth', 'TERM': 'xterm-256color', 'GNOME_DESKTOP_SESSION_ID': 'this-is-deprecated', 'POSH_SHELL_VERSION': '3.7.0', 'WINDOWPATH': '2', 'PATH': '/opt/ros/jazzy/opt/gz_msgs_vendor/bin:/opt/ros/jazzy/opt/gz_tools_vendor/bin:/opt/ros/jazzy/opt/gz_ogre_next_vendor/bin:/opt/ros/jazzy/bin:/home/kth/.local/bin:/usr/local/sbin:/usr/local/bin:/usr/sbin:/usr/bin:/sbin:/bin:/usr/games:/usr/local/games:/snap/bin:/snap/bin', 'SESSION_MANAGER': 'local/kth-GP75-Leopard-10SEK:@/tmp/.ICE-unix/2514,unix/kth-GP75-Leopard-10SEK:/tmp/.ICE-unix/2514', 'INVOCATION_ID': '6676266d20b346929f65e89413f2a98e', 'XDG_RUNTIME_DIR': '/run/user/1000', 'XDG_MENU_PREFIX': 'gnome-', 'DISPLAY': ':1', 'LANG': 'en_US.UTF-8', 'XDG_CURRENT_DESKTOP': 'ubuntu:GNOME', 'TERMINATOR_DBUS_PATH': '/net/tenshu/Terminator2', 'XAUTHORITY': '/run/user/1000/gdm/Xauthority', 'XMODIFIERS': '@im=ibus', 'XDG_SESSION_DESKTOP': 'ubuntu', 'SSH_AUTH_SOCK': '/run/user/1000/keyring/ssh', 'AMENT_PREFIX_PATH': '/opt/ros/jazzy', 'ROS_DOMAIN_ID': '22', 'TERMINATOR_UUID': 'urn:uuid:8c4eeb6a-27e1-493f-b67a-a86e3a06f02f', 'SHELL': '/usr/bin/fish', 'QT_ACCESSIBILITY': '1', 'GDMSESSION': 'ubuntu', 'IGN_GAZEBO_RESOURCE_PATH': '/opt/ros/jazzy/share', 'GPG_AGENT_INFO': '/run/user/1000/gnupg/S.gpg-agent:0:1', 'GJS_DEBUG_OUTPUT': 'stderr', 'POSH_THEME': '/home/kth/.poshthemes/sonicboom_light.omp.json', 'ROS_AUTOMATIC_DISCOVERY_RANGE': 'SUBNET', 'QT_IM_MODULE': 'ibus', 'PWD': '/home/kth/robot_dev/vicpinky_ws/build/vicpinky_navigation', 'LC_ALL': 'en_US.UTF-8', 'XDG_DATA_DIRS': '/usr/share/ubuntu:/usr/share/gnome:/usr/local/share/:/usr/share/:/var/lib/snapd/desktop', 'XDG_CONFIG_DIRS': '/etc/xdg/xdg-ubuntu:/etc/xdg', 'PYTHONPATH': '/opt/ros/jazzy/lib/python3.12/site-packages', 'COLCON': '1', 'POSH_SHELL': 'fish', 'VTE_VERSION': '7600', 'MEMORY_PRESSURE_WRITE': 'c29tZSAyMDAwMDAgMjAwMDAwMAA=', 'CMAKE_PREFIX_PATH': '/opt/ros/jazzy/opt/gz_sim_vendor:/opt/ros/jazzy/opt/gz_sensors_vendor:/opt/ros/jazzy/opt/gz_physics_vendor:/opt/ros/jazzy/opt/sdformat_vendor:/opt/ros/jazzy/opt/gz_gui_vendor:/opt/ros/jazzy/opt/gz_transport_vendor:/opt/ros/jazzy/opt/gz_rendering_vendor:/opt/ros/jazzy/opt/gz_plugin_vendor:/opt/ros/jazzy/opt/gz_fuel_tools_vendor:/opt/ros/jazzy/opt/gz_msgs_vendor:/opt/ros/jazzy/opt/gz_common_vendor:/opt/ros/jazzy/opt/gz_math_vendor:/opt/ros/jazzy/opt/gz_utils_vendor:/opt/ros/jazzy/opt/gz_tools_vendor:/opt/ros/jazzy/opt/gz_ogre_next_vendor:/opt/ros/jazzy/opt/gz_dartsim_vendor:/opt/ros/jazzy/opt/gz_cmake_vendor:/opt/ros/jazzy'}), 'shell': False}
[0.099776] (-) TimerEvent: {}
[0.130912] (vicpinky_description) StdoutLine: {'line': b'-- The C compiler identification is GNU 13.3.0\n'}
[0.131065] (vicpinky_navigation) StdoutLine: {'line': b'-- The C compiler identification is GNU 13.3.0\n'}
[0.199863] (-) TimerEvent: {}
[0.218580] (vicpinky_description) StdoutLine: {'line': b'-- The CXX compiler identification is GNU 13.3.0\n'}
[0.218778] (vicpinky_navigation) StdoutLine: {'line': b'-- The CXX compiler identification is GNU 13.3.0\n'}
[0.233792] (vicpinky_description) StdoutLine: {'line': b'-- Detecting C compiler ABI info\n'}
[0.233940] (vicpinky_navigation) StdoutLine: {'line': b'-- Detecting C compiler ABI info\n'}
[0.299949] (-) TimerEvent: {}
[0.301420] (vicpinky_navigation) StdoutLine: {'line': b'-- Detecting C compiler ABI info - done\n'}
[0.301584] (vicpinky_description) StdoutLine: {'line': b'-- Detecting C compiler ABI info - done\n'}
[0.309369] (vicpinky_description) StdoutLine: {'line': b'-- Check for working C compiler: /usr/bin/cc - skipped\n'}
[0.309629] (vicpinky_navigation) StdoutLine: {'line': b'-- Check for working C compiler: /usr/bin/cc - skipped\n'}
[0.309736] (vicpinky_description) StdoutLine: {'line': b'-- Detecting C compile features\n'}
[0.309823] (vicpinky_navigation) StdoutLine: {'line': b'-- Detecting C compile features\n'}
[0.310184] (vicpinky_navigation) StdoutLine: {'line': b'-- Detecting C compile features - done\n'}
[0.310260] (vicpinky_description) StdoutLine: {'line': b'-- Detecting C compile features - done\n'}
[0.317325] (vicpinky_navigation) StdoutLine: {'line': b'-- Detecting CXX compiler ABI info\n'}
[0.317463] (vicpinky_description) StdoutLine: {'line': b'-- Detecting CXX compiler ABI info\n'}
[0.389253] (vicpinky_description) StdoutLine: {'line': b'-- Detecting CXX compiler ABI info - done\n'}
[0.389396] (vicpinky_navigation) StdoutLine: {'line': b'-- Detecting CXX compiler ABI info - done\n'}
[0.397131] (vicpinky_description) StdoutLine: {'line': b'-- Check for working CXX compiler: /usr/bin/c++ - skipped\n'}
[0.397285] (vicpinky_navigation) StdoutLine: {'line': b'-- Check for working CXX compiler: /usr/bin/c++ - skipped\n'}
[0.397370] (vicpinky_description) StdoutLine: {'line': b'-- Detecting CXX compile features\n'}
[0.397560] (vicpinky_navigation) StdoutLine: {'line': b'-- Detecting CXX compile features\n'}
[0.397664] (vicpinky_description) StdoutLine: {'line': b'-- Detecting CXX compile features - done\n'}
[0.397880] (vicpinky_navigation) StdoutLine: {'line': b'-- Detecting CXX compile features - done\n'}
[0.400007] (-) TimerEvent: {}
[0.406991] (vicpinky_description) StdoutLine: {'line': b'-- Found ament_cmake: 2.5.4 (/opt/ros/jazzy/share/ament_cmake/cmake)\n'}
[0.407105] (vicpinky_navigation) StdoutLine: {'line': b'-- Found ament_cmake: 2.5.4 (/opt/ros/jazzy/share/ament_cmake/cmake)\n'}
[0.500091] (-) TimerEvent: {}
[0.525645] (vicpinky_description) StdoutLine: {'line': b'-- Found Python3: /usr/bin/python3 (found version "3.12.3") found components: Interpreter \n'}
[0.525856] (vicpinky_navigation) StdoutLine: {'line': b'-- Found Python3: /usr/bin/python3 (found version "3.12.3") found components: Interpreter \n'}
[0.600206] (-) TimerEvent: {}
[0.669281] (vicpinky_navigation) StdoutLine: {'line': b'-- Found ament_lint_auto: 0.17.2 (/opt/ros/jazzy/share/ament_lint_auto/cmake)\n'}
[0.669479] (vicpinky_description) StdoutLine: {'line': b'-- Found ament_lint_auto: 0.17.2 (/opt/ros/jazzy/share/ament_lint_auto/cmake)\n'}
[0.700319] (-) TimerEvent: {}
[0.758643] (vicpinky_navigation) StdoutLine: {'line': b'-- Found slam_toolbox: 2.8.3 (/opt/ros/jazzy/share/slam_toolbox/cmake)\n'}
[0.760844] (vicpinky_description) StdoutLine: {'line': b"-- Added test 'lint_cmake' to check CMake code style\n"}
[0.762617] (vicpinky_description) StdoutLine: {'line': b"-- Added test 'xmllint' to check XML markup files\n"}
[0.764256] (vicpinky_description) StdoutLine: {'line': b'-- Configuring done (0.7s)\n'}
[0.766281] (vicpinky_description) StdoutLine: {'line': b'-- Generating done (0.0s)\n'}
[0.767746] (vicpinky_description) StdoutLine: {'line': b'-- Build files have been written to: /home/kth/robot_dev/vicpinky_ws/build/vicpinky_description\n'}
[0.771022] (vicpinky_description) CommandEnded: {'returncode': 0}
[0.771378] (vicpinky_description) JobProgress: {'identifier': 'vicpinky_description', 'progress': 'build'}
[0.771897] (vicpinky_description) Command: {'cmd': ['/usr/bin/cmake', '--build', '/home/kth/robot_dev/vicpinky_ws/build/vicpinky_description', '--', '-j12', '-l12'], 'cwd': '/home/kth/robot_dev/vicpinky_ws/build/vicpinky_description', 'env': OrderedDict({'GJS_DEBUG_TOPICS': 'JS ERROR;JS LOG', 'XDG_ACTIVATION_TOKEN': 'gnome-shell/Terminator/2546-6-kth-GP75-Leopard-10SEK_TIME3860866', 'CONDA_PROMPT_MODIFIER': 'false', 'USER': 'kth', 'GZ_CONFIG_PATH': '/opt/ros/jazzy/opt/gz_sim_vendor/share/gz:/opt/ros/jazzy/opt/sdformat_vendor/share/gz:/opt/ros/jazzy/opt/gz_gui_vendor/share/gz:/opt/ros/jazzy/opt/gz_transport_vendor/share/gz:/opt/ros/jazzy/opt/gz_rendering_vendor/share/gz:/opt/ros/jazzy/opt/gz_plugin_vendor/share/gz:/opt/ros/jazzy/opt/gz_fuel_tools_vendor/share/gz:/opt/ros/jazzy/opt/gz_msgs_vendor/share/gz:/opt/ros/jazzy/opt/gz_common_vendor/share/gz', 'XDG_SESSION_TYPE': 'x11', 'POWERLINE_COMMAND': 'oh-my-posh', 'SHLVL': '1', 'LD_LIBRARY_PATH': '/opt/ros/jazzy/opt/gz_sim_vendor/lib:/opt/ros/jazzy/opt/gz_sensors_vendor/lib:/opt/ros/jazzy/opt/gz_physics_vendor/lib:/opt/ros/jazzy/opt/sdformat_vendor/lib:/opt/ros/jazzy/opt/rviz_ogre_vendor/lib:/opt/ros/jazzy/lib/x86_64-linux-gnu:/opt/ros/jazzy/opt/gz_gui_vendor/lib:/opt/ros/jazzy/opt/gz_transport_vendor/lib:/opt/ros/jazzy/opt/gz_rendering_vendor/lib:/opt/ros/jazzy/opt/gz_plugin_vendor/lib:/opt/ros/jazzy/opt/gz_fuel_tools_vendor/lib:/opt/ros/jazzy/opt/gz_msgs_vendor/lib:/opt/ros/jazzy/opt/gz_common_vendor/lib:/opt/ros/jazzy/opt/gz_math_vendor/lib:/opt/ros/jazzy/opt/gz_utils_vendor/lib:/opt/ros/jazzy/opt/gz_tools_vendor/lib:/opt/ros/jazzy/opt/gz_ogre_next_vendor/lib:/opt/ros/jazzy/opt/gz_dartsim_vendor/lib:/opt/ros/jazzy/opt/gz_cmake_vendor/lib:/opt/ros/jazzy/lib', 'CLUTTER_DISABLE_MIPMAPPED_TEXT': '1', 'HOME': '/home/kth', 'DESKTOP_SESSION': 'ubuntu', 'GIO_LAUNCHED_DESKTOP_FILE': '/usr/share/applications/terminator.desktop', 'ROS_PYTHON_VERSION': '3', 'GNOME_SHELL_SESSION_MODE': 'ubuntu', 'GTK_MODULES': 'gail:atk-bridge', 'MANAGERPID': '2094', 'SYSTEMD_EXEC_PID': '2546', 'GSM_SKIP_SSH_AGENT_WORKAROUND': 'true', 'DBUS_SESSION_BUS_ADDRESS': 'unix:path=/run/user/1000/bus', 'GIO_LAUNCHED_DESKTOP_FILE_PID': '14970', 'COLORTERM': 'truecolor', 'TERMINATOR_DBUS_NAME': 'net.tenshu.Terminator23558193cd9818af7fe4d2c2f5bd9d00f', 'DEBUGINFOD_URLS': 'https://debuginfod.ubuntu.com', 'ROS_DISTRO': 'jazzy', 'LOGNAME': 'kth', 'JOURNAL_STREAM': '9:19835', 'POSH_SESSION_ID': '325afdf4-33d6-45c8-9ae1-bf5c06f15a05', 'MEMORY_PRESSURE_WATCH': '/sys/fs/cgroup/user.slice/user-1000.slice/user@1000.service/session.slice/org.gnome.Shell@x11.service/memory.pressure', 'ROS_VERSION': '2', 'XDG_SESSION_CLASS': 'user', 'USERNAME': 'kth', 'TERM': 'xterm-256color', 'GNOME_DESKTOP_SESSION_ID': 'this-is-deprecated', 'POSH_SHELL_VERSION': '3.7.0', 'WINDOWPATH': '2', 'PATH': '/opt/ros/jazzy/opt/gz_msgs_vendor/bin:/opt/ros/jazzy/opt/gz_tools_vendor/bin:/opt/ros/jazzy/opt/gz_ogre_next_vendor/bin:/opt/ros/jazzy/bin:/home/kth/.local/bin:/usr/local/sbin:/usr/local/bin:/usr/sbin:/usr/bin:/sbin:/bin:/usr/games:/usr/local/games:/snap/bin:/snap/bin', 'SESSION_MANAGER': 'local/kth-GP75-Leopard-10SEK:@/tmp/.ICE-unix/2514,unix/kth-GP75-Leopard-10SEK:/tmp/.ICE-unix/2514', 'INVOCATION_ID': '6676266d20b346929f65e89413f2a98e', 'XDG_RUNTIME_DIR': '/run/user/1000', 'XDG_MENU_PREFIX': 'gnome-', 'DISPLAY': ':1', 'LANG': 'en_US.UTF-8', 'XDG_CURRENT_DESKTOP': 'ubuntu:GNOME', 'TERMINATOR_DBUS_PATH': '/net/tenshu/Terminator2', 'XAUTHORITY': '/run/user/1000/gdm/Xauthority', 'XMODIFIERS': '@im=ibus', 'XDG_SESSION_DESKTOP': 'ubuntu', 'SSH_AUTH_SOCK': '/run/user/1000/keyring/ssh', 'AMENT_PREFIX_PATH': '/opt/ros/jazzy', 'ROS_DOMAIN_ID': '22', 'TERMINATOR_UUID': 'urn:uuid:8c4eeb6a-27e1-493f-b67a-a86e3a06f02f', 'SHELL': '/usr/bin/fish', 'QT_ACCESSIBILITY': '1', 'GDMSESSION': 'ubuntu', 'IGN_GAZEBO_RESOURCE_PATH': '/opt/ros/jazzy/share', 'GPG_AGENT_INFO': '/run/user/1000/gnupg/S.gpg-agent:0:1', 'GJS_DEBUG_OUTPUT': 'stderr', 'POSH_THEME': '/home/kth/.poshthemes/sonicboom_light.omp.json', 'ROS_AUTOMATIC_DISCOVERY_RANGE': 'SUBNET', 'QT_IM_MODULE': 'ibus', 'PWD': '/home/kth/robot_dev/vicpinky_ws/build/vicpinky_description', 'LC_ALL': 'en_US.UTF-8', 'XDG_DATA_DIRS': '/usr/share/ubuntu:/usr/share/gnome:/usr/local/share/:/usr/share/:/var/lib/snapd/desktop', 'XDG_CONFIG_DIRS': '/etc/xdg/xdg-ubuntu:/etc/xdg', 'PYTHONPATH': '/opt/ros/jazzy/lib/python3.12/site-packages', 'COLCON': '1', 'POSH_SHELL': 'fish', 'VTE_VERSION': '7600', 'MEMORY_PRESSURE_WRITE': 'c29tZSAyMDAwMDAgMjAwMDAwMAA=', 'CMAKE_PREFIX_PATH': '/opt/ros/jazzy/opt/gz_sim_vendor:/opt/ros/jazzy/opt/gz_sensors_vendor:/opt/ros/jazzy/opt/gz_physics_vendor:/opt/ros/jazzy/opt/sdformat_vendor:/opt/ros/jazzy/opt/gz_gui_vendor:/opt/ros/jazzy/opt/gz_transport_vendor:/opt/ros/jazzy/opt/gz_rendering_vendor:/opt/ros/jazzy/opt/gz_plugin_vendor:/opt/ros/jazzy/opt/gz_fuel_tools_vendor:/opt/ros/jazzy/opt/gz_msgs_vendor:/opt/ros/jazzy/opt/gz_common_vendor:/opt/ros/jazzy/opt/gz_math_vendor:/opt/ros/jazzy/opt/gz_utils_vendor:/opt/ros/jazzy/opt/gz_tools_vendor:/opt/ros/jazzy/opt/gz_ogre_next_vendor:/opt/ros/jazzy/opt/gz_dartsim_vendor:/opt/ros/jazzy/opt/gz_cmake_vendor:/opt/ros/jazzy'}), 'shell': False}
[0.800204] (vicpinky_description) CommandEnded: {'returncode': 0}
[0.800504] (-) TimerEvent: {}
[0.800775] (vicpinky_description) JobProgress: {'identifier': 'vicpinky_description', 'progress': 'install'}
[0.808308] (vicpinky_description) Command: {'cmd': ['/usr/bin/cmake', '--install', '/home/kth/robot_dev/vicpinky_ws/build/vicpinky_description'], 'cwd': '/home/kth/robot_dev/vicpinky_ws/build/vicpinky_description', 'env': OrderedDict({'GJS_DEBUG_TOPICS': 'JS ERROR;JS LOG', 'XDG_ACTIVATION_TOKEN': 'gnome-shell/Terminator/2546-6-kth-GP75-Leopard-10SEK_TIME3860866', 'CONDA_PROMPT_MODIFIER': 'false', 'USER': 'kth', 'GZ_CONFIG_PATH': '/opt/ros/jazzy/opt/gz_sim_vendor/share/gz:/opt/ros/jazzy/opt/sdformat_vendor/share/gz:/opt/ros/jazzy/opt/gz_gui_vendor/share/gz:/opt/ros/jazzy/opt/gz_transport_vendor/share/gz:/opt/ros/jazzy/opt/gz_rendering_vendor/share/gz:/opt/ros/jazzy/opt/gz_plugin_vendor/share/gz:/opt/ros/jazzy/opt/gz_fuel_tools_vendor/share/gz:/opt/ros/jazzy/opt/gz_msgs_vendor/share/gz:/opt/ros/jazzy/opt/gz_common_vendor/share/gz', 'XDG_SESSION_TYPE': 'x11', 'POWERLINE_COMMAND': 'oh-my-posh', 'SHLVL': '1', 'LD_LIBRARY_PATH': '/opt/ros/jazzy/opt/gz_sim_vendor/lib:/opt/ros/jazzy/opt/gz_sensors_vendor/lib:/opt/ros/jazzy/opt/gz_physics_vendor/lib:/opt/ros/jazzy/opt/sdformat_vendor/lib:/opt/ros/jazzy/opt/rviz_ogre_vendor/lib:/opt/ros/jazzy/lib/x86_64-linux-gnu:/opt/ros/jazzy/opt/gz_gui_vendor/lib:/opt/ros/jazzy/opt/gz_transport_vendor/lib:/opt/ros/jazzy/opt/gz_rendering_vendor/lib:/opt/ros/jazzy/opt/gz_plugin_vendor/lib:/opt/ros/jazzy/opt/gz_fuel_tools_vendor/lib:/opt/ros/jazzy/opt/gz_msgs_vendor/lib:/opt/ros/jazzy/opt/gz_common_vendor/lib:/opt/ros/jazzy/opt/gz_math_vendor/lib:/opt/ros/jazzy/opt/gz_utils_vendor/lib:/opt/ros/jazzy/opt/gz_tools_vendor/lib:/opt/ros/jazzy/opt/gz_ogre_next_vendor/lib:/opt/ros/jazzy/opt/gz_dartsim_vendor/lib:/opt/ros/jazzy/opt/gz_cmake_vendor/lib:/opt/ros/jazzy/lib', 'CLUTTER_DISABLE_MIPMAPPED_TEXT': '1', 'HOME': '/home/kth', 'DESKTOP_SESSION': 'ubuntu', 'GIO_LAUNCHED_DESKTOP_FILE': '/usr/share/applications/terminator.desktop', 'ROS_PYTHON_VERSION': '3', 'GNOME_SHELL_SESSION_MODE': 'ubuntu', 'GTK_MODULES': 'gail:atk-bridge', 'MANAGERPID': '2094', 'SYSTEMD_EXEC_PID': '2546', 'GSM_SKIP_SSH_AGENT_WORKAROUND': 'true', 'DBUS_SESSION_BUS_ADDRESS': 'unix:path=/run/user/1000/bus', 'GIO_LAUNCHED_DESKTOP_FILE_PID': '14970', 'COLORTERM': 'truecolor', 'TERMINATOR_DBUS_NAME': 'net.tenshu.Terminator23558193cd9818af7fe4d2c2f5bd9d00f', 'DEBUGINFOD_URLS': 'https://debuginfod.ubuntu.com', 'ROS_DISTRO': 'jazzy', 'LOGNAME': 'kth', 'JOURNAL_STREAM': '9:19835', 'POSH_SESSION_ID': '325afdf4-33d6-45c8-9ae1-bf5c06f15a05', 'MEMORY_PRESSURE_WATCH': '/sys/fs/cgroup/user.slice/user-1000.slice/user@1000.service/session.slice/org.gnome.Shell@x11.service/memory.pressure', 'ROS_VERSION': '2', 'XDG_SESSION_CLASS': 'user', 'USERNAME': 'kth', 'TERM': 'xterm-256color', 'GNOME_DESKTOP_SESSION_ID': 'this-is-deprecated', 'POSH_SHELL_VERSION': '3.7.0', 'WINDOWPATH': '2', 'PATH': '/opt/ros/jazzy/opt/gz_msgs_vendor/bin:/opt/ros/jazzy/opt/gz_tools_vendor/bin:/opt/ros/jazzy/opt/gz_ogre_next_vendor/bin:/opt/ros/jazzy/bin:/home/kth/.local/bin:/usr/local/sbin:/usr/local/bin:/usr/sbin:/usr/bin:/sbin:/bin:/usr/games:/usr/local/games:/snap/bin:/snap/bin', 'SESSION_MANAGER': 'local/kth-GP75-Leopard-10SEK:@/tmp/.ICE-unix/2514,unix/kth-GP75-Leopard-10SEK:/tmp/.ICE-unix/2514', 'INVOCATION_ID': '6676266d20b346929f65e89413f2a98e', 'XDG_RUNTIME_DIR': '/run/user/1000', 'XDG_MENU_PREFIX': 'gnome-', 'DISPLAY': ':1', 'LANG': 'en_US.UTF-8', 'XDG_CURRENT_DESKTOP': 'ubuntu:GNOME', 'TERMINATOR_DBUS_PATH': '/net/tenshu/Terminator2', 'XAUTHORITY': '/run/user/1000/gdm/Xauthority', 'XMODIFIERS': '@im=ibus', 'XDG_SESSION_DESKTOP': 'ubuntu', 'SSH_AUTH_SOCK': '/run/user/1000/keyring/ssh', 'AMENT_PREFIX_PATH': '/opt/ros/jazzy', 'ROS_DOMAIN_ID': '22', 'TERMINATOR_UUID': 'urn:uuid:8c4eeb6a-27e1-493f-b67a-a86e3a06f02f', 'SHELL': '/usr/bin/fish', 'QT_ACCESSIBILITY': '1', 'GDMSESSION': 'ubuntu', 'IGN_GAZEBO_RESOURCE_PATH': '/opt/ros/jazzy/share', 'GPG_AGENT_INFO': '/run/user/1000/gnupg/S.gpg-agent:0:1', 'GJS_DEBUG_OUTPUT': 'stderr', 'POSH_THEME': '/home/kth/.poshthemes/sonicboom_light.omp.json', 'ROS_AUTOMATIC_DISCOVERY_RANGE': 'SUBNET', 'QT_IM_MODULE': 'ibus', 'PWD': '/home/kth/robot_dev/vicpinky_ws/build/vicpinky_description', 'LC_ALL': 'en_US.UTF-8', 'XDG_DATA_DIRS': '/usr/share/ubuntu:/usr/share/gnome:/usr/local/share/:/usr/share/:/var/lib/snapd/desktop', 'XDG_CONFIG_DIRS': '/etc/xdg/xdg-ubuntu:/etc/xdg', 'PYTHONPATH': '/opt/ros/jazzy/lib/python3.12/site-packages', 'COLCON': '1', 'POSH_SHELL': 'fish', 'VTE_VERSION': '7600', 'MEMORY_PRESSURE_WRITE': 'c29tZSAyMDAwMDAgMjAwMDAwMAA=', 'CMAKE_PREFIX_PATH': '/opt/ros/jazzy/opt/gz_sim_vendor:/opt/ros/jazzy/opt/gz_sensors_vendor:/opt/ros/jazzy/opt/gz_physics_vendor:/opt/ros/jazzy/opt/sdformat_vendor:/opt/ros/jazzy/opt/gz_gui_vendor:/opt/ros/jazzy/opt/gz_transport_vendor:/opt/ros/jazzy/opt/gz_rendering_vendor:/opt/ros/jazzy/opt/gz_plugin_vendor:/opt/ros/jazzy/opt/gz_fuel_tools_vendor:/opt/ros/jazzy/opt/gz_msgs_vendor:/opt/ros/jazzy/opt/gz_common_vendor:/opt/ros/jazzy/opt/gz_math_vendor:/opt/ros/jazzy/opt/gz_utils_vendor:/opt/ros/jazzy/opt/gz_tools_vendor:/opt/ros/jazzy/opt/gz_ogre_next_vendor:/opt/ros/jazzy/opt/gz_dartsim_vendor:/opt/ros/jazzy/opt/gz_cmake_vendor:/opt/ros/jazzy'}), 'shell': False}
[0.809824] (vicpinky_navigation) StdoutLine: {'line': b'-- Found rosidl_generator_c: 4.6.5 (/opt/ros/jazzy/share/rosidl_generator_c/cmake)\n'}
[0.814354] (vicpinky_description) StdoutLine: {'line': b'-- Install configuration: ""\n'}
[0.814470] (vicpinky_description) StdoutLine: {'line': b'-- Installing: /home/kth/robot_dev/vicpinky_ws/install/vicpinky_description/share/vicpinky_description/rviz\n'}
[0.814687] (vicpinky_description) StdoutLine: {'line': b'-- Installing: /home/kth/robot_dev/vicpinky_ws/install/vicpinky_description/share/vicpinky_description/rviz/urdf_config.rviz\n'}
[0.814802] (vicpinky_description) StdoutLine: {'line': b'-- Installing: /home/kth/robot_dev/vicpinky_ws/install/vicpinky_description/share/vicpinky_description/urdf\n'}
[0.814857] (vicpinky_description) StdoutLine: {'line': b'-- Installing: /home/kth/robot_dev/vicpinky_ws/install/vicpinky_description/share/vicpinky_description/urdf/robot_gazebo.xacro\n'}
[0.814933] (vicpinky_description) StdoutLine: {'line': b'-- Installing: /home/kth/robot_dev/vicpinky_ws/install/vicpinky_description/share/vicpinky_description/urdf/lidar.xacro\n'}
[0.814997] (vicpinky_description) StdoutLine: {'line': b'-- Installing: /home/kth/robot_dev/vicpinky_ws/install/vicpinky_description/share/vicpinky_description/urdf/robot_core.xacro\n'}
[0.815050] (vicpinky_description) StdoutLine: {'line': b'-- Installing: /home/kth/robot_dev/vicpinky_ws/install/vicpinky_description/share/vicpinky_description/urdf/camera.xacro\n'}
[0.815104] (vicpinky_description) StdoutLine: {'line': b'-- Installing: /home/kth/robot_dev/vicpinky_ws/install/vicpinky_description/share/vicpinky_description/urdf/robot.urdf.xacro\n'}
[0.815178] (vicpinky_description) StdoutLine: {'line': b'-- Installing: /home/kth/robot_dev/vicpinky_ws/install/vicpinky_description/share/vicpinky_description/urdf/inertial_macros.xacro\n'}
[0.815232] (vicpinky_description) StdoutLine: {'line': b'-- Installing: /home/kth/robot_dev/vicpinky_ws/install/vicpinky_description/share/vicpinky_description/urdf/gazebo_control.xacro\n'}
[0.815298] (vicpinky_description) StdoutLine: {'line': b'-- Installing: /home/kth/robot_dev/vicpinky_ws/install/vicpinky_description/share/vicpinky_description/launch\n'}
[0.815353] (vicpinky_description) StdoutLine: {'line': b'-- Installing: /home/kth/robot_dev/vicpinky_ws/install/vicpinky_description/share/vicpinky_description/launch/display.launch.xml\n'}
[0.815405] (vicpinky_description) StdoutLine: {'line': b'-- Installing: /home/kth/robot_dev/vicpinky_ws/install/vicpinky_description/share/vicpinky_description/launch/upload.launch.xml\n'}
[0.815472] (vicpinky_description) StdoutLine: {'line': b'-- Installing: /home/kth/robot_dev/vicpinky_ws/install/vicpinky_description/share/vicpinky_description/meshes\n'}
[0.815568] (vicpinky_description) StdoutLine: {'line': b'-- Installing: /home/kth/robot_dev/vicpinky_ws/install/vicpinky_description/share/vicpinky_description/meshes/collision\n'}
[0.815617] (vicpinky_description) StdoutLine: {'line': b'-- Installing: /home/kth/robot_dev/vicpinky_ws/install/vicpinky_description/share/vicpinky_description/meshes/collision/lidar.stl\n'}
[0.815920] (vicpinky_description) StdoutLine: {'line': b'-- Installing: /home/kth/robot_dev/vicpinky_ws/install/vicpinky_description/share/vicpinky_description/meshes/visual\n'}
[0.815989] (vicpinky_description) StdoutLine: {'line': b'-- Installing: /home/kth/robot_dev/vicpinky_ws/install/vicpinky_description/share/vicpinky_description/meshes/visual/lidar.dae\n'}
[0.817108] (vicpinky_description) StdoutLine: {'line': b'-- Installing: /home/kth/robot_dev/vicpinky_ws/install/vicpinky_description/share/ament_index/resource_index/package_run_dependencies/vicpinky_description\n'}
[0.817211] (vicpinky_description) StdoutLine: {'line': b'-- Installing: /home/kth/robot_dev/vicpinky_ws/install/vicpinky_description/share/ament_index/resource_index/parent_prefix_path/vicpinky_description\n'}
[0.817310] (vicpinky_description) StdoutLine: {'line': b'-- Installing: /home/kth/robot_dev/vicpinky_ws/install/vicpinky_description/share/vicpinky_description/environment/ament_prefix_path.sh\n'}
[0.817394] (vicpinky_description) StdoutLine: {'line': b'-- Installing: /home/kth/robot_dev/vicpinky_ws/install/vicpinky_description/share/vicpinky_description/environment/ament_prefix_path.dsv\n'}
[0.817528] (vicpinky_description) StdoutLine: {'line': b'-- Installing: /home/kth/robot_dev/vicpinky_ws/install/vicpinky_description/share/vicpinky_description/environment/path.sh\n'}
[0.817650] (vicpinky_description) StdoutLine: {'line': b'-- Installing: /home/kth/robot_dev/vicpinky_ws/install/vicpinky_description/share/vicpinky_description/environment/path.dsv\n'}
[0.817779] (vicpinky_description) StdoutLine: {'line': b'-- Installing: /home/kth/robot_dev/vicpinky_ws/install/vicpinky_description/share/vicpinky_description/local_setup.bash\n'}
[0.817858] (vicpinky_description) StdoutLine: {'line': b'-- Installing: /home/kth/robot_dev/vicpinky_ws/install/vicpinky_description/share/vicpinky_description/local_setup.sh\n'}
[0.817937] (vicpinky_description) StdoutLine: {'line': b'-- Installing: /home/kth/robot_dev/vicpinky_ws/install/vicpinky_description/share/vicpinky_description/local_setup.zsh\n'}
[0.818014] (vicpinky_description) StdoutLine: {'line': b'-- Installing: /home/kth/robot_dev/vicpinky_ws/install/vicpinky_description/share/vicpinky_description/local_setup.dsv\n'}
[0.818090] (vicpinky_description) StdoutLine: {'line': b'-- Installing: /home/kth/robot_dev/vicpinky_ws/install/vicpinky_description/share/vicpinky_description/package.dsv\n'}
[0.818190] (vicpinky_description) StdoutLine: {'line': b'-- Installing: /home/kth/robot_dev/vicpinky_ws/install/vicpinky_description/share/ament_index/resource_index/packages/vicpinky_description\n'}
[0.818287] (vicpinky_description) StdoutLine: {'line': b'-- Installing: /home/kth/robot_dev/vicpinky_ws/install/vicpinky_description/share/vicpinky_description/cmake/vicpinky_descriptionConfig.cmake\n'}
[0.818353] (vicpinky_description) StdoutLine: {'line': b'-- Installing: /home/kth/robot_dev/vicpinky_ws/install/vicpinky_description/share/vicpinky_description/cmake/vicpinky_descriptionConfig-version.cmake\n'}
[0.818423] (vicpinky_description) StdoutLine: {'line': b'-- Installing: /home/kth/robot_dev/vicpinky_ws/install/vicpinky_description/share/vicpinky_description/package.xml\n'}
[0.819960] (vicpinky_description) CommandEnded: {'returncode': 0}
[0.828645] (vicpinky_navigation) StdoutLine: {'line': b'-- Found rosidl_generator_cpp: 4.6.5 (/opt/ros/jazzy/share/rosidl_generator_cpp/cmake)\n'}
[0.835257] (vicpinky_description) JobEnded: {'identifier': 'vicpinky_description', 'rc': 0}
[0.851280] (vicpinky_navigation) StdoutLine: {'line': b'-- Using all available rosidl_typesupport_c: rosidl_typesupport_fastrtps_c;rosidl_typesupport_introspection_c\n'}
[0.874574] (vicpinky_navigation) StdoutLine: {'line': b'-- Using all available rosidl_typesupport_cpp: rosidl_typesupport_fastrtps_cpp;rosidl_typesupport_introspection_cpp\n'}
[0.900599] (-) TimerEvent: {}
[1.000814] (-) TimerEvent: {}
[1.101057] (-) TimerEvent: {}
[1.126076] (vicpinky_navigation) StdoutLine: {'line': b'-- Found rmw_implementation_cmake: 7.3.2 (/opt/ros/jazzy/share/rmw_implementation_cmake/cmake)\n'}
[1.130149] (vicpinky_navigation) StdoutLine: {'line': b'-- Found rmw_fastrtps_cpp: 8.4.2 (/opt/ros/jazzy/share/rmw_fastrtps_cpp/cmake)\n'}
[1.201141] (-) TimerEvent: {}
[1.207021] (vicpinky_navigation) StdoutLine: {'line': b'-- Found OpenSSL: /usr/lib/x86_64-linux-gnu/libcrypto.so (found version "3.0.13")  \n'}
[1.224423] (vicpinky_navigation) StdoutLine: {'line': b'-- Found FastRTPS: /opt/ros/jazzy/include (Required is at least version "2.13") \n'}
[1.243322] (vicpinky_navigation) StdoutLine: {'line': b"-- Using RMW implementation 'rmw_fastrtps_cpp' as default\n"}
[1.301265] (-) TimerEvent: {}
[1.401504] (-) TimerEvent: {}
[1.501752] (-) TimerEvent: {}
[1.504458] (vicpinky_navigation) StdoutLine: {'line': b'-- Found eigen3_cmake_module: 0.3.0 (/opt/ros/jazzy/share/eigen3_cmake_module/cmake)\n'}
[1.506364] (vicpinky_navigation) StdoutLine: {'line': b'-- Found Eigen3: TRUE (found version "3.4.0") \n'}
[1.506538] (vicpinky_navigation) StdoutLine: {'line': b'-- Ensuring Eigen3 include directory is part of orocos-kdl CMake target\n'}
[1.601871] (-) TimerEvent: {}
[1.637316] (vicpinky_navigation) StdoutLine: {'line': b"-- Setting OGRE_DIR to: '/opt/ros/jazzy/share/rviz_ogre_vendor/cmake/../../../opt/rviz_ogre_vendor/lib/OGRE/cmake'\n"}
[1.639068] (vicpinky_navigation) StdoutLine: {'line': b'-- Found OGRE\n'}
[1.639179] (vicpinky_navigation) StdoutLine: {'line': b'--   static     : OFF\n'}
[1.639238] (vicpinky_navigation) StdoutLine: {'line': b'--   components : MeshLodGenerator;Overlay;Paging;Property;RTShaderSystem;Terrain;Volume\n'}
[1.639307] (vicpinky_navigation) StdoutLine: {'line': b'--   plugins    : Plugin_BSPSceneManager;Plugin_OctreeSceneManager;Plugin_PCZSceneManager;Plugin_ParticleFX;RenderSystem_GL;RenderSystem_GL3Plus;Codec_STBI\n'}
[1.639375] (vicpinky_navigation) StdoutLine: {'line': b'--   media      : /opt/ros/jazzy/opt/rviz_ogre_vendor/share/OGRE/Media\n'}
[1.639701] (vicpinky_navigation) StdoutLine: {'line': b'-- OGRE_LIBRARIES: OgreMeshLodGenerator;OgreOverlay;OgrePaging;OgreProperty;OgreRTShaderSystem;OgreTerrain;OgreVolume;OgreMain\n'}
[1.639794] (vicpinky_navigation) StdoutLine: {'line': b'-- OGRE_LIBRARY_DIRS: /opt/ros/jazzy/opt/rviz_ogre_vendor/lib\n'}
[1.639848] (vicpinky_navigation) StdoutLine: {'line': b'-- OGRE_PLUGINS: Plugin_BSPSceneManager;Plugin_OctreeSceneManager;Plugin_PCZSceneManager;Plugin_ParticleFX;RenderSystem_GL;RenderSystem_GL3Plus;Codec_STBI\n'}
[1.639899] (vicpinky_navigation) StdoutLine: {'line': b'-- OGRE_PLUGIN_DIR: /opt/ros/jazzy/opt/rviz_ogre_vendor/lib/OGRE\n'}
[1.639947] (vicpinky_navigation) StdoutLine: {'line': b'-- rviz_ogre_vendor::OgreOverlay for IMPORTED_LOCATION_RELEASE: /opt/ros/jazzy/opt/rviz_ogre_vendor/lib/libOgreOverlay.so\n'}
[1.639997] (vicpinky_navigation) StdoutLine: {'line': b'-- rviz_ogre_vendor::OgreOverlay for IMPORTED_LOCATION_DEBUG: /opt/ros/jazzy/opt/rviz_ogre_vendor/lib/libOgreOverlay.so\n'}
[1.640045] (vicpinky_navigation) StdoutLine: {'line': b'-- rviz_ogre_vendor::OgreMain for IMPORTED_LOCATION_RELEASE: /opt/ros/jazzy/opt/rviz_ogre_vendor/lib/libOgreMain.so\n'}
[1.640093] (vicpinky_navigation) StdoutLine: {'line': b'-- rviz_ogre_vendor::OgreMain for IMPORTED_LOCATION_DEBUG: /opt/ros/jazzy/opt/rviz_ogre_vendor/lib/libOgreMain.so\n'}
[1.665638] (vicpinky_navigation) StdoutLine: {'line': b'-- Found ZLIB: /usr/lib/x86_64-linux-gnu/libz.so (found version "1.3")  \n'}
[1.676812] (vicpinky_navigation) StdoutLine: {'line': b'-- Found OpenGL: /usr/lib/x86_64-linux-gnu/libOpenGL.so   \n'}
[1.701974] (-) TimerEvent: {}
[1.798762] (vicpinky_navigation) StdoutLine: {'line': b'-- Found X11: /usr/include   \n'}
[1.799222] (vicpinky_navigation) StdoutLine: {'line': b'-- Looking for XOpenDisplay in /usr/lib/x86_64-linux-gnu/libX11.so;/usr/lib/x86_64-linux-gnu/libXext.so\n'}
[1.802039] (-) TimerEvent: {}
[1.862414] (vicpinky_navigation) StdoutLine: {'line': b'-- Looking for XOpenDisplay in /usr/lib/x86_64-linux-gnu/libX11.so;/usr/lib/x86_64-linux-gnu/libXext.so - found\n'}
[1.862590] (vicpinky_navigation) StdoutLine: {'line': b'-- Looking for gethostbyname\n'}
[1.902135] (-) TimerEvent: {}
[1.927109] (vicpinky_navigation) StdoutLine: {'line': b'-- Looking for gethostbyname - found\n'}
[1.927236] (vicpinky_navigation) StdoutLine: {'line': b'-- Looking for connect\n'}
[1.998372] (vicpinky_navigation) StdoutLine: {'line': b'-- Looking for connect - found\n'}
[1.998567] (vicpinky_navigation) StdoutLine: {'line': b'-- Looking for remove\n'}
[2.002244] (-) TimerEvent: {}
[2.066583] (vicpinky_navigation) StdoutLine: {'line': b'-- Looking for remove - found\n'}
[2.066719] (vicpinky_navigation) StdoutLine: {'line': b'-- Looking for shmat\n'}
[2.102391] (-) TimerEvent: {}
[2.129746] (vicpinky_navigation) StdoutLine: {'line': b'-- Looking for shmat - found\n'}
[2.129873] (vicpinky_navigation) StdoutLine: {'line': b'-- Looking for IceConnectionNumber in ICE\n'}
[2.190891] (vicpinky_navigation) StdoutLine: {'line': b'-- Looking for IceConnectionNumber in ICE - found\n'}
[2.202497] (-) TimerEvent: {}
[2.212638] (vicpinky_navigation) StdoutLine: {'line': b"-- Setting yaml-cpp_DIR to: '/opt/ros/jazzy/share/yaml_cpp_vendor/cmake/../../../opt/yaml_cpp_vendor/share/cmake/yaml-cpp'\n"}
[2.302625] (-) TimerEvent: {}
[2.335006] (vicpinky_navigation) StdoutLine: {'line': b"-- Added test 'lint_cmake' to check CMake code style\n"}
[2.335943] (vicpinky_navigation) StdoutLine: {'line': b"-- Added test 'xmllint' to check XML markup files\n"}
[2.337632] (vicpinky_navigation) StdoutLine: {'line': b'-- Configuring done (2.3s)\n'}
[2.342122] (vicpinky_navigation) StdoutLine: {'line': b'-- Generating done (0.0s)\n'}
[2.344336] (vicpinky_navigation) StdoutLine: {'line': b'-- Build files have been written to: /home/kth/robot_dev/vicpinky_ws/build/vicpinky_navigation\n'}
[2.352393] (vicpinky_navigation) CommandEnded: {'returncode': 0}
[2.352885] (vicpinky_navigation) JobProgress: {'identifier': 'vicpinky_navigation', 'progress': 'build'}
[2.353135] (vicpinky_navigation) Command: {'cmd': ['/usr/bin/cmake', '--build', '/home/kth/robot_dev/vicpinky_ws/build/vicpinky_navigation', '--', '-j12', '-l12'], 'cwd': '/home/kth/robot_dev/vicpinky_ws/build/vicpinky_navigation', 'env': OrderedDict({'GJS_DEBUG_TOPICS': 'JS ERROR;JS LOG', 'XDG_ACTIVATION_TOKEN': 'gnome-shell/Terminator/2546-6-kth-GP75-Leopard-10SEK_TIME3860866', 'CONDA_PROMPT_MODIFIER': 'false', 'USER': 'kth', 'GZ_CONFIG_PATH': '/opt/ros/jazzy/opt/gz_sim_vendor/share/gz:/opt/ros/jazzy/opt/sdformat_vendor/share/gz:/opt/ros/jazzy/opt/gz_gui_vendor/share/gz:/opt/ros/jazzy/opt/gz_transport_vendor/share/gz:/opt/ros/jazzy/opt/gz_rendering_vendor/share/gz:/opt/ros/jazzy/opt/gz_plugin_vendor/share/gz:/opt/ros/jazzy/opt/gz_fuel_tools_vendor/share/gz:/opt/ros/jazzy/opt/gz_msgs_vendor/share/gz:/opt/ros/jazzy/opt/gz_common_vendor/share/gz', 'XDG_SESSION_TYPE': 'x11', 'POWERLINE_COMMAND': 'oh-my-posh', 'SHLVL': '1', 'LD_LIBRARY_PATH': '/opt/ros/jazzy/opt/gz_sim_vendor/lib:/opt/ros/jazzy/opt/gz_sensors_vendor/lib:/opt/ros/jazzy/opt/gz_physics_vendor/lib:/opt/ros/jazzy/opt/sdformat_vendor/lib:/opt/ros/jazzy/opt/rviz_ogre_vendor/lib:/opt/ros/jazzy/lib/x86_64-linux-gnu:/opt/ros/jazzy/opt/gz_gui_vendor/lib:/opt/ros/jazzy/opt/gz_transport_vendor/lib:/opt/ros/jazzy/opt/gz_rendering_vendor/lib:/opt/ros/jazzy/opt/gz_plugin_vendor/lib:/opt/ros/jazzy/opt/gz_fuel_tools_vendor/lib:/opt/ros/jazzy/opt/gz_msgs_vendor/lib:/opt/ros/jazzy/opt/gz_common_vendor/lib:/opt/ros/jazzy/opt/gz_math_vendor/lib:/opt/ros/jazzy/opt/gz_utils_vendor/lib:/opt/ros/jazzy/opt/gz_tools_vendor/lib:/opt/ros/jazzy/opt/gz_ogre_next_vendor/lib:/opt/ros/jazzy/opt/gz_dartsim_vendor/lib:/opt/ros/jazzy/opt/gz_cmake_vendor/lib:/opt/ros/jazzy/lib', 'CLUTTER_DISABLE_MIPMAPPED_TEXT': '1', 'HOME': '/home/kth', 'DESKTOP_SESSION': 'ubuntu', 'GIO_LAUNCHED_DESKTOP_FILE': '/usr/share/applications/terminator.desktop', 'ROS_PYTHON_VERSION': '3', 'GNOME_SHELL_SESSION_MODE': 'ubuntu', 'GTK_MODULES': 'gail:atk-bridge', 'MANAGERPID': '2094', 'SYSTEMD_EXEC_PID': '2546', 'GSM_SKIP_SSH_AGENT_WORKAROUND': 'true', 'DBUS_SESSION_BUS_ADDRESS': 'unix:path=/run/user/1000/bus', 'GIO_LAUNCHED_DESKTOP_FILE_PID': '14970', 'COLORTERM': 'truecolor', 'TERMINATOR_DBUS_NAME': 'net.tenshu.Terminator23558193cd9818af7fe4d2c2f5bd9d00f', 'DEBUGINFOD_URLS': 'https://debuginfod.ubuntu.com', 'ROS_DISTRO': 'jazzy', 'LOGNAME': 'kth', 'JOURNAL_STREAM': '9:19835', 'POSH_SESSION_ID': '325afdf4-33d6-45c8-9ae1-bf5c06f15a05', 'MEMORY_PRESSURE_WATCH': '/sys/fs/cgroup/user.slice/user-1000.slice/user@1000.service/session.slice/org.gnome.Shell@x11.service/memory.pressure', 'ROS_VERSION': '2', 'XDG_SESSION_CLASS': 'user', 'USERNAME': 'kth', 'TERM': 'xterm-256color', 'GNOME_DESKTOP_SESSION_ID': 'this-is-deprecated', 'POSH_SHELL_VERSION': '3.7.0', 'WINDOWPATH': '2', 'PATH': '/opt/ros/jazzy/opt/gz_msgs_vendor/bin:/opt/ros/jazzy/opt/gz_tools_vendor/bin:/opt/ros/jazzy/opt/gz_ogre_next_vendor/bin:/opt/ros/jazzy/bin:/home/kth/.local/bin:/usr/local/sbin:/usr/local/bin:/usr/sbin:/usr/bin:/sbin:/bin:/usr/games:/usr/local/games:/snap/bin:/snap/bin', 'SESSION_MANAGER': 'local/kth-GP75-Leopard-10SEK:@/tmp/.ICE-unix/2514,unix/kth-GP75-Leopard-10SEK:/tmp/.ICE-unix/2514', 'INVOCATION_ID': '6676266d20b346929f65e89413f2a98e', 'XDG_RUNTIME_DIR': '/run/user/1000', 'XDG_MENU_PREFIX': 'gnome-', 'DISPLAY': ':1', 'LANG': 'en_US.UTF-8', 'XDG_CURRENT_DESKTOP': 'ubuntu:GNOME', 'TERMINATOR_DBUS_PATH': '/net/tenshu/Terminator2', 'XAUTHORITY': '/run/user/1000/gdm/Xauthority', 'XMODIFIERS': '@im=ibus', 'XDG_SESSION_DESKTOP': 'ubuntu', 'SSH_AUTH_SOCK': '/run/user/1000/keyring/ssh', 'AMENT_PREFIX_PATH': '/opt/ros/jazzy', 'ROS_DOMAIN_ID': '22', 'TERMINATOR_UUID': 'urn:uuid:8c4eeb6a-27e1-493f-b67a-a86e3a06f02f', 'SHELL': '/usr/bin/fish', 'QT_ACCESSIBILITY': '1', 'GDMSESSION': 'ubuntu', 'IGN_GAZEBO_RESOURCE_PATH': '/opt/ros/jazzy/share', 'GPG_AGENT_INFO': '/run/user/1000/gnupg/S.gpg-agent:0:1', 'GJS_DEBUG_OUTPUT': 'stderr', 'POSH_THEME': '/home/kth/.poshthemes/sonicboom_light.omp.json', 'ROS_AUTOMATIC_DISCOVERY_RANGE': 'SUBNET', 'QT_IM_MODULE': 'ibus', 'PWD': '/home/kth/robot_dev/vicpinky_ws/build/vicpinky_navigation', 'LC_ALL': 'en_US.UTF-8', 'XDG_DATA_DIRS': '/usr/share/ubuntu:/usr/share/gnome:/usr/local/share/:/usr/share/:/var/lib/snapd/desktop', 'XDG_CONFIG_DIRS': '/etc/xdg/xdg-ubuntu:/etc/xdg', 'PYTHONPATH': '/opt/ros/jazzy/lib/python3.12/site-packages', 'COLCON': '1', 'POSH_SHELL': 'fish', 'VTE_VERSION': '7600', 'MEMORY_PRESSURE_WRITE': 'c29tZSAyMDAwMDAgMjAwMDAwMAA=', 'CMAKE_PREFIX_PATH': '/opt/ros/jazzy/opt/gz_sim_vendor:/opt/ros/jazzy/opt/gz_sensors_vendor:/opt/ros/jazzy/opt/gz_physics_vendor:/opt/ros/jazzy/opt/sdformat_vendor:/opt/ros/jazzy/opt/gz_gui_vendor:/opt/ros/jazzy/opt/gz_transport_vendor:/opt/ros/jazzy/opt/gz_rendering_vendor:/opt/ros/jazzy/opt/gz_plugin_vendor:/opt/ros/jazzy/opt/gz_fuel_tools_vendor:/opt/ros/jazzy/opt/gz_msgs_vendor:/opt/ros/jazzy/opt/gz_common_vendor:/opt/ros/jazzy/opt/gz_math_vendor:/opt/ros/jazzy/opt/gz_utils_vendor:/opt/ros/jazzy/opt/gz_tools_vendor:/opt/ros/jazzy/opt/gz_ogre_next_vendor:/opt/ros/jazzy/opt/gz_dartsim_vendor:/opt/ros/jazzy/opt/gz_cmake_vendor:/opt/ros/jazzy'}), 'shell': False}
[2.384389] (vicpinky_navigation) CommandEnded: {'returncode': 0}
[2.384874] (vicpinky_navigation) JobProgress: {'identifier': 'vicpinky_navigation', 'progress': 'install'}
[2.385195] (vicpinky_navigation) Command: {'cmd': ['/usr/bin/cmake', '--install', '/home/kth/robot_dev/vicpinky_ws/build/vicpinky_navigation'], 'cwd': '/home/kth/robot_dev/vicpinky_ws/build/vicpinky_navigation', 'env': OrderedDict({'GJS_DEBUG_TOPICS': 'JS ERROR;JS LOG', 'XDG_ACTIVATION_TOKEN': 'gnome-shell/Terminator/2546-6-kth-GP75-Leopard-10SEK_TIME3860866', 'CONDA_PROMPT_MODIFIER': 'false', 'USER': 'kth', 'GZ_CONFIG_PATH': '/opt/ros/jazzy/opt/gz_sim_vendor/share/gz:/opt/ros/jazzy/opt/sdformat_vendor/share/gz:/opt/ros/jazzy/opt/gz_gui_vendor/share/gz:/opt/ros/jazzy/opt/gz_transport_vendor/share/gz:/opt/ros/jazzy/opt/gz_rendering_vendor/share/gz:/opt/ros/jazzy/opt/gz_plugin_vendor/share/gz:/opt/ros/jazzy/opt/gz_fuel_tools_vendor/share/gz:/opt/ros/jazzy/opt/gz_msgs_vendor/share/gz:/opt/ros/jazzy/opt/gz_common_vendor/share/gz', 'XDG_SESSION_TYPE': 'x11', 'POWERLINE_COMMAND': 'oh-my-posh', 'SHLVL': '1', 'LD_LIBRARY_PATH': '/opt/ros/jazzy/opt/gz_sim_vendor/lib:/opt/ros/jazzy/opt/gz_sensors_vendor/lib:/opt/ros/jazzy/opt/gz_physics_vendor/lib:/opt/ros/jazzy/opt/sdformat_vendor/lib:/opt/ros/jazzy/opt/rviz_ogre_vendor/lib:/opt/ros/jazzy/lib/x86_64-linux-gnu:/opt/ros/jazzy/opt/gz_gui_vendor/lib:/opt/ros/jazzy/opt/gz_transport_vendor/lib:/opt/ros/jazzy/opt/gz_rendering_vendor/lib:/opt/ros/jazzy/opt/gz_plugin_vendor/lib:/opt/ros/jazzy/opt/gz_fuel_tools_vendor/lib:/opt/ros/jazzy/opt/gz_msgs_vendor/lib:/opt/ros/jazzy/opt/gz_common_vendor/lib:/opt/ros/jazzy/opt/gz_math_vendor/lib:/opt/ros/jazzy/opt/gz_utils_vendor/lib:/opt/ros/jazzy/opt/gz_tools_vendor/lib:/opt/ros/jazzy/opt/gz_ogre_next_vendor/lib:/opt/ros/jazzy/opt/gz_dartsim_vendor/lib:/opt/ros/jazzy/opt/gz_cmake_vendor/lib:/opt/ros/jazzy/lib', 'CLUTTER_DISABLE_MIPMAPPED_TEXT': '1', 'HOME': '/home/kth', 'DESKTOP_SESSION': 'ubuntu', 'GIO_LAUNCHED_DESKTOP_FILE': '/usr/share/applications/terminator.desktop', 'ROS_PYTHON_VERSION': '3', 'GNOME_SHELL_SESSION_MODE': 'ubuntu', 'GTK_MODULES': 'gail:atk-bridge', 'MANAGERPID': '2094', 'SYSTEMD_EXEC_PID': '2546', 'GSM_SKIP_SSH_AGENT_WORKAROUND': 'true', 'DBUS_SESSION_BUS_ADDRESS': 'unix:path=/run/user/1000/bus', 'GIO_LAUNCHED_DESKTOP_FILE_PID': '14970', 'COLORTERM': 'truecolor', 'TERMINATOR_DBUS_NAME': 'net.tenshu.Terminator23558193cd9818af7fe4d2c2f5bd9d00f', 'DEBUGINFOD_URLS': 'https://debuginfod.ubuntu.com', 'ROS_DISTRO': 'jazzy', 'LOGNAME': 'kth', 'JOURNAL_STREAM': '9:19835', 'POSH_SESSION_ID': '325afdf4-33d6-45c8-9ae1-bf5c06f15a05', 'MEMORY_PRESSURE_WATCH': '/sys/fs/cgroup/user.slice/user-1000.slice/user@1000.service/session.slice/org.gnome.Shell@x11.service/memory.pressure', 'ROS_VERSION': '2', 'XDG_SESSION_CLASS': 'user', 'USERNAME': 'kth', 'TERM': 'xterm-256color', 'GNOME_DESKTOP_SESSION_ID': 'this-is-deprecated', 'POSH_SHELL_VERSION': '3.7.0', 'WINDOWPATH': '2', 'PATH': '/opt/ros/jazzy/opt/gz_msgs_vendor/bin:/opt/ros/jazzy/opt/gz_tools_vendor/bin:/opt/ros/jazzy/opt/gz_ogre_next_vendor/bin:/opt/ros/jazzy/bin:/home/kth/.local/bin:/usr/local/sbin:/usr/local/bin:/usr/sbin:/usr/bin:/sbin:/bin:/usr/games:/usr/local/games:/snap/bin:/snap/bin', 'SESSION_MANAGER': 'local/kth-GP75-Leopard-10SEK:@/tmp/.ICE-unix/2514,unix/kth-GP75-Leopard-10SEK:/tmp/.ICE-unix/2514', 'INVOCATION_ID': '6676266d20b346929f65e89413f2a98e', 'XDG_RUNTIME_DIR': '/run/user/1000', 'XDG_MENU_PREFIX': 'gnome-', 'DISPLAY': ':1', 'LANG': 'en_US.UTF-8', 'XDG_CURRENT_DESKTOP': 'ubuntu:GNOME', 'TERMINATOR_DBUS_PATH': '/net/tenshu/Terminator2', 'XAUTHORITY': '/run/user/1000/gdm/Xauthority', 'XMODIFIERS': '@im=ibus', 'XDG_SESSION_DESKTOP': 'ubuntu', 'SSH_AUTH_SOCK': '/run/user/1000/keyring/ssh', 'AMENT_PREFIX_PATH': '/opt/ros/jazzy', 'ROS_DOMAIN_ID': '22', 'TERMINATOR_UUID': 'urn:uuid:8c4eeb6a-27e1-493f-b67a-a86e3a06f02f', 'SHELL': '/usr/bin/fish', 'QT_ACCESSIBILITY': '1', 'GDMSESSION': 'ubuntu', 'IGN_GAZEBO_RESOURCE_PATH': '/opt/ros/jazzy/share', 'GPG_AGENT_INFO': '/run/user/1000/gnupg/S.gpg-agent:0:1', 'GJS_DEBUG_OUTPUT': 'stderr', 'POSH_THEME': '/home/kth/.poshthemes/sonicboom_light.omp.json', 'ROS_AUTOMATIC_DISCOVERY_RANGE': 'SUBNET', 'QT_IM_MODULE': 'ibus', 'PWD': '/home/kth/robot_dev/vicpinky_ws/build/vicpinky_navigation', 'LC_ALL': 'en_US.UTF-8', 'XDG_DATA_DIRS': '/usr/share/ubuntu:/usr/share/gnome:/usr/local/share/:/usr/share/:/var/lib/snapd/desktop', 'XDG_CONFIG_DIRS': '/etc/xdg/xdg-ubuntu:/etc/xdg', 'PYTHONPATH': '/opt/ros/jazzy/lib/python3.12/site-packages', 'COLCON': '1', 'POSH_SHELL': 'fish', 'VTE_VERSION': '7600', 'MEMORY_PRESSURE_WRITE': 'c29tZSAyMDAwMDAgMjAwMDAwMAA=', 'CMAKE_PREFIX_PATH': '/opt/ros/jazzy/opt/gz_sim_vendor:/opt/ros/jazzy/opt/gz_sensors_vendor:/opt/ros/jazzy/opt/gz_physics_vendor:/opt/ros/jazzy/opt/sdformat_vendor:/opt/ros/jazzy/opt/gz_gui_vendor:/opt/ros/jazzy/opt/gz_transport_vendor:/opt/ros/jazzy/opt/gz_rendering_vendor:/opt/ros/jazzy/opt/gz_plugin_vendor:/opt/ros/jazzy/opt/gz_fuel_tools_vendor:/opt/ros/jazzy/opt/gz_msgs_vendor:/opt/ros/jazzy/opt/gz_common_vendor:/opt/ros/jazzy/opt/gz_math_vendor:/opt/ros/jazzy/opt/gz_utils_vendor:/opt/ros/jazzy/opt/gz_tools_vendor:/opt/ros/jazzy/opt/gz_ogre_next_vendor:/opt/ros/jazzy/opt/gz_dartsim_vendor:/opt/ros/jazzy/opt/gz_cmake_vendor:/opt/ros/jazzy'}), 'shell': False}
[2.391037] (vicpinky_navigation) StdoutLine: {'line': b'-- Install configuration: ""\n'}
[2.391273] (vicpinky_navigation) StdoutLine: {'line': b'-- Installing: /home/kth/robot_dev/vicpinky_ws/install/vicpinky_navigation/share/vicpinky_navigation/launch\n'}
[2.391374] (vicpinky_navigation) StdoutLine: {'line': b'-- Installing: /home/kth/robot_dev/vicpinky_ws/install/vicpinky_navigation/share/vicpinky_navigation/launch/map_view.launch.xml\n'}
[2.391431] (vicpinky_navigation) StdoutLine: {'line': b'-- Installing: /home/kth/robot_dev/vicpinky_ws/install/vicpinky_navigation/share/vicpinky_navigation/launch/nav2_view.launch.xml\n'}
[2.391578] (vicpinky_navigation) StdoutLine: {'line': b'-- Installing: /home/kth/robot_dev/vicpinky_ws/install/vicpinky_navigation/share/vicpinky_navigation/rviz\n'}
[2.391671] (vicpinky_navigation) StdoutLine: {'line': b'-- Installing: /home/kth/robot_dev/vicpinky_ws/install/vicpinky_navigation/share/vicpinky_navigation/rviz/map_view.rviz\n'}
[2.391734] (vicpinky_navigation) StdoutLine: {'line': b'-- Installing: /home/kth/robot_dev/vicpinky_ws/install/vicpinky_navigation/share/vicpinky_navigation/rviz/nav2_view.rviz\n'}
[2.391820] (vicpinky_navigation) StdoutLine: {'line': b'-- Installing: /home/kth/robot_dev/vicpinky_ws/install/vicpinky_navigation/share/ament_index/resource_index/package_run_dependencies/vicpinky_navigation\n'}
[2.391883] (vicpinky_navigation) StdoutLine: {'line': b'-- Installing: /home/kth/robot_dev/vicpinky_ws/install/vicpinky_navigation/share/ament_index/resource_index/parent_prefix_path/vicpinky_navigation\n'}
[2.391984] (vicpinky_navigation) StdoutLine: {'line': b'-- Installing: /home/kth/robot_dev/vicpinky_ws/install/vicpinky_navigation/share/vicpinky_navigation/environment/ament_prefix_path.sh\n'}
[2.392059] (vicpinky_navigation) StdoutLine: {'line': b'-- Installing: /home/kth/robot_dev/vicpinky_ws/install/vicpinky_navigation/share/vicpinky_navigation/environment/ament_prefix_path.dsv\n'}
[2.392134] (vicpinky_navigation) StdoutLine: {'line': b'-- Installing: /home/kth/robot_dev/vicpinky_ws/install/vicpinky_navigation/share/vicpinky_navigation/environment/path.sh\n'}
[2.392220] (vicpinky_navigation) StdoutLine: {'line': b'-- Installing: /home/kth/robot_dev/vicpinky_ws/install/vicpinky_navigation/share/vicpinky_navigation/environment/path.dsv\n'}
[2.392296] (vicpinky_navigation) StdoutLine: {'line': b'-- Installing: /home/kth/robot_dev/vicpinky_ws/install/vicpinky_navigation/share/vicpinky_navigation/local_setup.bash\n'}
[2.392370] (vicpinky_navigation) StdoutLine: {'line': b'-- Installing: /home/kth/robot_dev/vicpinky_ws/install/vicpinky_navigation/share/vicpinky_navigation/local_setup.sh\n'}
[2.392450] (vicpinky_navigation) StdoutLine: {'line': b'-- Installing: /home/kth/robot_dev/vicpinky_ws/install/vicpinky_navigation/share/vicpinky_navigation/local_setup.zsh\n'}
[2.392586] (vicpinky_navigation) StdoutLine: {'line': b'-- Installing: /home/kth/robot_dev/vicpinky_ws/install/vicpinky_navigation/share/vicpinky_navigation/local_setup.dsv\n'}
[2.392662] (vicpinky_navigation) StdoutLine: {'line': b'-- Installing: /home/kth/robot_dev/vicpinky_ws/install/vicpinky_navigation/share/vicpinky_navigation/package.dsv\n'}
[2.392761] (vicpinky_navigation) StdoutLine: {'line': b'-- Installing: /home/kth/robot_dev/vicpinky_ws/install/vicpinky_navigation/share/ament_index/resource_index/packages/vicpinky_navigation\n'}
[2.392857] (vicpinky_navigation) StdoutLine: {'line': b'-- Installing: /home/kth/robot_dev/vicpinky_ws/install/vicpinky_navigation/share/vicpinky_navigation/cmake/vicpinky_navigationConfig.cmake\n'}
[2.392920] (vicpinky_navigation) StdoutLine: {'line': b'-- Installing: /home/kth/robot_dev/vicpinky_ws/install/vicpinky_navigation/share/vicpinky_navigation/cmake/vicpinky_navigationConfig-version.cmake\n'}
[2.392989] (vicpinky_navigation) StdoutLine: {'line': b'-- Installing: /home/kth/robot_dev/vicpinky_ws/install/vicpinky_navigation/share/vicpinky_navigation/package.xml\n'}
[2.393968] (vicpinky_navigation) CommandEnded: {'returncode': 0}
[2.402115] (vicpinky_navigation) JobEnded: {'identifier': 'vicpinky_navigation', 'rc': 0}
[2.402440] (-) EventReactorShutdown: {}
