/home/kth/robot_dev/my_tf_tutorials/install/my_tf/lib/python3.12/site-packages/my_tf/frame_trail_publisher_nav_2.py
/home/kth/robot_dev/my_tf_tutorials/install/my_tf/lib/python3.12/site-packages/my_tf/child_frame.py
/home/kth/robot_dev/my_tf_tutorials/install/my_tf/lib/python3.12/site-packages/my_tf/frame_trail_publisher_nav_3.py
/home/kth/robot_dev/my_tf_tutorials/install/my_tf/lib/python3.12/site-packages/my_tf/__init__.py
/home/kth/robot_dev/my_tf_tutorials/install/my_tf/lib/python3.12/site-packages/my_tf/combined_frame.py
/home/kth/robot_dev/my_tf_tutorials/install/my_tf/lib/python3.12/site-packages/my_tf/frame_trail_publisher_marker.py
/home/kth/robot_dev/my_tf_tutorials/install/my_tf/lib/python3.12/site-packages/my_tf/frame_trail_publisher_nav.py
/home/kth/robot_dev/my_tf_tutorials/install/my_tf/lib/python3.12/site-packages/my_tf/my_tf_1.py
/home/kth/robot_dev/my_tf_tutorials/install/my_tf/lib/python3.12/site-packages/my_tf/distance_world_child_publisher.py
/home/kth/robot_dev/my_tf_tutorials/install/my_tf/lib/python3.12/site-packages/my_tf/frame_trail_publisher_marker_2.py
/home/kth/robot_dev/my_tf_tutorials/install/my_tf/lib/python3.12/site-packages/my_tf/__pycache__/frame_trail_publisher_nav_2.cpython-312.pyc
/home/kth/robot_dev/my_tf_tutorials/install/my_tf/lib/python3.12/site-packages/my_tf/__pycache__/child_frame.cpython-312.pyc
/home/kth/robot_dev/my_tf_tutorials/install/my_tf/lib/python3.12/site-packages/my_tf/__pycache__/frame_trail_publisher_nav_3.cpython-312.pyc
/home/kth/robot_dev/my_tf_tutorials/install/my_tf/lib/python3.12/site-packages/my_tf/__pycache__/__init__.cpython-312.pyc
/home/kth/robot_dev/my_tf_tutorials/install/my_tf/lib/python3.12/site-packages/my_tf/__pycache__/combined_frame.cpython-312.pyc
/home/kth/robot_dev/my_tf_tutorials/install/my_tf/lib/python3.12/site-packages/my_tf/__pycache__/frame_trail_publisher_marker.cpython-312.pyc
/home/kth/robot_dev/my_tf_tutorials/install/my_tf/lib/python3.12/site-packages/my_tf/__pycache__/frame_trail_publisher_nav.cpython-312.pyc
/home/kth/robot_dev/my_tf_tutorials/install/my_tf/lib/python3.12/site-packages/my_tf/__pycache__/my_tf_1.cpython-312.pyc
/home/kth/robot_dev/my_tf_tutorials/install/my_tf/lib/python3.12/site-packages/my_tf/__pycache__/distance_world_child_publisher.cpython-312.pyc
/home/kth/robot_dev/my_tf_tutorials/install/my_tf/lib/python3.12/site-packages/my_tf/__pycache__/frame_trail_publisher_marker_2.cpython-312.pyc
/home/kth/robot_dev/my_tf_tutorials/install/my_tf/share/ament_index/resource_index/packages/my_tf
/home/kth/robot_dev/my_tf_tutorials/install/my_tf/share/my_tf/package.xml
/home/kth/robot_dev/my_tf_tutorials/install/my_tf/lib/python3.12/site-packages/my_tf-0.0.0-py3.12.egg-info/zip-safe
/home/kth/robot_dev/my_tf_tutorials/install/my_tf/lib/python3.12/site-packages/my_tf-0.0.0-py3.12.egg-info/top_level.txt
/home/kth/robot_dev/my_tf_tutorials/install/my_tf/lib/python3.12/site-packages/my_tf-0.0.0-py3.12.egg-info/PKG-INFO
/home/kth/robot_dev/my_tf_tutorials/install/my_tf/lib/python3.12/site-packages/my_tf-0.0.0-py3.12.egg-info/entry_points.txt
/home/kth/robot_dev/my_tf_tutorials/install/my_tf/lib/python3.12/site-packages/my_tf-0.0.0-py3.12.egg-info/dependency_links.txt
/home/kth/robot_dev/my_tf_tutorials/install/my_tf/lib/python3.12/site-packages/my_tf-0.0.0-py3.12.egg-info/requires.txt
/home/kth/robot_dev/my_tf_tutorials/install/my_tf/lib/python3.12/site-packages/my_tf-0.0.0-py3.12.egg-info/SOURCES.txt
/home/kth/robot_dev/my_tf_tutorials/install/my_tf/lib/my_tf/child_frame
/home/kth/robot_dev/my_tf_tutorials/install/my_tf/lib/my_tf/combined_frame
/home/kth/robot_dev/my_tf_tutorials/install/my_tf/lib/my_tf/distance_world_child_publisher
/home/kth/robot_dev/my_tf_tutorials/install/my_tf/lib/my_tf/frame_trail_publisher_marker
/home/kth/robot_dev/my_tf_tutorials/install/my_tf/lib/my_tf/frame_trail_publisher_marker_2
/home/kth/robot_dev/my_tf_tutorials/install/my_tf/lib/my_tf/frame_trail_publisher_nav
/home/kth/robot_dev/my_tf_tutorials/install/my_tf/lib/my_tf/frame_trail_publisher_nav_2
/home/kth/robot_dev/my_tf_tutorials/install/my_tf/lib/my_tf/frame_trail_publisher_nav_3
/home/kth/robot_dev/my_tf_tutorials/install/my_tf/lib/my_tf/my_tf_1
