[0.746s] Invoking command in '/home/kth/robot_dev/my_opencv_tutorials/src/my_opencv_tutorials': DEBUGINFOD_URLS=https://debuginfod.ubuntu.com PYTHONPATH=/home/kth/robot_dev/my_opencv_tutorials/build/my_opencv_tutorials/prefix_override:/usr/lib/python3/dist-packages/colcon_core/task/python/colcon_distutils_commands:/home/kth/robot_dev/my_opencv_tutorials/install/my_opencv_tutorials/lib/python3.12/site-packages:${PYTHONPATH} /usr/bin/python3 -W ignore:setup.py install is deprecated -W ignore:easy_install command is deprecated setup.py egg_info --egg-base ../../build/my_opencv_tutorials build --build-base /home/kth/robot_dev/my_opencv_tutorials/build/my_opencv_tutorials/build install --record /home/kth/robot_dev/my_opencv_tutorials/build/my_opencv_tutorials/install.log --single-version-externally-managed install_data
[0.969s] running egg_info
[0.969s] creating ../../build/my_opencv_tutorials/my_opencv_tutorials.egg-info
[0.986s] writing ../../build/my_opencv_tutorials/my_opencv_tutorials.egg-info/PKG-INFO
[0.986s] writing dependency_links to ../../build/my_opencv_tutorials/my_opencv_tutorials.egg-info/dependency_links.txt
[0.986s] writing entry points to ../../build/my_opencv_tutorials/my_opencv_tutorials.egg-info/entry_points.txt
[0.986s] writing requirements to ../../build/my_opencv_tutorials/my_opencv_tutorials.egg-info/requires.txt
[0.986s] writing top-level names to ../../build/my_opencv_tutorials/my_opencv_tutorials.egg-info/top_level.txt
[0.987s] writing manifest file '../../build/my_opencv_tutorials/my_opencv_tutorials.egg-info/SOURCES.txt'
[1.022s] reading manifest file '../../build/my_opencv_tutorials/my_opencv_tutorials.egg-info/SOURCES.txt'
[1.023s] writing manifest file '../../build/my_opencv_tutorials/my_opencv_tutorials.egg-info/SOURCES.txt'
[1.023s] running build
[1.023s] running build_py
[1.024s] creating /home/kth/robot_dev/my_opencv_tutorials/build/my_opencv_tutorials/build
[1.024s] creating /home/kth/robot_dev/my_opencv_tutorials/build/my_opencv_tutorials/build/lib
[1.024s] creating /home/kth/robot_dev/my_opencv_tutorials/build/my_opencv_tutorials/build/lib/my_opencv_tutorials
[1.024s] copying my_opencv_tutorials/edge_detect.py -> /home/kth/robot_dev/my_opencv_tutorials/build/my_opencv_tutorials/build/lib/my_opencv_tutorials
[1.024s] copying my_opencv_tutorials/convert_hsv.py -> /home/kth/robot_dev/my_opencv_tutorials/build/my_opencv_tutorials/build/lib/my_opencv_tutorials
[1.024s] copying my_opencv_tutorials/__init__.py -> /home/kth/robot_dev/my_opencv_tutorials/build/my_opencv_tutorials/build/lib/my_opencv_tutorials
[1.024s] copying my_opencv_tutorials/img_pub.py -> /home/kth/robot_dev/my_opencv_tutorials/build/my_opencv_tutorials/build/lib/my_opencv_tutorials
[1.031s] running install
[1.036s] running install_lib
[1.053s] creating /home/kth/robot_dev/my_opencv_tutorials/install/my_opencv_tutorials/lib/python3.12/site-packages/my_opencv_tutorials
[1.053s] copying /home/kth/robot_dev/my_opencv_tutorials/build/my_opencv_tutorials/build/lib/my_opencv_tutorials/edge_detect.py -> /home/kth/robot_dev/my_opencv_tutorials/install/my_opencv_tutorials/lib/python3.12/site-packages/my_opencv_tutorials
[1.053s] copying /home/kth/robot_dev/my_opencv_tutorials/build/my_opencv_tutorials/build/lib/my_opencv_tutorials/convert_hsv.py -> /home/kth/robot_dev/my_opencv_tutorials/install/my_opencv_tutorials/lib/python3.12/site-packages/my_opencv_tutorials
[1.054s] copying /home/kth/robot_dev/my_opencv_tutorials/build/my_opencv_tutorials/build/lib/my_opencv_tutorials/__init__.py -> /home/kth/robot_dev/my_opencv_tutorials/install/my_opencv_tutorials/lib/python3.12/site-packages/my_opencv_tutorials
[1.054s] copying /home/kth/robot_dev/my_opencv_tutorials/build/my_opencv_tutorials/build/lib/my_opencv_tutorials/img_pub.py -> /home/kth/robot_dev/my_opencv_tutorials/install/my_opencv_tutorials/lib/python3.12/site-packages/my_opencv_tutorials
[1.054s] byte-compiling /home/kth/robot_dev/my_opencv_tutorials/install/my_opencv_tutorials/lib/python3.12/site-packages/my_opencv_tutorials/edge_detect.py to edge_detect.cpython-312.pyc
[1.055s] byte-compiling /home/kth/robot_dev/my_opencv_tutorials/install/my_opencv_tutorials/lib/python3.12/site-packages/my_opencv_tutorials/convert_hsv.py to convert_hsv.cpython-312.pyc
[1.055s] byte-compiling /home/kth/robot_dev/my_opencv_tutorials/install/my_opencv_tutorials/lib/python3.12/site-packages/my_opencv_tutorials/__init__.py to __init__.cpython-312.pyc
[1.055s] byte-compiling /home/kth/robot_dev/my_opencv_tutorials/install/my_opencv_tutorials/lib/python3.12/site-packages/my_opencv_tutorials/img_pub.py to img_pub.cpython-312.pyc
[1.056s] running install_data
[1.056s] creating /home/kth/robot_dev/my_opencv_tutorials/install/my_opencv_tutorials/share/ament_index
[1.056s] creating /home/kth/robot_dev/my_opencv_tutorials/install/my_opencv_tutorials/share/ament_index/resource_index
[1.056s] creating /home/kth/robot_dev/my_opencv_tutorials/install/my_opencv_tutorials/share/ament_index/resource_index/packages
[1.056s] copying resource/my_opencv_tutorials -> /home/kth/robot_dev/my_opencv_tutorials/install/my_opencv_tutorials/share/ament_index/resource_index/packages
[1.056s] copying package.xml -> /home/kth/robot_dev/my_opencv_tutorials/install/my_opencv_tutorials/share/my_opencv_tutorials
[1.056s] creating /home/kth/robot_dev/my_opencv_tutorials/install/my_opencv_tutorials/share/my_opencv_tutorials/launch
[1.057s] copying launch/bringup_usb_cam.launch.xml -> /home/kth/robot_dev/my_opencv_tutorials/install/my_opencv_tutorials/share/my_opencv_tutorials/launch
[1.057s] copying launch/bringup_cv.launch.xml -> /home/kth/robot_dev/my_opencv_tutorials/install/my_opencv_tutorials/share/my_opencv_tutorials/launch
[1.057s] copying launch/edge_detection.launch.xml -> /home/kth/robot_dev/my_opencv_tutorials/install/my_opencv_tutorials/share/my_opencv_tutorials/launch
[1.057s] copying launch/hsv_converter_cv.launch.xml -> /home/kth/robot_dev/my_opencv_tutorials/install/my_opencv_tutorials/share/my_opencv_tutorials/launch
[1.057s] creating /home/kth/robot_dev/my_opencv_tutorials/install/my_opencv_tutorials/share/my_opencv_tutorials/config
[1.057s] copying config/cv_params.yaml -> /home/kth/robot_dev/my_opencv_tutorials/install/my_opencv_tutorials/share/my_opencv_tutorials/config
[1.057s] running install_egg_info
[1.075s] Copying ../../build/my_opencv_tutorials/my_opencv_tutorials.egg-info to /home/kth/robot_dev/my_opencv_tutorials/install/my_opencv_tutorials/lib/python3.12/site-packages/my_opencv_tutorials-0.0.0-py3.12.egg-info
[1.076s] running install_scripts
[1.184s] Installing convert_hsv script to /home/kth/robot_dev/my_opencv_tutorials/install/my_opencv_tutorials/lib/my_opencv_tutorials
[1.184s] Installing edge_detect script to /home/kth/robot_dev/my_opencv_tutorials/install/my_opencv_tutorials/lib/my_opencv_tutorials
[1.184s] Installing img_pub script to /home/kth/robot_dev/my_opencv_tutorials/install/my_opencv_tutorials/lib/my_opencv_tutorials
[1.185s] writing list of installed files to '/home/kth/robot_dev/my_opencv_tutorials/build/my_opencv_tutorials/install.log'
[1.202s] Invoked command in '/home/kth/robot_dev/my_opencv_tutorials/src/my_opencv_tutorials' returned '0': DEBUGINFOD_URLS=https://debuginfod.ubuntu.com PYTHONPATH=/home/kth/robot_dev/my_opencv_tutorials/build/my_opencv_tutorials/prefix_override:/usr/lib/python3/dist-packages/colcon_core/task/python/colcon_distutils_commands:/home/kth/robot_dev/my_opencv_tutorials/install/my_opencv_tutorials/lib/python3.12/site-packages:${PYTHONPATH} /usr/bin/python3 -W ignore:setup.py install is deprecated -W ignore:easy_install command is deprecated setup.py egg_info --egg-base ../../build/my_opencv_tutorials build --build-base /home/kth/robot_dev/my_opencv_tutorials/build/my_opencv_tutorials/build install --record /home/kth/robot_dev/my_opencv_tutorials/build/my_opencv_tutorials/install.log --single-version-externally-managed install_data
