[0.012s] Invoking command in '/home/kth/robot_dev/pinky/build/pinky_navigation': CMAKE_PREFIX_PATH=${CMAKE_PREFIX_PATH}:/opt/ros/jazzy DEBUGINFOD_URLS=https://debuginfod.ubuntu.com /usr/bin/cmake /home/kth/robot_dev/pinky/src/pinky_for_edu/pinky_navigation -DCMAKE_INSTALL_PREFIX=/home/kth/robot_dev/pinky/install/pinky_navigation
[0.159s] -- The C compiler identification is GNU 13.3.0
[0.251s] -- The CXX compiler identification is GNU 13.3.0
[0.269s] -- Detecting C compiler ABI info
[0.345s] -- Detecting C compiler ABI info - done
[0.353s] -- Check for working C compiler: /usr/bin/cc - skipped
[0.354s] -- Detecting C compile features
[0.354s] -- Detecting C compile features - done
[0.362s] -- Detecting CXX compiler ABI info
[0.446s] -- Detecting CXX compiler ABI info - done
[0.456s] -- Check for working CXX compiler: /usr/bin/c++ - skipped
[0.456s] -- Detecting CXX compile features
[0.457s] -- Detecting CXX compile features - done
[0.465s] -- Found ament_cmake: 2.5.4 (/opt/ros/jazzy/share/ament_cmake/cmake)
[0.612s] -- Found Python3: /usr/bin/python3 (found version "3.12.3") found components: Interpreter 
[0.729s] -- Found ament_lint_auto: 0.17.2 (/opt/ros/jazzy/share/ament_lint_auto/cmake)
[0.840s] -- Added test 'lint_cmake' to check CMake code style
[0.842s] -- Added test 'xmllint' to check XML markup files
[0.844s] -- Configuring done (0.8s)
[0.848s] -- Generating done (0.0s)
[0.850s] -- Build files have been written to: /home/kth/robot_dev/pinky/build/pinky_navigation
[0.855s] Invoked command in '/home/kth/robot_dev/pinky/build/pinky_navigation' returned '0': CMAKE_PREFIX_PATH=${CMAKE_PREFIX_PATH}:/opt/ros/jazzy DEBUGINFOD_URLS=https://debuginfod.ubuntu.com /usr/bin/cmake /home/kth/robot_dev/pinky/src/pinky_for_edu/pinky_navigation -DCMAKE_INSTALL_PREFIX=/home/kth/robot_dev/pinky/install/pinky_navigation
[0.856s] Invoking command in '/home/kth/robot_dev/pinky/build/pinky_navigation': CMAKE_PREFIX_PATH=${CMAKE_PREFIX_PATH}:/opt/ros/jazzy DEBUGINFOD_URLS=https://debuginfod.ubuntu.com /usr/bin/cmake --build /home/kth/robot_dev/pinky/build/pinky_navigation -- -j12 -l12
[0.891s] Invoked command in '/home/kth/robot_dev/pinky/build/pinky_navigation' returned '0': CMAKE_PREFIX_PATH=${CMAKE_PREFIX_PATH}:/opt/ros/jazzy DEBUGINFOD_URLS=https://debuginfod.ubuntu.com /usr/bin/cmake --build /home/kth/robot_dev/pinky/build/pinky_navigation -- -j12 -l12
[0.892s] Invoking command in '/home/kth/robot_dev/pinky/build/pinky_navigation': CMAKE_PREFIX_PATH=${CMAKE_PREFIX_PATH}:/opt/ros/jazzy DEBUGINFOD_URLS=https://debuginfod.ubuntu.com /usr/bin/cmake --install /home/kth/robot_dev/pinky/build/pinky_navigation
[0.898s] -- Install configuration: ""
[0.898s] -- Installing: /home/kth/robot_dev/pinky/install/pinky_navigation/share/pinky_navigation/launch
[0.899s] -- Installing: /home/kth/robot_dev/pinky/install/pinky_navigation/share/pinky_navigation/launch/navigation_launch.xml
[0.899s] -- Installing: /home/kth/robot_dev/pinky/install/pinky_navigation/share/pinky_navigation/launch/localization_launch.xml
[0.899s] -- Installing: /home/kth/robot_dev/pinky/install/pinky_navigation/share/pinky_navigation/launch/nav2_view.launch.xml
[0.899s] -- Installing: /home/kth/robot_dev/pinky/install/pinky_navigation/share/pinky_navigation/launch/map_view.launch.xml
[0.899s] -- Installing: /home/kth/robot_dev/pinky/install/pinky_navigation/share/pinky_navigation/launch/map_building.launch.xml
[0.899s] -- Installing: /home/kth/robot_dev/pinky/install/pinky_navigation/share/pinky_navigation/launch/localization_only_launch.xml
[0.899s] -- Installing: /home/kth/robot_dev/pinky/install/pinky_navigation/share/pinky_navigation/launch/cartographer.launch.xml
[0.899s] -- Installing: /home/kth/robot_dev/pinky/install/pinky_navigation/share/pinky_navigation/launch/bringup_launch.xml
[0.899s] -- Installing: /home/kth/robot_dev/pinky/install/pinky_navigation/share/pinky_navigation/params
[0.899s] -- Installing: /home/kth/robot_dev/pinky/install/pinky_navigation/share/pinky_navigation/params/nav2_params.yaml
[0.899s] -- Installing: /home/kth/robot_dev/pinky/install/pinky_navigation/share/pinky_navigation/params/amcl_params.yaml
[0.900s] -- Installing: /home/kth/robot_dev/pinky/install/pinky_navigation/share/pinky_navigation/params/mapper_params.yaml
[0.900s] -- Installing: /home/kth/robot_dev/pinky/install/pinky_navigation/share/pinky_navigation/params/cartographer_params.lua
[0.900s] -- Installing: /home/kth/robot_dev/pinky/install/pinky_navigation/share/pinky_navigation/rviz
[0.900s] -- Installing: /home/kth/robot_dev/pinky/install/pinky_navigation/share/pinky_navigation/rviz/map_view.rviz
[0.900s] -- Installing: /home/kth/robot_dev/pinky/install/pinky_navigation/share/pinky_navigation/rviz/nav2_view.rviz
[0.900s] -- Installing: /home/kth/robot_dev/pinky/install/pinky_navigation/share/ament_index/resource_index/package_run_dependencies/pinky_navigation
[0.900s] -- Installing: /home/kth/robot_dev/pinky/install/pinky_navigation/share/ament_index/resource_index/parent_prefix_path/pinky_navigation
[0.900s] -- Installing: /home/kth/robot_dev/pinky/install/pinky_navigation/share/pinky_navigation/environment/ament_prefix_path.sh
[0.901s] -- Installing: /home/kth/robot_dev/pinky/install/pinky_navigation/share/pinky_navigation/environment/ament_prefix_path.dsv
[0.901s] -- Installing: /home/kth/robot_dev/pinky/install/pinky_navigation/share/pinky_navigation/environment/path.sh
[0.901s] -- Installing: /home/kth/robot_dev/pinky/install/pinky_navigation/share/pinky_navigation/environment/path.dsv
[0.901s] -- Installing: /home/kth/robot_dev/pinky/install/pinky_navigation/share/pinky_navigation/local_setup.bash
[0.901s] -- Installing: /home/kth/robot_dev/pinky/install/pinky_navigation/share/pinky_navigation/local_setup.sh
[0.901s] -- Installing: /home/kth/robot_dev/pinky/install/pinky_navigation/share/pinky_navigation/local_setup.zsh
[0.901s] -- Installing: /home/kth/robot_dev/pinky/install/pinky_navigation/share/pinky_navigation/local_setup.dsv
[0.901s] -- Installing: /home/kth/robot_dev/pinky/install/pinky_navigation/share/pinky_navigation/package.dsv
[0.901s] -- Installing: /home/kth/robot_dev/pinky/install/pinky_navigation/share/ament_index/resource_index/packages/pinky_navigation
[0.901s] -- Installing: /home/kth/robot_dev/pinky/install/pinky_navigation/share/pinky_navigation/cmake/pinky_navigationConfig.cmake
[0.901s] -- Installing: /home/kth/robot_dev/pinky/install/pinky_navigation/share/pinky_navigation/cmake/pinky_navigationConfig-version.cmake
[0.901s] -- Installing: /home/kth/robot_dev/pinky/install/pinky_navigation/share/pinky_navigation/package.xml
[0.902s] Invoked command in '/home/kth/robot_dev/pinky/build/pinky_navigation' returned '0': CMAKE_PREFIX_PATH=${CMAKE_PREFIX_PATH}:/opt/ros/jazzy DEBUGINFOD_URLS=https://debuginfod.ubuntu.com /usr/bin/cmake --install /home/kth/robot_dev/pinky/build/pinky_navigation
