[0.176s] DEBUG:colcon:Command line arguments: ['/usr/bin/colcon', 'build']
[0.176s] DEBUG:colcon:Parsed command line arguments: Namespace(log_base=None, log_level=None, verb_name='build', build_base='build', install_base='install', merge_install=False, symlink_install=False, test_result_base=None, continue_on_error=False, executor='parallel', parallel_workers=12, event_handlers=None, ignore_user_meta=False, metas=['./colcon.meta'], base_paths=['.'], packages_ignore=None, packages_ignore_regex=None, paths=None, packages_up_to=None, packages_up_to_regex=None, packages_above=None, packages_above_and_dependencies=None, packages_above_depth=None, packages_select_by_dep=None, packages_skip_by_dep=None, packages_skip_up_to=None, packages_select_build_failed=False, packages_skip_build_finished=False, packages_select_test_failures=False, packages_skip_test_passed=False, packages_select=None, packages_skip=None, packages_select_regex=None, packages_skip_regex=None, packages_start=None, packages_end=None, allow_overriding=[], cmake_args=None, cmake_target=None, cmake_target_skip_unavailable=False, cmake_clean_cache=False, cmake_clean_first=False, cmake_force_configure=False, ament_cmake_args=None, catkin_cmake_args=None, catkin_skip_building_tests=False, mixin_files=None, mixin=None, verb_parser=<colcon_mixin.mixin.mixin_argument.MixinArgumentDecorator object at 0x7f4211370e60>, verb_extension=<colcon_core.verb.build.BuildVerb object at 0x7f42112e2cf0>, main=<bound method BuildVerb.main of <colcon_core.verb.build.BuildVerb object at 0x7f42112e2cf0>>, mixin_verb=('build',))
[0.209s] Level 1:colcon.colcon_core.package_discovery:discover_packages(colcon_meta) check parameters
[0.210s] Level 1:colcon.colcon_core.package_discovery:discover_packages(recursive) check parameters
[0.210s] Level 1:colcon.colcon_core.package_discovery:discover_packages(ignore) check parameters
[0.210s] Level 1:colcon.colcon_core.package_discovery:discover_packages(path) check parameters
[0.210s] Level 1:colcon.colcon_core.package_discovery:discover_packages(colcon_meta) discover
[0.210s] Level 1:colcon.colcon_core.package_discovery:discover_packages(recursive) discover
[0.210s] INFO:colcon.colcon_core.package_discovery:Crawling recursively for packages in '/home/kth/robot_dev/pinky'
[0.210s] Level 1:colcon.colcon_core.package_identification:_identify(.) by extensions ['ignore', 'ignore_ament_install']
[0.210s] Level 1:colcon.colcon_core.package_identification:_identify(.) by extension 'ignore'
[0.210s] Level 1:colcon.colcon_core.package_identification:_identify(.) by extension 'ignore_ament_install'
[0.210s] Level 1:colcon.colcon_core.package_identification:_identify(.) by extensions ['colcon_pkg']
[0.210s] Level 1:colcon.colcon_core.package_identification:_identify(.) by extension 'colcon_pkg'
[0.210s] Level 1:colcon.colcon_core.package_identification:_identify(.) by extensions ['colcon_meta']
[0.210s] Level 1:colcon.colcon_core.package_identification:_identify(.) by extension 'colcon_meta'
[0.210s] Level 1:colcon.colcon_core.package_identification:_identify(.) by extensions ['ros']
[0.210s] Level 1:colcon.colcon_core.package_identification:_identify(.) by extension 'ros'
[0.231s] Level 1:colcon.colcon_core.package_identification:_identify(.) by extensions ['cmake', 'python']
[0.231s] Level 1:colcon.colcon_core.package_identification:_identify(.) by extension 'cmake'
[0.231s] Level 1:colcon.colcon_core.package_identification:_identify(.) by extension 'python'
[0.231s] Level 1:colcon.colcon_core.package_identification:_identify(.) by extensions ['python_setup_py']
[0.231s] Level 1:colcon.colcon_core.package_identification:_identify(.) by extension 'python_setup_py'
[0.231s] Level 1:colcon.colcon_core.package_identification:_identify(build) by extensions ['ignore', 'ignore_ament_install']
[0.231s] Level 1:colcon.colcon_core.package_identification:_identify(build) by extension 'ignore'
[0.231s] Level 1:colcon.colcon_core.package_identification:_identify(build) ignored
[0.231s] Level 1:colcon.colcon_core.package_identification:_identify(install) by extensions ['ignore', 'ignore_ament_install']
[0.231s] Level 1:colcon.colcon_core.package_identification:_identify(install) by extension 'ignore'
[0.231s] Level 1:colcon.colcon_core.package_identification:_identify(install) ignored
[0.231s] Level 1:colcon.colcon_core.package_identification:_identify(log) by extensions ['ignore', 'ignore_ament_install']
[0.231s] Level 1:colcon.colcon_core.package_identification:_identify(log) by extension 'ignore'
[0.232s] Level 1:colcon.colcon_core.package_identification:_identify(log) ignored
[0.232s] Level 1:colcon.colcon_core.package_identification:_identify(src) by extensions ['ignore', 'ignore_ament_install']
[0.232s] Level 1:colcon.colcon_core.package_identification:_identify(src) by extension 'ignore'
[0.232s] Level 1:colcon.colcon_core.package_identification:_identify(src) by extension 'ignore_ament_install'
[0.232s] Level 1:colcon.colcon_core.package_identification:_identify(src) by extensions ['colcon_pkg']
[0.232s] Level 1:colcon.colcon_core.package_identification:_identify(src) by extension 'colcon_pkg'
[0.232s] Level 1:colcon.colcon_core.package_identification:_identify(src) by extensions ['colcon_meta']
[0.232s] Level 1:colcon.colcon_core.package_identification:_identify(src) by extension 'colcon_meta'
[0.232s] Level 1:colcon.colcon_core.package_identification:_identify(src) by extensions ['ros']
[0.232s] Level 1:colcon.colcon_core.package_identification:_identify(src) by extension 'ros'
[0.232s] Level 1:colcon.colcon_core.package_identification:_identify(src) by extensions ['cmake', 'python']
[0.232s] Level 1:colcon.colcon_core.package_identification:_identify(src) by extension 'cmake'
[0.232s] Level 1:colcon.colcon_core.package_identification:_identify(src) by extension 'python'
[0.232s] Level 1:colcon.colcon_core.package_identification:_identify(src) by extensions ['python_setup_py']
[0.232s] Level 1:colcon.colcon_core.package_identification:_identify(src) by extension 'python_setup_py'
[0.232s] Level 1:colcon.colcon_core.package_identification:_identify(src/pinky_for_edu) by extensions ['ignore', 'ignore_ament_install']
[0.232s] Level 1:colcon.colcon_core.package_identification:_identify(src/pinky_for_edu) by extension 'ignore'
[0.232s] Level 1:colcon.colcon_core.package_identification:_identify(src/pinky_for_edu) by extension 'ignore_ament_install'
[0.232s] Level 1:colcon.colcon_core.package_identification:_identify(src/pinky_for_edu) by extensions ['colcon_pkg']
[0.232s] Level 1:colcon.colcon_core.package_identification:_identify(src/pinky_for_edu) by extension 'colcon_pkg'
[0.232s] Level 1:colcon.colcon_core.package_identification:_identify(src/pinky_for_edu) by extensions ['colcon_meta']
[0.232s] Level 1:colcon.colcon_core.package_identification:_identify(src/pinky_for_edu) by extension 'colcon_meta'
[0.232s] Level 1:colcon.colcon_core.package_identification:_identify(src/pinky_for_edu) by extensions ['ros']
[0.232s] Level 1:colcon.colcon_core.package_identification:_identify(src/pinky_for_edu) by extension 'ros'
[0.232s] Level 1:colcon.colcon_core.package_identification:_identify(src/pinky_for_edu) by extensions ['cmake', 'python']
[0.232s] Level 1:colcon.colcon_core.package_identification:_identify(src/pinky_for_edu) by extension 'cmake'
[0.233s] Level 1:colcon.colcon_core.package_identification:_identify(src/pinky_for_edu) by extension 'python'
[0.233s] Level 1:colcon.colcon_core.package_identification:_identify(src/pinky_for_edu) by extensions ['python_setup_py']
[0.233s] Level 1:colcon.colcon_core.package_identification:_identify(src/pinky_for_edu) by extension 'python_setup_py'
[0.233s] Level 1:colcon.colcon_core.package_identification:_identify(src/pinky_for_edu/pinky_description) by extensions ['ignore', 'ignore_ament_install']
[0.233s] Level 1:colcon.colcon_core.package_identification:_identify(src/pinky_for_edu/pinky_description) by extension 'ignore'
[0.233s] Level 1:colcon.colcon_core.package_identification:_identify(src/pinky_for_edu/pinky_description) by extension 'ignore_ament_install'
[0.233s] Level 1:colcon.colcon_core.package_identification:_identify(src/pinky_for_edu/pinky_description) by extensions ['colcon_pkg']
[0.233s] Level 1:colcon.colcon_core.package_identification:_identify(src/pinky_for_edu/pinky_description) by extension 'colcon_pkg'
[0.233s] Level 1:colcon.colcon_core.package_identification:_identify(src/pinky_for_edu/pinky_description) by extensions ['colcon_meta']
[0.233s] Level 1:colcon.colcon_core.package_identification:_identify(src/pinky_for_edu/pinky_description) by extension 'colcon_meta'
[0.233s] Level 1:colcon.colcon_core.package_identification:_identify(src/pinky_for_edu/pinky_description) by extensions ['ros']
[0.233s] Level 1:colcon.colcon_core.package_identification:_identify(src/pinky_for_edu/pinky_description) by extension 'ros'
[0.235s] DEBUG:colcon.colcon_core.package_identification:Package 'src/pinky_for_edu/pinky_description' with type 'ros.ament_cmake' and name 'pinky_description'
[0.235s] Level 1:colcon.colcon_core.package_identification:_identify(src/pinky_for_edu/pinky_gazebo) by extensions ['ignore', 'ignore_ament_install']
[0.235s] Level 1:colcon.colcon_core.package_identification:_identify(src/pinky_for_edu/pinky_gazebo) by extension 'ignore'
[0.235s] Level 1:colcon.colcon_core.package_identification:_identify(src/pinky_for_edu/pinky_gazebo) by extension 'ignore_ament_install'
[0.235s] Level 1:colcon.colcon_core.package_identification:_identify(src/pinky_for_edu/pinky_gazebo) by extensions ['colcon_pkg']
[0.235s] Level 1:colcon.colcon_core.package_identification:_identify(src/pinky_for_edu/pinky_gazebo) by extension 'colcon_pkg'
[0.235s] Level 1:colcon.colcon_core.package_identification:_identify(src/pinky_for_edu/pinky_gazebo) by extensions ['colcon_meta']
[0.235s] Level 1:colcon.colcon_core.package_identification:_identify(src/pinky_for_edu/pinky_gazebo) by extension 'colcon_meta'
[0.235s] Level 1:colcon.colcon_core.package_identification:_identify(src/pinky_for_edu/pinky_gazebo) by extensions ['ros']
[0.235s] Level 1:colcon.colcon_core.package_identification:_identify(src/pinky_for_edu/pinky_gazebo) by extension 'ros'
[0.236s] DEBUG:colcon.colcon_core.package_identification:Package 'src/pinky_for_edu/pinky_gazebo' with type 'ros.ament_cmake' and name 'pinky_gazebo'
[0.236s] Level 1:colcon.colcon_core.package_identification:_identify(src/pinky_for_edu/pinky_navigation) by extensions ['ignore', 'ignore_ament_install']
[0.236s] Level 1:colcon.colcon_core.package_identification:_identify(src/pinky_for_edu/pinky_navigation) by extension 'ignore'
[0.236s] Level 1:colcon.colcon_core.package_identification:_identify(src/pinky_for_edu/pinky_navigation) by extension 'ignore_ament_install'
[0.236s] Level 1:colcon.colcon_core.package_identification:_identify(src/pinky_for_edu/pinky_navigation) by extensions ['colcon_pkg']
[0.236s] Level 1:colcon.colcon_core.package_identification:_identify(src/pinky_for_edu/pinky_navigation) by extension 'colcon_pkg'
[0.236s] Level 1:colcon.colcon_core.package_identification:_identify(src/pinky_for_edu/pinky_navigation) by extensions ['colcon_meta']
[0.236s] Level 1:colcon.colcon_core.package_identification:_identify(src/pinky_for_edu/pinky_navigation) by extension 'colcon_meta'
[0.236s] Level 1:colcon.colcon_core.package_identification:_identify(src/pinky_for_edu/pinky_navigation) by extensions ['ros']
[0.236s] Level 1:colcon.colcon_core.package_identification:_identify(src/pinky_for_edu/pinky_navigation) by extension 'ros'
[0.236s] DEBUG:colcon.colcon_core.package_identification:Package 'src/pinky_for_edu/pinky_navigation' with type 'ros.ament_cmake' and name 'pinky_navigation'
[0.237s] Level 1:colcon.colcon_core.package_identification:_identify(src/pinky_for_edu/pinky_simple_navigator) by extensions ['ignore', 'ignore_ament_install']
[0.237s] Level 1:colcon.colcon_core.package_identification:_identify(src/pinky_for_edu/pinky_simple_navigator) by extension 'ignore'
[0.237s] Level 1:colcon.colcon_core.package_identification:_identify(src/pinky_for_edu/pinky_simple_navigator) by extension 'ignore_ament_install'
[0.237s] Level 1:colcon.colcon_core.package_identification:_identify(src/pinky_for_edu/pinky_simple_navigator) by extensions ['colcon_pkg']
[0.237s] Level 1:colcon.colcon_core.package_identification:_identify(src/pinky_for_edu/pinky_simple_navigator) by extension 'colcon_pkg'
[0.237s] Level 1:colcon.colcon_core.package_identification:_identify(src/pinky_for_edu/pinky_simple_navigator) by extensions ['colcon_meta']
[0.237s] Level 1:colcon.colcon_core.package_identification:_identify(src/pinky_for_edu/pinky_simple_navigator) by extension 'colcon_meta'
[0.237s] Level 1:colcon.colcon_core.package_identification:_identify(src/pinky_for_edu/pinky_simple_navigator) by extensions ['ros']
[0.237s] Level 1:colcon.colcon_core.package_identification:_identify(src/pinky_for_edu/pinky_simple_navigator) by extension 'ros'
[0.237s] DEBUG:colcon.colcon_core.package_identification:Package 'src/pinky_for_edu/pinky_simple_navigator' with type 'ros.ament_python' and name 'pinky_simple_navigator'
[0.237s] Level 1:colcon.colcon_core.package_discovery:discover_packages(recursive) using defaults
[0.237s] Level 1:colcon.colcon_core.package_discovery:discover_packages(ignore) discover
[0.237s] Level 1:colcon.colcon_core.package_discovery:discover_packages(ignore) using defaults
[0.237s] Level 1:colcon.colcon_core.package_discovery:discover_packages(path) discover
[0.237s] Level 1:colcon.colcon_core.package_discovery:discover_packages(path) using defaults
[0.257s] Level 1:colcon.colcon_core.package_discovery:discover_packages(prefix_path) check parameters
[0.257s] Level 1:colcon.colcon_core.package_discovery:discover_packages(prefix_path) discover
[0.260s] DEBUG:colcon.colcon_installed_package_information.package_discovery:Found 327 installed packages in /opt/ros/jazzy
[0.262s] Level 1:colcon.colcon_core.package_discovery:discover_packages(prefix_path) using defaults
[0.304s] Level 5:colcon.colcon_core.verb:set package 'pinky_description' build argument 'cmake_args' from command line to 'None'
[0.305s] Level 5:colcon.colcon_core.verb:set package 'pinky_description' build argument 'cmake_target' from command line to 'None'
[0.305s] Level 5:colcon.colcon_core.verb:set package 'pinky_description' build argument 'cmake_target_skip_unavailable' from command line to 'False'
[0.305s] Level 5:colcon.colcon_core.verb:set package 'pinky_description' build argument 'cmake_clean_cache' from command line to 'False'
[0.305s] Level 5:colcon.colcon_core.verb:set package 'pinky_description' build argument 'cmake_clean_first' from command line to 'False'
[0.305s] Level 5:colcon.colcon_core.verb:set package 'pinky_description' build argument 'cmake_force_configure' from command line to 'False'
[0.305s] Level 5:colcon.colcon_core.verb:set package 'pinky_description' build argument 'ament_cmake_args' from command line to 'None'
[0.305s] Level 5:colcon.colcon_core.verb:set package 'pinky_description' build argument 'catkin_cmake_args' from command line to 'None'
[0.305s] Level 5:colcon.colcon_core.verb:set package 'pinky_description' build argument 'catkin_skip_building_tests' from command line to 'False'
[0.305s] DEBUG:colcon.colcon_core.verb:Building package 'pinky_description' with the following arguments: {'ament_cmake_args': None, 'build_base': '/home/kth/robot_dev/pinky/build/pinky_description', 'catkin_cmake_args': None, 'catkin_skip_building_tests': False, 'cmake_args': None, 'cmake_clean_cache': False, 'cmake_clean_first': False, 'cmake_force_configure': False, 'cmake_target': None, 'cmake_target_skip_unavailable': False, 'install_base': '/home/kth/robot_dev/pinky/install/pinky_description', 'merge_install': False, 'path': '/home/kth/robot_dev/pinky/src/pinky_for_edu/pinky_description', 'symlink_install': False, 'test_result_base': None}
[0.305s] Level 5:colcon.colcon_core.verb:set package 'pinky_navigation' build argument 'cmake_args' from command line to 'None'
[0.305s] Level 5:colcon.colcon_core.verb:set package 'pinky_navigation' build argument 'cmake_target' from command line to 'None'
[0.305s] Level 5:colcon.colcon_core.verb:set package 'pinky_navigation' build argument 'cmake_target_skip_unavailable' from command line to 'False'
[0.305s] Level 5:colcon.colcon_core.verb:set package 'pinky_navigation' build argument 'cmake_clean_cache' from command line to 'False'
[0.305s] Level 5:colcon.colcon_core.verb:set package 'pinky_navigation' build argument 'cmake_clean_first' from command line to 'False'
[0.305s] Level 5:colcon.colcon_core.verb:set package 'pinky_navigation' build argument 'cmake_force_configure' from command line to 'False'
[0.305s] Level 5:colcon.colcon_core.verb:set package 'pinky_navigation' build argument 'ament_cmake_args' from command line to 'None'
[0.305s] Level 5:colcon.colcon_core.verb:set package 'pinky_navigation' build argument 'catkin_cmake_args' from command line to 'None'
[0.305s] Level 5:colcon.colcon_core.verb:set package 'pinky_navigation' build argument 'catkin_skip_building_tests' from command line to 'False'
[0.305s] DEBUG:colcon.colcon_core.verb:Building package 'pinky_navigation' with the following arguments: {'ament_cmake_args': None, 'build_base': '/home/kth/robot_dev/pinky/build/pinky_navigation', 'catkin_cmake_args': None, 'catkin_skip_building_tests': False, 'cmake_args': None, 'cmake_clean_cache': False, 'cmake_clean_first': False, 'cmake_force_configure': False, 'cmake_target': None, 'cmake_target_skip_unavailable': False, 'install_base': '/home/kth/robot_dev/pinky/install/pinky_navigation', 'merge_install': False, 'path': '/home/kth/robot_dev/pinky/src/pinky_for_edu/pinky_navigation', 'symlink_install': False, 'test_result_base': None}
[0.305s] Level 5:colcon.colcon_core.verb:set package 'pinky_simple_navigator' build argument 'cmake_args' from command line to 'None'
[0.305s] Level 5:colcon.colcon_core.verb:set package 'pinky_simple_navigator' build argument 'cmake_target' from command line to 'None'
[0.305s] Level 5:colcon.colcon_core.verb:set package 'pinky_simple_navigator' build argument 'cmake_target_skip_unavailable' from command line to 'False'
[0.305s] Level 5:colcon.colcon_core.verb:set package 'pinky_simple_navigator' build argument 'cmake_clean_cache' from command line to 'False'
[0.305s] Level 5:colcon.colcon_core.verb:set package 'pinky_simple_navigator' build argument 'cmake_clean_first' from command line to 'False'
[0.305s] Level 5:colcon.colcon_core.verb:set package 'pinky_simple_navigator' build argument 'cmake_force_configure' from command line to 'False'
[0.305s] Level 5:colcon.colcon_core.verb:set package 'pinky_simple_navigator' build argument 'ament_cmake_args' from command line to 'None'
[0.305s] Level 5:colcon.colcon_core.verb:set package 'pinky_simple_navigator' build argument 'catkin_cmake_args' from command line to 'None'
[0.305s] Level 5:colcon.colcon_core.verb:set package 'pinky_simple_navigator' build argument 'catkin_skip_building_tests' from command line to 'False'
[0.305s] DEBUG:colcon.colcon_core.verb:Building package 'pinky_simple_navigator' with the following arguments: {'ament_cmake_args': None, 'build_base': '/home/kth/robot_dev/pinky/build/pinky_simple_navigator', 'catkin_cmake_args': None, 'catkin_skip_building_tests': False, 'cmake_args': None, 'cmake_clean_cache': False, 'cmake_clean_first': False, 'cmake_force_configure': False, 'cmake_target': None, 'cmake_target_skip_unavailable': False, 'install_base': '/home/kth/robot_dev/pinky/install/pinky_simple_navigator', 'merge_install': False, 'path': '/home/kth/robot_dev/pinky/src/pinky_for_edu/pinky_simple_navigator', 'symlink_install': False, 'test_result_base': None}
[0.306s] Level 5:colcon.colcon_core.verb:set package 'pinky_gazebo' build argument 'cmake_args' from command line to 'None'
[0.306s] Level 5:colcon.colcon_core.verb:set package 'pinky_gazebo' build argument 'cmake_target' from command line to 'None'
[0.306s] Level 5:colcon.colcon_core.verb:set package 'pinky_gazebo' build argument 'cmake_target_skip_unavailable' from command line to 'False'
[0.306s] Level 5:colcon.colcon_core.verb:set package 'pinky_gazebo' build argument 'cmake_clean_cache' from command line to 'False'
[0.306s] Level 5:colcon.colcon_core.verb:set package 'pinky_gazebo' build argument 'cmake_clean_first' from command line to 'False'
[0.306s] Level 5:colcon.colcon_core.verb:set package 'pinky_gazebo' build argument 'cmake_force_configure' from command line to 'False'
[0.306s] Level 5:colcon.colcon_core.verb:set package 'pinky_gazebo' build argument 'ament_cmake_args' from command line to 'None'
[0.306s] Level 5:colcon.colcon_core.verb:set package 'pinky_gazebo' build argument 'catkin_cmake_args' from command line to 'None'
[0.306s] Level 5:colcon.colcon_core.verb:set package 'pinky_gazebo' build argument 'catkin_skip_building_tests' from command line to 'False'
[0.306s] DEBUG:colcon.colcon_core.verb:Building package 'pinky_gazebo' with the following arguments: {'ament_cmake_args': None, 'build_base': '/home/kth/robot_dev/pinky/build/pinky_gazebo', 'catkin_cmake_args': None, 'catkin_skip_building_tests': False, 'cmake_args': None, 'cmake_clean_cache': False, 'cmake_clean_first': False, 'cmake_force_configure': False, 'cmake_target': None, 'cmake_target_skip_unavailable': False, 'install_base': '/home/kth/robot_dev/pinky/install/pinky_gazebo', 'merge_install': False, 'path': '/home/kth/robot_dev/pinky/src/pinky_for_edu/pinky_gazebo', 'symlink_install': False, 'test_result_base': None}
[0.306s] INFO:colcon.colcon_core.executor:Executing jobs using 'parallel' executor
[0.306s] DEBUG:colcon.colcon_parallel_executor.executor.parallel:run_until_complete
[0.307s] INFO:colcon.colcon_ros.task.ament_cmake.build:Building ROS package in '/home/kth/robot_dev/pinky/src/pinky_for_edu/pinky_description' with build type 'ament_cmake'
[0.307s] INFO:colcon.colcon_cmake.task.cmake.build:Building CMake package in '/home/kth/robot_dev/pinky/src/pinky_for_edu/pinky_description'
[0.310s] INFO:colcon.colcon_core.plugin_system:Skipping extension 'colcon_core.shell.bat': Not used on non-Windows systems
[0.311s] INFO:colcon.colcon_core.shell:Skip shell extension 'powershell' for command environment: Not usable outside of PowerShell
[0.311s] DEBUG:colcon.colcon_core.shell:Skip shell extension 'dsv' for command environment
[0.313s] INFO:colcon.colcon_ros.task.ament_cmake.build:Building ROS package in '/home/kth/robot_dev/pinky/src/pinky_for_edu/pinky_navigation' with build type 'ament_cmake'
[0.313s] INFO:colcon.colcon_cmake.task.cmake.build:Building CMake package in '/home/kth/robot_dev/pinky/src/pinky_for_edu/pinky_navigation'
[0.313s] INFO:colcon.colcon_core.shell:Skip shell extension 'powershell' for command environment: Not usable outside of PowerShell
[0.313s] DEBUG:colcon.colcon_core.shell:Skip shell extension 'dsv' for command environment
[0.316s] INFO:colcon.colcon_ros.task.ament_python.build:Building ROS package in '/home/kth/robot_dev/pinky/src/pinky_for_edu/pinky_simple_navigator' with build type 'ament_python'
[0.316s] Level 1:colcon.colcon_core.shell:create_environment_hook('pinky_simple_navigator', 'ament_prefix_path')
[0.316s] INFO:colcon.colcon_core.shell:Creating environment hook '/home/kth/robot_dev/pinky/install/pinky_simple_navigator/share/pinky_simple_navigator/hook/ament_prefix_path.ps1'
[0.317s] INFO:colcon.colcon_core.shell:Creating environment descriptor '/home/kth/robot_dev/pinky/install/pinky_simple_navigator/share/pinky_simple_navigator/hook/ament_prefix_path.dsv'
[0.317s] INFO:colcon.colcon_core.shell:Creating environment hook '/home/kth/robot_dev/pinky/install/pinky_simple_navigator/share/pinky_simple_navigator/hook/ament_prefix_path.sh'
[0.318s] INFO:colcon.colcon_core.shell:Skip shell extension 'powershell' for command environment: Not usable outside of PowerShell
[0.318s] DEBUG:colcon.colcon_core.shell:Skip shell extension 'dsv' for command environment
[0.322s] DEBUG:colcon.colcon_core.event_handler.log_command:Invoking command in '/home/kth/robot_dev/pinky/build/pinky_description': CMAKE_PREFIX_PATH=${CMAKE_PREFIX_PATH}:/opt/ros/jazzy DEBUGINFOD_URLS=https://debuginfod.ubuntu.com /usr/bin/cmake /home/kth/robot_dev/pinky/src/pinky_for_edu/pinky_description -DCMAKE_INSTALL_PREFIX=/home/kth/robot_dev/pinky/install/pinky_description
[0.325s] DEBUG:colcon.colcon_core.event_handler.log_command:Invoking command in '/home/kth/robot_dev/pinky/build/pinky_navigation': CMAKE_PREFIX_PATH=${CMAKE_PREFIX_PATH}:/opt/ros/jazzy DEBUGINFOD_URLS=https://debuginfod.ubuntu.com /usr/bin/cmake /home/kth/robot_dev/pinky/src/pinky_for_edu/pinky_navigation -DCMAKE_INSTALL_PREFIX=/home/kth/robot_dev/pinky/install/pinky_navigation
[0.531s] INFO:colcon.colcon_core.task.python.build:Building Python package in '/home/kth/robot_dev/pinky/src/pinky_for_edu/pinky_simple_navigator'
[0.531s] INFO:colcon.colcon_core.shell:Skip shell extension 'powershell' for command environment: Not usable outside of PowerShell
[0.531s] DEBUG:colcon.colcon_core.shell:Skip shell extension 'dsv' for command environment
[1.162s] DEBUG:colcon.colcon_core.event_handler.log_command:Invoked command in '/home/kth/robot_dev/pinky/build/pinky_description' returned '0': CMAKE_PREFIX_PATH=${CMAKE_PREFIX_PATH}:/opt/ros/jazzy DEBUGINFOD_URLS=https://debuginfod.ubuntu.com /usr/bin/cmake /home/kth/robot_dev/pinky/src/pinky_for_edu/pinky_description -DCMAKE_INSTALL_PREFIX=/home/kth/robot_dev/pinky/install/pinky_description
[1.163s] DEBUG:colcon.colcon_core.event_handler.log_command:Invoking command in '/home/kth/robot_dev/pinky/build/pinky_description': CMAKE_PREFIX_PATH=${CMAKE_PREFIX_PATH}:/opt/ros/jazzy DEBUGINFOD_URLS=https://debuginfod.ubuntu.com /usr/bin/cmake --build /home/kth/robot_dev/pinky/build/pinky_description -- -j12 -l12
[1.169s] DEBUG:colcon.colcon_core.event_handler.log_command:Invoked command in '/home/kth/robot_dev/pinky/build/pinky_navigation' returned '0': CMAKE_PREFIX_PATH=${CMAKE_PREFIX_PATH}:/opt/ros/jazzy DEBUGINFOD_URLS=https://debuginfod.ubuntu.com /usr/bin/cmake /home/kth/robot_dev/pinky/src/pinky_for_edu/pinky_navigation -DCMAKE_INSTALL_PREFIX=/home/kth/robot_dev/pinky/install/pinky_navigation
[1.169s] DEBUG:colcon.colcon_core.event_handler.log_command:Invoking command in '/home/kth/robot_dev/pinky/build/pinky_navigation': CMAKE_PREFIX_PATH=${CMAKE_PREFIX_PATH}:/opt/ros/jazzy DEBUGINFOD_URLS=https://debuginfod.ubuntu.com /usr/bin/cmake --build /home/kth/robot_dev/pinky/build/pinky_navigation -- -j12 -l12
[1.196s] DEBUG:colcon.colcon_core.event_handler.log_command:Invoked command in '/home/kth/robot_dev/pinky/build/pinky_description' returned '0': CMAKE_PREFIX_PATH=${CMAKE_PREFIX_PATH}:/opt/ros/jazzy DEBUGINFOD_URLS=https://debuginfod.ubuntu.com /usr/bin/cmake --build /home/kth/robot_dev/pinky/build/pinky_description -- -j12 -l12
[1.204s] DEBUG:colcon.colcon_core.event_handler.log_command:Invoking command in '/home/kth/robot_dev/pinky/build/pinky_description': CMAKE_PREFIX_PATH=${CMAKE_PREFIX_PATH}:/opt/ros/jazzy DEBUGINFOD_URLS=https://debuginfod.ubuntu.com /usr/bin/cmake --install /home/kth/robot_dev/pinky/build/pinky_description
[1.205s] DEBUG:colcon.colcon_core.event_handler.log_command:Invoked command in '/home/kth/robot_dev/pinky/build/pinky_navigation' returned '0': CMAKE_PREFIX_PATH=${CMAKE_PREFIX_PATH}:/opt/ros/jazzy DEBUGINFOD_URLS=https://debuginfod.ubuntu.com /usr/bin/cmake --build /home/kth/robot_dev/pinky/build/pinky_navigation -- -j12 -l12
[1.206s] DEBUG:colcon.colcon_core.event_handler.log_command:Invoking command in '/home/kth/robot_dev/pinky/build/pinky_navigation': CMAKE_PREFIX_PATH=${CMAKE_PREFIX_PATH}:/opt/ros/jazzy DEBUGINFOD_URLS=https://debuginfod.ubuntu.com /usr/bin/cmake --install /home/kth/robot_dev/pinky/build/pinky_navigation
[1.215s] Level 1:colcon.colcon_core.environment:create_environment_scripts_only(pinky_navigation)
[1.215s] DEBUG:colcon.colcon_core.event_handler.log_command:Invoked command in '/home/kth/robot_dev/pinky/build/pinky_navigation' returned '0': CMAKE_PREFIX_PATH=${CMAKE_PREFIX_PATH}:/opt/ros/jazzy DEBUGINFOD_URLS=https://debuginfod.ubuntu.com /usr/bin/cmake --install /home/kth/robot_dev/pinky/build/pinky_navigation
[1.222s] Level 1:colcon.colcon_core.environment:checking '/home/kth/robot_dev/pinky/install/pinky_navigation' for CMake module files
[1.223s] Level 1:colcon.colcon_core.environment:checking '/home/kth/robot_dev/pinky/install/pinky_navigation' for CMake config files
[1.223s] Level 1:colcon.colcon_core.shell:create_environment_hook('pinky_navigation', 'cmake_prefix_path')
[1.224s] INFO:colcon.colcon_core.shell:Creating environment hook '/home/kth/robot_dev/pinky/install/pinky_navigation/share/pinky_navigation/hook/cmake_prefix_path.ps1'
[1.224s] INFO:colcon.colcon_core.shell:Creating environment descriptor '/home/kth/robot_dev/pinky/install/pinky_navigation/share/pinky_navigation/hook/cmake_prefix_path.dsv'
[1.225s] INFO:colcon.colcon_core.shell:Creating environment hook '/home/kth/robot_dev/pinky/install/pinky_navigation/share/pinky_navigation/hook/cmake_prefix_path.sh'
[1.226s] Level 1:colcon.colcon_core.environment:checking '/home/kth/robot_dev/pinky/install/pinky_navigation/bin'
[1.226s] Level 1:colcon.colcon_core.environment:checking '/home/kth/robot_dev/pinky/install/pinky_navigation/lib/pkgconfig/pinky_navigation.pc'
[1.227s] Level 1:colcon.colcon_core.environment:checking '/home/kth/robot_dev/pinky/install/pinky_navigation/lib/python3.12/site-packages'
[1.227s] Level 1:colcon.colcon_core.environment:checking '/home/kth/robot_dev/pinky/install/pinky_navigation/bin'
[1.227s] INFO:colcon.colcon_core.shell:Creating package script '/home/kth/robot_dev/pinky/install/pinky_navigation/share/pinky_navigation/package.ps1'
[1.228s] INFO:colcon.colcon_core.shell:Creating package descriptor '/home/kth/robot_dev/pinky/install/pinky_navigation/share/pinky_navigation/package.dsv'
[1.229s] INFO:colcon.colcon_core.shell:Creating package script '/home/kth/robot_dev/pinky/install/pinky_navigation/share/pinky_navigation/package.sh'
[1.230s] INFO:colcon.colcon_core.shell:Creating package script '/home/kth/robot_dev/pinky/install/pinky_navigation/share/pinky_navigation/package.bash'
[1.231s] INFO:colcon.colcon_core.shell:Creating package script '/home/kth/robot_dev/pinky/install/pinky_navigation/share/pinky_navigation/package.zsh'
[1.232s] Level 1:colcon.colcon_core.environment:create_file_with_runtime_dependencies(/home/kth/robot_dev/pinky/install/pinky_navigation/share/colcon-core/packages/pinky_navigation)
[1.233s] Level 1:colcon.colcon_core.environment:create_environment_scripts_only(pinky_navigation)
[1.233s] Level 1:colcon.colcon_core.environment:checking '/home/kth/robot_dev/pinky/install/pinky_navigation' for CMake module files
[1.233s] Level 1:colcon.colcon_core.environment:checking '/home/kth/robot_dev/pinky/install/pinky_navigation' for CMake config files
[1.234s] Level 1:colcon.colcon_core.shell:create_environment_hook('pinky_navigation', 'cmake_prefix_path')
[1.234s] INFO:colcon.colcon_core.shell:Creating environment hook '/home/kth/robot_dev/pinky/install/pinky_navigation/share/pinky_navigation/hook/cmake_prefix_path.ps1'
[1.234s] INFO:colcon.colcon_core.shell:Creating environment descriptor '/home/kth/robot_dev/pinky/install/pinky_navigation/share/pinky_navigation/hook/cmake_prefix_path.dsv'
[1.235s] INFO:colcon.colcon_core.shell:Creating environment hook '/home/kth/robot_dev/pinky/install/pinky_navigation/share/pinky_navigation/hook/cmake_prefix_path.sh'
[1.235s] Level 1:colcon.colcon_core.environment:checking '/home/kth/robot_dev/pinky/install/pinky_navigation/bin'
[1.235s] Level 1:colcon.colcon_core.environment:checking '/home/kth/robot_dev/pinky/install/pinky_navigation/lib/pkgconfig/pinky_navigation.pc'
[1.236s] Level 1:colcon.colcon_core.environment:checking '/home/kth/robot_dev/pinky/install/pinky_navigation/lib/python3.12/site-packages'
[1.236s] Level 1:colcon.colcon_core.environment:checking '/home/kth/robot_dev/pinky/install/pinky_navigation/bin'
[1.236s] INFO:colcon.colcon_core.shell:Creating package script '/home/kth/robot_dev/pinky/install/pinky_navigation/share/pinky_navigation/package.ps1'
[1.237s] INFO:colcon.colcon_core.shell:Creating package descriptor '/home/kth/robot_dev/pinky/install/pinky_navigation/share/pinky_navigation/package.dsv'
[1.237s] INFO:colcon.colcon_core.shell:Creating package script '/home/kth/robot_dev/pinky/install/pinky_navigation/share/pinky_navigation/package.sh'
[1.238s] INFO:colcon.colcon_core.shell:Creating package script '/home/kth/robot_dev/pinky/install/pinky_navigation/share/pinky_navigation/package.bash'
[1.238s] INFO:colcon.colcon_core.shell:Creating package script '/home/kth/robot_dev/pinky/install/pinky_navigation/share/pinky_navigation/package.zsh'
[1.239s] Level 1:colcon.colcon_core.environment:create_file_with_runtime_dependencies(/home/kth/robot_dev/pinky/install/pinky_navigation/share/colcon-core/packages/pinky_navigation)
[1.240s] Level 1:colcon.colcon_core.environment:create_environment_scripts_only(pinky_description)
[1.240s] DEBUG:colcon.colcon_core.event_handler.log_command:Invoked command in '/home/kth/robot_dev/pinky/build/pinky_description' returned '0': CMAKE_PREFIX_PATH=${CMAKE_PREFIX_PATH}:/opt/ros/jazzy DEBUGINFOD_URLS=https://debuginfod.ubuntu.com /usr/bin/cmake --install /home/kth/robot_dev/pinky/build/pinky_description
[1.240s] Level 1:colcon.colcon_core.environment:checking '/home/kth/robot_dev/pinky/install/pinky_description' for CMake module files
[1.241s] Level 1:colcon.colcon_core.environment:checking '/home/kth/robot_dev/pinky/install/pinky_description' for CMake config files
[1.241s] Level 1:colcon.colcon_core.shell:create_environment_hook('pinky_description', 'cmake_prefix_path')
[1.242s] INFO:colcon.colcon_core.shell:Creating environment hook '/home/kth/robot_dev/pinky/install/pinky_description/share/pinky_description/hook/cmake_prefix_path.ps1'
[1.242s] INFO:colcon.colcon_core.shell:Creating environment descriptor '/home/kth/robot_dev/pinky/install/pinky_description/share/pinky_description/hook/cmake_prefix_path.dsv'
[1.243s] INFO:colcon.colcon_core.shell:Creating environment hook '/home/kth/robot_dev/pinky/install/pinky_description/share/pinky_description/hook/cmake_prefix_path.sh'
[1.243s] Level 1:colcon.colcon_core.environment:checking '/home/kth/robot_dev/pinky/install/pinky_description/bin'
[1.243s] Level 1:colcon.colcon_core.environment:checking '/home/kth/robot_dev/pinky/install/pinky_description/lib/pkgconfig/pinky_description.pc'
[1.244s] Level 1:colcon.colcon_core.environment:checking '/home/kth/robot_dev/pinky/install/pinky_description/lib/python3.12/site-packages'
[1.244s] Level 1:colcon.colcon_core.environment:checking '/home/kth/robot_dev/pinky/install/pinky_description/bin'
[1.244s] INFO:colcon.colcon_core.shell:Creating package script '/home/kth/robot_dev/pinky/install/pinky_description/share/pinky_description/package.ps1'
[1.245s] INFO:colcon.colcon_core.shell:Creating package descriptor '/home/kth/robot_dev/pinky/install/pinky_description/share/pinky_description/package.dsv'
[1.245s] INFO:colcon.colcon_core.shell:Creating package script '/home/kth/robot_dev/pinky/install/pinky_description/share/pinky_description/package.sh'
[1.246s] INFO:colcon.colcon_core.shell:Creating package script '/home/kth/robot_dev/pinky/install/pinky_description/share/pinky_description/package.bash'
[1.246s] INFO:colcon.colcon_core.shell:Creating package script '/home/kth/robot_dev/pinky/install/pinky_description/share/pinky_description/package.zsh'
[1.246s] Level 1:colcon.colcon_core.environment:create_file_with_runtime_dependencies(/home/kth/robot_dev/pinky/install/pinky_description/share/colcon-core/packages/pinky_description)
[1.247s] Level 1:colcon.colcon_core.environment:create_environment_scripts_only(pinky_description)
[1.247s] Level 1:colcon.colcon_core.environment:checking '/home/kth/robot_dev/pinky/install/pinky_description' for CMake module files
[1.248s] Level 1:colcon.colcon_core.environment:checking '/home/kth/robot_dev/pinky/install/pinky_description' for CMake config files
[1.248s] Level 1:colcon.colcon_core.shell:create_environment_hook('pinky_description', 'cmake_prefix_path')
[1.249s] INFO:colcon.colcon_core.shell:Creating environment hook '/home/kth/robot_dev/pinky/install/pinky_description/share/pinky_description/hook/cmake_prefix_path.ps1'
[1.249s] INFO:colcon.colcon_core.shell:Creating environment descriptor '/home/kth/robot_dev/pinky/install/pinky_description/share/pinky_description/hook/cmake_prefix_path.dsv'
[1.250s] INFO:colcon.colcon_core.shell:Creating environment hook '/home/kth/robot_dev/pinky/install/pinky_description/share/pinky_description/hook/cmake_prefix_path.sh'
[1.250s] Level 1:colcon.colcon_core.environment:checking '/home/kth/robot_dev/pinky/install/pinky_description/bin'
[1.250s] Level 1:colcon.colcon_core.environment:checking '/home/kth/robot_dev/pinky/install/pinky_description/lib/pkgconfig/pinky_description.pc'
[1.251s] Level 1:colcon.colcon_core.environment:checking '/home/kth/robot_dev/pinky/install/pinky_description/lib/python3.12/site-packages'
[1.251s] Level 1:colcon.colcon_core.environment:checking '/home/kth/robot_dev/pinky/install/pinky_description/bin'
[1.251s] INFO:colcon.colcon_core.shell:Creating package script '/home/kth/robot_dev/pinky/install/pinky_description/share/pinky_description/package.ps1'
[1.252s] INFO:colcon.colcon_core.shell:Creating package descriptor '/home/kth/robot_dev/pinky/install/pinky_description/share/pinky_description/package.dsv'
[1.252s] INFO:colcon.colcon_core.shell:Creating package script '/home/kth/robot_dev/pinky/install/pinky_description/share/pinky_description/package.sh'
[1.253s] INFO:colcon.colcon_core.shell:Creating package script '/home/kth/robot_dev/pinky/install/pinky_description/share/pinky_description/package.bash'
[1.253s] INFO:colcon.colcon_core.shell:Creating package script '/home/kth/robot_dev/pinky/install/pinky_description/share/pinky_description/package.zsh'
[1.253s] Level 1:colcon.colcon_core.environment:create_file_with_runtime_dependencies(/home/kth/robot_dev/pinky/install/pinky_description/share/colcon-core/packages/pinky_description)
[1.254s] INFO:colcon.colcon_ros.task.ament_cmake.build:Building ROS package in '/home/kth/robot_dev/pinky/src/pinky_for_edu/pinky_gazebo' with build type 'ament_cmake'
[1.254s] INFO:colcon.colcon_cmake.task.cmake.build:Building CMake package in '/home/kth/robot_dev/pinky/src/pinky_for_edu/pinky_gazebo'
[1.254s] INFO:colcon.colcon_core.shell:Skip shell extension 'powershell' for command environment: Not usable outside of PowerShell
[1.254s] DEBUG:colcon.colcon_core.shell:Skip shell extension 'dsv' for command environment
[1.260s] DEBUG:colcon.colcon_core.event_handler.log_command:Invoking command in '/home/kth/robot_dev/pinky/build/pinky_gazebo': AMENT_PREFIX_PATH=/home/kth/robot_dev/pinky/install/pinky_description:${AMENT_PREFIX_PATH} CMAKE_PREFIX_PATH=/home/kth/robot_dev/pinky/install/pinky_description:/opt/ros/jazzy/opt/gz_sim_vendor:/opt/ros/jazzy/opt/gz_sensors_vendor:/opt/ros/jazzy/opt/gz_physics_vendor:/opt/ros/jazzy/opt/sdformat_vendor:/opt/ros/jazzy/opt/gz_gui_vendor:/opt/ros/jazzy/opt/gz_transport_vendor:/opt/ros/jazzy/opt/gz_rendering_vendor:/opt/ros/jazzy/opt/gz_plugin_vendor:/opt/ros/jazzy/opt/gz_fuel_tools_vendor:/opt/ros/jazzy/opt/gz_msgs_vendor:/opt/ros/jazzy/opt/gz_common_vendor:/opt/ros/jazzy/opt/gz_math_vendor:/opt/ros/jazzy/opt/gz_utils_vendor:/opt/ros/jazzy/opt/gz_tools_vendor:/opt/ros/jazzy/opt/gz_ogre_next_vendor:/opt/ros/jazzy/opt/gz_dartsim_vendor:/opt/ros/jazzy/opt/gz_cmake_vendor:/opt/ros/jazzy DEBUGINFOD_URLS=https://debuginfod.ubuntu.com /usr/bin/cmake /home/kth/robot_dev/pinky/src/pinky_for_edu/pinky_gazebo -DCMAKE_INSTALL_PREFIX=/home/kth/robot_dev/pinky/install/pinky_gazebo
[1.284s] DEBUG:colcon.colcon_core.event_handler.log_command:Invoking command in '/home/kth/robot_dev/pinky/src/pinky_for_edu/pinky_simple_navigator': DEBUGINFOD_URLS=https://debuginfod.ubuntu.com PYTHONPATH=/home/kth/robot_dev/pinky/build/pinky_simple_navigator/prefix_override:/usr/lib/python3/dist-packages/colcon_core/task/python/colcon_distutils_commands:/home/kth/robot_dev/pinky/install/pinky_simple_navigator/lib/python3.12/site-packages:${PYTHONPATH} /usr/bin/python3 -W ignore:setup.py install is deprecated -W ignore:easy_install command is deprecated setup.py egg_info --egg-base ../../../build/pinky_simple_navigator build --build-base /home/kth/robot_dev/pinky/build/pinky_simple_navigator/build install --record /home/kth/robot_dev/pinky/build/pinky_simple_navigator/install.log --single-version-externally-managed install_data
[1.846s] Level 1:colcon.colcon_core.environment:checking '/home/kth/robot_dev/pinky/install/pinky_simple_navigator' for CMake module files
[1.846s] DEBUG:colcon.colcon_core.event_handler.log_command:Invoked command in '/home/kth/robot_dev/pinky/src/pinky_for_edu/pinky_simple_navigator' returned '0': DEBUGINFOD_URLS=https://debuginfod.ubuntu.com PYTHONPATH=/home/kth/robot_dev/pinky/build/pinky_simple_navigator/prefix_override:/usr/lib/python3/dist-packages/colcon_core/task/python/colcon_distutils_commands:/home/kth/robot_dev/pinky/install/pinky_simple_navigator/lib/python3.12/site-packages:${PYTHONPATH} /usr/bin/python3 -W ignore:setup.py install is deprecated -W ignore:easy_install command is deprecated setup.py egg_info --egg-base ../../../build/pinky_simple_navigator build --build-base /home/kth/robot_dev/pinky/build/pinky_simple_navigator/build install --record /home/kth/robot_dev/pinky/build/pinky_simple_navigator/install.log --single-version-externally-managed install_data
[1.847s] Level 1:colcon.colcon_core.environment:checking '/home/kth/robot_dev/pinky/install/pinky_simple_navigator' for CMake config files
[1.847s] Level 1:colcon.colcon_core.environment:checking '/home/kth/robot_dev/pinky/install/pinky_simple_navigator/lib'
[1.847s] Level 1:colcon.colcon_core.environment:checking '/home/kth/robot_dev/pinky/install/pinky_simple_navigator/bin'
[1.847s] Level 1:colcon.colcon_core.environment:checking '/home/kth/robot_dev/pinky/install/pinky_simple_navigator/lib/pkgconfig/pinky_simple_navigator.pc'
[1.847s] Level 1:colcon.colcon_core.environment:checking '/home/kth/robot_dev/pinky/install/pinky_simple_navigator/lib/python3.12/site-packages'
[1.848s] Level 1:colcon.colcon_core.shell:create_environment_hook('pinky_simple_navigator', 'pythonpath')
[1.848s] INFO:colcon.colcon_core.shell:Creating environment hook '/home/kth/robot_dev/pinky/install/pinky_simple_navigator/share/pinky_simple_navigator/hook/pythonpath.ps1'
[1.848s] INFO:colcon.colcon_core.shell:Creating environment descriptor '/home/kth/robot_dev/pinky/install/pinky_simple_navigator/share/pinky_simple_navigator/hook/pythonpath.dsv'
[1.848s] INFO:colcon.colcon_core.shell:Creating environment hook '/home/kth/robot_dev/pinky/install/pinky_simple_navigator/share/pinky_simple_navigator/hook/pythonpath.sh'
[1.849s] Level 1:colcon.colcon_core.environment:checking '/home/kth/robot_dev/pinky/install/pinky_simple_navigator/bin'
[1.849s] Level 1:colcon.colcon_core.environment:create_environment_scripts_only(pinky_simple_navigator)
[1.849s] INFO:colcon.colcon_core.shell:Creating package script '/home/kth/robot_dev/pinky/install/pinky_simple_navigator/share/pinky_simple_navigator/package.ps1'
[1.849s] INFO:colcon.colcon_core.shell:Creating package descriptor '/home/kth/robot_dev/pinky/install/pinky_simple_navigator/share/pinky_simple_navigator/package.dsv'
[1.850s] INFO:colcon.colcon_core.shell:Creating package script '/home/kth/robot_dev/pinky/install/pinky_simple_navigator/share/pinky_simple_navigator/package.sh'
[1.850s] INFO:colcon.colcon_core.shell:Creating package script '/home/kth/robot_dev/pinky/install/pinky_simple_navigator/share/pinky_simple_navigator/package.bash'
[1.850s] INFO:colcon.colcon_core.shell:Creating package script '/home/kth/robot_dev/pinky/install/pinky_simple_navigator/share/pinky_simple_navigator/package.zsh'
[1.850s] Level 1:colcon.colcon_core.environment:create_file_with_runtime_dependencies(/home/kth/robot_dev/pinky/install/pinky_simple_navigator/share/colcon-core/packages/pinky_simple_navigator)
[1.871s] DEBUG:colcon.colcon_core.event_handler.log_command:Invoked command in '/home/kth/robot_dev/pinky/build/pinky_gazebo' returned '0': AMENT_PREFIX_PATH=/home/kth/robot_dev/pinky/install/pinky_description:${AMENT_PREFIX_PATH} CMAKE_PREFIX_PATH=/home/kth/robot_dev/pinky/install/pinky_description:/opt/ros/jazzy/opt/gz_sim_vendor:/opt/ros/jazzy/opt/gz_sensors_vendor:/opt/ros/jazzy/opt/gz_physics_vendor:/opt/ros/jazzy/opt/sdformat_vendor:/opt/ros/jazzy/opt/gz_gui_vendor:/opt/ros/jazzy/opt/gz_transport_vendor:/opt/ros/jazzy/opt/gz_rendering_vendor:/opt/ros/jazzy/opt/gz_plugin_vendor:/opt/ros/jazzy/opt/gz_fuel_tools_vendor:/opt/ros/jazzy/opt/gz_msgs_vendor:/opt/ros/jazzy/opt/gz_common_vendor:/opt/ros/jazzy/opt/gz_math_vendor:/opt/ros/jazzy/opt/gz_utils_vendor:/opt/ros/jazzy/opt/gz_tools_vendor:/opt/ros/jazzy/opt/gz_ogre_next_vendor:/opt/ros/jazzy/opt/gz_dartsim_vendor:/opt/ros/jazzy/opt/gz_cmake_vendor:/opt/ros/jazzy DEBUGINFOD_URLS=https://debuginfod.ubuntu.com /usr/bin/cmake /home/kth/robot_dev/pinky/src/pinky_for_edu/pinky_gazebo -DCMAKE_INSTALL_PREFIX=/home/kth/robot_dev/pinky/install/pinky_gazebo
[1.872s] DEBUG:colcon.colcon_core.event_handler.log_command:Invoking command in '/home/kth/robot_dev/pinky/build/pinky_gazebo': AMENT_PREFIX_PATH=/home/kth/robot_dev/pinky/install/pinky_description:${AMENT_PREFIX_PATH} CMAKE_PREFIX_PATH=/home/kth/robot_dev/pinky/install/pinky_description:/opt/ros/jazzy/opt/gz_sim_vendor:/opt/ros/jazzy/opt/gz_sensors_vendor:/opt/ros/jazzy/opt/gz_physics_vendor:/opt/ros/jazzy/opt/sdformat_vendor:/opt/ros/jazzy/opt/gz_gui_vendor:/opt/ros/jazzy/opt/gz_transport_vendor:/opt/ros/jazzy/opt/gz_rendering_vendor:/opt/ros/jazzy/opt/gz_plugin_vendor:/opt/ros/jazzy/opt/gz_fuel_tools_vendor:/opt/ros/jazzy/opt/gz_msgs_vendor:/opt/ros/jazzy/opt/gz_common_vendor:/opt/ros/jazzy/opt/gz_math_vendor:/opt/ros/jazzy/opt/gz_utils_vendor:/opt/ros/jazzy/opt/gz_tools_vendor:/opt/ros/jazzy/opt/gz_ogre_next_vendor:/opt/ros/jazzy/opt/gz_dartsim_vendor:/opt/ros/jazzy/opt/gz_cmake_vendor:/opt/ros/jazzy DEBUGINFOD_URLS=https://debuginfod.ubuntu.com /usr/bin/cmake --build /home/kth/robot_dev/pinky/build/pinky_gazebo -- -j12 -l12
[1.902s] DEBUG:colcon.colcon_core.event_handler.log_command:Invoked command in '/home/kth/robot_dev/pinky/build/pinky_gazebo' returned '0': AMENT_PREFIX_PATH=/home/kth/robot_dev/pinky/install/pinky_description:${AMENT_PREFIX_PATH} CMAKE_PREFIX_PATH=/home/kth/robot_dev/pinky/install/pinky_description:/opt/ros/jazzy/opt/gz_sim_vendor:/opt/ros/jazzy/opt/gz_sensors_vendor:/opt/ros/jazzy/opt/gz_physics_vendor:/opt/ros/jazzy/opt/sdformat_vendor:/opt/ros/jazzy/opt/gz_gui_vendor:/opt/ros/jazzy/opt/gz_transport_vendor:/opt/ros/jazzy/opt/gz_rendering_vendor:/opt/ros/jazzy/opt/gz_plugin_vendor:/opt/ros/jazzy/opt/gz_fuel_tools_vendor:/opt/ros/jazzy/opt/gz_msgs_vendor:/opt/ros/jazzy/opt/gz_common_vendor:/opt/ros/jazzy/opt/gz_math_vendor:/opt/ros/jazzy/opt/gz_utils_vendor:/opt/ros/jazzy/opt/gz_tools_vendor:/opt/ros/jazzy/opt/gz_ogre_next_vendor:/opt/ros/jazzy/opt/gz_dartsim_vendor:/opt/ros/jazzy/opt/gz_cmake_vendor:/opt/ros/jazzy DEBUGINFOD_URLS=https://debuginfod.ubuntu.com /usr/bin/cmake --build /home/kth/robot_dev/pinky/build/pinky_gazebo -- -j12 -l12
[1.903s] DEBUG:colcon.colcon_core.event_handler.log_command:Invoking command in '/home/kth/robot_dev/pinky/build/pinky_gazebo': AMENT_PREFIX_PATH=/home/kth/robot_dev/pinky/install/pinky_description:${AMENT_PREFIX_PATH} CMAKE_PREFIX_PATH=/home/kth/robot_dev/pinky/install/pinky_description:/opt/ros/jazzy/opt/gz_sim_vendor:/opt/ros/jazzy/opt/gz_sensors_vendor:/opt/ros/jazzy/opt/gz_physics_vendor:/opt/ros/jazzy/opt/sdformat_vendor:/opt/ros/jazzy/opt/gz_gui_vendor:/opt/ros/jazzy/opt/gz_transport_vendor:/opt/ros/jazzy/opt/gz_rendering_vendor:/opt/ros/jazzy/opt/gz_plugin_vendor:/opt/ros/jazzy/opt/gz_fuel_tools_vendor:/opt/ros/jazzy/opt/gz_msgs_vendor:/opt/ros/jazzy/opt/gz_common_vendor:/opt/ros/jazzy/opt/gz_math_vendor:/opt/ros/jazzy/opt/gz_utils_vendor:/opt/ros/jazzy/opt/gz_tools_vendor:/opt/ros/jazzy/opt/gz_ogre_next_vendor:/opt/ros/jazzy/opt/gz_dartsim_vendor:/opt/ros/jazzy/opt/gz_cmake_vendor:/opt/ros/jazzy DEBUGINFOD_URLS=https://debuginfod.ubuntu.com /usr/bin/cmake --install /home/kth/robot_dev/pinky/build/pinky_gazebo
[1.936s] Level 1:colcon.colcon_core.environment:create_environment_scripts_only(pinky_gazebo)
[1.936s] Level 1:colcon.colcon_core.environment:checking '/home/kth/robot_dev/pinky/install/pinky_gazebo' for CMake module files
[1.937s] DEBUG:colcon.colcon_core.event_handler.log_command:Invoked command in '/home/kth/robot_dev/pinky/build/pinky_gazebo' returned '0': AMENT_PREFIX_PATH=/home/kth/robot_dev/pinky/install/pinky_description:${AMENT_PREFIX_PATH} CMAKE_PREFIX_PATH=/home/kth/robot_dev/pinky/install/pinky_description:/opt/ros/jazzy/opt/gz_sim_vendor:/opt/ros/jazzy/opt/gz_sensors_vendor:/opt/ros/jazzy/opt/gz_physics_vendor:/opt/ros/jazzy/opt/sdformat_vendor:/opt/ros/jazzy/opt/gz_gui_vendor:/opt/ros/jazzy/opt/gz_transport_vendor:/opt/ros/jazzy/opt/gz_rendering_vendor:/opt/ros/jazzy/opt/gz_plugin_vendor:/opt/ros/jazzy/opt/gz_fuel_tools_vendor:/opt/ros/jazzy/opt/gz_msgs_vendor:/opt/ros/jazzy/opt/gz_common_vendor:/opt/ros/jazzy/opt/gz_math_vendor:/opt/ros/jazzy/opt/gz_utils_vendor:/opt/ros/jazzy/opt/gz_tools_vendor:/opt/ros/jazzy/opt/gz_ogre_next_vendor:/opt/ros/jazzy/opt/gz_dartsim_vendor:/opt/ros/jazzy/opt/gz_cmake_vendor:/opt/ros/jazzy DEBUGINFOD_URLS=https://debuginfod.ubuntu.com /usr/bin/cmake --install /home/kth/robot_dev/pinky/build/pinky_gazebo
[1.937s] Level 1:colcon.colcon_core.environment:checking '/home/kth/robot_dev/pinky/install/pinky_gazebo' for CMake config files
[1.937s] Level 1:colcon.colcon_core.shell:create_environment_hook('pinky_gazebo', 'cmake_prefix_path')
[1.938s] INFO:colcon.colcon_core.shell:Creating environment hook '/home/kth/robot_dev/pinky/install/pinky_gazebo/share/pinky_gazebo/hook/cmake_prefix_path.ps1'
[1.938s] INFO:colcon.colcon_core.shell:Creating environment descriptor '/home/kth/robot_dev/pinky/install/pinky_gazebo/share/pinky_gazebo/hook/cmake_prefix_path.dsv'
[1.938s] INFO:colcon.colcon_core.shell:Creating environment hook '/home/kth/robot_dev/pinky/install/pinky_gazebo/share/pinky_gazebo/hook/cmake_prefix_path.sh'
[1.939s] Level 1:colcon.colcon_core.environment:checking '/home/kth/robot_dev/pinky/install/pinky_gazebo/bin'
[1.939s] Level 1:colcon.colcon_core.environment:checking '/home/kth/robot_dev/pinky/install/pinky_gazebo/lib/pkgconfig/pinky_gazebo.pc'
[1.939s] Level 1:colcon.colcon_core.environment:checking '/home/kth/robot_dev/pinky/install/pinky_gazebo/lib/python3.12/site-packages'
[1.939s] Level 1:colcon.colcon_core.environment:checking '/home/kth/robot_dev/pinky/install/pinky_gazebo/bin'
[1.939s] INFO:colcon.colcon_core.shell:Creating package script '/home/kth/robot_dev/pinky/install/pinky_gazebo/share/pinky_gazebo/package.ps1'
[1.939s] INFO:colcon.colcon_core.shell:Creating package descriptor '/home/kth/robot_dev/pinky/install/pinky_gazebo/share/pinky_gazebo/package.dsv'
[1.940s] INFO:colcon.colcon_core.shell:Creating package script '/home/kth/robot_dev/pinky/install/pinky_gazebo/share/pinky_gazebo/package.sh'
[1.940s] INFO:colcon.colcon_core.shell:Creating package script '/home/kth/robot_dev/pinky/install/pinky_gazebo/share/pinky_gazebo/package.bash'
[1.940s] INFO:colcon.colcon_core.shell:Creating package script '/home/kth/robot_dev/pinky/install/pinky_gazebo/share/pinky_gazebo/package.zsh'
[1.941s] Level 1:colcon.colcon_core.environment:create_file_with_runtime_dependencies(/home/kth/robot_dev/pinky/install/pinky_gazebo/share/colcon-core/packages/pinky_gazebo)
[1.941s] Level 1:colcon.colcon_core.environment:create_environment_scripts_only(pinky_gazebo)
[1.941s] Level 1:colcon.colcon_core.environment:checking '/home/kth/robot_dev/pinky/install/pinky_gazebo' for CMake module files
[1.941s] Level 1:colcon.colcon_core.environment:checking '/home/kth/robot_dev/pinky/install/pinky_gazebo' for CMake config files
[1.942s] Level 1:colcon.colcon_core.shell:create_environment_hook('pinky_gazebo', 'cmake_prefix_path')
[1.942s] INFO:colcon.colcon_core.shell:Creating environment hook '/home/kth/robot_dev/pinky/install/pinky_gazebo/share/pinky_gazebo/hook/cmake_prefix_path.ps1'
[1.942s] INFO:colcon.colcon_core.shell:Creating environment descriptor '/home/kth/robot_dev/pinky/install/pinky_gazebo/share/pinky_gazebo/hook/cmake_prefix_path.dsv'
[1.942s] INFO:colcon.colcon_core.shell:Creating environment hook '/home/kth/robot_dev/pinky/install/pinky_gazebo/share/pinky_gazebo/hook/cmake_prefix_path.sh'
[1.943s] Level 1:colcon.colcon_core.environment:checking '/home/kth/robot_dev/pinky/install/pinky_gazebo/bin'
[1.943s] Level 1:colcon.colcon_core.environment:checking '/home/kth/robot_dev/pinky/install/pinky_gazebo/lib/pkgconfig/pinky_gazebo.pc'
[1.943s] Level 1:colcon.colcon_core.environment:checking '/home/kth/robot_dev/pinky/install/pinky_gazebo/lib/python3.12/site-packages'
[1.943s] Level 1:colcon.colcon_core.environment:checking '/home/kth/robot_dev/pinky/install/pinky_gazebo/bin'
[1.943s] INFO:colcon.colcon_core.shell:Creating package script '/home/kth/robot_dev/pinky/install/pinky_gazebo/share/pinky_gazebo/package.ps1'
[1.944s] INFO:colcon.colcon_core.shell:Creating package descriptor '/home/kth/robot_dev/pinky/install/pinky_gazebo/share/pinky_gazebo/package.dsv'
[1.944s] INFO:colcon.colcon_core.shell:Creating package script '/home/kth/robot_dev/pinky/install/pinky_gazebo/share/pinky_gazebo/package.sh'
[1.944s] INFO:colcon.colcon_core.shell:Creating package script '/home/kth/robot_dev/pinky/install/pinky_gazebo/share/pinky_gazebo/package.bash'
[1.945s] INFO:colcon.colcon_core.shell:Creating package script '/home/kth/robot_dev/pinky/install/pinky_gazebo/share/pinky_gazebo/package.zsh'
[1.945s] Level 1:colcon.colcon_core.environment:create_file_with_runtime_dependencies(/home/kth/robot_dev/pinky/install/pinky_gazebo/share/colcon-core/packages/pinky_gazebo)
[1.945s] DEBUG:colcon.colcon_parallel_executor.executor.parallel:closing loop
[1.946s] DEBUG:colcon.colcon_parallel_executor.executor.parallel:loop closed
[1.946s] DEBUG:colcon.colcon_parallel_executor.executor.parallel:run_until_complete finished with '0'
[1.946s] DEBUG:colcon.colcon_core.event_reactor:joining thread
[1.951s] INFO:colcon.colcon_core.plugin_system:Skipping extension 'colcon_notification.desktop_notification.terminal_notifier': Not used on non-Darwin systems
[1.951s] INFO:colcon.colcon_core.plugin_system:Skipping extension 'colcon_notification.desktop_notification.win32': Not used on non-Windows systems
[1.951s] INFO:colcon.colcon_notification.desktop_notification:Sending desktop notification using 'notify2'
[1.969s] DEBUG:colcon.colcon_core.event_reactor:joined thread
[1.969s] INFO:colcon.colcon_core.shell:Creating prefix script '/home/kth/robot_dev/pinky/install/local_setup.ps1'
[1.970s] INFO:colcon.colcon_core.shell:Creating prefix util module '/home/kth/robot_dev/pinky/install/_local_setup_util_ps1.py'
[1.971s] INFO:colcon.colcon_core.shell:Creating prefix chain script '/home/kth/robot_dev/pinky/install/setup.ps1'
[1.972s] INFO:colcon.colcon_core.shell:Creating prefix script '/home/kth/robot_dev/pinky/install/local_setup.sh'
[1.973s] INFO:colcon.colcon_core.shell:Creating prefix util module '/home/kth/robot_dev/pinky/install/_local_setup_util_sh.py'
[1.973s] INFO:colcon.colcon_core.shell:Creating prefix chain script '/home/kth/robot_dev/pinky/install/setup.sh'
[1.974s] INFO:colcon.colcon_core.shell:Creating prefix script '/home/kth/robot_dev/pinky/install/local_setup.bash'
[1.975s] INFO:colcon.colcon_core.shell:Creating prefix chain script '/home/kth/robot_dev/pinky/install/setup.bash'
[1.975s] INFO:colcon.colcon_core.shell:Creating prefix script '/home/kth/robot_dev/pinky/install/local_setup.zsh'
[1.976s] INFO:colcon.colcon_core.shell:Creating prefix chain script '/home/kth/robot_dev/pinky/install/setup.zsh'
