-- The C compiler identification is GNU 13.3.0
-- The CXX compiler identification is GNU 13.3.0
-- Detecting C compiler ABI info
-- Detecting C compiler ABI info - done
-- Check for working C compiler: /usr/bin/cc - skipped
-- Detecting C compile features
-- Detecting C compile features - done
-- Detecting CXX compiler ABI info
-- Detecting CXX compiler ABI info - done
-- Check for working CXX compiler: /usr/bin/c++ - skipped
-- Detecting CXX compile features
-- Detecting CXX compile features - done
-- Found ament_cmake: 2.5.4 (/opt/ros/jazzy/share/ament_cmake/cmake)
-- Found Python3: /usr/bin/python3 (found version "3.12.3") found components: Interpreter 
-- Found rclcpp: 28.1.10 (/opt/ros/jazzy/share/rclcpp/cmake)
-- Found rosidl_generator_c: 4.6.5 (/opt/ros/jazzy/share/rosidl_generator_c/cmake)
-- Found rosidl_generator_cpp: 4.6.5 (/opt/ros/jazzy/share/rosidl_generator_cpp/cmake)
-- Using all available rosidl_typesupport_c: rosidl_typesupport_fastrtps_c;rosidl_typesupport_introspection_c
-- Using all available rosidl_typesupport_cpp: rosidl_typesupport_fastrtps_cpp;rosidl_typesupport_introspection_cpp
-- Found rmw_implementation_cmake: 7.3.2 (/opt/ros/jazzy/share/rmw_implementation_cmake/cmake)
-- Found rmw_fastrtps_cpp: 8.4.2 (/opt/ros/jazzy/share/rmw_fastrtps_cpp/cmake)
-- Found OpenSSL: /usr/lib/x86_64-linux-gnu/libcrypto.so (found version "3.0.13")  
-- Found FastRTPS: /opt/ros/jazzy/include (Required is at least version "2.13") 
-- Using RMW implementation 'rmw_fastrtps_cpp' as default
-- Found rclcpp_action: 28.1.10 (/opt/ros/jazzy/share/rclcpp_action/cmake)
-- Found geometry_msgs: 5.3.6 (/opt/ros/jazzy/share/geometry_msgs/cmake)
-- Found nav2_msgs: 1.3.7 (/opt/ros/jazzy/share/nav2_msgs/cmake)
-- Found tf2: 0.36.12 (/opt/ros/jazzy/share/tf2/cmake)
-- Found tf2_geometry_msgs: 0.36.12 (/opt/ros/jazzy/share/tf2_geometry_msgs/cmake)
-- Found eigen3_cmake_module: 0.3.0 (/opt/ros/jazzy/share/eigen3_cmake_module/cmake)
-- Found Eigen3: TRUE (found version "3.4.0") 
-- Ensuring Eigen3 include directory is part of orocos-kdl CMake target
-- Found ament_lint_auto: 0.17.2 (/opt/ros/jazzy/share/ament_lint_auto/cmake)
-- Added test 'cppcheck' to perform static code analysis on C / C++ code
-- Configured cppcheck include dirs: /home/kth/robot_dev/nav_server/src/auto_path_navigation_server/include;$<BUILD_INTERFACE:/home/kth/robot_dev/nav_server/src/auto_path_navigation_server/include>
-- Configured cppcheck exclude dirs and/or files: 
-- Added test 'lint_cmake' to check CMake code style
-- Added test 'uncrustify' to check C / C++ code style
-- Configured uncrustify additional arguments: 
-- Added test 'xmllint' to check XML markup files
-- Configuring done (1.1s)
-- Generating done (0.0s)
-- Build files have been written to: /home/kth/robot_dev/nav_server/build/auto_path_navigation_server
[ 66%] [32mBuilding CXX object CMakeFiles/auto_path_navigation_server.dir/src/main.cpp.o[0m
[ 66%] [32mBuilding CXX object CMakeFiles/auto_path_navigation_server.dir/src/auto_path_navigation_server.cpp.o[0m
[01m[K/home/kth/robot_dev/nav_server/src/auto_path_navigation_server/src/auto_path_navigation_server.cpp:136:13:[m[K [01;31m[Kerror: [m[K‘[01m[KRobotNavigator[m[K’ has not been declared
  136 | std::string [01;31m[KRobotNavigator[m[K::findNearestWaypoint(double x, double y) const
      |             [01;31m[K^~~~~~~~~~~~~~[m[K
[01m[K/home/kth/robot_dev/nav_server/src/auto_path_navigation_server/src/auto_path_navigation_server.cpp:136:69:[m[K [01;31m[Kerror: [m[Knon-member function ‘[01m[Kstd::string[01;32m[K findNearestWaypoint[m[K(double, double)[m[K’ cannot have cv-qualifier
  136 | std::string RobotNavigator::findNearestWaypoint(double x, double y) [01;31m[Kconst[m[K
      |                                                                     [01;31m[K^~~~~[m[K
[01m[K/home/kth/robot_dev/nav_server/src/auto_path_navigation_server/src/auto_path_navigation_server.cpp:[m[K In function ‘[01m[Kstd::string[01;32m[K findNearestWaypoint[m[K(double, double)[m[K’:
[01m[K/home/kth/robot_dev/nav_server/src/auto_path_navigation_server/src/auto_path_navigation_server.cpp:141:41:[m[K [01;31m[Kerror: [m[K‘[01m[Kwaypoints_[m[K’ was not declared in this scope; did you mean ‘[01m[Kwaypoint[m[K’?
  141 |     for (const auto& [name, waypoint] : [01;31m[Kwaypoints_[m[K) {
      |                                         [01;31m[K^~~~~~~~~~[m[K
      |                                         [32m[Kwaypoint[m[K
[01m[K/home/kth/robot_dev/nav_server/src/auto_path_navigation_server/src/auto_path_navigation_server.cpp:[m[K At global scope:
[01m[K/home/kth/robot_dev/nav_server/src/auto_path_navigation_server/src/auto_path_navigation_server.cpp:155:6:[m[K [01;31m[Kerror: [m[K‘[01m[KRobotNavigator[m[K’ has not been declared
  155 | void [01;31m[KRobotNavigator[m[K::amclCallback(const geometry_msgs::msg::PoseWithCovarianceStamped::SharedPtr msg)
      |      [01;31m[K^~~~~~~~~~~~~~[m[K
[01m[K/home/kth/robot_dev/nav_server/src/auto_path_navigation_server/src/auto_path_navigation_server.cpp:[m[K In function ‘[01m[Kvoid[01;32m[K amclCallback[m[K(geometry_msgs::msg::PoseWithCovarianceStamped_<std::allocator<void> >::SharedPtr)[m[K’:
[01m[K/home/kth/robot_dev/nav_server/src/auto_path_navigation_server/src/auto_path_navigation_server.cpp:161:9:[m[K [01;31m[Kerror: [m[K‘[01m[Kstart_waypoint_[m[K’ was not declared in this scope
  161 |         [01;31m[Kstart_waypoint_[m[K = nearest_wp;
      |         [01;31m[K^~~~~~~~~~~~~~~[m[K
gmake[2]: *** [CMakeFiles/auto_path_navigation_server.dir/build.make:90: CMakeFiles/auto_path_navigation_server.dir/src/auto_path_navigation_server.cpp.o] Error 1
gmake[1]: *** [CMakeFiles/Makefile2:137: CMakeFiles/auto_path_navigation_server.dir/all] Error 2
gmake: *** [Makefile:146: all] Error 2
