[0.008s] Invoking command in '/home/kth/robot_dev/nav_server/build/auto_path_navigation_server': CMAKE_PREFIX_PATH=${CMAKE_PREFIX_PATH}:/opt/ros/jazzy DEBUGINFOD_URLS=https://debuginfod.ubuntu.com /usr/bin/cmake /home/kth/robot_dev/nav_server/src/auto_path_navigation_server -DCMAKE_INSTALL_PREFIX=/home/kth/robot_dev/nav_server/install/auto_path_navigation_server
[0.046s] -- The C compiler identification is GNU 13.3.0
[0.085s] -- The CXX compiler identification is GNU 13.3.0
[0.095s] -- Detecting C compiler ABI info
[0.158s] -- Detecting C compiler ABI info - done
[0.166s] -- Check for working C compiler: /usr/bin/cc - skipped
[0.166s] -- Detecting C compile features
[0.167s] -- Detecting C compile features - done
[0.173s] -- Detecting CXX compiler ABI info
[0.246s] -- Detecting CXX compiler ABI info - done
[0.254s] -- Check for working CXX compiler: /usr/bin/c++ - skipped
[0.254s] -- Detecting CXX compile features
[0.254s] -- Detecting CXX compile features - done
[0.257s] -- Found ament_cmake: 2.5.4 (/opt/ros/jazzy/share/ament_cmake/cmake)
[0.369s] -- Found Python3: /usr/bin/python3 (found version "3.12.3") found components: Interpreter 
[0.457s] -- Found rclcpp: 28.1.10 (/opt/ros/jazzy/share/rclcpp/cmake)
[0.495s] -- Found rosidl_generator_c: 4.6.5 (/opt/ros/jazzy/share/rosidl_generator_c/cmake)
[0.509s] -- Found rosidl_generator_cpp: 4.6.5 (/opt/ros/jazzy/share/rosidl_generator_cpp/cmake)
[0.523s] -- Using all available rosidl_typesupport_c: rosidl_typesupport_fastrtps_c;rosidl_typesupport_introspection_c
[0.540s] -- Using all available rosidl_typesupport_cpp: rosidl_typesupport_fastrtps_cpp;rosidl_typesupport_introspection_cpp
[0.608s] -- Found rmw_implementation_cmake: 7.3.2 (/opt/ros/jazzy/share/rmw_implementation_cmake/cmake)
[0.611s] -- Found rmw_fastrtps_cpp: 8.4.2 (/opt/ros/jazzy/share/rmw_fastrtps_cpp/cmake)
[0.672s] -- Found OpenSSL: /usr/lib/x86_64-linux-gnu/libcrypto.so (found version "3.0.13")  
[0.687s] -- Found FastRTPS: /opt/ros/jazzy/include (Required is at least version "2.13") 
[0.706s] -- Using RMW implementation 'rmw_fastrtps_cpp' as default
[0.772s] -- Found rclcpp_action: 28.1.10 (/opt/ros/jazzy/share/rclcpp_action/cmake)
[0.812s] -- Found geometry_msgs: 5.3.6 (/opt/ros/jazzy/share/geometry_msgs/cmake)
[0.841s] -- Found nav2_msgs: 1.3.7 (/opt/ros/jazzy/share/nav2_msgs/cmake)
[0.938s] -- Found tf2: 0.36.12 (/opt/ros/jazzy/share/tf2/cmake)
[0.943s] -- Found tf2_geometry_msgs: 0.36.12 (/opt/ros/jazzy/share/tf2_geometry_msgs/cmake)
[0.958s] -- Found eigen3_cmake_module: 0.3.0 (/opt/ros/jazzy/share/eigen3_cmake_module/cmake)
[0.960s] -- Found Eigen3: TRUE (found version "3.4.0") 
[0.960s] -- Ensuring Eigen3 include directory is part of orocos-kdl CMake target
[1.037s] -- Found ament_lint_auto: 0.17.2 (/opt/ros/jazzy/share/ament_lint_auto/cmake)
[1.120s] -- Added test 'cppcheck' to perform static code analysis on C / C++ code
[1.121s] -- Configured cppcheck include dirs: /home/kth/robot_dev/nav_server/src/auto_path_navigation_server/include;$<BUILD_INTERFACE:/home/kth/robot_dev/nav_server/src/auto_path_navigation_server/include>
[1.121s] -- Configured cppcheck exclude dirs and/or files: 
[1.121s] -- Added test 'lint_cmake' to check CMake code style
[1.122s] -- Added test 'uncrustify' to check C / C++ code style
[1.122s] -- Configured uncrustify additional arguments: 
[1.123s] -- Added test 'xmllint' to check XML markup files
[1.124s] -- Configuring done (1.1s)
[1.135s] -- Generating done (0.0s)
[1.138s] -- Build files have been written to: /home/kth/robot_dev/nav_server/build/auto_path_navigation_server
[1.145s] Invoked command in '/home/kth/robot_dev/nav_server/build/auto_path_navigation_server' returned '0': CMAKE_PREFIX_PATH=${CMAKE_PREFIX_PATH}:/opt/ros/jazzy DEBUGINFOD_URLS=https://debuginfod.ubuntu.com /usr/bin/cmake /home/kth/robot_dev/nav_server/src/auto_path_navigation_server -DCMAKE_INSTALL_PREFIX=/home/kth/robot_dev/nav_server/install/auto_path_navigation_server
[1.146s] Invoking command in '/home/kth/robot_dev/nav_server/build/auto_path_navigation_server': CMAKE_PREFIX_PATH=${CMAKE_PREFIX_PATH}:/opt/ros/jazzy DEBUGINFOD_URLS=https://debuginfod.ubuntu.com /usr/bin/cmake --build /home/kth/robot_dev/nav_server/build/auto_path_navigation_server -- -j12 -l12
[1.183s] [ 66%] [32mBuilding CXX object CMakeFiles/auto_path_navigation_server.dir/src/main.cpp.o[0m
[1.183s] [ 66%] [32mBuilding CXX object CMakeFiles/auto_path_navigation_server.dir/src/auto_path_navigation_server.cpp.o[0m
[3.111s] [01m[K/home/kth/robot_dev/nav_server/src/auto_path_navigation_server/src/auto_path_navigation_server.cpp:136:13:[m[K [01;31m[Kerror: [m[K‘[01m[KRobotNavigator[m[K’ has not been declared
[3.111s]   136 | std::string [01;31m[KRobotNavigator[m[K::findNearestWaypoint(double x, double y) const
[3.111s]       |             [01;31m[K^~~~~~~~~~~~~~[m[K
[3.111s] [01m[K/home/kth/robot_dev/nav_server/src/auto_path_navigation_server/src/auto_path_navigation_server.cpp:136:69:[m[K [01;31m[Kerror: [m[Knon-member function ‘[01m[Kstd::string[01;32m[K findNearestWaypoint[m[K(double, double)[m[K’ cannot have cv-qualifier
[3.111s]   136 | std::string RobotNavigator::findNearestWaypoint(double x, double y) [01;31m[Kconst[m[K
[3.111s]       |                                                                     [01;31m[K^~~~~[m[K
[3.115s] [01m[K/home/kth/robot_dev/nav_server/src/auto_path_navigation_server/src/auto_path_navigation_server.cpp:[m[K In function ‘[01m[Kstd::string[01;32m[K findNearestWaypoint[m[K(double, double)[m[K’:
[3.115s] [01m[K/home/kth/robot_dev/nav_server/src/auto_path_navigation_server/src/auto_path_navigation_server.cpp:141:41:[m[K [01;31m[Kerror: [m[K‘[01m[Kwaypoints_[m[K’ was not declared in this scope; did you mean ‘[01m[Kwaypoint[m[K’?
[3.115s]   141 |     for (const auto& [name, waypoint] : [01;31m[Kwaypoints_[m[K) {
[3.115s]       |                                         [01;31m[K^~~~~~~~~~[m[K
[3.115s]       |                                         [32m[Kwaypoint[m[K
[3.115s] [01m[K/home/kth/robot_dev/nav_server/src/auto_path_navigation_server/src/auto_path_navigation_server.cpp:[m[K At global scope:
[3.115s] [01m[K/home/kth/robot_dev/nav_server/src/auto_path_navigation_server/src/auto_path_navigation_server.cpp:155:6:[m[K [01;31m[Kerror: [m[K‘[01m[KRobotNavigator[m[K’ has not been declared
[3.115s]   155 | void [01;31m[KRobotNavigator[m[K::amclCallback(const geometry_msgs::msg::PoseWithCovarianceStamped::SharedPtr msg)
[3.115s]       |      [01;31m[K^~~~~~~~~~~~~~[m[K
[3.121s] [01m[K/home/kth/robot_dev/nav_server/src/auto_path_navigation_server/src/auto_path_navigation_server.cpp:[m[K In function ‘[01m[Kvoid[01;32m[K amclCallback[m[K(geometry_msgs::msg::PoseWithCovarianceStamped_<std::allocator<void> >::SharedPtr)[m[K’:
[3.121s] [01m[K/home/kth/robot_dev/nav_server/src/auto_path_navigation_server/src/auto_path_navigation_server.cpp:161:9:[m[K [01;31m[Kerror: [m[K‘[01m[Kstart_waypoint_[m[K’ was not declared in this scope
[3.122s]   161 |         [01;31m[Kstart_waypoint_[m[K = nearest_wp;
[3.122s]       |         [01;31m[K^~~~~~~~~~~~~~~[m[K
[5.494s] gmake[2]: *** [CMakeFiles/auto_path_navigation_server.dir/build.make:90: CMakeFiles/auto_path_navigation_server.dir/src/auto_path_navigation_server.cpp.o] Error 1
[5.494s] gmake[1]: *** [CMakeFiles/Makefile2:137: CMakeFiles/auto_path_navigation_server.dir/all] Error 2
[5.494s] gmake: *** [Makefile:146: all] Error 2
[5.496s] Invoked command in '/home/kth/robot_dev/nav_server/build/auto_path_navigation_server' returned '2': CMAKE_PREFIX_PATH=${CMAKE_PREFIX_PATH}:/opt/ros/jazzy DEBUGINFOD_URLS=https://debuginfod.ubuntu.com /usr/bin/cmake --build /home/kth/robot_dev/nav_server/build/auto_path_navigation_server -- -j12 -l12
