[0.725s] Invoking command in '/home/kth/robot_dev/pinky/src/pinky_for_edu/pinky_simple_navigator': DEBUGINFOD_URLS=https://debuginfod.ubuntu.com PYTHONPATH=/home/kth/robot_dev/pinky/build/pinky_simple_navigator/prefix_override:/usr/lib/python3/dist-packages/colcon_core/task/python/colcon_distutils_commands:/home/kth/robot_dev/pinky/install/pinky_simple_navigator/lib/python3.12/site-packages:${PYTHONPATH} /usr/bin/python3 -W ignore:setup.py install is deprecated -W ignore:easy_install command is deprecated setup.py egg_info --egg-base ../../../build/pinky_simple_navigator build --build-base /home/kth/robot_dev/pinky/build/pinky_simple_navigator/build install --record /home/kth/robot_dev/pinky/build/pinky_simple_navigator/install.log --single-version-externally-managed install_data
[0.960s] running egg_info
[0.961s] creating ../../../build/pinky_simple_navigator/pinky_simple_navigator.egg-info
[0.979s] writing ../../../build/pinky_simple_navigator/pinky_simple_navigator.egg-info/PKG-INFO
[0.979s] writing dependency_links to ../../../build/pinky_simple_navigator/pinky_simple_navigator.egg-info/dependency_links.txt
[0.979s] writing entry points to ../../../build/pinky_simple_navigator/pinky_simple_navigator.egg-info/entry_points.txt
[0.979s] writing requirements to ../../../build/pinky_simple_navigator/pinky_simple_navigator.egg-info/requires.txt
[0.979s] writing top-level names to ../../../build/pinky_simple_navigator/pinky_simple_navigator.egg-info/top_level.txt
[0.980s] writing manifest file '../../../build/pinky_simple_navigator/pinky_simple_navigator.egg-info/SOURCES.txt'
[1.017s] reading manifest file '../../../build/pinky_simple_navigator/pinky_simple_navigator.egg-info/SOURCES.txt'
[1.018s] writing manifest file '../../../build/pinky_simple_navigator/pinky_simple_navigator.egg-info/SOURCES.txt'
[1.018s] running build
[1.018s] running build_py
[1.018s] creating /home/kth/robot_dev/pinky/build/pinky_simple_navigator/build
[1.018s] creating /home/kth/robot_dev/pinky/build/pinky_simple_navigator/build/lib
[1.018s] creating /home/kth/robot_dev/pinky/build/pinky_simple_navigator/build/lib/pinky_simple_navigator
[1.019s] copying pinky_simple_navigator/simple_navigator.py -> /home/kth/robot_dev/pinky/build/pinky_simple_navigator/build/lib/pinky_simple_navigator
[1.019s] copying pinky_simple_navigator/__init__.py -> /home/kth/robot_dev/pinky/build/pinky_simple_navigator/build/lib/pinky_simple_navigator
[1.019s] running install
[1.024s] running install_lib
[1.042s] creating /home/kth/robot_dev/pinky/install/pinky_simple_navigator/lib/python3.12/site-packages/pinky_simple_navigator
[1.042s] copying /home/kth/robot_dev/pinky/build/pinky_simple_navigator/build/lib/pinky_simple_navigator/simple_navigator.py -> /home/kth/robot_dev/pinky/install/pinky_simple_navigator/lib/python3.12/site-packages/pinky_simple_navigator
[1.042s] copying /home/kth/robot_dev/pinky/build/pinky_simple_navigator/build/lib/pinky_simple_navigator/__init__.py -> /home/kth/robot_dev/pinky/install/pinky_simple_navigator/lib/python3.12/site-packages/pinky_simple_navigator
[1.043s] byte-compiling /home/kth/robot_dev/pinky/install/pinky_simple_navigator/lib/python3.12/site-packages/pinky_simple_navigator/simple_navigator.py to simple_navigator.cpython-312.pyc
[1.044s] byte-compiling /home/kth/robot_dev/pinky/install/pinky_simple_navigator/lib/python3.12/site-packages/pinky_simple_navigator/__init__.py to __init__.cpython-312.pyc
[1.044s] running install_data
[1.044s] creating /home/kth/robot_dev/pinky/install/pinky_simple_navigator/share/ament_index
[1.044s] creating /home/kth/robot_dev/pinky/install/pinky_simple_navigator/share/ament_index/resource_index
[1.044s] creating /home/kth/robot_dev/pinky/install/pinky_simple_navigator/share/ament_index/resource_index/packages
[1.044s] copying resource/pinky_simple_navigator -> /home/kth/robot_dev/pinky/install/pinky_simple_navigator/share/ament_index/resource_index/packages
[1.044s] copying package.xml -> /home/kth/robot_dev/pinky/install/pinky_simple_navigator/share/pinky_simple_navigator
[1.044s] creating /home/kth/robot_dev/pinky/install/pinky_simple_navigator/share/pinky_simple_navigator/launch
[1.044s] copying launch/simple_drive.launch.xml -> /home/kth/robot_dev/pinky/install/pinky_simple_navigator/share/pinky_simple_navigator/launch
[1.044s] running install_egg_info
[1.063s] Copying ../../../build/pinky_simple_navigator/pinky_simple_navigator.egg-info to /home/kth/robot_dev/pinky/install/pinky_simple_navigator/lib/python3.12/site-packages/pinky_simple_navigator-0.0.0-py3.12.egg-info
[1.064s] running install_scripts
[1.177s] Installing simple_navigator script to /home/kth/robot_dev/pinky/install/pinky_simple_navigator/lib/pinky_simple_navigator
[1.177s] writing list of installed files to '/home/kth/robot_dev/pinky/build/pinky_simple_navigator/install.log'
[1.195s] Invoked command in '/home/kth/robot_dev/pinky/src/pinky_for_edu/pinky_simple_navigator' returned '0': DEBUGINFOD_URLS=https://debuginfod.ubuntu.com PYTHONPATH=/home/kth/robot_dev/pinky/build/pinky_simple_navigator/prefix_override:/usr/lib/python3/dist-packages/colcon_core/task/python/colcon_distutils_commands:/home/kth/robot_dev/pinky/install/pinky_simple_navigator/lib/python3.12/site-packages:${PYTHONPATH} /usr/bin/python3 -W ignore:setup.py install is deprecated -W ignore:easy_install command is deprecated setup.py egg_info --egg-base ../../../build/pinky_simple_navigator build --build-base /home/kth/robot_dev/pinky/build/pinky_simple_navigator/build install --record /home/kth/robot_dev/pinky/build/pinky_simple_navigator/install.log --single-version-externally-managed install_data
