ARM GAS  /tmp/ccirh56n.s 			page 1


   1              		.cpu cortex-m4
   2              		.arch armv7e-m
   3              		.fpu fpv4-sp-d16
   4              		.eabi_attribute 27, 1
   5              		.eabi_attribute 28, 1
   6              		.eabi_attribute 20, 1
   7              		.eabi_attribute 21, 1
   8              		.eabi_attribute 23, 3
   9              		.eabi_attribute 24, 1
  10              		.eabi_attribute 25, 1
  11              		.eabi_attribute 26, 1
  12              		.eabi_attribute 30, 1
  13              		.eabi_attribute 34, 1
  14              		.eabi_attribute 18, 4
  15              		.file	"main.c"
  16              		.text
  17              	.Ltext0:
  18              		.cfi_sections	.debug_frame
  19              		.file 1 "Core/Src/main.c"
  20              		.section	.text.HAL_TIM_PeriodElapsedCallback,"ax",%progbits
  21              		.align	1
  22              		.global	HAL_TIM_PeriodElapsedCallback
  23              		.syntax unified
  24              		.thumb
  25              		.thumb_func
  27              	HAL_TIM_PeriodElapsedCallback:
  28              	.LVL0:
  29              	.LFB141:
   1:Core/Src/main.c **** /* USER CODE BEGIN Header */
   2:Core/Src/main.c **** /**
   3:Core/Src/main.c ****   ******************************************************************************
   4:Core/Src/main.c ****   * @file           : main.c
   5:Core/Src/main.c ****   * @brief          : Main program body
   6:Core/Src/main.c ****   ******************************************************************************
   7:Core/Src/main.c ****   * @attention
   8:Core/Src/main.c ****   *
   9:Core/Src/main.c ****   * Copyright (c) 2025 STMicroelectronics.
  10:Core/Src/main.c ****   * All rights reserved.
  11:Core/Src/main.c ****   *
  12:Core/Src/main.c ****   * This software is licensed under terms that can be found in the LICENSE file
  13:Core/Src/main.c ****   * in the root directory of this software component.
  14:Core/Src/main.c ****   * If no LICENSE file comes with this software, it is provided AS-IS.
  15:Core/Src/main.c ****   *
  16:Core/Src/main.c ****   ******************************************************************************
  17:Core/Src/main.c ****   */
  18:Core/Src/main.c **** /* USER CODE END Header */
  19:Core/Src/main.c **** /* Includes ------------------------------------------------------------------*/
  20:Core/Src/main.c **** #include "main.h"
  21:Core/Src/main.c **** #include "cmsis_os.h"
  22:Core/Src/main.c **** #include "dma.h"
  23:Core/Src/main.c **** #include "usart.h"
  24:Core/Src/main.c **** #include "gpio.h"
  25:Core/Src/main.c **** 
  26:Core/Src/main.c **** /* Private includes ----------------------------------------------------------*/
  27:Core/Src/main.c **** /* USER CODE BEGIN Includes */
  28:Core/Src/main.c **** 
  29:Core/Src/main.c **** /* USER CODE END Includes */
ARM GAS  /tmp/ccirh56n.s 			page 2


  30:Core/Src/main.c **** 
  31:Core/Src/main.c **** /* Private typedef -----------------------------------------------------------*/
  32:Core/Src/main.c **** /* USER CODE BEGIN PTD */
  33:Core/Src/main.c **** 
  34:Core/Src/main.c **** /* USER CODE END PTD */
  35:Core/Src/main.c **** 
  36:Core/Src/main.c **** /* Private define ------------------------------------------------------------*/
  37:Core/Src/main.c **** /* USER CODE BEGIN PD */
  38:Core/Src/main.c **** 
  39:Core/Src/main.c **** /* USER CODE END PD */
  40:Core/Src/main.c **** 
  41:Core/Src/main.c **** /* Private macro -------------------------------------------------------------*/
  42:Core/Src/main.c **** /* USER CODE BEGIN PM */
  43:Core/Src/main.c **** 
  44:Core/Src/main.c **** /* USER CODE END PM */
  45:Core/Src/main.c **** 
  46:Core/Src/main.c **** /* Private variables ---------------------------------------------------------*/
  47:Core/Src/main.c **** 
  48:Core/Src/main.c **** COM_InitTypeDef BspCOMInit;
  49:Core/Src/main.c **** 
  50:Core/Src/main.c **** /* USER CODE BEGIN PV */
  51:Core/Src/main.c **** 
  52:Core/Src/main.c **** /* USER CODE END PV */
  53:Core/Src/main.c **** 
  54:Core/Src/main.c **** /* Private function prototypes -----------------------------------------------*/
  55:Core/Src/main.c **** void SystemClock_Config(void);
  56:Core/Src/main.c **** void MX_FREERTOS_Init(void);
  57:Core/Src/main.c **** /* USER CODE BEGIN PFP */
  58:Core/Src/main.c **** 
  59:Core/Src/main.c **** /* USER CODE END PFP */
  60:Core/Src/main.c **** 
  61:Core/Src/main.c **** /* Private user code ---------------------------------------------------------*/
  62:Core/Src/main.c **** /* USER CODE BEGIN 0 */
  63:Core/Src/main.c **** 
  64:Core/Src/main.c **** /* USER CODE END 0 */
  65:Core/Src/main.c **** 
  66:Core/Src/main.c **** /**
  67:Core/Src/main.c ****   * @brief  The application entry point.
  68:Core/Src/main.c ****   * @retval int
  69:Core/Src/main.c ****   */
  70:Core/Src/main.c **** int main(void)
  71:Core/Src/main.c **** {
  72:Core/Src/main.c **** 
  73:Core/Src/main.c ****   /* USER CODE BEGIN 1 */
  74:Core/Src/main.c **** 
  75:Core/Src/main.c ****   /* USER CODE END 1 */
  76:Core/Src/main.c **** 
  77:Core/Src/main.c ****   /* MCU Configuration--------------------------------------------------------*/
  78:Core/Src/main.c **** 
  79:Core/Src/main.c ****   /* Reset of all peripherals, Initializes the Flash interface and the Systick. */
  80:Core/Src/main.c ****   HAL_Init();
  81:Core/Src/main.c **** 
  82:Core/Src/main.c ****   /* USER CODE BEGIN Init */
  83:Core/Src/main.c **** 
  84:Core/Src/main.c ****   /* USER CODE END Init */
  85:Core/Src/main.c **** 
  86:Core/Src/main.c ****   /* Configure the system clock */
ARM GAS  /tmp/ccirh56n.s 			page 3


  87:Core/Src/main.c ****   SystemClock_Config();
  88:Core/Src/main.c **** 
  89:Core/Src/main.c ****   /* USER CODE BEGIN SysInit */
  90:Core/Src/main.c **** 
  91:Core/Src/main.c ****   /* USER CODE END SysInit */
  92:Core/Src/main.c **** 
  93:Core/Src/main.c ****   /* Initialize all configured peripherals */
  94:Core/Src/main.c ****   MX_GPIO_Init();
  95:Core/Src/main.c ****   MX_DMA_Init();
  96:Core/Src/main.c ****   MX_USART3_UART_Init();
  97:Core/Src/main.c ****   /* USER CODE BEGIN 2 */
  98:Core/Src/main.c **** 
  99:Core/Src/main.c ****   /* USER CODE END 2 */
 100:Core/Src/main.c **** 
 101:Core/Src/main.c ****   /* Init scheduler */
 102:Core/Src/main.c ****   osKernelInitialize();  /* Call init function for freertos objects (in cmsis_os2.c) */
 103:Core/Src/main.c ****   MX_FREERTOS_Init();
 104:Core/Src/main.c **** 
 105:Core/Src/main.c ****   /* Initialize leds */
 106:Core/Src/main.c ****   BSP_LED_Init(LED_GREEN);
 107:Core/Src/main.c **** 
 108:Core/Src/main.c ****   /* Initialize USER push-button, will be used to trigger an interrupt each time it's pressed.*/
 109:Core/Src/main.c ****   BSP_PB_Init(BUTTON_USER, BUTTON_MODE_EXTI);
 110:Core/Src/main.c **** 
 111:Core/Src/main.c ****   /* Initialize COM1 port (115200, 8 bits (7-bit data + 1 stop bit), no parity */
 112:Core/Src/main.c ****   BspCOMInit.BaudRate   = 115200;
 113:Core/Src/main.c ****   BspCOMInit.WordLength = COM_WORDLENGTH_8B;
 114:Core/Src/main.c ****   BspCOMInit.StopBits   = COM_STOPBITS_1;
 115:Core/Src/main.c ****   BspCOMInit.Parity     = COM_PARITY_NONE;
 116:Core/Src/main.c ****   BspCOMInit.HwFlowCtl  = COM_HWCONTROL_NONE;
 117:Core/Src/main.c ****   if (BSP_COM_Init(COM1, &BspCOMInit) != BSP_ERROR_NONE)
 118:Core/Src/main.c ****   {
 119:Core/Src/main.c ****     Error_Handler();
 120:Core/Src/main.c ****   }
 121:Core/Src/main.c **** 
 122:Core/Src/main.c ****   /* Start scheduler */
 123:Core/Src/main.c ****   osKernelStart();
 124:Core/Src/main.c **** 
 125:Core/Src/main.c ****   /* We should never get here as control is now taken by the scheduler */
 126:Core/Src/main.c **** 
 127:Core/Src/main.c ****   /* Infinite loop */
 128:Core/Src/main.c ****   /* USER CODE BEGIN WHILE */
 129:Core/Src/main.c ****   while (1)
 130:Core/Src/main.c ****   {
 131:Core/Src/main.c **** 
 132:Core/Src/main.c ****     /* USER CODE END WHILE */
 133:Core/Src/main.c **** 
 134:Core/Src/main.c ****     /* USER CODE BEGIN 3 */
 135:Core/Src/main.c ****   }
 136:Core/Src/main.c ****   /* USER CODE END 3 */
 137:Core/Src/main.c **** }
 138:Core/Src/main.c **** 
 139:Core/Src/main.c **** /**
 140:Core/Src/main.c ****   * @brief System Clock Configuration
 141:Core/Src/main.c ****   * @retval None
 142:Core/Src/main.c ****   */
 143:Core/Src/main.c **** void SystemClock_Config(void)
ARM GAS  /tmp/ccirh56n.s 			page 4


 144:Core/Src/main.c **** {
 145:Core/Src/main.c ****   RCC_OscInitTypeDef RCC_OscInitStruct = {0};
 146:Core/Src/main.c ****   RCC_ClkInitTypeDef RCC_ClkInitStruct = {0};
 147:Core/Src/main.c **** 
 148:Core/Src/main.c ****   /** Configure the main internal regulator output voltage
 149:Core/Src/main.c ****   */
 150:Core/Src/main.c ****   HAL_PWREx_ControlVoltageScaling(PWR_REGULATOR_VOLTAGE_SCALE1_BOOST);
 151:Core/Src/main.c **** 
 152:Core/Src/main.c ****   /** Initializes the RCC Oscillators according to the specified parameters
 153:Core/Src/main.c ****   * in the RCC_OscInitTypeDef structure.
 154:Core/Src/main.c ****   */
 155:Core/Src/main.c ****   RCC_OscInitStruct.OscillatorType = RCC_OSCILLATORTYPE_HSE;
 156:Core/Src/main.c ****   RCC_OscInitStruct.HSEState = RCC_HSE_ON;
 157:Core/Src/main.c ****   RCC_OscInitStruct.PLL.PLLState = RCC_PLL_ON;
 158:Core/Src/main.c ****   RCC_OscInitStruct.PLL.PLLSource = RCC_PLLSOURCE_HSE;
 159:Core/Src/main.c ****   RCC_OscInitStruct.PLL.PLLM = RCC_PLLM_DIV2;
 160:Core/Src/main.c ****   RCC_OscInitStruct.PLL.PLLN = 85;
 161:Core/Src/main.c ****   RCC_OscInitStruct.PLL.PLLP = RCC_PLLP_DIV2;
 162:Core/Src/main.c ****   RCC_OscInitStruct.PLL.PLLQ = RCC_PLLQ_DIV2;
 163:Core/Src/main.c ****   RCC_OscInitStruct.PLL.PLLR = RCC_PLLR_DIV2;
 164:Core/Src/main.c ****   if (HAL_RCC_OscConfig(&RCC_OscInitStruct) != HAL_OK)
 165:Core/Src/main.c ****   {
 166:Core/Src/main.c ****     Error_Handler();
 167:Core/Src/main.c ****   }
 168:Core/Src/main.c **** 
 169:Core/Src/main.c ****   /** Initializes the CPU, AHB and APB buses clocks
 170:Core/Src/main.c ****   */
 171:Core/Src/main.c ****   RCC_ClkInitStruct.ClockType = RCC_CLOCKTYPE_HCLK|RCC_CLOCKTYPE_SYSCLK
 172:Core/Src/main.c ****                               |RCC_CLOCKTYPE_PCLK1|RCC_CLOCKTYPE_PCLK2;
 173:Core/Src/main.c ****   RCC_ClkInitStruct.SYSCLKSource = RCC_SYSCLKSOURCE_PLLCLK;
 174:Core/Src/main.c ****   RCC_ClkInitStruct.AHBCLKDivider = RCC_SYSCLK_DIV1;
 175:Core/Src/main.c ****   RCC_ClkInitStruct.APB1CLKDivider = RCC_HCLK_DIV1;
 176:Core/Src/main.c ****   RCC_ClkInitStruct.APB2CLKDivider = RCC_HCLK_DIV1;
 177:Core/Src/main.c **** 
 178:Core/Src/main.c ****   if (HAL_RCC_ClockConfig(&RCC_ClkInitStruct, FLASH_LATENCY_4) != HAL_OK)
 179:Core/Src/main.c ****   {
 180:Core/Src/main.c ****     Error_Handler();
 181:Core/Src/main.c ****   }
 182:Core/Src/main.c **** }
 183:Core/Src/main.c **** 
 184:Core/Src/main.c **** /* USER CODE BEGIN 4 */
 185:Core/Src/main.c **** 
 186:Core/Src/main.c **** /* USER CODE END 4 */
 187:Core/Src/main.c **** 
 188:Core/Src/main.c **** /**
 189:Core/Src/main.c ****   * @brief  Period elapsed callback in non blocking mode
 190:Core/Src/main.c ****   * @note   This function is called  when TIM1 interrupt took place, inside
 191:Core/Src/main.c ****   * HAL_TIM_IRQHandler(). It makes a direct call to HAL_IncTick() to increment
 192:Core/Src/main.c ****   * a global variable "uwTick" used as application time base.
 193:Core/Src/main.c ****   * @param  htim : TIM handle
 194:Core/Src/main.c ****   * @retval None
 195:Core/Src/main.c ****   */
 196:Core/Src/main.c **** void HAL_TIM_PeriodElapsedCallback(TIM_HandleTypeDef *htim)
 197:Core/Src/main.c **** {
  30              		.loc 1 197 1 view -0
  31              		.cfi_startproc
  32              		@ args = 0, pretend = 0, frame = 0
ARM GAS  /tmp/ccirh56n.s 			page 5


  33              		@ frame_needed = 0, uses_anonymous_args = 0
  34              		.loc 1 197 1 is_stmt 0 view .LVU1
  35 0000 08B5     		push	{r3, lr}
  36              	.LCFI0:
  37              		.cfi_def_cfa_offset 8
  38              		.cfi_offset 3, -8
  39              		.cfi_offset 14, -4
 198:Core/Src/main.c ****   /* USER CODE BEGIN Callback 0 */
 199:Core/Src/main.c **** 
 200:Core/Src/main.c ****   /* USER CODE END Callback 0 */
 201:Core/Src/main.c ****   if (htim->Instance == TIM1)
  40              		.loc 1 201 3 is_stmt 1 view .LVU2
  41              		.loc 1 201 11 is_stmt 0 view .LVU3
  42 0002 0268     		ldr	r2, [r0]
  43              		.loc 1 201 6 view .LVU4
  44 0004 034B     		ldr	r3, .L5
  45 0006 9A42     		cmp	r2, r3
  46 0008 00D0     		beq	.L4
  47              	.LVL1:
  48              	.L1:
 202:Core/Src/main.c ****   {
 203:Core/Src/main.c ****     HAL_IncTick();
 204:Core/Src/main.c ****   }
 205:Core/Src/main.c ****   /* USER CODE BEGIN Callback 1 */
 206:Core/Src/main.c **** 
 207:Core/Src/main.c ****   /* USER CODE END Callback 1 */
 208:Core/Src/main.c **** }
  49              		.loc 1 208 1 view .LVU5
  50 000a 08BD     		pop	{r3, pc}
  51              	.LVL2:
  52              	.L4:
 203:Core/Src/main.c ****   }
  53              		.loc 1 203 5 is_stmt 1 view .LVU6
  54 000c FFF7FEFF 		bl	HAL_IncTick
  55              	.LVL3:
  56              		.loc 1 208 1 is_stmt 0 view .LVU7
  57 0010 FBE7     		b	.L1
  58              	.L6:
  59 0012 00BF     		.align	2
  60              	.L5:
  61 0014 002C0140 		.word	1073818624
  62              		.cfi_endproc
  63              	.LFE141:
  65              		.section	.text.Error_Handler,"ax",%progbits
  66              		.align	1
  67              		.global	Error_Handler
  68              		.syntax unified
  69              		.thumb
  70              		.thumb_func
  72              	Error_Handler:
  73              	.LFB142:
 209:Core/Src/main.c **** 
 210:Core/Src/main.c **** /**
 211:Core/Src/main.c ****   * @brief  This function is executed in case of error occurrence.
 212:Core/Src/main.c ****   * @retval None
 213:Core/Src/main.c ****   */
 214:Core/Src/main.c **** void Error_Handler(void)
ARM GAS  /tmp/ccirh56n.s 			page 6


 215:Core/Src/main.c **** {
  74              		.loc 1 215 1 is_stmt 1 view -0
  75              		.cfi_startproc
  76              		@ Volatile: function does not return.
  77              		@ args = 0, pretend = 0, frame = 0
  78              		@ frame_needed = 0, uses_anonymous_args = 0
  79              		@ link register save eliminated.
 216:Core/Src/main.c ****   /* USER CODE BEGIN Error_Handler_Debug */
 217:Core/Src/main.c ****   /* User can add his own implementation to report the HAL error return state */
 218:Core/Src/main.c ****   __disable_irq();
  80              		.loc 1 218 3 view .LVU9
  81              	.LBB4:
  82              	.LBI4:
  83              		.file 2 "Drivers/CMSIS/Include/cmsis_gcc.h"
   1:Drivers/CMSIS/Include/cmsis_gcc.h **** /**************************************************************************//**
   2:Drivers/CMSIS/Include/cmsis_gcc.h ****  * @file     cmsis_gcc.h
   3:Drivers/CMSIS/Include/cmsis_gcc.h ****  * @brief    CMSIS compiler GCC header file
   4:Drivers/CMSIS/Include/cmsis_gcc.h ****  * @version  V5.2.0
   5:Drivers/CMSIS/Include/cmsis_gcc.h ****  * @date     08. May 2019
   6:Drivers/CMSIS/Include/cmsis_gcc.h ****  ******************************************************************************/
   7:Drivers/CMSIS/Include/cmsis_gcc.h **** /*
   8:Drivers/CMSIS/Include/cmsis_gcc.h ****  * Copyright (c) 2009-2019 Arm Limited. All rights reserved.
   9:Drivers/CMSIS/Include/cmsis_gcc.h ****  *
  10:Drivers/CMSIS/Include/cmsis_gcc.h ****  * SPDX-License-Identifier: Apache-2.0
  11:Drivers/CMSIS/Include/cmsis_gcc.h ****  *
  12:Drivers/CMSIS/Include/cmsis_gcc.h ****  * Licensed under the Apache License, Version 2.0 (the License); you may
  13:Drivers/CMSIS/Include/cmsis_gcc.h ****  * not use this file except in compliance with the License.
  14:Drivers/CMSIS/Include/cmsis_gcc.h ****  * You may obtain a copy of the License at
  15:Drivers/CMSIS/Include/cmsis_gcc.h ****  *
  16:Drivers/CMSIS/Include/cmsis_gcc.h ****  * www.apache.org/licenses/LICENSE-2.0
  17:Drivers/CMSIS/Include/cmsis_gcc.h ****  *
  18:Drivers/CMSIS/Include/cmsis_gcc.h ****  * Unless required by applicable law or agreed to in writing, software
  19:Drivers/CMSIS/Include/cmsis_gcc.h ****  * distributed under the License is distributed on an AS IS BASIS, WITHOUT
  20:Drivers/CMSIS/Include/cmsis_gcc.h ****  * WARRANTIES OR CONDITIONS OF ANY KIND, either express or implied.
  21:Drivers/CMSIS/Include/cmsis_gcc.h ****  * See the License for the specific language governing permissions and
  22:Drivers/CMSIS/Include/cmsis_gcc.h ****  * limitations under the License.
  23:Drivers/CMSIS/Include/cmsis_gcc.h ****  */
  24:Drivers/CMSIS/Include/cmsis_gcc.h **** 
  25:Drivers/CMSIS/Include/cmsis_gcc.h **** #ifndef __CMSIS_GCC_H
  26:Drivers/CMSIS/Include/cmsis_gcc.h **** #define __CMSIS_GCC_H
  27:Drivers/CMSIS/Include/cmsis_gcc.h **** 
  28:Drivers/CMSIS/Include/cmsis_gcc.h **** /* ignore some GCC warnings */
  29:Drivers/CMSIS/Include/cmsis_gcc.h **** #pragma GCC diagnostic push
  30:Drivers/CMSIS/Include/cmsis_gcc.h **** #pragma GCC diagnostic ignored "-Wsign-conversion"
  31:Drivers/CMSIS/Include/cmsis_gcc.h **** #pragma GCC diagnostic ignored "-Wconversion"
  32:Drivers/CMSIS/Include/cmsis_gcc.h **** #pragma GCC diagnostic ignored "-Wunused-parameter"
  33:Drivers/CMSIS/Include/cmsis_gcc.h **** 
  34:Drivers/CMSIS/Include/cmsis_gcc.h **** /* Fallback for __has_builtin */
  35:Drivers/CMSIS/Include/cmsis_gcc.h **** #ifndef __has_builtin
  36:Drivers/CMSIS/Include/cmsis_gcc.h ****   #define __has_builtin(x) (0)
  37:Drivers/CMSIS/Include/cmsis_gcc.h **** #endif
  38:Drivers/CMSIS/Include/cmsis_gcc.h **** 
  39:Drivers/CMSIS/Include/cmsis_gcc.h **** /* CMSIS compiler specific defines */
  40:Drivers/CMSIS/Include/cmsis_gcc.h **** #ifndef   __ASM
  41:Drivers/CMSIS/Include/cmsis_gcc.h ****   #define __ASM                                  __asm
  42:Drivers/CMSIS/Include/cmsis_gcc.h **** #endif
  43:Drivers/CMSIS/Include/cmsis_gcc.h **** #ifndef   __INLINE
ARM GAS  /tmp/ccirh56n.s 			page 7


  44:Drivers/CMSIS/Include/cmsis_gcc.h ****   #define __INLINE                               inline
  45:Drivers/CMSIS/Include/cmsis_gcc.h **** #endif
  46:Drivers/CMSIS/Include/cmsis_gcc.h **** #ifndef   __STATIC_INLINE
  47:Drivers/CMSIS/Include/cmsis_gcc.h ****   #define __STATIC_INLINE                        static inline
  48:Drivers/CMSIS/Include/cmsis_gcc.h **** #endif
  49:Drivers/CMSIS/Include/cmsis_gcc.h **** #ifndef   __STATIC_FORCEINLINE                 
  50:Drivers/CMSIS/Include/cmsis_gcc.h ****   #define __STATIC_FORCEINLINE                   __attribute__((always_inline)) static inline
  51:Drivers/CMSIS/Include/cmsis_gcc.h **** #endif                                           
  52:Drivers/CMSIS/Include/cmsis_gcc.h **** #ifndef   __NO_RETURN
  53:Drivers/CMSIS/Include/cmsis_gcc.h ****   #define __NO_RETURN                            __attribute__((__noreturn__))
  54:Drivers/CMSIS/Include/cmsis_gcc.h **** #endif
  55:Drivers/CMSIS/Include/cmsis_gcc.h **** #ifndef   __USED
  56:Drivers/CMSIS/Include/cmsis_gcc.h ****   #define __USED                                 __attribute__((used))
  57:Drivers/CMSIS/Include/cmsis_gcc.h **** #endif
  58:Drivers/CMSIS/Include/cmsis_gcc.h **** #ifndef   __WEAK
  59:Drivers/CMSIS/Include/cmsis_gcc.h ****   #define __WEAK                                 __attribute__((weak))
  60:Drivers/CMSIS/Include/cmsis_gcc.h **** #endif
  61:Drivers/CMSIS/Include/cmsis_gcc.h **** #ifndef   __PACKED
  62:Drivers/CMSIS/Include/cmsis_gcc.h ****   #define __PACKED                               __attribute__((packed, aligned(1)))
  63:Drivers/CMSIS/Include/cmsis_gcc.h **** #endif
  64:Drivers/CMSIS/Include/cmsis_gcc.h **** #ifndef   __PACKED_STRUCT
  65:Drivers/CMSIS/Include/cmsis_gcc.h ****   #define __PACKED_STRUCT                        struct __attribute__((packed, aligned(1)))
  66:Drivers/CMSIS/Include/cmsis_gcc.h **** #endif
  67:Drivers/CMSIS/Include/cmsis_gcc.h **** #ifndef   __PACKED_UNION
  68:Drivers/CMSIS/Include/cmsis_gcc.h ****   #define __PACKED_UNION                         union __attribute__((packed, aligned(1)))
  69:Drivers/CMSIS/Include/cmsis_gcc.h **** #endif
  70:Drivers/CMSIS/Include/cmsis_gcc.h **** #ifndef   __UNALIGNED_UINT32        /* deprecated */
  71:Drivers/CMSIS/Include/cmsis_gcc.h ****   #pragma GCC diagnostic push
  72:Drivers/CMSIS/Include/cmsis_gcc.h ****   #pragma GCC diagnostic ignored "-Wpacked"
  73:Drivers/CMSIS/Include/cmsis_gcc.h ****   #pragma GCC diagnostic ignored "-Wattributes"
  74:Drivers/CMSIS/Include/cmsis_gcc.h ****   struct __attribute__((packed)) T_UINT32 { uint32_t v; };
  75:Drivers/CMSIS/Include/cmsis_gcc.h ****   #pragma GCC diagnostic pop
  76:Drivers/CMSIS/Include/cmsis_gcc.h ****   #define __UNALIGNED_UINT32(x)                  (((struct T_UINT32 *)(x))->v)
  77:Drivers/CMSIS/Include/cmsis_gcc.h **** #endif
  78:Drivers/CMSIS/Include/cmsis_gcc.h **** #ifndef   __UNALIGNED_UINT16_WRITE
  79:Drivers/CMSIS/Include/cmsis_gcc.h ****   #pragma GCC diagnostic push
  80:Drivers/CMSIS/Include/cmsis_gcc.h ****   #pragma GCC diagnostic ignored "-Wpacked"
  81:Drivers/CMSIS/Include/cmsis_gcc.h ****   #pragma GCC diagnostic ignored "-Wattributes"
  82:Drivers/CMSIS/Include/cmsis_gcc.h ****   __PACKED_STRUCT T_UINT16_WRITE { uint16_t v; };
  83:Drivers/CMSIS/Include/cmsis_gcc.h ****   #pragma GCC diagnostic pop
  84:Drivers/CMSIS/Include/cmsis_gcc.h ****   #define __UNALIGNED_UINT16_WRITE(addr, val)    (void)((((struct T_UINT16_WRITE *)(void *)(addr))-
  85:Drivers/CMSIS/Include/cmsis_gcc.h **** #endif
  86:Drivers/CMSIS/Include/cmsis_gcc.h **** #ifndef   __UNALIGNED_UINT16_READ
  87:Drivers/CMSIS/Include/cmsis_gcc.h ****   #pragma GCC diagnostic push
  88:Drivers/CMSIS/Include/cmsis_gcc.h ****   #pragma GCC diagnostic ignored "-Wpacked"
  89:Drivers/CMSIS/Include/cmsis_gcc.h ****   #pragma GCC diagnostic ignored "-Wattributes"
  90:Drivers/CMSIS/Include/cmsis_gcc.h ****   __PACKED_STRUCT T_UINT16_READ { uint16_t v; };
  91:Drivers/CMSIS/Include/cmsis_gcc.h ****   #pragma GCC diagnostic pop
  92:Drivers/CMSIS/Include/cmsis_gcc.h ****   #define __UNALIGNED_UINT16_READ(addr)          (((const struct T_UINT16_READ *)(const void *)(add
  93:Drivers/CMSIS/Include/cmsis_gcc.h **** #endif
  94:Drivers/CMSIS/Include/cmsis_gcc.h **** #ifndef   __UNALIGNED_UINT32_WRITE
  95:Drivers/CMSIS/Include/cmsis_gcc.h ****   #pragma GCC diagnostic push
  96:Drivers/CMSIS/Include/cmsis_gcc.h ****   #pragma GCC diagnostic ignored "-Wpacked"
  97:Drivers/CMSIS/Include/cmsis_gcc.h ****   #pragma GCC diagnostic ignored "-Wattributes"
  98:Drivers/CMSIS/Include/cmsis_gcc.h ****   __PACKED_STRUCT T_UINT32_WRITE { uint32_t v; };
  99:Drivers/CMSIS/Include/cmsis_gcc.h ****   #pragma GCC diagnostic pop
 100:Drivers/CMSIS/Include/cmsis_gcc.h ****   #define __UNALIGNED_UINT32_WRITE(addr, val)    (void)((((struct T_UINT32_WRITE *)(void *)(addr))-
ARM GAS  /tmp/ccirh56n.s 			page 8


 101:Drivers/CMSIS/Include/cmsis_gcc.h **** #endif
 102:Drivers/CMSIS/Include/cmsis_gcc.h **** #ifndef   __UNALIGNED_UINT32_READ
 103:Drivers/CMSIS/Include/cmsis_gcc.h ****   #pragma GCC diagnostic push
 104:Drivers/CMSIS/Include/cmsis_gcc.h ****   #pragma GCC diagnostic ignored "-Wpacked"
 105:Drivers/CMSIS/Include/cmsis_gcc.h ****   #pragma GCC diagnostic ignored "-Wattributes"
 106:Drivers/CMSIS/Include/cmsis_gcc.h ****   __PACKED_STRUCT T_UINT32_READ { uint32_t v; };
 107:Drivers/CMSIS/Include/cmsis_gcc.h ****   #pragma GCC diagnostic pop
 108:Drivers/CMSIS/Include/cmsis_gcc.h ****   #define __UNALIGNED_UINT32_READ(addr)          (((const struct T_UINT32_READ *)(const void *)(add
 109:Drivers/CMSIS/Include/cmsis_gcc.h **** #endif
 110:Drivers/CMSIS/Include/cmsis_gcc.h **** #ifndef   __ALIGNED
 111:Drivers/CMSIS/Include/cmsis_gcc.h ****   #define __ALIGNED(x)                           __attribute__((aligned(x)))
 112:Drivers/CMSIS/Include/cmsis_gcc.h **** #endif
 113:Drivers/CMSIS/Include/cmsis_gcc.h **** #ifndef   __RESTRICT
 114:Drivers/CMSIS/Include/cmsis_gcc.h ****   #define __RESTRICT                             __restrict
 115:Drivers/CMSIS/Include/cmsis_gcc.h **** #endif
 116:Drivers/CMSIS/Include/cmsis_gcc.h **** #ifndef   __COMPILER_BARRIER
 117:Drivers/CMSIS/Include/cmsis_gcc.h ****   #define __COMPILER_BARRIER()                   __ASM volatile("":::"memory")
 118:Drivers/CMSIS/Include/cmsis_gcc.h **** #endif
 119:Drivers/CMSIS/Include/cmsis_gcc.h **** 
 120:Drivers/CMSIS/Include/cmsis_gcc.h **** /* #########################  Startup and Lowlevel Init  ######################## */
 121:Drivers/CMSIS/Include/cmsis_gcc.h **** 
 122:Drivers/CMSIS/Include/cmsis_gcc.h **** #ifndef __PROGRAM_START
 123:Drivers/CMSIS/Include/cmsis_gcc.h **** 
 124:Drivers/CMSIS/Include/cmsis_gcc.h **** /**
 125:Drivers/CMSIS/Include/cmsis_gcc.h ****   \brief   Initializes data and bss sections
 126:Drivers/CMSIS/Include/cmsis_gcc.h ****   \details This default implementations initialized all data and additional bss
 127:Drivers/CMSIS/Include/cmsis_gcc.h ****            sections relying on .copy.table and .zero.table specified properly
 128:Drivers/CMSIS/Include/cmsis_gcc.h ****            in the used linker script.
 129:Drivers/CMSIS/Include/cmsis_gcc.h ****   
 130:Drivers/CMSIS/Include/cmsis_gcc.h ****  */
 131:Drivers/CMSIS/Include/cmsis_gcc.h **** __STATIC_FORCEINLINE __NO_RETURN void __cmsis_start(void)
 132:Drivers/CMSIS/Include/cmsis_gcc.h **** {
 133:Drivers/CMSIS/Include/cmsis_gcc.h ****   extern void _start(void) __NO_RETURN;
 134:Drivers/CMSIS/Include/cmsis_gcc.h ****   
 135:Drivers/CMSIS/Include/cmsis_gcc.h ****   typedef struct {
 136:Drivers/CMSIS/Include/cmsis_gcc.h ****     uint32_t const* src;
 137:Drivers/CMSIS/Include/cmsis_gcc.h ****     uint32_t* dest;
 138:Drivers/CMSIS/Include/cmsis_gcc.h ****     uint32_t  wlen;
 139:Drivers/CMSIS/Include/cmsis_gcc.h ****   } __copy_table_t;
 140:Drivers/CMSIS/Include/cmsis_gcc.h ****   
 141:Drivers/CMSIS/Include/cmsis_gcc.h ****   typedef struct {
 142:Drivers/CMSIS/Include/cmsis_gcc.h ****     uint32_t* dest;
 143:Drivers/CMSIS/Include/cmsis_gcc.h ****     uint32_t  wlen;
 144:Drivers/CMSIS/Include/cmsis_gcc.h ****   } __zero_table_t;
 145:Drivers/CMSIS/Include/cmsis_gcc.h ****   
 146:Drivers/CMSIS/Include/cmsis_gcc.h ****   extern const __copy_table_t __copy_table_start__;
 147:Drivers/CMSIS/Include/cmsis_gcc.h ****   extern const __copy_table_t __copy_table_end__;
 148:Drivers/CMSIS/Include/cmsis_gcc.h ****   extern const __zero_table_t __zero_table_start__;
 149:Drivers/CMSIS/Include/cmsis_gcc.h ****   extern const __zero_table_t __zero_table_end__;
 150:Drivers/CMSIS/Include/cmsis_gcc.h **** 
 151:Drivers/CMSIS/Include/cmsis_gcc.h ****   for (__copy_table_t const* pTable = &__copy_table_start__; pTable < &__copy_table_end__; ++pTable
 152:Drivers/CMSIS/Include/cmsis_gcc.h ****     for(uint32_t i=0u; i<pTable->wlen; ++i) {
 153:Drivers/CMSIS/Include/cmsis_gcc.h ****       pTable->dest[i] = pTable->src[i];
 154:Drivers/CMSIS/Include/cmsis_gcc.h ****     }
 155:Drivers/CMSIS/Include/cmsis_gcc.h ****   }
 156:Drivers/CMSIS/Include/cmsis_gcc.h ****  
 157:Drivers/CMSIS/Include/cmsis_gcc.h ****   for (__zero_table_t const* pTable = &__zero_table_start__; pTable < &__zero_table_end__; ++pTable
ARM GAS  /tmp/ccirh56n.s 			page 9


 158:Drivers/CMSIS/Include/cmsis_gcc.h ****     for(uint32_t i=0u; i<pTable->wlen; ++i) {
 159:Drivers/CMSIS/Include/cmsis_gcc.h ****       pTable->dest[i] = 0u;
 160:Drivers/CMSIS/Include/cmsis_gcc.h ****     }
 161:Drivers/CMSIS/Include/cmsis_gcc.h ****   }
 162:Drivers/CMSIS/Include/cmsis_gcc.h ****  
 163:Drivers/CMSIS/Include/cmsis_gcc.h ****   _start();
 164:Drivers/CMSIS/Include/cmsis_gcc.h **** }
 165:Drivers/CMSIS/Include/cmsis_gcc.h ****   
 166:Drivers/CMSIS/Include/cmsis_gcc.h **** #define __PROGRAM_START           __cmsis_start
 167:Drivers/CMSIS/Include/cmsis_gcc.h **** #endif
 168:Drivers/CMSIS/Include/cmsis_gcc.h **** 
 169:Drivers/CMSIS/Include/cmsis_gcc.h **** #ifndef __INITIAL_SP
 170:Drivers/CMSIS/Include/cmsis_gcc.h **** #define __INITIAL_SP              __StackTop
 171:Drivers/CMSIS/Include/cmsis_gcc.h **** #endif
 172:Drivers/CMSIS/Include/cmsis_gcc.h **** 
 173:Drivers/CMSIS/Include/cmsis_gcc.h **** #ifndef __STACK_LIMIT
 174:Drivers/CMSIS/Include/cmsis_gcc.h **** #define __STACK_LIMIT             __StackLimit
 175:Drivers/CMSIS/Include/cmsis_gcc.h **** #endif
 176:Drivers/CMSIS/Include/cmsis_gcc.h **** 
 177:Drivers/CMSIS/Include/cmsis_gcc.h **** #ifndef __VECTOR_TABLE
 178:Drivers/CMSIS/Include/cmsis_gcc.h **** #define __VECTOR_TABLE            __Vectors
 179:Drivers/CMSIS/Include/cmsis_gcc.h **** #endif
 180:Drivers/CMSIS/Include/cmsis_gcc.h **** 
 181:Drivers/CMSIS/Include/cmsis_gcc.h **** #ifndef __VECTOR_TABLE_ATTRIBUTE
 182:Drivers/CMSIS/Include/cmsis_gcc.h **** #define __VECTOR_TABLE_ATTRIBUTE  __attribute((used, section(".vectors")))
 183:Drivers/CMSIS/Include/cmsis_gcc.h **** #endif
 184:Drivers/CMSIS/Include/cmsis_gcc.h **** 
 185:Drivers/CMSIS/Include/cmsis_gcc.h **** /* ###########################  Core Function Access  ########################### */
 186:Drivers/CMSIS/Include/cmsis_gcc.h **** /** \ingroup  CMSIS_Core_FunctionInterface
 187:Drivers/CMSIS/Include/cmsis_gcc.h ****     \defgroup CMSIS_Core_RegAccFunctions CMSIS Core Register Access Functions
 188:Drivers/CMSIS/Include/cmsis_gcc.h ****   @{
 189:Drivers/CMSIS/Include/cmsis_gcc.h ****  */
 190:Drivers/CMSIS/Include/cmsis_gcc.h **** 
 191:Drivers/CMSIS/Include/cmsis_gcc.h **** /**
 192:Drivers/CMSIS/Include/cmsis_gcc.h ****   \brief   Enable IRQ Interrupts
 193:Drivers/CMSIS/Include/cmsis_gcc.h ****   \details Enables IRQ interrupts by clearing the I-bit in the CPSR.
 194:Drivers/CMSIS/Include/cmsis_gcc.h ****            Can only be executed in Privileged modes.
 195:Drivers/CMSIS/Include/cmsis_gcc.h ****  */
 196:Drivers/CMSIS/Include/cmsis_gcc.h **** __STATIC_FORCEINLINE void __enable_irq(void)
 197:Drivers/CMSIS/Include/cmsis_gcc.h **** {
 198:Drivers/CMSIS/Include/cmsis_gcc.h ****   __ASM volatile ("cpsie i" : : : "memory");
 199:Drivers/CMSIS/Include/cmsis_gcc.h **** }
 200:Drivers/CMSIS/Include/cmsis_gcc.h **** 
 201:Drivers/CMSIS/Include/cmsis_gcc.h **** 
 202:Drivers/CMSIS/Include/cmsis_gcc.h **** /**
 203:Drivers/CMSIS/Include/cmsis_gcc.h ****   \brief   Disable IRQ Interrupts
 204:Drivers/CMSIS/Include/cmsis_gcc.h ****   \details Disables IRQ interrupts by setting the I-bit in the CPSR.
 205:Drivers/CMSIS/Include/cmsis_gcc.h ****            Can only be executed in Privileged modes.
 206:Drivers/CMSIS/Include/cmsis_gcc.h ****  */
 207:Drivers/CMSIS/Include/cmsis_gcc.h **** __STATIC_FORCEINLINE void __disable_irq(void)
  84              		.loc 2 207 27 view .LVU10
  85              	.LBB5:
 208:Drivers/CMSIS/Include/cmsis_gcc.h **** {
 209:Drivers/CMSIS/Include/cmsis_gcc.h ****   __ASM volatile ("cpsid i" : : : "memory");
  86              		.loc 2 209 3 view .LVU11
  87              		.syntax unified
  88              	@ 209 "Drivers/CMSIS/Include/cmsis_gcc.h" 1
ARM GAS  /tmp/ccirh56n.s 			page 10


  89 0000 72B6     		cpsid i
  90              	@ 0 "" 2
  91              		.thumb
  92              		.syntax unified
  93              	.L8:
  94              	.LBE5:
  95              	.LBE4:
 219:Core/Src/main.c ****   while (1)
  96              		.loc 1 219 3 view .LVU12
 220:Core/Src/main.c ****   {
 221:Core/Src/main.c ****   }
  97              		.loc 1 221 3 view .LVU13
 219:Core/Src/main.c ****   while (1)
  98              		.loc 1 219 9 view .LVU14
  99 0002 FEE7     		b	.L8
 100              		.cfi_endproc
 101              	.LFE142:
 103              		.section	.text.SystemClock_Config,"ax",%progbits
 104              		.align	1
 105              		.global	SystemClock_Config
 106              		.syntax unified
 107              		.thumb
 108              		.thumb_func
 110              	SystemClock_Config:
 111              	.LFB140:
 144:Core/Src/main.c ****   RCC_OscInitTypeDef RCC_OscInitStruct = {0};
 112              		.loc 1 144 1 view -0
 113              		.cfi_startproc
 114              		@ args = 0, pretend = 0, frame = 80
 115              		@ frame_needed = 0, uses_anonymous_args = 0
 116 0000 10B5     		push	{r4, lr}
 117              	.LCFI1:
 118              		.cfi_def_cfa_offset 8
 119              		.cfi_offset 4, -8
 120              		.cfi_offset 14, -4
 121 0002 94B0     		sub	sp, sp, #80
 122              	.LCFI2:
 123              		.cfi_def_cfa_offset 88
 145:Core/Src/main.c ****   RCC_ClkInitTypeDef RCC_ClkInitStruct = {0};
 124              		.loc 1 145 3 view .LVU16
 145:Core/Src/main.c ****   RCC_ClkInitTypeDef RCC_ClkInitStruct = {0};
 125              		.loc 1 145 22 is_stmt 0 view .LVU17
 126 0004 06AC     		add	r4, sp, #24
 127 0006 3822     		movs	r2, #56
 128 0008 0021     		movs	r1, #0
 129 000a 2046     		mov	r0, r4
 130 000c FFF7FEFF 		bl	memset
 131              	.LVL4:
 146:Core/Src/main.c **** 
 132              		.loc 1 146 3 is_stmt 1 view .LVU18
 146:Core/Src/main.c **** 
 133              		.loc 1 146 22 is_stmt 0 view .LVU19
 134 0010 0020     		movs	r0, #0
 135 0012 0190     		str	r0, [sp, #4]
 136 0014 0290     		str	r0, [sp, #8]
 137 0016 0390     		str	r0, [sp, #12]
 138 0018 0490     		str	r0, [sp, #16]
ARM GAS  /tmp/ccirh56n.s 			page 11


 139 001a 0590     		str	r0, [sp, #20]
 150:Core/Src/main.c **** 
 140              		.loc 1 150 3 is_stmt 1 view .LVU20
 141 001c FFF7FEFF 		bl	HAL_PWREx_ControlVoltageScaling
 142              	.LVL5:
 155:Core/Src/main.c ****   RCC_OscInitStruct.HSEState = RCC_HSE_ON;
 143              		.loc 1 155 3 view .LVU21
 155:Core/Src/main.c ****   RCC_OscInitStruct.HSEState = RCC_HSE_ON;
 144              		.loc 1 155 36 is_stmt 0 view .LVU22
 145 0020 0123     		movs	r3, #1
 146 0022 0693     		str	r3, [sp, #24]
 156:Core/Src/main.c ****   RCC_OscInitStruct.PLL.PLLState = RCC_PLL_ON;
 147              		.loc 1 156 3 is_stmt 1 view .LVU23
 156:Core/Src/main.c ****   RCC_OscInitStruct.PLL.PLLState = RCC_PLL_ON;
 148              		.loc 1 156 30 is_stmt 0 view .LVU24
 149 0024 4FF48033 		mov	r3, #65536
 150 0028 0793     		str	r3, [sp, #28]
 157:Core/Src/main.c ****   RCC_OscInitStruct.PLL.PLLSource = RCC_PLLSOURCE_HSE;
 151              		.loc 1 157 3 is_stmt 1 view .LVU25
 157:Core/Src/main.c ****   RCC_OscInitStruct.PLL.PLLSource = RCC_PLLSOURCE_HSE;
 152              		.loc 1 157 34 is_stmt 0 view .LVU26
 153 002a 0223     		movs	r3, #2
 154 002c 0D93     		str	r3, [sp, #52]
 158:Core/Src/main.c ****   RCC_OscInitStruct.PLL.PLLM = RCC_PLLM_DIV2;
 155              		.loc 1 158 3 is_stmt 1 view .LVU27
 158:Core/Src/main.c ****   RCC_OscInitStruct.PLL.PLLM = RCC_PLLM_DIV2;
 156              		.loc 1 158 35 is_stmt 0 view .LVU28
 157 002e 0322     		movs	r2, #3
 158 0030 0E92     		str	r2, [sp, #56]
 159:Core/Src/main.c ****   RCC_OscInitStruct.PLL.PLLN = 85;
 159              		.loc 1 159 3 is_stmt 1 view .LVU29
 159:Core/Src/main.c ****   RCC_OscInitStruct.PLL.PLLN = 85;
 160              		.loc 1 159 30 is_stmt 0 view .LVU30
 161 0032 0F93     		str	r3, [sp, #60]
 160:Core/Src/main.c ****   RCC_OscInitStruct.PLL.PLLP = RCC_PLLP_DIV2;
 162              		.loc 1 160 3 is_stmt 1 view .LVU31
 160:Core/Src/main.c ****   RCC_OscInitStruct.PLL.PLLP = RCC_PLLP_DIV2;
 163              		.loc 1 160 30 is_stmt 0 view .LVU32
 164 0034 5522     		movs	r2, #85
 165 0036 1092     		str	r2, [sp, #64]
 161:Core/Src/main.c ****   RCC_OscInitStruct.PLL.PLLQ = RCC_PLLQ_DIV2;
 166              		.loc 1 161 3 is_stmt 1 view .LVU33
 161:Core/Src/main.c ****   RCC_OscInitStruct.PLL.PLLQ = RCC_PLLQ_DIV2;
 167              		.loc 1 161 30 is_stmt 0 view .LVU34
 168 0038 1193     		str	r3, [sp, #68]
 162:Core/Src/main.c ****   RCC_OscInitStruct.PLL.PLLR = RCC_PLLR_DIV2;
 169              		.loc 1 162 3 is_stmt 1 view .LVU35
 162:Core/Src/main.c ****   RCC_OscInitStruct.PLL.PLLR = RCC_PLLR_DIV2;
 170              		.loc 1 162 30 is_stmt 0 view .LVU36
 171 003a 1293     		str	r3, [sp, #72]
 163:Core/Src/main.c ****   if (HAL_RCC_OscConfig(&RCC_OscInitStruct) != HAL_OK)
 172              		.loc 1 163 3 is_stmt 1 view .LVU37
 163:Core/Src/main.c ****   if (HAL_RCC_OscConfig(&RCC_OscInitStruct) != HAL_OK)
 173              		.loc 1 163 30 is_stmt 0 view .LVU38
 174 003c 1393     		str	r3, [sp, #76]
 164:Core/Src/main.c ****   {
 175              		.loc 1 164 3 is_stmt 1 view .LVU39
ARM GAS  /tmp/ccirh56n.s 			page 12


 164:Core/Src/main.c ****   {
 176              		.loc 1 164 7 is_stmt 0 view .LVU40
 177 003e 2046     		mov	r0, r4
 178 0040 FFF7FEFF 		bl	HAL_RCC_OscConfig
 179              	.LVL6:
 164:Core/Src/main.c ****   {
 180              		.loc 1 164 6 discriminator 1 view .LVU41
 181 0044 78B9     		cbnz	r0, .L13
 171:Core/Src/main.c ****                               |RCC_CLOCKTYPE_PCLK1|RCC_CLOCKTYPE_PCLK2;
 182              		.loc 1 171 3 is_stmt 1 view .LVU42
 171:Core/Src/main.c ****                               |RCC_CLOCKTYPE_PCLK1|RCC_CLOCKTYPE_PCLK2;
 183              		.loc 1 171 31 is_stmt 0 view .LVU43
 184 0046 0F23     		movs	r3, #15
 185 0048 0193     		str	r3, [sp, #4]
 173:Core/Src/main.c ****   RCC_ClkInitStruct.AHBCLKDivider = RCC_SYSCLK_DIV1;
 186              		.loc 1 173 3 is_stmt 1 view .LVU44
 173:Core/Src/main.c ****   RCC_ClkInitStruct.AHBCLKDivider = RCC_SYSCLK_DIV1;
 187              		.loc 1 173 34 is_stmt 0 view .LVU45
 188 004a 0323     		movs	r3, #3
 189 004c 0293     		str	r3, [sp, #8]
 174:Core/Src/main.c ****   RCC_ClkInitStruct.APB1CLKDivider = RCC_HCLK_DIV1;
 190              		.loc 1 174 3 is_stmt 1 view .LVU46
 174:Core/Src/main.c ****   RCC_ClkInitStruct.APB1CLKDivider = RCC_HCLK_DIV1;
 191              		.loc 1 174 35 is_stmt 0 view .LVU47
 192 004e 0023     		movs	r3, #0
 193 0050 0393     		str	r3, [sp, #12]
 175:Core/Src/main.c ****   RCC_ClkInitStruct.APB2CLKDivider = RCC_HCLK_DIV1;
 194              		.loc 1 175 3 is_stmt 1 view .LVU48
 175:Core/Src/main.c ****   RCC_ClkInitStruct.APB2CLKDivider = RCC_HCLK_DIV1;
 195              		.loc 1 175 36 is_stmt 0 view .LVU49
 196 0052 0493     		str	r3, [sp, #16]
 176:Core/Src/main.c **** 
 197              		.loc 1 176 3 is_stmt 1 view .LVU50
 176:Core/Src/main.c **** 
 198              		.loc 1 176 36 is_stmt 0 view .LVU51
 199 0054 0593     		str	r3, [sp, #20]
 178:Core/Src/main.c ****   {
 200              		.loc 1 178 3 is_stmt 1 view .LVU52
 178:Core/Src/main.c ****   {
 201              		.loc 1 178 7 is_stmt 0 view .LVU53
 202 0056 0421     		movs	r1, #4
 203 0058 0DEB0100 		add	r0, sp, r1
 204 005c FFF7FEFF 		bl	HAL_RCC_ClockConfig
 205              	.LVL7:
 178:Core/Src/main.c ****   {
 206              		.loc 1 178 6 discriminator 1 view .LVU54
 207 0060 18B9     		cbnz	r0, .L14
 182:Core/Src/main.c **** 
 208              		.loc 1 182 1 view .LVU55
 209 0062 14B0     		add	sp, sp, #80
 210              	.LCFI3:
 211              		.cfi_remember_state
 212              		.cfi_def_cfa_offset 8
 213              		@ sp needed
 214 0064 10BD     		pop	{r4, pc}
 215              	.L13:
 216              	.LCFI4:
ARM GAS  /tmp/ccirh56n.s 			page 13


 217              		.cfi_restore_state
 166:Core/Src/main.c ****   }
 218              		.loc 1 166 5 is_stmt 1 view .LVU56
 219 0066 FFF7FEFF 		bl	Error_Handler
 220              	.LVL8:
 221              	.L14:
 180:Core/Src/main.c ****   }
 222              		.loc 1 180 5 view .LVU57
 223 006a FFF7FEFF 		bl	Error_Handler
 224              	.LVL9:
 225              		.cfi_endproc
 226              	.LFE140:
 228              		.section	.text.main,"ax",%progbits
 229              		.align	1
 230              		.global	main
 231              		.syntax unified
 232              		.thumb
 233              		.thumb_func
 235              	main:
 236              	.LFB139:
  71:Core/Src/main.c **** 
 237              		.loc 1 71 1 view -0
 238              		.cfi_startproc
 239              		@ Volatile: function does not return.
 240              		@ args = 0, pretend = 0, frame = 0
 241              		@ frame_needed = 0, uses_anonymous_args = 0
 242 0000 08B5     		push	{r3, lr}
 243              	.LCFI5:
 244              		.cfi_def_cfa_offset 8
 245              		.cfi_offset 3, -8
 246              		.cfi_offset 14, -4
  80:Core/Src/main.c **** 
 247              		.loc 1 80 3 view .LVU59
 248 0002 FFF7FEFF 		bl	HAL_Init
 249              	.LVL10:
  87:Core/Src/main.c **** 
 250              		.loc 1 87 3 view .LVU60
 251 0006 FFF7FEFF 		bl	SystemClock_Config
 252              	.LVL11:
  94:Core/Src/main.c ****   MX_DMA_Init();
 253              		.loc 1 94 3 view .LVU61
 254 000a FFF7FEFF 		bl	MX_GPIO_Init
 255              	.LVL12:
  95:Core/Src/main.c ****   MX_USART3_UART_Init();
 256              		.loc 1 95 3 view .LVU62
 257 000e FFF7FEFF 		bl	MX_DMA_Init
 258              	.LVL13:
  96:Core/Src/main.c ****   /* USER CODE BEGIN 2 */
 259              		.loc 1 96 3 view .LVU63
 260 0012 FFF7FEFF 		bl	MX_USART3_UART_Init
 261              	.LVL14:
 102:Core/Src/main.c ****   MX_FREERTOS_Init();
 262              		.loc 1 102 3 view .LVU64
 263 0016 FFF7FEFF 		bl	osKernelInitialize
 264              	.LVL15:
 103:Core/Src/main.c **** 
 265              		.loc 1 103 3 view .LVU65
ARM GAS  /tmp/ccirh56n.s 			page 14


 266 001a FFF7FEFF 		bl	MX_FREERTOS_Init
 267              	.LVL16:
 106:Core/Src/main.c **** 
 268              		.loc 1 106 3 view .LVU66
 269 001e 0020     		movs	r0, #0
 270 0020 FFF7FEFF 		bl	BSP_LED_Init
 271              	.LVL17:
 109:Core/Src/main.c **** 
 272              		.loc 1 109 3 view .LVU67
 273 0024 0121     		movs	r1, #1
 274 0026 0020     		movs	r0, #0
 275 0028 FFF7FEFF 		bl	BSP_PB_Init
 276              	.LVL18:
 112:Core/Src/main.c ****   BspCOMInit.WordLength = COM_WORDLENGTH_8B;
 277              		.loc 1 112 3 view .LVU68
 112:Core/Src/main.c ****   BspCOMInit.WordLength = COM_WORDLENGTH_8B;
 278              		.loc 1 112 25 is_stmt 0 view .LVU69
 279 002c 0849     		ldr	r1, .L19
 280 002e 4FF4E133 		mov	r3, #115200
 281 0032 0B60     		str	r3, [r1]
 113:Core/Src/main.c ****   BspCOMInit.StopBits   = COM_STOPBITS_1;
 282              		.loc 1 113 3 is_stmt 1 view .LVU70
 113:Core/Src/main.c ****   BspCOMInit.StopBits   = COM_STOPBITS_1;
 283              		.loc 1 113 25 is_stmt 0 view .LVU71
 284 0034 0020     		movs	r0, #0
 285 0036 4860     		str	r0, [r1, #4]
 114:Core/Src/main.c ****   BspCOMInit.Parity     = COM_PARITY_NONE;
 286              		.loc 1 114 3 is_stmt 1 view .LVU72
 114:Core/Src/main.c ****   BspCOMInit.Parity     = COM_PARITY_NONE;
 287              		.loc 1 114 25 is_stmt 0 view .LVU73
 288 0038 0881     		strh	r0, [r1, #8]	@ movhi
 115:Core/Src/main.c ****   BspCOMInit.HwFlowCtl  = COM_HWCONTROL_NONE;
 289              		.loc 1 115 3 is_stmt 1 view .LVU74
 115:Core/Src/main.c ****   BspCOMInit.HwFlowCtl  = COM_HWCONTROL_NONE;
 290              		.loc 1 115 25 is_stmt 0 view .LVU75
 291 003a 4881     		strh	r0, [r1, #10]	@ movhi
 116:Core/Src/main.c ****   if (BSP_COM_Init(COM1, &BspCOMInit) != BSP_ERROR_NONE)
 292              		.loc 1 116 3 is_stmt 1 view .LVU76
 116:Core/Src/main.c ****   if (BSP_COM_Init(COM1, &BspCOMInit) != BSP_ERROR_NONE)
 293              		.loc 1 116 25 is_stmt 0 view .LVU77
 294 003c 8881     		strh	r0, [r1, #12]	@ movhi
 117:Core/Src/main.c ****   {
 295              		.loc 1 117 3 is_stmt 1 view .LVU78
 117:Core/Src/main.c ****   {
 296              		.loc 1 117 7 is_stmt 0 view .LVU79
 297 003e FFF7FEFF 		bl	BSP_COM_Init
 298              	.LVL19:
 117:Core/Src/main.c ****   {
 299              		.loc 1 117 6 discriminator 1 view .LVU80
 300 0042 08B1     		cbz	r0, .L16
 119:Core/Src/main.c ****   }
 301              		.loc 1 119 5 is_stmt 1 view .LVU81
 302 0044 FFF7FEFF 		bl	Error_Handler
 303              	.LVL20:
 304              	.L16:
 123:Core/Src/main.c **** 
 305              		.loc 1 123 3 view .LVU82
ARM GAS  /tmp/ccirh56n.s 			page 15


 306 0048 FFF7FEFF 		bl	osKernelStart
 307              	.LVL21:
 308              	.L17:
 129:Core/Src/main.c ****   {
 309              		.loc 1 129 3 view .LVU83
 135:Core/Src/main.c ****   /* USER CODE END 3 */
 310              		.loc 1 135 3 view .LVU84
 129:Core/Src/main.c ****   {
 311              		.loc 1 129 9 view .LVU85
 312 004c FEE7     		b	.L17
 313              	.L20:
 314 004e 00BF     		.align	2
 315              	.L19:
 316 0050 00000000 		.word	BspCOMInit
 317              		.cfi_endproc
 318              	.LFE139:
 320              		.global	BspCOMInit
 321              		.section	.bss.BspCOMInit,"aw",%nobits
 322              		.align	2
 325              	BspCOMInit:
 326 0000 00000000 		.space	16
 326      00000000 
 326      00000000 
 326      00000000 
 327              		.text
 328              	.Letext0:
 329              		.file 3 "/home/kth/arm-gnu-toolchain-14.3.rel1-x86_64-arm-none-eabi/arm-none-eabi/include/machine/
 330              		.file 4 "/home/kth/arm-gnu-toolchain-14.3.rel1-x86_64-arm-none-eabi/arm-none-eabi/include/sys/_std
 331              		.file 5 "Drivers/CMSIS/Device/ST/STM32G4xx/Include/stm32g431xx.h"
 332              		.file 6 "Drivers/STM32G4xx_HAL_Driver/Inc/stm32g4xx_hal_def.h"
 333              		.file 7 "Drivers/STM32G4xx_HAL_Driver/Inc/stm32g4xx_hal_rcc.h"
 334              		.file 8 "Drivers/STM32G4xx_HAL_Driver/Inc/stm32g4xx_hal_dma.h"
 335              		.file 9 "Drivers/STM32G4xx_HAL_Driver/Inc/stm32g4xx_hal_tim.h"
 336              		.file 10 "Drivers/BSP/STM32G4xx_Nucleo/stm32g4xx_nucleo.h"
 337              		.file 11 "Middlewares/Third_Party/FreeRTOS/Source/CMSIS_RTOS_V2/cmsis_os2.h"
 338              		.file 12 "Drivers/STM32G4xx_HAL_Driver/Inc/stm32g4xx_hal_pwr_ex.h"
 339              		.file 13 "Drivers/STM32G4xx_HAL_Driver/Inc/stm32g4xx_hal.h"
 340              		.file 14 "Core/Inc/usart.h"
 341              		.file 15 "Core/Inc/dma.h"
 342              		.file 16 "Core/Inc/gpio.h"
 343              		.file 17 "<built-in>"
ARM GAS  /tmp/ccirh56n.s 			page 16


DEFINED SYMBOLS
                            *ABS*:00000000 main.c
     /tmp/ccirh56n.s:21     .text.HAL_TIM_PeriodElapsedCallback:00000000 $t
     /tmp/ccirh56n.s:27     .text.HAL_TIM_PeriodElapsedCallback:00000000 HAL_TIM_PeriodElapsedCallback
     /tmp/ccirh56n.s:61     .text.HAL_TIM_PeriodElapsedCallback:00000014 $d
     /tmp/ccirh56n.s:66     .text.Error_Handler:00000000 $t
     /tmp/ccirh56n.s:72     .text.Error_Handler:00000000 Error_Handler
     /tmp/ccirh56n.s:104    .text.SystemClock_Config:00000000 $t
     /tmp/ccirh56n.s:110    .text.SystemClock_Config:00000000 SystemClock_Config
     /tmp/ccirh56n.s:229    .text.main:00000000 $t
     /tmp/ccirh56n.s:235    .text.main:00000000 main
     /tmp/ccirh56n.s:316    .text.main:00000050 $d
     /tmp/ccirh56n.s:325    .bss.BspCOMInit:00000000 BspCOMInit
     /tmp/ccirh56n.s:322    .bss.BspCOMInit:00000000 $d

UNDEFINED SYMBOLS
HAL_IncTick
memset
HAL_PWREx_ControlVoltageScaling
HAL_RCC_OscConfig
HAL_RCC_ClockConfig
HAL_Init
MX_GPIO_Init
MX_DMA_Init
MX_USART3_UART_Init
osKernelInitialize
MX_FREERTOS_Init
BSP_LED_Init
BSP_PB_Init
BSP_COM_Init
osKernelStart
