[0.010s] Invoking command in '/home/kth/robot_dev/vicpinky_ws/build/vicpinky_description': DEBUGINFOD_URLS=https://debuginfod.ubuntu.com /usr/bin/cmake /home/kth/robot_dev/vicpinky_ws/src/vic_pinky/vicpinky_description -DCMAKE_INSTALL_PREFIX=/home/kth/robot_dev/vicpinky_ws/install/vicpinky_description
[0.131s] -- The C compiler identification is GNU 13.3.0
[0.220s] -- The CXX compiler identification is GNU 13.3.0
[0.235s] -- Detecting C compiler ABI info
[0.300s] -- Detecting C compiler ABI info - done
[0.308s] -- Check for working C compiler: /usr/bin/cc - skipped
[0.308s] -- Detecting C compile features
[0.309s] -- Detecting C compile features - done
[0.316s] -- Detecting CXX compiler ABI info
[0.382s] -- Detecting CXX compiler ABI info - done
[0.390s] -- Check for working CXX compiler: /usr/bin/c++ - skipped
[0.390s] -- Detecting CXX compile features
[0.390s] -- Detecting CXX compile features - done
[0.408s] [31mCMake Error at CMakeLists.txt:9 (find_package):
[0.408s]   By not providing "Findament_cmake.cmake" in CMAKE_MODULE_PATH this project
[0.408s]   has asked CMake to find a package configuration file provided by
[0.408s]   "ament_cmake", but CMake did not find one.
[0.408s] 
[0.408s]   Could not find a package configuration file provided by "ament_cmake" with
[0.408s]   any of the following names:
[0.408s] 
[0.408s]     ament_cmakeConfig.cmake
[0.408s]     ament_cmake-config.cmake
[0.408s] 
[0.408s]   Add the installation prefix of "ament_cmake" to CMAKE_PREFIX_PATH or set
[0.409s]   "ament_cmake_DIR" to a directory containing one of the above files.  If
[0.409s]   "ament_cmake" provides a separate development package or SDK, be sure it
[0.409s]   has been installed.
[0.409s] 
[0.409s] [0m
[0.410s] -- Configuring incomplete, errors occurred!
[0.411s] Invoked command in '/home/kth/robot_dev/vicpinky_ws/build/vicpinky_description' returned '1': DEBUGINFOD_URLS=https://debuginfod.ubuntu.com /usr/bin/cmake /home/kth/robot_dev/vicpinky_ws/src/vic_pinky/vicpinky_description -DCMAKE_INSTALL_PREFIX=/home/kth/robot_dev/vicpinky_ws/install/vicpinky_description
