[0.083s] DEBUG:colcon:Command line arguments: ['/usr/bin/colcon', 'build', '--packages-select', 'robot_navigator']
[0.083s] DEBUG:colcon:Parsed command line arguments: Namespace(log_base=None, log_level=None, verb_name='build', build_base='build', install_base='install', merge_install=False, symlink_install=False, test_result_base=None, continue_on_error=False, executor='parallel', parallel_workers=12, event_handlers=None, ignore_user_meta=False, metas=['./colcon.meta'], base_paths=['.'], packages_ignore=None, packages_ignore_regex=None, paths=None, packages_up_to=None, packages_up_to_regex=None, packages_above=None, packages_above_and_dependencies=None, packages_above_depth=None, packages_select_by_dep=None, packages_skip_by_dep=None, packages_skip_up_to=None, packages_select_build_failed=False, packages_skip_build_finished=False, packages_select_test_failures=False, packages_skip_test_passed=False, packages_select=['robot_navigator'], packages_skip=None, packages_select_regex=None, packages_skip_regex=None, packages_start=None, packages_end=None, allow_overriding=[], cmake_args=None, cmake_target=None, cmake_target_skip_unavailable=False, cmake_clean_cache=False, cmake_clean_first=False, cmake_force_configure=False, ament_cmake_args=None, catkin_cmake_args=None, catkin_skip_building_tests=False, mixin_files=None, mixin=None, verb_parser=<colcon_mixin.mixin.mixin_argument.MixinArgumentDecorator object at 0x7a77bf89f290>, verb_extension=<colcon_core.verb.build.BuildVerb object at 0x7a77c03e1100>, main=<bound method BuildVerb.main of <colcon_core.verb.build.BuildVerb object at 0x7a77c03e1100>>, mixin_verb=('build',))
[0.109s] Level 1:colcon.colcon_core.package_discovery:discover_packages(colcon_meta) check parameters
[0.109s] Level 1:colcon.colcon_core.package_discovery:discover_packages(recursive) check parameters
[0.109s] Level 1:colcon.colcon_core.package_discovery:discover_packages(ignore) check parameters
[0.109s] Level 1:colcon.colcon_core.package_discovery:discover_packages(path) check parameters
[0.109s] Level 1:colcon.colcon_core.package_discovery:discover_packages(colcon_meta) discover
[0.109s] Level 1:colcon.colcon_core.package_discovery:discover_packages(recursive) discover
[0.109s] INFO:colcon.colcon_core.package_discovery:Crawling recursively for packages in '/home/kth/robot_dev/robot_navigator'
[0.109s] Level 1:colcon.colcon_core.package_identification:_identify(.) by extensions ['ignore', 'ignore_ament_install']
[0.109s] Level 1:colcon.colcon_core.package_identification:_identify(.) by extension 'ignore'
[0.109s] Level 1:colcon.colcon_core.package_identification:_identify(.) by extension 'ignore_ament_install'
[0.109s] Level 1:colcon.colcon_core.package_identification:_identify(.) by extensions ['colcon_pkg']
[0.109s] Level 1:colcon.colcon_core.package_identification:_identify(.) by extension 'colcon_pkg'
[0.109s] Level 1:colcon.colcon_core.package_identification:_identify(.) by extensions ['colcon_meta']
[0.109s] Level 1:colcon.colcon_core.package_identification:_identify(.) by extension 'colcon_meta'
[0.109s] Level 1:colcon.colcon_core.package_identification:_identify(.) by extensions ['ros']
[0.109s] Level 1:colcon.colcon_core.package_identification:_identify(.) by extension 'ros'
[0.127s] Level 1:colcon.colcon_core.package_identification:_identify(.) by extensions ['cmake', 'python']
[0.127s] Level 1:colcon.colcon_core.package_identification:_identify(.) by extension 'cmake'
[0.127s] Level 1:colcon.colcon_core.package_identification:_identify(.) by extension 'python'
[0.127s] Level 1:colcon.colcon_core.package_identification:_identify(.) by extensions ['python_setup_py']
[0.127s] Level 1:colcon.colcon_core.package_identification:_identify(.) by extension 'python_setup_py'
[0.127s] Level 1:colcon.colcon_core.package_identification:_identify(build) by extensions ['ignore', 'ignore_ament_install']
[0.127s] Level 1:colcon.colcon_core.package_identification:_identify(build) by extension 'ignore'
[0.127s] Level 1:colcon.colcon_core.package_identification:_identify(build) ignored
[0.128s] Level 1:colcon.colcon_core.package_identification:_identify(install) by extensions ['ignore', 'ignore_ament_install']
[0.128s] Level 1:colcon.colcon_core.package_identification:_identify(install) by extension 'ignore'
[0.128s] Level 1:colcon.colcon_core.package_identification:_identify(install) ignored
[0.128s] Level 1:colcon.colcon_core.package_identification:_identify(log) by extensions ['ignore', 'ignore_ament_install']
[0.128s] Level 1:colcon.colcon_core.package_identification:_identify(log) by extension 'ignore'
[0.128s] Level 1:colcon.colcon_core.package_identification:_identify(log) ignored
[0.128s] Level 1:colcon.colcon_core.package_identification:_identify(src) by extensions ['ignore', 'ignore_ament_install']
[0.128s] Level 1:colcon.colcon_core.package_identification:_identify(src) by extension 'ignore'
[0.128s] Level 1:colcon.colcon_core.package_identification:_identify(src) by extension 'ignore_ament_install'
[0.128s] Level 1:colcon.colcon_core.package_identification:_identify(src) by extensions ['colcon_pkg']
[0.128s] Level 1:colcon.colcon_core.package_identification:_identify(src) by extension 'colcon_pkg'
[0.128s] Level 1:colcon.colcon_core.package_identification:_identify(src) by extensions ['colcon_meta']
[0.128s] Level 1:colcon.colcon_core.package_identification:_identify(src) by extension 'colcon_meta'
[0.128s] Level 1:colcon.colcon_core.package_identification:_identify(src) by extensions ['ros']
[0.128s] Level 1:colcon.colcon_core.package_identification:_identify(src) by extension 'ros'
[0.128s] Level 1:colcon.colcon_core.package_identification:_identify(src) by extensions ['cmake', 'python']
[0.128s] Level 1:colcon.colcon_core.package_identification:_identify(src) by extension 'cmake'
[0.128s] Level 1:colcon.colcon_core.package_identification:_identify(src) by extension 'python'
[0.128s] Level 1:colcon.colcon_core.package_identification:_identify(src) by extensions ['python_setup_py']
[0.128s] Level 1:colcon.colcon_core.package_identification:_identify(src) by extension 'python_setup_py'
[0.128s] Level 1:colcon.colcon_core.package_identification:_identify(src/control_interfaces) by extensions ['ignore', 'ignore_ament_install']
[0.128s] Level 1:colcon.colcon_core.package_identification:_identify(src/control_interfaces) by extension 'ignore'
[0.128s] Level 1:colcon.colcon_core.package_identification:_identify(src/control_interfaces) by extension 'ignore_ament_install'
[0.128s] Level 1:colcon.colcon_core.package_identification:_identify(src/control_interfaces) by extensions ['colcon_pkg']
[0.129s] Level 1:colcon.colcon_core.package_identification:_identify(src/control_interfaces) by extension 'colcon_pkg'
[0.129s] Level 1:colcon.colcon_core.package_identification:_identify(src/control_interfaces) by extensions ['colcon_meta']
[0.129s] Level 1:colcon.colcon_core.package_identification:_identify(src/control_interfaces) by extension 'colcon_meta'
[0.129s] Level 1:colcon.colcon_core.package_identification:_identify(src/control_interfaces) by extensions ['ros']
[0.129s] Level 1:colcon.colcon_core.package_identification:_identify(src/control_interfaces) by extension 'ros'
[0.130s] DEBUG:colcon.colcon_core.package_identification:Package 'src/control_interfaces' with type 'ros.ament_cmake' and name 'control_interfaces'
[0.130s] Level 1:colcon.colcon_core.package_identification:_identify(src/robot_navigator) by extensions ['ignore', 'ignore_ament_install']
[0.130s] Level 1:colcon.colcon_core.package_identification:_identify(src/robot_navigator) by extension 'ignore'
[0.130s] Level 1:colcon.colcon_core.package_identification:_identify(src/robot_navigator) by extension 'ignore_ament_install'
[0.130s] Level 1:colcon.colcon_core.package_identification:_identify(src/robot_navigator) by extensions ['colcon_pkg']
[0.130s] Level 1:colcon.colcon_core.package_identification:_identify(src/robot_navigator) by extension 'colcon_pkg'
[0.130s] Level 1:colcon.colcon_core.package_identification:_identify(src/robot_navigator) by extensions ['colcon_meta']
[0.130s] Level 1:colcon.colcon_core.package_identification:_identify(src/robot_navigator) by extension 'colcon_meta'
[0.130s] Level 1:colcon.colcon_core.package_identification:_identify(src/robot_navigator) by extensions ['ros']
[0.130s] Level 1:colcon.colcon_core.package_identification:_identify(src/robot_navigator) by extension 'ros'
[0.131s] DEBUG:colcon.colcon_core.package_identification:Package 'src/robot_navigator' with type 'ros.ament_cmake' and name 'robot_navigator'
[0.131s] Level 1:colcon.colcon_core.package_discovery:discover_packages(recursive) using defaults
[0.131s] Level 1:colcon.colcon_core.package_discovery:discover_packages(ignore) discover
[0.131s] Level 1:colcon.colcon_core.package_discovery:discover_packages(ignore) using defaults
[0.131s] Level 1:colcon.colcon_core.package_discovery:discover_packages(path) discover
[0.131s] Level 1:colcon.colcon_core.package_discovery:discover_packages(path) using defaults
[0.143s] INFO:colcon.colcon_core.package_selection:Skipping not selected package 'control_interfaces' in 'src/control_interfaces'
[0.143s] Level 1:colcon.colcon_core.package_discovery:discover_packages(prefix_path) check parameters
[0.143s] Level 1:colcon.colcon_core.package_discovery:discover_packages(prefix_path) discover
[0.145s] DEBUG:colcon.colcon_installed_package_information.package_discovery:Found 2 installed packages in /home/kth/robot_dev/robot_navigator/install
[0.146s] DEBUG:colcon.colcon_installed_package_information.package_discovery:Found 390 installed packages in /opt/ros/jazzy
[0.147s] Level 1:colcon.colcon_core.package_discovery:discover_packages(prefix_path) using defaults
[0.186s] Level 5:colcon.colcon_core.verb:set package 'robot_navigator' build argument 'cmake_args' from command line to 'None'
[0.186s] Level 5:colcon.colcon_core.verb:set package 'robot_navigator' build argument 'cmake_target' from command line to 'None'
[0.186s] Level 5:colcon.colcon_core.verb:set package 'robot_navigator' build argument 'cmake_target_skip_unavailable' from command line to 'False'
[0.186s] Level 5:colcon.colcon_core.verb:set package 'robot_navigator' build argument 'cmake_clean_cache' from command line to 'False'
[0.186s] Level 5:colcon.colcon_core.verb:set package 'robot_navigator' build argument 'cmake_clean_first' from command line to 'False'
[0.186s] Level 5:colcon.colcon_core.verb:set package 'robot_navigator' build argument 'cmake_force_configure' from command line to 'False'
[0.186s] Level 5:colcon.colcon_core.verb:set package 'robot_navigator' build argument 'ament_cmake_args' from command line to 'None'
[0.186s] Level 5:colcon.colcon_core.verb:set package 'robot_navigator' build argument 'catkin_cmake_args' from command line to 'None'
[0.186s] Level 5:colcon.colcon_core.verb:set package 'robot_navigator' build argument 'catkin_skip_building_tests' from command line to 'False'
[0.186s] DEBUG:colcon.colcon_core.verb:Building package 'robot_navigator' with the following arguments: {'ament_cmake_args': None, 'build_base': '/home/kth/robot_dev/robot_navigator/build/robot_navigator', 'catkin_cmake_args': None, 'catkin_skip_building_tests': False, 'cmake_args': None, 'cmake_clean_cache': False, 'cmake_clean_first': False, 'cmake_force_configure': False, 'cmake_target': None, 'cmake_target_skip_unavailable': False, 'install_base': '/home/kth/robot_dev/robot_navigator/install/robot_navigator', 'merge_install': False, 'path': '/home/kth/robot_dev/robot_navigator/src/robot_navigator', 'symlink_install': False, 'test_result_base': None}
[0.186s] INFO:colcon.colcon_core.executor:Executing jobs using 'parallel' executor
[0.187s] DEBUG:colcon.colcon_parallel_executor.executor.parallel:run_until_complete
[0.187s] INFO:colcon.colcon_ros.task.ament_cmake.build:Building ROS package in '/home/kth/robot_dev/robot_navigator/src/robot_navigator' with build type 'ament_cmake'
[0.187s] INFO:colcon.colcon_cmake.task.cmake.build:Building CMake package in '/home/kth/robot_dev/robot_navigator/src/robot_navigator'
[0.189s] INFO:colcon.colcon_core.plugin_system:Skipping extension 'colcon_core.shell.bat': Not used on non-Windows systems
[0.189s] INFO:colcon.colcon_core.shell:Skip shell extension 'powershell' for command environment: Not usable outside of PowerShell
[0.189s] DEBUG:colcon.colcon_core.shell:Skip shell extension 'dsv' for command environment
[0.196s] DEBUG:colcon.colcon_core.event_handler.log_command:Invoking command in '/home/kth/robot_dev/robot_navigator/build/robot_navigator': CMAKE_PREFIX_PATH=${CMAKE_PREFIX_PATH}:/opt/ros/jazzy DEBUGINFOD_URLS=https://debuginfod.ubuntu.com /usr/bin/cmake --build /home/kth/robot_dev/robot_navigator/build/robot_navigator -- -j12 -l12
[22.434s] DEBUG:colcon.colcon_core.event_handler.log_command:Invoked command in '/home/kth/robot_dev/robot_navigator/build/robot_navigator' returned '0': CMAKE_PREFIX_PATH=${CMAKE_PREFIX_PATH}:/opt/ros/jazzy DEBUGINFOD_URLS=https://debuginfod.ubuntu.com /usr/bin/cmake --build /home/kth/robot_dev/robot_navigator/build/robot_navigator -- -j12 -l12
[22.441s] DEBUG:colcon.colcon_core.event_handler.log_command:Invoking command in '/home/kth/robot_dev/robot_navigator/build/robot_navigator': CMAKE_PREFIX_PATH=${CMAKE_PREFIX_PATH}:/opt/ros/jazzy DEBUGINFOD_URLS=https://debuginfod.ubuntu.com /usr/bin/cmake --install /home/kth/robot_dev/robot_navigator/build/robot_navigator
[22.463s] Level 1:colcon.colcon_core.environment:create_environment_scripts_only(robot_navigator)
[22.463s] DEBUG:colcon.colcon_core.event_handler.log_command:Invoked command in '/home/kth/robot_dev/robot_navigator/build/robot_navigator' returned '0': CMAKE_PREFIX_PATH=${CMAKE_PREFIX_PATH}:/opt/ros/jazzy DEBUGINFOD_URLS=https://debuginfod.ubuntu.com /usr/bin/cmake --install /home/kth/robot_dev/robot_navigator/build/robot_navigator
[22.465s] Level 1:colcon.colcon_core.environment:checking '/home/kth/robot_dev/robot_navigator/install/robot_navigator' for CMake module files
[22.465s] Level 1:colcon.colcon_core.environment:checking '/home/kth/robot_dev/robot_navigator/install/robot_navigator' for CMake config files
[22.465s] Level 1:colcon.colcon_core.shell:create_environment_hook('robot_navigator', 'cmake_prefix_path')
[22.465s] INFO:colcon.colcon_core.shell:Creating environment hook '/home/kth/robot_dev/robot_navigator/install/robot_navigator/share/robot_navigator/hook/cmake_prefix_path.ps1'
[22.466s] INFO:colcon.colcon_core.shell:Creating environment descriptor '/home/kth/robot_dev/robot_navigator/install/robot_navigator/share/robot_navigator/hook/cmake_prefix_path.dsv'
[22.466s] INFO:colcon.colcon_core.shell:Creating environment hook '/home/kth/robot_dev/robot_navigator/install/robot_navigator/share/robot_navigator/hook/cmake_prefix_path.sh'
[22.467s] Level 1:colcon.colcon_core.environment:checking '/home/kth/robot_dev/robot_navigator/install/robot_navigator/lib'
[22.467s] Level 1:colcon.colcon_core.environment:checking '/home/kth/robot_dev/robot_navigator/install/robot_navigator/bin'
[22.467s] Level 1:colcon.colcon_core.environment:checking '/home/kth/robot_dev/robot_navigator/install/robot_navigator/lib/pkgconfig/robot_navigator.pc'
[22.467s] Level 1:colcon.colcon_core.environment:checking '/home/kth/robot_dev/robot_navigator/install/robot_navigator/lib/python3.12/site-packages'
[22.467s] Level 1:colcon.colcon_core.environment:checking '/home/kth/robot_dev/robot_navigator/install/robot_navigator/bin'
[22.468s] INFO:colcon.colcon_core.shell:Creating package script '/home/kth/robot_dev/robot_navigator/install/robot_navigator/share/robot_navigator/package.ps1'
[22.469s] INFO:colcon.colcon_core.shell:Creating package descriptor '/home/kth/robot_dev/robot_navigator/install/robot_navigator/share/robot_navigator/package.dsv'
[22.469s] INFO:colcon.colcon_core.shell:Creating package script '/home/kth/robot_dev/robot_navigator/install/robot_navigator/share/robot_navigator/package.sh'
[22.469s] INFO:colcon.colcon_core.shell:Creating package script '/home/kth/robot_dev/robot_navigator/install/robot_navigator/share/robot_navigator/package.bash'
[22.470s] INFO:colcon.colcon_core.shell:Creating package script '/home/kth/robot_dev/robot_navigator/install/robot_navigator/share/robot_navigator/package.zsh'
[22.470s] Level 1:colcon.colcon_core.environment:create_file_with_runtime_dependencies(/home/kth/robot_dev/robot_navigator/install/robot_navigator/share/colcon-core/packages/robot_navigator)
[22.471s] Level 1:colcon.colcon_core.environment:create_environment_scripts_only(robot_navigator)
[22.471s] Level 1:colcon.colcon_core.environment:checking '/home/kth/robot_dev/robot_navigator/install/robot_navigator' for CMake module files
[22.472s] Level 1:colcon.colcon_core.environment:checking '/home/kth/robot_dev/robot_navigator/install/robot_navigator' for CMake config files
[22.472s] Level 1:colcon.colcon_core.shell:create_environment_hook('robot_navigator', 'cmake_prefix_path')
[22.472s] INFO:colcon.colcon_core.shell:Creating environment hook '/home/kth/robot_dev/robot_navigator/install/robot_navigator/share/robot_navigator/hook/cmake_prefix_path.ps1'
[22.472s] INFO:colcon.colcon_core.shell:Creating environment descriptor '/home/kth/robot_dev/robot_navigator/install/robot_navigator/share/robot_navigator/hook/cmake_prefix_path.dsv'
[22.472s] INFO:colcon.colcon_core.shell:Creating environment hook '/home/kth/robot_dev/robot_navigator/install/robot_navigator/share/robot_navigator/hook/cmake_prefix_path.sh'
[22.473s] Level 1:colcon.colcon_core.environment:checking '/home/kth/robot_dev/robot_navigator/install/robot_navigator/lib'
[22.473s] Level 1:colcon.colcon_core.environment:checking '/home/kth/robot_dev/robot_navigator/install/robot_navigator/bin'
[22.473s] Level 1:colcon.colcon_core.environment:checking '/home/kth/robot_dev/robot_navigator/install/robot_navigator/lib/pkgconfig/robot_navigator.pc'
[22.473s] Level 1:colcon.colcon_core.environment:checking '/home/kth/robot_dev/robot_navigator/install/robot_navigator/lib/python3.12/site-packages'
[22.473s] Level 1:colcon.colcon_core.environment:checking '/home/kth/robot_dev/robot_navigator/install/robot_navigator/bin'
[22.473s] INFO:colcon.colcon_core.shell:Creating package script '/home/kth/robot_dev/robot_navigator/install/robot_navigator/share/robot_navigator/package.ps1'
[22.474s] INFO:colcon.colcon_core.shell:Creating package descriptor '/home/kth/robot_dev/robot_navigator/install/robot_navigator/share/robot_navigator/package.dsv'
[22.474s] INFO:colcon.colcon_core.shell:Creating package script '/home/kth/robot_dev/robot_navigator/install/robot_navigator/share/robot_navigator/package.sh'
[22.474s] INFO:colcon.colcon_core.shell:Creating package script '/home/kth/robot_dev/robot_navigator/install/robot_navigator/share/robot_navigator/package.bash'
[22.475s] INFO:colcon.colcon_core.shell:Creating package script '/home/kth/robot_dev/robot_navigator/install/robot_navigator/share/robot_navigator/package.zsh'
[22.475s] Level 1:colcon.colcon_core.environment:create_file_with_runtime_dependencies(/home/kth/robot_dev/robot_navigator/install/robot_navigator/share/colcon-core/packages/robot_navigator)
[22.476s] DEBUG:colcon.colcon_parallel_executor.executor.parallel:closing loop
[22.476s] DEBUG:colcon.colcon_parallel_executor.executor.parallel:loop closed
[22.476s] DEBUG:colcon.colcon_parallel_executor.executor.parallel:run_until_complete finished with '0'
[22.477s] DEBUG:colcon.colcon_core.event_reactor:joining thread
[22.483s] INFO:colcon.colcon_core.plugin_system:Skipping extension 'colcon_notification.desktop_notification.terminal_notifier': Not used on non-Darwin systems
[22.483s] INFO:colcon.colcon_core.plugin_system:Skipping extension 'colcon_notification.desktop_notification.win32': Not used on non-Windows systems
[22.483s] INFO:colcon.colcon_notification.desktop_notification:Sending desktop notification using 'notify2'
[22.499s] DEBUG:colcon.colcon_core.event_reactor:joined thread
[22.499s] INFO:colcon.colcon_core.shell:Creating prefix script '/home/kth/robot_dev/robot_navigator/install/local_setup.ps1'
[22.500s] INFO:colcon.colcon_core.shell:Creating prefix util module '/home/kth/robot_dev/robot_navigator/install/_local_setup_util_ps1.py'
[22.500s] INFO:colcon.colcon_core.shell:Creating prefix chain script '/home/kth/robot_dev/robot_navigator/install/setup.ps1'
[22.501s] INFO:colcon.colcon_core.shell:Creating prefix script '/home/kth/robot_dev/robot_navigator/install/local_setup.sh'
[22.502s] INFO:colcon.colcon_core.shell:Creating prefix util module '/home/kth/robot_dev/robot_navigator/install/_local_setup_util_sh.py'
[22.502s] INFO:colcon.colcon_core.shell:Creating prefix chain script '/home/kth/robot_dev/robot_navigator/install/setup.sh'
[22.503s] INFO:colcon.colcon_core.shell:Creating prefix script '/home/kth/robot_dev/robot_navigator/install/local_setup.bash'
[22.503s] INFO:colcon.colcon_core.shell:Creating prefix chain script '/home/kth/robot_dev/robot_navigator/install/setup.bash'
[22.504s] INFO:colcon.colcon_core.shell:Creating prefix script '/home/kth/robot_dev/robot_navigator/install/local_setup.zsh'
[22.505s] INFO:colcon.colcon_core.shell:Creating prefix chain script '/home/kth/robot_dev/robot_navigator/install/setup.zsh'
