-- The C compiler identification is GNU 13.3.0
-- The CXX compiler identification is GNU 13.3.0
-- Detecting C compiler ABI info
-- Detecting C compiler ABI info - done
-- Check for working C compiler: /usr/bin/cc - skipped
-- Detecting C compile features
-- Detecting C compile features - done
-- Detecting CXX compiler ABI info
-- Detecting CXX compiler ABI info - done
-- Check for working CXX compiler: /usr/bin/c++ - skipped
-- Detecting CXX compile features
-- Detecting CXX compile features - done
-- Found rclcpp: 28.1.10 (/opt/ros/jazzy/share/rclcpp/cmake)
-- Found Python3: /usr/bin/python3 (found version "3.12.3") found components: Interpreter 
-- Found rosidl_generator_c: 4.6.5 (/opt/ros/jazzy/share/rosidl_generator_c/cmake)
-- Found rosidl_generator_cpp: 4.6.5 (/opt/ros/jazzy/share/rosidl_generator_cpp/cmake)
-- Using all available rosidl_typesupport_c: rosidl_typesupport_fastrtps_c;rosidl_typesupport_introspection_c
-- Using all available rosidl_typesupport_cpp: rosidl_typesupport_fastrtps_cpp;rosidl_typesupport_introspection_cpp
-- Found rmw_implementation_cmake: 7.3.2 (/opt/ros/jazzy/share/rmw_implementation_cmake/cmake)
-- Found rmw_fastrtps_cpp: 8.4.2 (/opt/ros/jazzy/share/rmw_fastrtps_cpp/cmake)
-- Found OpenSSL: /usr/lib/x86_64-linux-gnu/libcrypto.so (found version "3.0.13")  
-- Found FastRTPS: /opt/ros/jazzy/include (Required is at least version "2.13") 
-- Using RMW implementation 'rmw_fastrtps_cpp' as default
-- Found nav2_common: 1.3.7 (/opt/ros/jazzy/share/nav2_common/cmake)
-- Found nav2_core: 1.3.7 (/opt/ros/jazzy/share/nav2_core/cmake)
-- Found eigen3_cmake_module: 0.3.0 (/opt/ros/jazzy/share/eigen3_cmake_module/cmake)
-- Found Eigen3: TRUE (found version "3.4.0") 
-- Ensuring Eigen3 include directory is part of orocos-kdl CMake target
-- Setting build type to Release as none was specified.
-- Found ament_lint_auto: 0.17.2 (/opt/ros/jazzy/share/ament_lint_auto/cmake)
-- Found gtest sources under '/opt/ros/jazzy/src/gtest_vendor': C++ tests using 'Google Test' will be built
-- Performing Test CMAKE_HAVE_LIBC_PTHREAD
-- Performing Test CMAKE_HAVE_LIBC_PTHREAD - Success
-- Found Threads: TRUE  
-- Added test 'cppcheck' to perform static code analysis on C / C++ code
-- Configured cppcheck include dirs: /home/kth/robot_dev/vicpinky_2/src/vector_pursuit_controller/include
-- Configured cppcheck exclude dirs and/or files: 
-- Added test 'cpplint' to check C / C++ code against the Google style
-- Configured cpplint exclude dirs and/or files: 
-- Added test 'flake8' to check Python code syntax and style conventions
-- Configured 'flake8' exclude dirs and/or files: 
-- Added test 'lint_cmake' to check CMake code style
-- Added test 'pep257' to check Python code against some of the docstring style conventions in PEP 257
-- Added test 'uncrustify' to check C / C++ code style
-- Configured uncrustify additional arguments: 
-- Added test 'xmllint' to check XML markup files
-- Configuring done (1.8s)
-- Generating done (0.1s)
-- Build files have been written to: /home/kth/robot_dev/vicpinky_2/build/vector_pursuit_controller
[ 25%] [32mBuilding CXX object CMakeFiles/vector_pursuit_controller.dir/src/vector_pursuit_controller.cpp.o[0m
[ 25%] [32mBuilding CXX object gtest/CMakeFiles/gtest.dir/src/gtest-all.cc.o[0m
[ 25%] [32mBuilding CXX object gtest/CMakeFiles/gtest_main.dir/src/gtest_main.cc.o[0m
[ 33%] [32m[1mLinking CXX static library libgtest_main.a[0m
[ 33%] Built target gtest_main
[ 41%] [32m[1mLinking CXX static library libgtest.a[0m
[ 41%] Built target gtest
[ 58%] [32mBuilding CXX object test/CMakeFiles/test_path_utils.dir/path_utils/path_utils.cpp.o[0m
[ 58%] [32mBuilding CXX object test/CMakeFiles/test_path_utils.dir/path_utils/test_path_utils.cpp.o[0m
[ 66%] [32m[1mLinking CXX shared library libvector_pursuit_controller.so[0m
[ 66%] Built target vector_pursuit_controller
[ 83%] [32mBuilding CXX object test/CMakeFiles/test_vp.dir/path_utils/path_utils.cpp.o[0m
[ 83%] [32mBuilding CXX object test/CMakeFiles/test_vp.dir/test_vector_pursuit.cpp.o[0m
[ 91%] [32m[1mLinking CXX executable test_path_utils[0m
[ 91%] Built target test_path_utils
[100%] [32m[1mLinking CXX executable test_vp[0m
[100%] Built target test_vp
-- Install configuration: "Release"
-- Installing: /home/kth/robot_dev/vicpinky_2/install/vector_pursuit_controller/lib/libvector_pursuit_controller.so
-- Set non-toolchain portion of runtime path of "/home/kth/robot_dev/vicpinky_2/install/vector_pursuit_controller/lib/libvector_pursuit_controller.so" to ""
-- Installing: /home/kth/robot_dev/vicpinky_2/install/vector_pursuit_controller/include/
-- Installing: /home/kth/robot_dev/vicpinky_2/install/vector_pursuit_controller/include//vector_pursuit_controller
-- Installing: /home/kth/robot_dev/vicpinky_2/install/vector_pursuit_controller/include//vector_pursuit_controller/vector_pursuit_controller.hpp
-- Installing: /home/kth/robot_dev/vicpinky_2/install/vector_pursuit_controller/share/vector_pursuit_controller/config
-- Installing: /home/kth/robot_dev/vicpinky_2/install/vector_pursuit_controller/share/vector_pursuit_controller/config/bcr_map.yaml
-- Installing: /home/kth/robot_dev/vicpinky_2/install/vector_pursuit_controller/share/vector_pursuit_controller/config/sample_nav2_params.yaml
-- Installing: /home/kth/robot_dev/vicpinky_2/install/vector_pursuit_controller/share/vector_pursuit_controller/config/bcr_map.pgm
-- Installing: /home/kth/robot_dev/vicpinky_2/install/vector_pursuit_controller/share/vector_pursuit_controller/launch
-- Installing: /home/kth/robot_dev/vicpinky_2/install/vector_pursuit_controller/share/vector_pursuit_controller/launch/bcr_bot_demo.launch.py
-- Installing: /home/kth/robot_dev/vicpinky_2/install/vector_pursuit_controller/share/vector_pursuit_controller/environment/library_path.sh
-- Installing: /home/kth/robot_dev/vicpinky_2/install/vector_pursuit_controller/share/vector_pursuit_controller/environment/library_path.dsv
-- Installing: /home/kth/robot_dev/vicpinky_2/install/vector_pursuit_controller/share/vector_pursuit_controller/vector_pursuit_controller.xml
-- Installing: /home/kth/robot_dev/vicpinky_2/install/vector_pursuit_controller/share/ament_index/resource_index/package_run_dependencies/vector_pursuit_controller
-- Installing: /home/kth/robot_dev/vicpinky_2/install/vector_pursuit_controller/share/ament_index/resource_index/parent_prefix_path/vector_pursuit_controller
-- Installing: /home/kth/robot_dev/vicpinky_2/install/vector_pursuit_controller/share/vector_pursuit_controller/environment/ament_prefix_path.sh
-- Installing: /home/kth/robot_dev/vicpinky_2/install/vector_pursuit_controller/share/vector_pursuit_controller/environment/ament_prefix_path.dsv
-- Installing: /home/kth/robot_dev/vicpinky_2/install/vector_pursuit_controller/share/vector_pursuit_controller/environment/path.sh
-- Installing: /home/kth/robot_dev/vicpinky_2/install/vector_pursuit_controller/share/vector_pursuit_controller/environment/path.dsv
-- Installing: /home/kth/robot_dev/vicpinky_2/install/vector_pursuit_controller/share/vector_pursuit_controller/local_setup.bash
-- Installing: /home/kth/robot_dev/vicpinky_2/install/vector_pursuit_controller/share/vector_pursuit_controller/local_setup.sh
-- Installing: /home/kth/robot_dev/vicpinky_2/install/vector_pursuit_controller/share/vector_pursuit_controller/local_setup.zsh
-- Installing: /home/kth/robot_dev/vicpinky_2/install/vector_pursuit_controller/share/vector_pursuit_controller/local_setup.dsv
-- Installing: /home/kth/robot_dev/vicpinky_2/install/vector_pursuit_controller/share/vector_pursuit_controller/package.dsv
-- Installing: /home/kth/robot_dev/vicpinky_2/install/vector_pursuit_controller/share/ament_index/resource_index/packages/vector_pursuit_controller
-- Installing: /home/kth/robot_dev/vicpinky_2/install/vector_pursuit_controller/share/ament_index/resource_index/nav2_core__pluginlib__plugin/vector_pursuit_controller
-- Installing: /home/kth/robot_dev/vicpinky_2/install/vector_pursuit_controller/share/vector_pursuit_controller/cmake/ament_cmake_export_include_directories-extras.cmake
-- Installing: /home/kth/robot_dev/vicpinky_2/install/vector_pursuit_controller/share/vector_pursuit_controller/cmake/ament_cmake_export_libraries-extras.cmake
-- Installing: /home/kth/robot_dev/vicpinky_2/install/vector_pursuit_controller/share/vector_pursuit_controller/cmake/ament_cmake_export_dependencies-extras.cmake
-- Installing: /home/kth/robot_dev/vicpinky_2/install/vector_pursuit_controller/share/vector_pursuit_controller/cmake/vector_pursuit_controllerConfig.cmake
-- Installing: /home/kth/robot_dev/vicpinky_2/install/vector_pursuit_controller/share/vector_pursuit_controller/cmake/vector_pursuit_controllerConfig-version.cmake
-- Installing: /home/kth/robot_dev/vicpinky_2/install/vector_pursuit_controller/share/vector_pursuit_controller/package.xml
