[0.019s] Invoking command in '/home/kth/robot_dev/vicpinky_2/build/vector_pursuit_controller': CMAKE_PREFIX_PATH=${CMAKE_PREFIX_PATH}:/opt/ros/jazzy DEBUGINFOD_URLS=https://debuginfod.ubuntu.com /usr/bin/cmake /home/kth/robot_dev/vicpinky_2/src/vector_pursuit_controller -DCMAKE_INSTALL_PREFIX=/home/kth/robot_dev/vicpinky_2/install/vector_pursuit_controller
[0.213s] -- The C compiler identification is GNU 13.3.0
[0.214s] -- The CXX compiler identification is GNU 13.3.0
[0.214s] -- Detecting C compiler ABI info
[0.214s] -- Detecting C compiler ABI info - done
[0.214s] -- Check for working C compiler: /usr/bin/cc - skipped
[0.214s] -- Detecting C compile features
[0.214s] -- Detecting C compile features - done
[0.214s] -- Detecting CXX compiler ABI info
[0.268s] -- Detecting CXX compiler ABI info - done
[0.276s] -- Check for working CXX compiler: /usr/bin/c++ - skipped
[0.276s] -- Detecting CXX compile features
[0.277s] -- Detecting CXX compile features - done
[0.280s] -- Found rclcpp: 28.1.10 (/opt/ros/jazzy/share/rclcpp/cmake)
[0.409s] -- Found Python3: /usr/bin/python3 (found version "3.12.3") found components: Interpreter 
[0.582s] -- Found rosidl_generator_c: 4.6.5 (/opt/ros/jazzy/share/rosidl_generator_c/cmake)
[0.597s] -- Found rosidl_generator_cpp: 4.6.5 (/opt/ros/jazzy/share/rosidl_generator_cpp/cmake)
[0.615s] -- Using all available rosidl_typesupport_c: rosidl_typesupport_fastrtps_c;rosidl_typesupport_introspection_c
[0.634s] -- Using all available rosidl_typesupport_cpp: rosidl_typesupport_fastrtps_cpp;rosidl_typesupport_introspection_cpp
[0.714s] -- Found rmw_implementation_cmake: 7.3.2 (/opt/ros/jazzy/share/rmw_implementation_cmake/cmake)
[0.717s] -- Found rmw_fastrtps_cpp: 8.4.2 (/opt/ros/jazzy/share/rmw_fastrtps_cpp/cmake)
[0.788s] -- Found OpenSSL: /usr/lib/x86_64-linux-gnu/libcrypto.so (found version "3.0.13")  
[0.809s] -- Found FastRTPS: /opt/ros/jazzy/include (Required is at least version "2.13") 
[0.831s] -- Using RMW implementation 'rmw_fastrtps_cpp' as default
[0.915s] -- Found nav2_common: 1.3.7 (/opt/ros/jazzy/share/nav2_common/cmake)
[0.918s] -- Found nav2_core: 1.3.7 (/opt/ros/jazzy/share/nav2_core/cmake)
[1.327s] -- Found eigen3_cmake_module: 0.3.0 (/opt/ros/jazzy/share/eigen3_cmake_module/cmake)
[1.328s] -- Found Eigen3: TRUE (found version "3.4.0") 
[1.328s] -- Ensuring Eigen3 include directory is part of orocos-kdl CMake target
[1.540s] -- Setting build type to Release as none was specified.
[1.566s] -- Found ament_lint_auto: 0.17.2 (/opt/ros/jazzy/share/ament_lint_auto/cmake)
[1.726s] -- Found gtest sources under '/opt/ros/jazzy/src/gtest_vendor': C++ tests using 'Google Test' will be built
[1.729s] -- Performing Test CMAKE_HAVE_LIBC_PTHREAD
[1.793s] -- Performing Test CMAKE_HAVE_LIBC_PTHREAD - Success
[1.794s] -- Found Threads: TRUE  
[1.860s] -- Added test 'cppcheck' to perform static code analysis on C / C++ code
[1.861s] -- Configured cppcheck include dirs: /home/kth/robot_dev/vicpinky_2/src/vector_pursuit_controller/include
[1.861s] -- Configured cppcheck exclude dirs and/or files: 
[1.863s] -- Added test 'cpplint' to check C / C++ code against the Google style
[1.863s] -- Configured cpplint exclude dirs and/or files: 
[1.864s] -- Added test 'flake8' to check Python code syntax and style conventions
[1.864s] -- Configured 'flake8' exclude dirs and/or files: 
[1.865s] -- Added test 'lint_cmake' to check CMake code style
[1.866s] -- Added test 'pep257' to check Python code against some of the docstring style conventions in PEP 257
[1.868s] -- Added test 'uncrustify' to check C / C++ code style
[1.868s] -- Configured uncrustify additional arguments: 
[1.869s] -- Added test 'xmllint' to check XML markup files
[1.871s] -- Configuring done (1.8s)
[1.979s] -- Generating done (0.1s)
[1.988s] -- Build files have been written to: /home/kth/robot_dev/vicpinky_2/build/vector_pursuit_controller
[1.999s] Invoked command in '/home/kth/robot_dev/vicpinky_2/build/vector_pursuit_controller' returned '0': CMAKE_PREFIX_PATH=${CMAKE_PREFIX_PATH}:/opt/ros/jazzy DEBUGINFOD_URLS=https://debuginfod.ubuntu.com /usr/bin/cmake /home/kth/robot_dev/vicpinky_2/src/vector_pursuit_controller -DCMAKE_INSTALL_PREFIX=/home/kth/robot_dev/vicpinky_2/install/vector_pursuit_controller
[2.000s] Invoking command in '/home/kth/robot_dev/vicpinky_2/build/vector_pursuit_controller': CMAKE_PREFIX_PATH=${CMAKE_PREFIX_PATH}:/opt/ros/jazzy DEBUGINFOD_URLS=https://debuginfod.ubuntu.com /usr/bin/cmake --build /home/kth/robot_dev/vicpinky_2/build/vector_pursuit_controller -- -j12 -l12
[2.042s] [ 25%] [32mBuilding CXX object CMakeFiles/vector_pursuit_controller.dir/src/vector_pursuit_controller.cpp.o[0m
[2.042s] [ 25%] [32mBuilding CXX object gtest/CMakeFiles/gtest.dir/src/gtest-all.cc.o[0m
[2.043s] [ 25%] [32mBuilding CXX object gtest/CMakeFiles/gtest_main.dir/src/gtest_main.cc.o[0m
[2.804s] [ 33%] [32m[1mLinking CXX static library libgtest_main.a[0m
[2.833s] [ 33%] Built target gtest_main
[9.351s] [ 41%] [32m[1mLinking CXX static library libgtest.a[0m
[9.386s] [ 41%] Built target gtest
[9.403s] [ 58%] [32mBuilding CXX object test/CMakeFiles/test_path_utils.dir/path_utils/path_utils.cpp.o[0m
[9.403s] [ 58%] [32mBuilding CXX object test/CMakeFiles/test_path_utils.dir/path_utils/test_path_utils.cpp.o[0m
[10.412s] [ 66%] [32m[1mLinking CXX shared library libvector_pursuit_controller.so[0m
[10.691s] [ 66%] Built target vector_pursuit_controller
[10.709s] [ 83%] [32mBuilding CXX object test/CMakeFiles/test_vp.dir/path_utils/path_utils.cpp.o[0m
[10.709s] [ 83%] [32mBuilding CXX object test/CMakeFiles/test_vp.dir/test_vector_pursuit.cpp.o[0m
[12.078s] [ 91%] [32m[1mLinking CXX executable test_path_utils[0m
[12.246s] [ 91%] Built target test_path_utils
[18.326s] [100%] [32m[1mLinking CXX executable test_vp[0m
[18.722s] [100%] Built target test_vp
[18.732s] Invoked command in '/home/kth/robot_dev/vicpinky_2/build/vector_pursuit_controller' returned '0': CMAKE_PREFIX_PATH=${CMAKE_PREFIX_PATH}:/opt/ros/jazzy DEBUGINFOD_URLS=https://debuginfod.ubuntu.com /usr/bin/cmake --build /home/kth/robot_dev/vicpinky_2/build/vector_pursuit_controller -- -j12 -l12
[18.733s] Invoking command in '/home/kth/robot_dev/vicpinky_2/build/vector_pursuit_controller': CMAKE_PREFIX_PATH=${CMAKE_PREFIX_PATH}:/opt/ros/jazzy DEBUGINFOD_URLS=https://debuginfod.ubuntu.com /usr/bin/cmake --install /home/kth/robot_dev/vicpinky_2/build/vector_pursuit_controller
[18.739s] -- Install configuration: "Release"
[18.739s] -- Installing: /home/kth/robot_dev/vicpinky_2/install/vector_pursuit_controller/lib/libvector_pursuit_controller.so
[18.739s] -- Set non-toolchain portion of runtime path of "/home/kth/robot_dev/vicpinky_2/install/vector_pursuit_controller/lib/libvector_pursuit_controller.so" to ""
[18.739s] -- Installing: /home/kth/robot_dev/vicpinky_2/install/vector_pursuit_controller/include/
[18.739s] -- Installing: /home/kth/robot_dev/vicpinky_2/install/vector_pursuit_controller/include//vector_pursuit_controller
[18.739s] -- Installing: /home/kth/robot_dev/vicpinky_2/install/vector_pursuit_controller/include//vector_pursuit_controller/vector_pursuit_controller.hpp
[18.740s] -- Installing: /home/kth/robot_dev/vicpinky_2/install/vector_pursuit_controller/share/vector_pursuit_controller/config
[18.740s] -- Installing: /home/kth/robot_dev/vicpinky_2/install/vector_pursuit_controller/share/vector_pursuit_controller/config/bcr_map.yaml
[18.740s] -- Installing: /home/kth/robot_dev/vicpinky_2/install/vector_pursuit_controller/share/vector_pursuit_controller/config/sample_nav2_params.yaml
[18.740s] -- Installing: /home/kth/robot_dev/vicpinky_2/install/vector_pursuit_controller/share/vector_pursuit_controller/config/bcr_map.pgm
[18.740s] -- Installing: /home/kth/robot_dev/vicpinky_2/install/vector_pursuit_controller/share/vector_pursuit_controller/launch
[18.740s] -- Installing: /home/kth/robot_dev/vicpinky_2/install/vector_pursuit_controller/share/vector_pursuit_controller/launch/bcr_bot_demo.launch.py
[18.740s] -- Installing: /home/kth/robot_dev/vicpinky_2/install/vector_pursuit_controller/share/vector_pursuit_controller/environment/library_path.sh
[18.740s] -- Installing: /home/kth/robot_dev/vicpinky_2/install/vector_pursuit_controller/share/vector_pursuit_controller/environment/library_path.dsv
[18.740s] -- Installing: /home/kth/robot_dev/vicpinky_2/install/vector_pursuit_controller/share/vector_pursuit_controller/vector_pursuit_controller.xml
[18.740s] -- Installing: /home/kth/robot_dev/vicpinky_2/install/vector_pursuit_controller/share/ament_index/resource_index/package_run_dependencies/vector_pursuit_controller
[18.740s] -- Installing: /home/kth/robot_dev/vicpinky_2/install/vector_pursuit_controller/share/ament_index/resource_index/parent_prefix_path/vector_pursuit_controller
[18.740s] -- Installing: /home/kth/robot_dev/vicpinky_2/install/vector_pursuit_controller/share/vector_pursuit_controller/environment/ament_prefix_path.sh
[18.740s] -- Installing: /home/kth/robot_dev/vicpinky_2/install/vector_pursuit_controller/share/vector_pursuit_controller/environment/ament_prefix_path.dsv
[18.741s] -- Installing: /home/kth/robot_dev/vicpinky_2/install/vector_pursuit_controller/share/vector_pursuit_controller/environment/path.sh
[18.741s] -- Installing: /home/kth/robot_dev/vicpinky_2/install/vector_pursuit_controller/share/vector_pursuit_controller/environment/path.dsv
[18.741s] -- Installing: /home/kth/robot_dev/vicpinky_2/install/vector_pursuit_controller/share/vector_pursuit_controller/local_setup.bash
[18.741s] -- Installing: /home/kth/robot_dev/vicpinky_2/install/vector_pursuit_controller/share/vector_pursuit_controller/local_setup.sh
[18.741s] -- Installing: /home/kth/robot_dev/vicpinky_2/install/vector_pursuit_controller/share/vector_pursuit_controller/local_setup.zsh
[18.741s] -- Installing: /home/kth/robot_dev/vicpinky_2/install/vector_pursuit_controller/share/vector_pursuit_controller/local_setup.dsv
[18.741s] -- Installing: /home/kth/robot_dev/vicpinky_2/install/vector_pursuit_controller/share/vector_pursuit_controller/package.dsv
[18.741s] -- Installing: /home/kth/robot_dev/vicpinky_2/install/vector_pursuit_controller/share/ament_index/resource_index/packages/vector_pursuit_controller
[18.741s] -- Installing: /home/kth/robot_dev/vicpinky_2/install/vector_pursuit_controller/share/ament_index/resource_index/nav2_core__pluginlib__plugin/vector_pursuit_controller
[18.741s] -- Installing: /home/kth/robot_dev/vicpinky_2/install/vector_pursuit_controller/share/vector_pursuit_controller/cmake/ament_cmake_export_include_directories-extras.cmake
[18.741s] -- Installing: /home/kth/robot_dev/vicpinky_2/install/vector_pursuit_controller/share/vector_pursuit_controller/cmake/ament_cmake_export_libraries-extras.cmake
[18.742s] -- Installing: /home/kth/robot_dev/vicpinky_2/install/vector_pursuit_controller/share/vector_pursuit_controller/cmake/ament_cmake_export_dependencies-extras.cmake
[18.742s] -- Installing: /home/kth/robot_dev/vicpinky_2/install/vector_pursuit_controller/share/vector_pursuit_controller/cmake/vector_pursuit_controllerConfig.cmake
[18.742s] -- Installing: /home/kth/robot_dev/vicpinky_2/install/vector_pursuit_controller/share/vector_pursuit_controller/cmake/vector_pursuit_controllerConfig-version.cmake
[18.742s] -- Installing: /home/kth/robot_dev/vicpinky_2/install/vector_pursuit_controller/share/vector_pursuit_controller/package.xml
[18.744s] Invoked command in '/home/kth/robot_dev/vicpinky_2/build/vector_pursuit_controller' returned '0': CMAKE_PREFIX_PATH=${CMAKE_PREFIX_PATH}:/opt/ros/jazzy DEBUGINFOD_URLS=https://debuginfod.ubuntu.com /usr/bin/cmake --install /home/kth/robot_dev/vicpinky_2/build/vector_pursuit_controller
