[0.005s] Invoking command in '/home/kth/robot_dev/pinky/build/pinky_gazebo': AMENT_PREFIX_PATH=/home/kth/robot_dev/pinky/install/pinky_description:${AMENT_PREFIX_PATH} CMAKE_PREFIX_PATH=/home/kth/robot_dev/pinky/install/pinky_description:/opt/ros/jazzy/opt/gz_sim_vendor:/opt/ros/jazzy/opt/gz_sensors_vendor:/opt/ros/jazzy/opt/gz_physics_vendor:/opt/ros/jazzy/opt/sdformat_vendor:/opt/ros/jazzy/opt/gz_gui_vendor:/opt/ros/jazzy/opt/gz_transport_vendor:/opt/ros/jazzy/opt/gz_rendering_vendor:/opt/ros/jazzy/opt/gz_plugin_vendor:/opt/ros/jazzy/opt/gz_fuel_tools_vendor:/opt/ros/jazzy/opt/gz_msgs_vendor:/opt/ros/jazzy/opt/gz_common_vendor:/opt/ros/jazzy/opt/gz_math_vendor:/opt/ros/jazzy/opt/gz_utils_vendor:/opt/ros/jazzy/opt/gz_tools_vendor:/opt/ros/jazzy/opt/gz_ogre_next_vendor:/opt/ros/jazzy/opt/gz_dartsim_vendor:/opt/ros/jazzy/opt/gz_cmake_vendor:/opt/ros/jazzy DEBUGINFOD_URLS=https://debuginfod.ubuntu.com /usr/bin/cmake /home/kth/robot_dev/pinky/src/pinky_for_edu/pinky_gazebo -DCMAKE_INSTALL_PREFIX=/home/kth/robot_dev/pinky/install/pinky_gazebo
[0.045s] -- The C compiler identification is GNU 13.3.0
[0.087s] -- The CXX compiler identification is GNU 13.3.0
[0.098s] -- Detecting C compiler ABI info
[0.158s] -- Detecting C compiler ABI info - done
[0.166s] -- Check for working C compiler: /usr/bin/cc - skipped
[0.166s] -- Detecting C compile features
[0.167s] -- Detecting C compile features - done
[0.173s] -- Detecting CXX compiler ABI info
[0.240s] -- Detecting CXX compiler ABI info - done
[0.248s] -- Check for working CXX compiler: /usr/bin/c++ - skipped
[0.249s] -- Detecting CXX compile features
[0.249s] -- Detecting CXX compile features - done
[0.252s] -- Found ament_cmake: 2.5.4 (/opt/ros/jazzy/share/ament_cmake/cmake)
[0.334s] -- Found Python3: /home/kth/venv/ros_venv/bin/python3 (found version "3.12.3") found components: Interpreter 
[0.423s] -- Found ament_lint_auto: 0.17.2 (/opt/ros/jazzy/share/ament_lint_auto/cmake)
[0.507s] -- Added test 'lint_cmake' to check CMake code style
[0.509s] -- Added test 'xmllint' to check XML markup files
[0.510s] -- Configuring done (0.5s)
[0.512s] -- Generating done (0.0s)
[0.513s] -- Build files have been written to: /home/kth/robot_dev/pinky/build/pinky_gazebo
[0.517s] Invoked command in '/home/kth/robot_dev/pinky/build/pinky_gazebo' returned '0': AMENT_PREFIX_PATH=/home/kth/robot_dev/pinky/install/pinky_description:${AMENT_PREFIX_PATH} CMAKE_PREFIX_PATH=/home/kth/robot_dev/pinky/install/pinky_description:/opt/ros/jazzy/opt/gz_sim_vendor:/opt/ros/jazzy/opt/gz_sensors_vendor:/opt/ros/jazzy/opt/gz_physics_vendor:/opt/ros/jazzy/opt/sdformat_vendor:/opt/ros/jazzy/opt/gz_gui_vendor:/opt/ros/jazzy/opt/gz_transport_vendor:/opt/ros/jazzy/opt/gz_rendering_vendor:/opt/ros/jazzy/opt/gz_plugin_vendor:/opt/ros/jazzy/opt/gz_fuel_tools_vendor:/opt/ros/jazzy/opt/gz_msgs_vendor:/opt/ros/jazzy/opt/gz_common_vendor:/opt/ros/jazzy/opt/gz_math_vendor:/opt/ros/jazzy/opt/gz_utils_vendor:/opt/ros/jazzy/opt/gz_tools_vendor:/opt/ros/jazzy/opt/gz_ogre_next_vendor:/opt/ros/jazzy/opt/gz_dartsim_vendor:/opt/ros/jazzy/opt/gz_cmake_vendor:/opt/ros/jazzy DEBUGINFOD_URLS=https://debuginfod.ubuntu.com /usr/bin/cmake /home/kth/robot_dev/pinky/src/pinky_for_edu/pinky_gazebo -DCMAKE_INSTALL_PREFIX=/home/kth/robot_dev/pinky/install/pinky_gazebo
[0.518s] Invoking command in '/home/kth/robot_dev/pinky/build/pinky_gazebo': AMENT_PREFIX_PATH=/home/kth/robot_dev/pinky/install/pinky_description:${AMENT_PREFIX_PATH} CMAKE_PREFIX_PATH=/home/kth/robot_dev/pinky/install/pinky_description:/opt/ros/jazzy/opt/gz_sim_vendor:/opt/ros/jazzy/opt/gz_sensors_vendor:/opt/ros/jazzy/opt/gz_physics_vendor:/opt/ros/jazzy/opt/sdformat_vendor:/opt/ros/jazzy/opt/gz_gui_vendor:/opt/ros/jazzy/opt/gz_transport_vendor:/opt/ros/jazzy/opt/gz_rendering_vendor:/opt/ros/jazzy/opt/gz_plugin_vendor:/opt/ros/jazzy/opt/gz_fuel_tools_vendor:/opt/ros/jazzy/opt/gz_msgs_vendor:/opt/ros/jazzy/opt/gz_common_vendor:/opt/ros/jazzy/opt/gz_math_vendor:/opt/ros/jazzy/opt/gz_utils_vendor:/opt/ros/jazzy/opt/gz_tools_vendor:/opt/ros/jazzy/opt/gz_ogre_next_vendor:/opt/ros/jazzy/opt/gz_dartsim_vendor:/opt/ros/jazzy/opt/gz_cmake_vendor:/opt/ros/jazzy DEBUGINFOD_URLS=https://debuginfod.ubuntu.com /usr/bin/cmake --build /home/kth/robot_dev/pinky/build/pinky_gazebo -- -j12 -l12
[0.545s] Invoked command in '/home/kth/robot_dev/pinky/build/pinky_gazebo' returned '0': AMENT_PREFIX_PATH=/home/kth/robot_dev/pinky/install/pinky_description:${AMENT_PREFIX_PATH} CMAKE_PREFIX_PATH=/home/kth/robot_dev/pinky/install/pinky_description:/opt/ros/jazzy/opt/gz_sim_vendor:/opt/ros/jazzy/opt/gz_sensors_vendor:/opt/ros/jazzy/opt/gz_physics_vendor:/opt/ros/jazzy/opt/sdformat_vendor:/opt/ros/jazzy/opt/gz_gui_vendor:/opt/ros/jazzy/opt/gz_transport_vendor:/opt/ros/jazzy/opt/gz_rendering_vendor:/opt/ros/jazzy/opt/gz_plugin_vendor:/opt/ros/jazzy/opt/gz_fuel_tools_vendor:/opt/ros/jazzy/opt/gz_msgs_vendor:/opt/ros/jazzy/opt/gz_common_vendor:/opt/ros/jazzy/opt/gz_math_vendor:/opt/ros/jazzy/opt/gz_utils_vendor:/opt/ros/jazzy/opt/gz_tools_vendor:/opt/ros/jazzy/opt/gz_ogre_next_vendor:/opt/ros/jazzy/opt/gz_dartsim_vendor:/opt/ros/jazzy/opt/gz_cmake_vendor:/opt/ros/jazzy DEBUGINFOD_URLS=https://debuginfod.ubuntu.com /usr/bin/cmake --build /home/kth/robot_dev/pinky/build/pinky_gazebo -- -j12 -l12
[0.545s] Invoking command in '/home/kth/robot_dev/pinky/build/pinky_gazebo': AMENT_PREFIX_PATH=/home/kth/robot_dev/pinky/install/pinky_description:${AMENT_PREFIX_PATH} CMAKE_PREFIX_PATH=/home/kth/robot_dev/pinky/install/pinky_description:/opt/ros/jazzy/opt/gz_sim_vendor:/opt/ros/jazzy/opt/gz_sensors_vendor:/opt/ros/jazzy/opt/gz_physics_vendor:/opt/ros/jazzy/opt/sdformat_vendor:/opt/ros/jazzy/opt/gz_gui_vendor:/opt/ros/jazzy/opt/gz_transport_vendor:/opt/ros/jazzy/opt/gz_rendering_vendor:/opt/ros/jazzy/opt/gz_plugin_vendor:/opt/ros/jazzy/opt/gz_fuel_tools_vendor:/opt/ros/jazzy/opt/gz_msgs_vendor:/opt/ros/jazzy/opt/gz_common_vendor:/opt/ros/jazzy/opt/gz_math_vendor:/opt/ros/jazzy/opt/gz_utils_vendor:/opt/ros/jazzy/opt/gz_tools_vendor:/opt/ros/jazzy/opt/gz_ogre_next_vendor:/opt/ros/jazzy/opt/gz_dartsim_vendor:/opt/ros/jazzy/opt/gz_cmake_vendor:/opt/ros/jazzy DEBUGINFOD_URLS=https://debuginfod.ubuntu.com /usr/bin/cmake --install /home/kth/robot_dev/pinky/build/pinky_gazebo
[0.551s] -- Install configuration: ""
[0.551s] -- Installing: /home/kth/robot_dev/pinky/install/pinky_gazebo/share/pinky_gazebo/launch
[0.551s] -- Installing: /home/kth/robot_dev/pinky/install/pinky_gazebo/share/pinky_gazebo/launch/launch_sim_resto.launch.xml
[0.551s] -- Installing: /home/kth/robot_dev/pinky/install/pinky_gazebo/share/pinky_gazebo/launch/launch_sim_empty.launch.xml
[0.551s] -- Installing: /home/kth/robot_dev/pinky/install/pinky_gazebo/share/pinky_gazebo/launch/launch_sim.launch.xml
[0.551s] -- Installing: /home/kth/robot_dev/pinky/install/pinky_gazebo/share/pinky_gazebo/worlds
[0.552s] -- Installing: /home/kth/robot_dev/pinky/install/pinky_gazebo/share/pinky_gazebo/worlds/pinky_factory.world
[0.552s] -- Installing: /home/kth/robot_dev/pinky/install/pinky_gazebo/share/pinky_gazebo/worlds/pinky_restaurant_.world
[0.552s] -- Installing: /home/kth/robot_dev/pinky/install/pinky_gazebo/share/pinky_gazebo/worlds/pinky_factory_with_arm.world
[0.552s] -- Installing: /home/kth/robot_dev/pinky/install/pinky_gazebo/share/pinky_gazebo/worlds/empty.world
[0.552s] -- Installing: /home/kth/robot_dev/pinky/install/pinky_gazebo/share/pinky_gazebo/worlds/pinky_map.world
[0.552s] -- Installing: /home/kth/robot_dev/pinky/install/pinky_gazebo/share/pinky_gazebo/worlds/pinky_restaurant.world
[0.552s] -- Installing: /home/kth/robot_dev/pinky/install/pinky_gazebo/share/pinky_gazebo/models
[0.552s] -- Installing: /home/kth/robot_dev/pinky/install/pinky_gazebo/share/pinky_gazebo/models/obj
[0.552s] -- Installing: /home/kth/robot_dev/pinky/install/pinky_gazebo/share/pinky_gazebo/models/obj/obj.obj
[0.552s] -- Installing: /home/kth/robot_dev/pinky/install/pinky_gazebo/share/pinky_gazebo/models/obj/table2.dae
[0.552s] -- Installing: /home/kth/robot_dev/pinky/install/pinky_gazebo/share/pinky_gazebo/models/obj/arm_block.obj
[0.552s] -- Installing: /home/kth/robot_dev/pinky/install/pinky_gazebo/share/pinky_gazebo/models/obj/table.dae
[0.552s] -- Installing: /home/kth/robot_dev/pinky/install/pinky_gazebo/share/pinky_gazebo/models/obj/station.dae
[0.552s] -- Installing: /home/kth/robot_dev/pinky/install/pinky_gazebo/share/pinky_gazebo/models/img
[0.553s] -- Installing: /home/kth/robot_dev/pinky/install/pinky_gazebo/share/pinky_gazebo/models/img/pinklab_half.jpg
[0.553s] -- Installing: /home/kth/robot_dev/pinky/install/pinky_gazebo/share/pinky_gazebo/models/img/pinklab.jpg
[0.553s] -- Installing: /home/kth/robot_dev/pinky/install/pinky_gazebo/share/pinky_gazebo/models/robot
[0.553s] -- Installing: /home/kth/robot_dev/pinky/install/pinky_gazebo/share/pinky_gazebo/models/robot/jetcobot.dae
[0.572s] -- Installing: /home/kth/robot_dev/pinky/install/pinky_gazebo/share/pinky_gazebo/models/shelf
[0.572s] -- Installing: /home/kth/robot_dev/pinky/install/pinky_gazebo/share/pinky_gazebo/models/shelf/meshes
[0.572s] -- Installing: /home/kth/robot_dev/pinky/install/pinky_gazebo/share/pinky_gazebo/models/shelf/meshes/Box_paper_04_1_Base_Color.png
[0.573s] -- Installing: /home/kth/robot_dev/pinky/install/pinky_gazebo/share/pinky_gazebo/models/shelf/meshes/shelf_big_movai.dae
[0.573s] -- Installing: /home/kth/robot_dev/pinky/install/pinky_gazebo/share/pinky_gazebo/models/shelf/original_modl.sdf
[0.573s] -- Installing: /home/kth/robot_dev/pinky/install/pinky_gazebo/share/pinky_gazebo/models/shelf/model.sdf
[0.573s] -- Installing: /home/kth/robot_dev/pinky/install/pinky_gazebo/share/pinky_gazebo/models/shelf/thumbnails
[0.573s] -- Installing: /home/kth/robot_dev/pinky/install/pinky_gazebo/share/pinky_gazebo/models/shelf/thumbnails/1.png
[0.573s] -- Installing: /home/kth/robot_dev/pinky/install/pinky_gazebo/share/pinky_gazebo/models/shelf/model.config
[0.573s] -- Installing: /home/kth/robot_dev/pinky/install/pinky_gazebo/share/pinky_gazebo/params
[0.573s] -- Installing: /home/kth/robot_dev/pinky/install/pinky_gazebo/share/pinky_gazebo/params/pinky_bridge.yaml
[0.574s] -- Installing: /home/kth/robot_dev/pinky/install/pinky_gazebo/share/ament_index/resource_index/package_run_dependencies/pinky_gazebo
[0.574s] -- Installing: /home/kth/robot_dev/pinky/install/pinky_gazebo/share/ament_index/resource_index/parent_prefix_path/pinky_gazebo
[0.574s] -- Installing: /home/kth/robot_dev/pinky/install/pinky_gazebo/share/pinky_gazebo/environment/ament_prefix_path.sh
[0.574s] -- Installing: /home/kth/robot_dev/pinky/install/pinky_gazebo/share/pinky_gazebo/environment/ament_prefix_path.dsv
[0.574s] -- Installing: /home/kth/robot_dev/pinky/install/pinky_gazebo/share/pinky_gazebo/environment/path.sh
[0.574s] -- Installing: /home/kth/robot_dev/pinky/install/pinky_gazebo/share/pinky_gazebo/environment/path.dsv
[0.574s] -- Installing: /home/kth/robot_dev/pinky/install/pinky_gazebo/share/pinky_gazebo/local_setup.bash
[0.574s] -- Installing: /home/kth/robot_dev/pinky/install/pinky_gazebo/share/pinky_gazebo/local_setup.sh
[0.574s] -- Installing: /home/kth/robot_dev/pinky/install/pinky_gazebo/share/pinky_gazebo/local_setup.zsh
[0.574s] -- Installing: /home/kth/robot_dev/pinky/install/pinky_gazebo/share/pinky_gazebo/local_setup.dsv
[0.574s] -- Installing: /home/kth/robot_dev/pinky/install/pinky_gazebo/share/pinky_gazebo/package.dsv
[0.575s] -- Installing: /home/kth/robot_dev/pinky/install/pinky_gazebo/share/ament_index/resource_index/packages/pinky_gazebo
[0.575s] -- Installing: /home/kth/robot_dev/pinky/install/pinky_gazebo/share/pinky_gazebo/cmake/pinky_gazeboConfig.cmake
[0.575s] -- Installing: /home/kth/robot_dev/pinky/install/pinky_gazebo/share/pinky_gazebo/cmake/pinky_gazeboConfig-version.cmake
[0.575s] -- Installing: /home/kth/robot_dev/pinky/install/pinky_gazebo/share/pinky_gazebo/package.xml
[0.576s] Invoked command in '/home/kth/robot_dev/pinky/build/pinky_gazebo' returned '0': AMENT_PREFIX_PATH=/home/kth/robot_dev/pinky/install/pinky_description:${AMENT_PREFIX_PATH} CMAKE_PREFIX_PATH=/home/kth/robot_dev/pinky/install/pinky_description:/opt/ros/jazzy/opt/gz_sim_vendor:/opt/ros/jazzy/opt/gz_sensors_vendor:/opt/ros/jazzy/opt/gz_physics_vendor:/opt/ros/jazzy/opt/sdformat_vendor:/opt/ros/jazzy/opt/gz_gui_vendor:/opt/ros/jazzy/opt/gz_transport_vendor:/opt/ros/jazzy/opt/gz_rendering_vendor:/opt/ros/jazzy/opt/gz_plugin_vendor:/opt/ros/jazzy/opt/gz_fuel_tools_vendor:/opt/ros/jazzy/opt/gz_msgs_vendor:/opt/ros/jazzy/opt/gz_common_vendor:/opt/ros/jazzy/opt/gz_math_vendor:/opt/ros/jazzy/opt/gz_utils_vendor:/opt/ros/jazzy/opt/gz_tools_vendor:/opt/ros/jazzy/opt/gz_ogre_next_vendor:/opt/ros/jazzy/opt/gz_dartsim_vendor:/opt/ros/jazzy/opt/gz_cmake_vendor:/opt/ros/jazzy DEBUGINFOD_URLS=https://debuginfod.ubuntu.com /usr/bin/cmake --install /home/kth/robot_dev/pinky/build/pinky_gazebo
