[0.154s] Invoking command in '/home/kth/robot_dev/vicpinky_2/build/vicpinky_description': DEBUGINFOD_URLS=https://debuginfod.ubuntu.com /usr/bin/cmake --build /home/kth/robot_dev/vicpinky_2/build/vicpinky_description -- -j12 -l12
[0.192s] Invoked command in '/home/kth/robot_dev/vicpinky_2/build/vicpinky_description' returned '0': DEBUGINFOD_URLS=https://debuginfod.ubuntu.com /usr/bin/cmake --build /home/kth/robot_dev/vicpinky_2/build/vicpinky_description -- -j12 -l12
[0.193s] Invoking command in '/home/kth/robot_dev/vicpinky_2/build/vicpinky_description': DEBUGINFOD_URLS=https://debuginfod.ubuntu.com /usr/bin/cmake --install /home/kth/robot_dev/vicpinky_2/build/vicpinky_description
[0.201s] -- Install configuration: ""
[0.201s] -- Up-to-date: /home/kth/robot_dev/vicpinky_2/install/vicpinky_description/share/vicpinky_description/rviz
[0.202s] -- Up-to-date: /home/kth/robot_dev/vicpinky_2/install/vicpinky_description/share/vicpinky_description/rviz/urdf_config.rviz
[0.202s] -- Up-to-date: /home/kth/robot_dev/vicpinky_2/install/vicpinky_description/share/vicpinky_description/urdf
[0.202s] -- Up-to-date: /home/kth/robot_dev/vicpinky_2/install/vicpinky_description/share/vicpinky_description/urdf/robot_gazebo.xacro
[0.202s] -- Up-to-date: /home/kth/robot_dev/vicpinky_2/install/vicpinky_description/share/vicpinky_description/urdf/lidar.xacro
[0.202s] -- Up-to-date: /home/kth/robot_dev/vicpinky_2/install/vicpinky_description/share/vicpinky_description/urdf/robot_core.xacro
[0.202s] -- Up-to-date: /home/kth/robot_dev/vicpinky_2/install/vicpinky_description/share/vicpinky_description/urdf/camera.xacro
[0.202s] -- Up-to-date: /home/kth/robot_dev/vicpinky_2/install/vicpinky_description/share/vicpinky_description/urdf/robot.urdf.xacro
[0.202s] -- Up-to-date: /home/kth/robot_dev/vicpinky_2/install/vicpinky_description/share/vicpinky_description/urdf/inertial_macros.xacro
[0.202s] -- Up-to-date: /home/kth/robot_dev/vicpinky_2/install/vicpinky_description/share/vicpinky_description/urdf/gazebo_control.xacro
[0.202s] -- Up-to-date: /home/kth/robot_dev/vicpinky_2/install/vicpinky_description/share/vicpinky_description/launch
[0.202s] -- Up-to-date: /home/kth/robot_dev/vicpinky_2/install/vicpinky_description/share/vicpinky_description/launch/display.launch.xml
[0.202s] -- Up-to-date: /home/kth/robot_dev/vicpinky_2/install/vicpinky_description/share/vicpinky_description/launch/upload.launch.xml
[0.202s] -- Up-to-date: /home/kth/robot_dev/vicpinky_2/install/vicpinky_description/share/vicpinky_description/meshes
[0.202s] -- Up-to-date: /home/kth/robot_dev/vicpinky_2/install/vicpinky_description/share/vicpinky_description/meshes/collision
[0.203s] -- Up-to-date: /home/kth/robot_dev/vicpinky_2/install/vicpinky_description/share/vicpinky_description/meshes/collision/lidar.stl
[0.203s] -- Up-to-date: /home/kth/robot_dev/vicpinky_2/install/vicpinky_description/share/vicpinky_description/meshes/visual
[0.203s] -- Up-to-date: /home/kth/robot_dev/vicpinky_2/install/vicpinky_description/share/vicpinky_description/meshes/visual/lidar.dae
[0.203s] -- Up-to-date: /home/kth/robot_dev/vicpinky_2/install/vicpinky_description/share/ament_index/resource_index/package_run_dependencies/vicpinky_description
[0.203s] -- Up-to-date: /home/kth/robot_dev/vicpinky_2/install/vicpinky_description/share/ament_index/resource_index/parent_prefix_path/vicpinky_description
[0.203s] -- Up-to-date: /home/kth/robot_dev/vicpinky_2/install/vicpinky_description/share/vicpinky_description/environment/ament_prefix_path.sh
[0.203s] -- Up-to-date: /home/kth/robot_dev/vicpinky_2/install/vicpinky_description/share/vicpinky_description/environment/ament_prefix_path.dsv
[0.203s] -- Up-to-date: /home/kth/robot_dev/vicpinky_2/install/vicpinky_description/share/vicpinky_description/environment/path.sh
[0.203s] -- Up-to-date: /home/kth/robot_dev/vicpinky_2/install/vicpinky_description/share/vicpinky_description/environment/path.dsv
[0.203s] -- Up-to-date: /home/kth/robot_dev/vicpinky_2/install/vicpinky_description/share/vicpinky_description/local_setup.bash
[0.203s] -- Up-to-date: /home/kth/robot_dev/vicpinky_2/install/vicpinky_description/share/vicpinky_description/local_setup.sh
[0.203s] -- Up-to-date: /home/kth/robot_dev/vicpinky_2/install/vicpinky_description/share/vicpinky_description/local_setup.zsh
[0.203s] -- Up-to-date: /home/kth/robot_dev/vicpinky_2/install/vicpinky_description/share/vicpinky_description/local_setup.dsv
[0.203s] -- Installing: /home/kth/robot_dev/vicpinky_2/install/vicpinky_description/share/vicpinky_description/package.dsv
[0.203s] -- Up-to-date: /home/kth/robot_dev/vicpinky_2/install/vicpinky_description/share/ament_index/resource_index/packages/vicpinky_description
[0.203s] -- Up-to-date: /home/kth/robot_dev/vicpinky_2/install/vicpinky_description/share/vicpinky_description/cmake/vicpinky_descriptionConfig.cmake
[0.206s] -- Up-to-date: /home/kth/robot_dev/vicpinky_2/install/vicpinky_description/share/vicpinky_description/cmake/vicpinky_descriptionConfig-version.cmake
[0.206s] -- Up-to-date: /home/kth/robot_dev/vicpinky_2/install/vicpinky_description/share/vicpinky_description/package.xml
[0.207s] Invoked command in '/home/kth/robot_dev/vicpinky_2/build/vicpinky_description' returned '0': DEBUGINFOD_URLS=https://debuginfod.ubuntu.com /usr/bin/cmake --install /home/kth/robot_dev/vicpinky_2/build/vicpinky_description
