[0.011s] Invoking command in '/home/kth/robot_dev/vicpinky_ws/build/vicpinky_description': CMAKE_PREFIX_PATH=${CMAKE_PREFIX_PATH}:/opt/ros/jazzy DEBUGINFOD_URLS=https://debuginfod.ubuntu.com /usr/bin/cmake /home/kth/robot_dev/vicpinky_ws/src/vic_pinky/vicpinky_description -DCMAKE_INSTALL_PREFIX=/home/kth/robot_dev/vicpinky_ws/install/vicpinky_description
[0.031s] -- Found ament_cmake: 2.5.4 (/opt/ros/jazzy/share/ament_cmake/cmake)
[0.153s] -- Found Python3: /usr/bin/python3 (found version "3.12.3") found components: Interpreter 
[0.298s] -- Found ament_lint_auto: 0.17.2 (/opt/ros/jazzy/share/ament_lint_auto/cmake)
[0.391s] -- Added test 'lint_cmake' to check CMake code style
[0.393s] -- Added test 'xmllint' to check XML markup files
[0.395s] -- Configuring done (0.4s)
[0.397s] -- Generating done (0.0s)
[0.398s] -- Build files have been written to: /home/kth/robot_dev/vicpinky_ws/build/vicpinky_description
[0.401s] Invoked command in '/home/kth/robot_dev/vicpinky_ws/build/vicpinky_description' returned '0': CMAKE_PREFIX_PATH=${CMAKE_PREFIX_PATH}:/opt/ros/jazzy DEBUGINFOD_URLS=https://debuginfod.ubuntu.com /usr/bin/cmake /home/kth/robot_dev/vicpinky_ws/src/vic_pinky/vicpinky_description -DCMAKE_INSTALL_PREFIX=/home/kth/robot_dev/vicpinky_ws/install/vicpinky_description
[0.401s] Invoking command in '/home/kth/robot_dev/vicpinky_ws/build/vicpinky_description': CMAKE_PREFIX_PATH=${CMAKE_PREFIX_PATH}:/opt/ros/jazzy DEBUGINFOD_URLS=https://debuginfod.ubuntu.com /usr/bin/cmake --build /home/kth/robot_dev/vicpinky_ws/build/vicpinky_description -- -j12 -l12
[0.431s] Invoked command in '/home/kth/robot_dev/vicpinky_ws/build/vicpinky_description' returned '0': CMAKE_PREFIX_PATH=${CMAKE_PREFIX_PATH}:/opt/ros/jazzy DEBUGINFOD_URLS=https://debuginfod.ubuntu.com /usr/bin/cmake --build /home/kth/robot_dev/vicpinky_ws/build/vicpinky_description -- -j12 -l12
[0.439s] Invoking command in '/home/kth/robot_dev/vicpinky_ws/build/vicpinky_description': CMAKE_PREFIX_PATH=${CMAKE_PREFIX_PATH}:/opt/ros/jazzy DEBUGINFOD_URLS=https://debuginfod.ubuntu.com /usr/bin/cmake --install /home/kth/robot_dev/vicpinky_ws/build/vicpinky_description
[0.445s] -- Install configuration: ""
[0.445s] -- Installing: /home/kth/robot_dev/vicpinky_ws/install/vicpinky_description/share/vicpinky_description/rviz
[0.445s] -- Installing: /home/kth/robot_dev/vicpinky_ws/install/vicpinky_description/share/vicpinky_description/rviz/urdf_config.rviz
[0.445s] -- Installing: /home/kth/robot_dev/vicpinky_ws/install/vicpinky_description/share/vicpinky_description/urdf
[0.445s] -- Installing: /home/kth/robot_dev/vicpinky_ws/install/vicpinky_description/share/vicpinky_description/urdf/camera.xacro
[0.445s] -- Installing: /home/kth/robot_dev/vicpinky_ws/install/vicpinky_description/share/vicpinky_description/urdf/robot_core.xacro
[0.445s] -- Installing: /home/kth/robot_dev/vicpinky_ws/install/vicpinky_description/share/vicpinky_description/urdf/robot_gazebo.xacro
[0.445s] -- Installing: /home/kth/robot_dev/vicpinky_ws/install/vicpinky_description/share/vicpinky_description/urdf/robot.urdf.xacro
[0.445s] -- Installing: /home/kth/robot_dev/vicpinky_ws/install/vicpinky_description/share/vicpinky_description/urdf/gazebo_control.xacro
[0.445s] -- Installing: /home/kth/robot_dev/vicpinky_ws/install/vicpinky_description/share/vicpinky_description/urdf/inertial_macros.xacro
[0.445s] -- Installing: /home/kth/robot_dev/vicpinky_ws/install/vicpinky_description/share/vicpinky_description/urdf/lidar.xacro
[0.446s] -- Installing: /home/kth/robot_dev/vicpinky_ws/install/vicpinky_description/share/vicpinky_description/launch
[0.446s] -- Installing: /home/kth/robot_dev/vicpinky_ws/install/vicpinky_description/share/vicpinky_description/launch/display.launch.xml
[0.446s] -- Installing: /home/kth/robot_dev/vicpinky_ws/install/vicpinky_description/share/vicpinky_description/launch/upload.launch.xml
[0.446s] -- Installing: /home/kth/robot_dev/vicpinky_ws/install/vicpinky_description/share/vicpinky_description/meshes
[0.446s] -- Installing: /home/kth/robot_dev/vicpinky_ws/install/vicpinky_description/share/vicpinky_description/meshes/visual
[0.446s] -- Installing: /home/kth/robot_dev/vicpinky_ws/install/vicpinky_description/share/vicpinky_description/meshes/visual/lidar.dae
[0.447s] -- Installing: /home/kth/robot_dev/vicpinky_ws/install/vicpinky_description/share/vicpinky_description/meshes/collision
[0.447s] -- Installing: /home/kth/robot_dev/vicpinky_ws/install/vicpinky_description/share/vicpinky_description/meshes/collision/lidar.stl
[0.448s] -- Installing: /home/kth/robot_dev/vicpinky_ws/install/vicpinky_description/share/ament_index/resource_index/package_run_dependencies/vicpinky_description
[0.448s] -- Installing: /home/kth/robot_dev/vicpinky_ws/install/vicpinky_description/share/ament_index/resource_index/parent_prefix_path/vicpinky_description
[0.448s] -- Installing: /home/kth/robot_dev/vicpinky_ws/install/vicpinky_description/share/vicpinky_description/environment/ament_prefix_path.sh
[0.448s] -- Installing: /home/kth/robot_dev/vicpinky_ws/install/vicpinky_description/share/vicpinky_description/environment/ament_prefix_path.dsv
[0.448s] -- Installing: /home/kth/robot_dev/vicpinky_ws/install/vicpinky_description/share/vicpinky_description/environment/path.sh
[0.448s] -- Installing: /home/kth/robot_dev/vicpinky_ws/install/vicpinky_description/share/vicpinky_description/environment/path.dsv
[0.448s] -- Installing: /home/kth/robot_dev/vicpinky_ws/install/vicpinky_description/share/vicpinky_description/local_setup.bash
[0.448s] -- Installing: /home/kth/robot_dev/vicpinky_ws/install/vicpinky_description/share/vicpinky_description/local_setup.sh
[0.448s] -- Installing: /home/kth/robot_dev/vicpinky_ws/install/vicpinky_description/share/vicpinky_description/local_setup.zsh
[0.448s] -- Installing: /home/kth/robot_dev/vicpinky_ws/install/vicpinky_description/share/vicpinky_description/local_setup.dsv
[0.448s] -- Installing: /home/kth/robot_dev/vicpinky_ws/install/vicpinky_description/share/vicpinky_description/package.dsv
[0.449s] -- Installing: /home/kth/robot_dev/vicpinky_ws/install/vicpinky_description/share/ament_index/resource_index/packages/vicpinky_description
[0.449s] -- Installing: /home/kth/robot_dev/vicpinky_ws/install/vicpinky_description/share/vicpinky_description/cmake/vicpinky_descriptionConfig.cmake
[0.449s] -- Installing: /home/kth/robot_dev/vicpinky_ws/install/vicpinky_description/share/vicpinky_description/cmake/vicpinky_descriptionConfig-version.cmake
[0.449s] -- Installing: /home/kth/robot_dev/vicpinky_ws/install/vicpinky_description/share/vicpinky_description/package.xml
[0.450s] Invoked command in '/home/kth/robot_dev/vicpinky_ws/build/vicpinky_description' returned '0': CMAKE_PREFIX_PATH=${CMAKE_PREFIX_PATH}:/opt/ros/jazzy DEBUGINFOD_URLS=https://debuginfod.ubuntu.com /usr/bin/cmake --install /home/kth/robot_dev/vicpinky_ws/build/vicpinky_description
