[0.203s] Invoking command in '/home/kth/robot_dev/vicpinky_2/build/vicpinky_description': CMAKE_PREFIX_PATH=${CMAKE_PREFIX_PATH}:/opt/ros/jazzy DEBUGINFOD_URLS=https://debuginfod.ubuntu.com /usr/bin/cmake /home/kth/robot_dev/vicpinky_2/src/vic_pinky/vicpinky_description -DCMAKE_INSTALL_PREFIX=/home/kth/robot_dev/vicpinky_2/install/vicpinky_description
[0.249s] -- The C compiler identification is GNU 13.3.0
[0.298s] -- The CXX compiler identification is GNU 13.3.0
[0.311s] -- Detecting C compiler ABI info
[0.378s] -- Detecting C compiler ABI info - done
[0.387s] -- Check for working C compiler: /usr/bin/cc - skipped
[0.387s] -- Detecting C compile features
[0.387s] -- Detecting C compile features - done
[0.394s] -- Detecting CXX compiler ABI info
[0.469s] -- Detecting CXX compiler ABI info - done
[0.478s] -- Check for working CXX compiler: /usr/bin/c++ - skipped
[0.478s] -- Detecting CXX compile features
[0.478s] -- Detecting CXX compile features - done
[0.481s] -- Found ament_cmake: 2.5.4 (/opt/ros/jazzy/share/ament_cmake/cmake)
[0.610s] -- Found Python3: /usr/bin/python3 (found version "3.12.3") found components: Interpreter 
[0.712s] -- Found ament_lint_auto: 0.17.2 (/opt/ros/jazzy/share/ament_lint_auto/cmake)
[0.822s] -- Added test 'lint_cmake' to check CMake code style
[0.825s] -- Added test 'xmllint' to check XML markup files
[0.827s] -- Configuring done (0.6s)
[0.831s] -- Generating done (0.0s)
[0.833s] -- Build files have been written to: /home/kth/robot_dev/vicpinky_2/build/vicpinky_description
[0.838s] Invoked command in '/home/kth/robot_dev/vicpinky_2/build/vicpinky_description' returned '0': CMAKE_PREFIX_PATH=${CMAKE_PREFIX_PATH}:/opt/ros/jazzy DEBUGINFOD_URLS=https://debuginfod.ubuntu.com /usr/bin/cmake /home/kth/robot_dev/vicpinky_2/src/vic_pinky/vicpinky_description -DCMAKE_INSTALL_PREFIX=/home/kth/robot_dev/vicpinky_2/install/vicpinky_description
[0.840s] Invoking command in '/home/kth/robot_dev/vicpinky_2/build/vicpinky_description': CMAKE_PREFIX_PATH=${CMAKE_PREFIX_PATH}:/opt/ros/jazzy DEBUGINFOD_URLS=https://debuginfod.ubuntu.com /usr/bin/cmake --build /home/kth/robot_dev/vicpinky_2/build/vicpinky_description -- -j12 -l12
[0.870s] Invoked command in '/home/kth/robot_dev/vicpinky_2/build/vicpinky_description' returned '0': CMAKE_PREFIX_PATH=${CMAKE_PREFIX_PATH}:/opt/ros/jazzy DEBUGINFOD_URLS=https://debuginfod.ubuntu.com /usr/bin/cmake --build /home/kth/robot_dev/vicpinky_2/build/vicpinky_description -- -j12 -l12
[0.877s] Invoking command in '/home/kth/robot_dev/vicpinky_2/build/vicpinky_description': CMAKE_PREFIX_PATH=${CMAKE_PREFIX_PATH}:/opt/ros/jazzy DEBUGINFOD_URLS=https://debuginfod.ubuntu.com /usr/bin/cmake --install /home/kth/robot_dev/vicpinky_2/build/vicpinky_description
[0.883s] -- Install configuration: ""
[0.884s] -- Installing: /home/kth/robot_dev/vicpinky_2/install/vicpinky_description/share/vicpinky_description/rviz
[0.884s] -- Installing: /home/kth/robot_dev/vicpinky_2/install/vicpinky_description/share/vicpinky_description/rviz/urdf_config.rviz
[0.884s] -- Installing: /home/kth/robot_dev/vicpinky_2/install/vicpinky_description/share/vicpinky_description/urdf
[0.884s] -- Installing: /home/kth/robot_dev/vicpinky_2/install/vicpinky_description/share/vicpinky_description/urdf/robot_gazebo.xacro
[0.884s] -- Installing: /home/kth/robot_dev/vicpinky_2/install/vicpinky_description/share/vicpinky_description/urdf/lidar.xacro
[0.884s] -- Installing: /home/kth/robot_dev/vicpinky_2/install/vicpinky_description/share/vicpinky_description/urdf/robot_core.xacro
[0.884s] -- Installing: /home/kth/robot_dev/vicpinky_2/install/vicpinky_description/share/vicpinky_description/urdf/camera.xacro
[0.884s] -- Installing: /home/kth/robot_dev/vicpinky_2/install/vicpinky_description/share/vicpinky_description/urdf/robot.urdf.xacro
[0.884s] -- Installing: /home/kth/robot_dev/vicpinky_2/install/vicpinky_description/share/vicpinky_description/urdf/inertial_macros.xacro
[0.884s] -- Installing: /home/kth/robot_dev/vicpinky_2/install/vicpinky_description/share/vicpinky_description/urdf/gazebo_control.xacro
[0.885s] -- Installing: /home/kth/robot_dev/vicpinky_2/install/vicpinky_description/share/vicpinky_description/launch
[0.885s] -- Installing: /home/kth/robot_dev/vicpinky_2/install/vicpinky_description/share/vicpinky_description/launch/display.launch.xml
[0.885s] -- Installing: /home/kth/robot_dev/vicpinky_2/install/vicpinky_description/share/vicpinky_description/launch/upload.launch.xml
[0.885s] -- Installing: /home/kth/robot_dev/vicpinky_2/install/vicpinky_description/share/vicpinky_description/meshes
[0.885s] -- Installing: /home/kth/robot_dev/vicpinky_2/install/vicpinky_description/share/vicpinky_description/meshes/collision
[0.885s] -- Installing: /home/kth/robot_dev/vicpinky_2/install/vicpinky_description/share/vicpinky_description/meshes/collision/lidar.stl
[0.885s] -- Installing: /home/kth/robot_dev/vicpinky_2/install/vicpinky_description/share/vicpinky_description/meshes/visual
[0.886s] -- Installing: /home/kth/robot_dev/vicpinky_2/install/vicpinky_description/share/vicpinky_description/meshes/visual/lidar.dae
[0.887s] -- Installing: /home/kth/robot_dev/vicpinky_2/install/vicpinky_description/share/ament_index/resource_index/package_run_dependencies/vicpinky_description
[0.888s] -- Installing: /home/kth/robot_dev/vicpinky_2/install/vicpinky_description/share/ament_index/resource_index/parent_prefix_path/vicpinky_description
[0.888s] -- Installing: /home/kth/robot_dev/vicpinky_2/install/vicpinky_description/share/vicpinky_description/environment/ament_prefix_path.sh
[0.888s] -- Installing: /home/kth/robot_dev/vicpinky_2/install/vicpinky_description/share/vicpinky_description/environment/ament_prefix_path.dsv
[0.888s] -- Installing: /home/kth/robot_dev/vicpinky_2/install/vicpinky_description/share/vicpinky_description/environment/path.sh
[0.889s] -- Installing: /home/kth/robot_dev/vicpinky_2/install/vicpinky_description/share/vicpinky_description/environment/path.dsv
[0.889s] -- Installing: /home/kth/robot_dev/vicpinky_2/install/vicpinky_description/share/vicpinky_description/local_setup.bash
[0.889s] -- Installing: /home/kth/robot_dev/vicpinky_2/install/vicpinky_description/share/vicpinky_description/local_setup.sh
[0.889s] -- Installing: /home/kth/robot_dev/vicpinky_2/install/vicpinky_description/share/vicpinky_description/local_setup.zsh
[0.889s] -- Installing: /home/kth/robot_dev/vicpinky_2/install/vicpinky_description/share/vicpinky_description/local_setup.dsv
[0.889s] -- Installing: /home/kth/robot_dev/vicpinky_2/install/vicpinky_description/share/vicpinky_description/package.dsv
[0.889s] -- Installing: /home/kth/robot_dev/vicpinky_2/install/vicpinky_description/share/ament_index/resource_index/packages/vicpinky_description
[0.889s] -- Installing: /home/kth/robot_dev/vicpinky_2/install/vicpinky_description/share/vicpinky_description/cmake/vicpinky_descriptionConfig.cmake
[0.889s] -- Installing: /home/kth/robot_dev/vicpinky_2/install/vicpinky_description/share/vicpinky_description/cmake/vicpinky_descriptionConfig-version.cmake
[0.889s] -- Installing: /home/kth/robot_dev/vicpinky_2/install/vicpinky_description/share/vicpinky_description/package.xml
[0.891s] Invoked command in '/home/kth/robot_dev/vicpinky_2/build/vicpinky_description' returned '0': CMAKE_PREFIX_PATH=${CMAKE_PREFIX_PATH}:/opt/ros/jazzy DEBUGINFOD_URLS=https://debuginfod.ubuntu.com /usr/bin/cmake --install /home/kth/robot_dev/vicpinky_2/build/vicpinky_description
