[0.731s] Invoking command in '/home/kth/robot_dev/vicpinky_2/src/vic_pinky/vicpinky_bringup': DEBUGINFOD_URLS=https://debuginfod.ubuntu.com PYTHONPATH=/home/kth/robot_dev/vicpinky_2/build/vicpinky_bringup/prefix_override:/usr/lib/python3/dist-packages/colcon_core/task/python/colcon_distutils_commands:/home/kth/robot_dev/vicpinky_2/install/vicpinky_bringup/lib/python3.12/site-packages:${PYTHONPATH} /usr/bin/python3 -W ignore:setup.py install is deprecated -W ignore:easy_install command is deprecated setup.py egg_info --egg-base ../../../build/vicpinky_bringup build --build-base /home/kth/robot_dev/vicpinky_2/build/vicpinky_bringup/build install --record /home/kth/robot_dev/vicpinky_2/build/vicpinky_bringup/install.log --single-version-externally-managed install_data
[0.959s] running egg_info
[0.979s] writing ../../../build/vicpinky_bringup/vicpinky_bringup.egg-info/PKG-INFO
[0.979s] writing dependency_links to ../../../build/vicpinky_bringup/vicpinky_bringup.egg-info/dependency_links.txt
[0.979s] writing entry points to ../../../build/vicpinky_bringup/vicpinky_bringup.egg-info/entry_points.txt
[0.979s] writing requirements to ../../../build/vicpinky_bringup/vicpinky_bringup.egg-info/requires.txt
[0.979s] writing top-level names to ../../../build/vicpinky_bringup/vicpinky_bringup.egg-info/top_level.txt
[1.017s] reading manifest file '../../../build/vicpinky_bringup/vicpinky_bringup.egg-info/SOURCES.txt'
[1.018s] writing manifest file '../../../build/vicpinky_bringup/vicpinky_bringup.egg-info/SOURCES.txt'
[1.018s] running build
[1.018s] running build_py
[1.018s] running install
[1.023s] running install_lib
[1.043s] running install_data
[1.043s] running install_egg_info
[1.062s] removing '/home/kth/robot_dev/vicpinky_2/install/vicpinky_bringup/lib/python3.12/site-packages/vicpinky_bringup-0.0.0-py3.12.egg-info' (and everything under it)
[1.062s] Copying ../../../build/vicpinky_bringup/vicpinky_bringup.egg-info to /home/kth/robot_dev/vicpinky_2/install/vicpinky_bringup/lib/python3.12/site-packages/vicpinky_bringup-0.0.0-py3.12.egg-info
[1.063s] running install_scripts
[1.178s] Installing bringup script to /home/kth/robot_dev/vicpinky_2/install/vicpinky_bringup/lib/vicpinky_bringup
[1.178s] writing list of installed files to '/home/kth/robot_dev/vicpinky_2/build/vicpinky_bringup/install.log'
[1.195s] Invoked command in '/home/kth/robot_dev/vicpinky_2/src/vic_pinky/vicpinky_bringup' returned '0': DEBUGINFOD_URLS=https://debuginfod.ubuntu.com PYTHONPATH=/home/kth/robot_dev/vicpinky_2/build/vicpinky_bringup/prefix_override:/usr/lib/python3/dist-packages/colcon_core/task/python/colcon_distutils_commands:/home/kth/robot_dev/vicpinky_2/install/vicpinky_bringup/lib/python3.12/site-packages:${PYTHONPATH} /usr/bin/python3 -W ignore:setup.py install is deprecated -W ignore:easy_install command is deprecated setup.py egg_info --egg-base ../../../build/vicpinky_bringup build --build-base /home/kth/robot_dev/vicpinky_2/build/vicpinky_bringup/build install --record /home/kth/robot_dev/vicpinky_2/build/vicpinky_bringup/install.log --single-version-externally-managed install_data
