/home/kth/robot_dev/control_tutorials/install/controller_tutorials/lib/python3.12/site-packages/controller_tutorials/move_turtle_state_machine.py
/home/kth/robot_dev/control_tutorials/install/controller_tutorials/lib/python3.12/site-packages/controller_tutorials/simple_rotate.py
/home/kth/robot_dev/control_tutorials/install/controller_tutorials/lib/python3.12/site-packages/controller_tutorials/__init__.py
/home/kth/robot_dev/control_tutorials/install/controller_tutorials/lib/python3.12/site-packages/controller_tutorials/monitor_for_move_turtle.py
/home/kth/robot_dev/control_tutorials/install/controller_tutorials/lib/python3.12/site-packages/controller_tutorials/control_rotate.py
/home/kth/robot_dev/control_tutorials/install/controller_tutorials/lib/python3.12/site-packages/controller_tutorials/control_apps.py
/home/kth/robot_dev/control_tutorials/install/controller_tutorials/lib/python3.12/site-packages/controller_tutorials/qmonitor_for_pose_dual_controller.py
/home/kth/robot_dev/control_tutorials/install/controller_tutorials/lib/python3.12/site-packages/controller_tutorials/move_turtle.py
/home/kth/robot_dev/control_tutorials/install/controller_tutorials/lib/python3.12/site-packages/controller_tutorials/qmonitor_state_machine.py
/home/kth/robot_dev/control_tutorials/install/controller_tutorials/lib/python3.12/site-packages/controller_tutorials/pose_dual_controller.py
/home/kth/robot_dev/control_tutorials/install/controller_tutorials/lib/python3.12/site-packages/controller_tutorials/__pycache__/move_turtle_state_machine.cpython-312.pyc
/home/kth/robot_dev/control_tutorials/install/controller_tutorials/lib/python3.12/site-packages/controller_tutorials/__pycache__/simple_rotate.cpython-312.pyc
/home/kth/robot_dev/control_tutorials/install/controller_tutorials/lib/python3.12/site-packages/controller_tutorials/__pycache__/__init__.cpython-312.pyc
/home/kth/robot_dev/control_tutorials/install/controller_tutorials/lib/python3.12/site-packages/controller_tutorials/__pycache__/monitor_for_move_turtle.cpython-312.pyc
/home/kth/robot_dev/control_tutorials/install/controller_tutorials/lib/python3.12/site-packages/controller_tutorials/__pycache__/control_rotate.cpython-312.pyc
/home/kth/robot_dev/control_tutorials/install/controller_tutorials/lib/python3.12/site-packages/controller_tutorials/__pycache__/control_apps.cpython-312.pyc
/home/kth/robot_dev/control_tutorials/install/controller_tutorials/lib/python3.12/site-packages/controller_tutorials/__pycache__/qmonitor_for_pose_dual_controller.cpython-312.pyc
/home/kth/robot_dev/control_tutorials/install/controller_tutorials/lib/python3.12/site-packages/controller_tutorials/__pycache__/move_turtle.cpython-312.pyc
/home/kth/robot_dev/control_tutorials/install/controller_tutorials/lib/python3.12/site-packages/controller_tutorials/__pycache__/qmonitor_state_machine.cpython-312.pyc
/home/kth/robot_dev/control_tutorials/install/controller_tutorials/lib/python3.12/site-packages/controller_tutorials/__pycache__/pose_dual_controller.cpython-312.pyc
/home/kth/robot_dev/control_tutorials/install/controller_tutorials/share/ament_index/resource_index/packages/controller_tutorials
/home/kth/robot_dev/control_tutorials/install/controller_tutorials/share/controller_tutorials/package.xml
/home/kth/robot_dev/control_tutorials/install/controller_tutorials/lib/python3.12/site-packages/controller_tutorials-0.0.0-py3.12.egg-info/zip-safe
/home/kth/robot_dev/control_tutorials/install/controller_tutorials/lib/python3.12/site-packages/controller_tutorials-0.0.0-py3.12.egg-info/top_level.txt
/home/kth/robot_dev/control_tutorials/install/controller_tutorials/lib/python3.12/site-packages/controller_tutorials-0.0.0-py3.12.egg-info/PKG-INFO
/home/kth/robot_dev/control_tutorials/install/controller_tutorials/lib/python3.12/site-packages/controller_tutorials-0.0.0-py3.12.egg-info/entry_points.txt
/home/kth/robot_dev/control_tutorials/install/controller_tutorials/lib/python3.12/site-packages/controller_tutorials-0.0.0-py3.12.egg-info/dependency_links.txt
/home/kth/robot_dev/control_tutorials/install/controller_tutorials/lib/python3.12/site-packages/controller_tutorials-0.0.0-py3.12.egg-info/requires.txt
/home/kth/robot_dev/control_tutorials/install/controller_tutorials/lib/python3.12/site-packages/controller_tutorials-0.0.0-py3.12.egg-info/SOURCES.txt
/home/kth/robot_dev/control_tutorials/install/controller_tutorials/lib/controller_tutorials/control_rotate
/home/kth/robot_dev/control_tutorials/install/controller_tutorials/lib/controller_tutorials/monitor_for_move_turtle
/home/kth/robot_dev/control_tutorials/install/controller_tutorials/lib/controller_tutorials/move_turtle
/home/kth/robot_dev/control_tutorials/install/controller_tutorials/lib/controller_tutorials/move_turtle_state_machine
/home/kth/robot_dev/control_tutorials/install/controller_tutorials/lib/controller_tutorials/pose_dual_controller
/home/kth/robot_dev/control_tutorials/install/controller_tutorials/lib/controller_tutorials/qmonitor_for_pose_dual_controller
/home/kth/robot_dev/control_tutorials/install/controller_tutorials/lib/controller_tutorials/qmonitor_state_machine
/home/kth/robot_dev/control_tutorials/install/controller_tutorials/lib/controller_tutorials/simple_rotate
