[0.000000] (-) TimerEvent: {}
[0.000734] (-) JobUnselected: {'identifier': 'control_interfaces'}
[0.001611] (robot_navigator) JobQueued: {'identifier': 'robot_navigator', 'dependencies': OrderedDict()}
[0.001654] (robot_navigator) JobStarted: {'identifier': 'robot_navigator'}
[0.014875] (robot_navigator) JobProgress: {'identifier': 'robot_navigator', 'progress': 'cmake'}
[0.015715] (robot_navigator) JobProgress: {'identifier': 'robot_navigator', 'progress': 'build'}
[0.016445] (robot_navigator) Command: {'cmd': ['/usr/bin/cmake', '--build', '/home/kth/robot_dev/robot_navigator/build/robot_navigator', '--', '-j12', '-l12'], 'cwd': '/home/kth/robot_dev/robot_navigator/build/robot_navigator', 'env': OrderedDict({'GJS_DEBUG_TOPICS': 'JS ERROR;JS LOG', 'XDG_ACTIVATION_TOKEN': 'gnome-shell/Terminator/2733-11-kth-GP75-Leopard-10SEK_TIME14708978', 'CONDA_PROMPT_MODIFIER': 'false', 'USER': 'kth', 'GZ_CONFIG_PATH': '/opt/ros/jazzy/opt/gz_sim_vendor/share/gz:/opt/ros/jazzy/opt/sdformat_vendor/share/gz:/opt/ros/jazzy/opt/gz_gui_vendor/share/gz:/opt/ros/jazzy/opt/gz_transport_vendor/share/gz:/opt/ros/jazzy/opt/gz_rendering_vendor/share/gz:/opt/ros/jazzy/opt/gz_plugin_vendor/share/gz:/opt/ros/jazzy/opt/gz_fuel_tools_vendor/share/gz:/opt/ros/jazzy/opt/gz_msgs_vendor/share/gz:/opt/ros/jazzy/opt/gz_common_vendor/share/gz', 'XDG_SESSION_TYPE': 'x11', 'CLUTTER_DISABLE_MIPMAPPED_TEXT': '1', 'POWERLINE_COMMAND': 'oh-my-posh', 'SHLVL': '1', 'LD_LIBRARY_PATH': '/opt/ros/jazzy/opt/gz_sim_vendor/lib:/opt/ros/jazzy/opt/gz_sensors_vendor/lib:/opt/ros/jazzy/opt/gz_physics_vendor/lib:/opt/ros/jazzy/opt/sdformat_vendor/lib:/opt/ros/jazzy/opt/rviz_ogre_vendor/lib:/opt/ros/jazzy/lib/x86_64-linux-gnu:/opt/ros/jazzy/opt/gz_gui_vendor/lib:/opt/ros/jazzy/opt/gz_transport_vendor/lib:/opt/ros/jazzy/opt/gz_rendering_vendor/lib:/opt/ros/jazzy/opt/gz_plugin_vendor/lib:/opt/ros/jazzy/opt/gz_fuel_tools_vendor/lib:/opt/ros/jazzy/opt/gz_msgs_vendor/lib:/opt/ros/jazzy/opt/gz_common_vendor/lib:/opt/ros/jazzy/opt/gz_math_vendor/lib:/opt/ros/jazzy/opt/gz_utils_vendor/lib:/opt/ros/jazzy/opt/gz_tools_vendor/lib:/opt/ros/jazzy/opt/gz_ogre_next_vendor/lib:/opt/ros/jazzy/opt/gz_dartsim_vendor/lib:/opt/ros/jazzy/opt/gz_cmake_vendor/lib:/opt/ros/jazzy/lib:/home/kth/robot_dev/robot_navigator/install/control_interfaces/lib', 'HOME': '/home/kth', 'DESKTOP_SESSION': 'ubuntu', 'GIO_LAUNCHED_DESKTOP_FILE': '/usr/share/applications/terminator.desktop', 'ROS_PYTHON_VERSION': '3', 'GNOME_SHELL_SESSION_MODE': 'ubuntu', 'GTK_MODULES': 'gail:atk-bridge', 'MANAGERPID': '2257', 'SYSTEMD_EXEC_PID': '2733', 'GSM_SKIP_SSH_AGENT_WORKAROUND': 'true', 'DBUS_SESSION_BUS_ADDRESS': 'unix:path=/run/user/1000/bus', 'GIO_LAUNCHED_DESKTOP_FILE_PID': '24415', 'COLORTERM': 'truecolor', 'TERMINATOR_DBUS_NAME': 'net.tenshu.Terminator23558193cd9818af7fe4d2c2f5bd9d00f', 'DEBUGINFOD_URLS': 'https://debuginfod.ubuntu.com', 'COLCON_PREFIX_PATH': '/home/kth/robot_dev/robot_navigator/install', 'ROS_DISTRO': 'jazzy', 'LOGNAME': 'kth', 'JOURNAL_STREAM': '9:24881', 'POSH_SESSION_ID': '5cd2fcdf-4fff-4ffc-be52-f502931e8997', 'MEMORY_PRESSURE_WATCH': '/sys/fs/cgroup/user.slice/user-1000.slice/user@1000.service/session.slice/org.gnome.Shell@x11.service/memory.pressure', 'ROS_VERSION': '2', 'XDG_SESSION_CLASS': 'user', 'USERNAME': 'kth', 'TERM': 'xterm-256color', 'GNOME_DESKTOP_SESSION_ID': 'this-is-deprecated', 'POSH_SHELL_VERSION': '3.7.0', 'WINDOWPATH': '2', 'PATH': '/opt/ros/jazzy/opt/gz_msgs_vendor/bin:/opt/ros/jazzy/opt/gz_tools_vendor/bin:/opt/ros/jazzy/opt/gz_ogre_next_vendor/bin:/opt/ros/jazzy/bin:/home/kth/.local/bin:/usr/local/sbin:/usr/local/bin:/usr/sbin:/usr/bin:/sbin:/bin:/usr/games:/usr/local/games:/snap/bin:/snap/bin', 'SESSION_MANAGER': 'local/kth-GP75-Leopard-10SEK:@/tmp/.ICE-unix/2701,unix/kth-GP75-Leopard-10SEK:/tmp/.ICE-unix/2701', 'INVOCATION_ID': '921896e3d3cf41f68858fc660c5041cd', 'XDG_RUNTIME_DIR': '/run/user/1000', 'XDG_MENU_PREFIX': 'gnome-', 'DISPLAY': ':1', 'LANG': 'en_US.UTF-8', 'XDG_CURRENT_DESKTOP': 'ubuntu:GNOME', 'TERMINATOR_DBUS_PATH': '/net/tenshu/Terminator2', 'XAUTHORITY': '/run/user/1000/gdm/Xauthority', 'XMODIFIERS': '@im=ibus', 'XDG_SESSION_DESKTOP': 'ubuntu', 'SSH_AUTH_SOCK': '/run/user/1000/keyring/ssh', 'AMENT_PREFIX_PATH': '/opt/ros/jazzy:/home/kth/robot_dev/robot_navigator/install/robot_navigator:/home/kth/robot_dev/robot_navigator/install/control_interfaces', 'ROS_DOMAIN_ID': '22', 'TERMINATOR_UUID': 'urn:uuid:c6375071-c1c9-4e79-bc82-52d7de5ba316', 'SHELL': '/usr/bin/fish', 'QT_ACCESSIBILITY': '1', 'GDMSESSION': 'ubuntu', 'IGN_GAZEBO_RESOURCE_PATH': '/opt/ros/jazzy/share', 'GPG_AGENT_INFO': '/run/user/1000/gnupg/S.gpg-agent:0:1', 'GJS_DEBUG_OUTPUT': 'stderr', 'POSH_THEME': '/home/kth/.poshthemes/sonicboom_light.omp.json', 'ROS_AUTOMATIC_DISCOVERY_RANGE': 'SUBNET', 'QT_IM_MODULE': 'ibus', 'PWD': '/home/kth/robot_dev/robot_navigator/build/robot_navigator', 'LC_ALL': 'en_US.UTF-8', 'XDG_DATA_DIRS': '/usr/share/ubuntu:/usr/share/gnome:/usr/local/share/:/usr/share/:/var/lib/snapd/desktop', 'XDG_CONFIG_DIRS': '/etc/xdg/xdg-ubuntu:/etc/xdg', 'QTWEBENGINE_DICTIONARIES_PATH': '/usr/share/hunspell-bdic/', 'PYTHONPATH': '/opt/ros/jazzy/lib/python3.12/site-packages:/home/kth/robot_dev/robot_navigator/install/control_interfaces/lib/python3.12/site-packages', 'COLCON': '1', 'POSH_SHELL': 'fish', 'VTE_VERSION': '7600', 'MEMORY_PRESSURE_WRITE': 'c29tZSAyMDAwMDAgMjAwMDAwMAA=', 'CMAKE_PREFIX_PATH': '/opt/ros/jazzy/opt/gz_sim_vendor:/opt/ros/jazzy/opt/gz_sensors_vendor:/opt/ros/jazzy/opt/gz_physics_vendor:/opt/ros/jazzy/opt/sdformat_vendor:/opt/ros/jazzy/opt/gz_gui_vendor:/opt/ros/jazzy/opt/gz_transport_vendor:/opt/ros/jazzy/opt/gz_rendering_vendor:/opt/ros/jazzy/opt/gz_plugin_vendor:/opt/ros/jazzy/opt/gz_fuel_tools_vendor:/opt/ros/jazzy/opt/gz_msgs_vendor:/opt/ros/jazzy/opt/gz_common_vendor:/opt/ros/jazzy/opt/gz_math_vendor:/opt/ros/jazzy/opt/gz_utils_vendor:/opt/ros/jazzy/opt/gz_tools_vendor:/opt/ros/jazzy/opt/gz_ogre_next_vendor:/opt/ros/jazzy/opt/gz_dartsim_vendor:/opt/ros/jazzy/opt/gz_cmake_vendor:/home/kth/robot_dev/robot_navigator/install/robot_navigator:/home/kth/robot_dev/robot_navigator/install/control_interfaces:/opt/ros/jazzy'}), 'shell': False}
[0.099545] (-) TimerEvent: {}
[0.106863] (robot_navigator) StdoutLine: {'line': b'[ 40%] Built target obstacle_detector\n'}
[0.116731] (robot_navigator) StdoutLine: {'line': b'[ 60%] \x1b[32mBuilding CXX object CMakeFiles/robot_navigator.dir/src/robot_navigator.cpp.o\x1b[0m\n'}
[0.199667] (-) TimerEvent: {}
[0.299960] (-) TimerEvent: {}
[0.400255] (-) TimerEvent: {}
[0.500607] (-) TimerEvent: {}
[0.601178] (-) TimerEvent: {}
[0.701767] (-) TimerEvent: {}
[0.802378] (-) TimerEvent: {}
[0.902970] (-) TimerEvent: {}
[1.003568] (-) TimerEvent: {}
[1.103990] (-) TimerEvent: {}
[1.204425] (-) TimerEvent: {}
[1.305051] (-) TimerEvent: {}
[1.405290] (-) TimerEvent: {}
[1.505569] (-) TimerEvent: {}
[1.605975] (-) TimerEvent: {}
[1.706768] (-) TimerEvent: {}
[1.807189] (-) TimerEvent: {}
[1.907560] (-) TimerEvent: {}
[2.008073] (-) TimerEvent: {}
[2.108585] (-) TimerEvent: {}
[2.209041] (-) TimerEvent: {}
[2.309442] (-) TimerEvent: {}
[2.409734] (-) TimerEvent: {}
[2.509989] (-) TimerEvent: {}
[2.610623] (-) TimerEvent: {}
[2.711257] (-) TimerEvent: {}
[2.811633] (-) TimerEvent: {}
[2.912181] (-) TimerEvent: {}
[3.012680] (-) TimerEvent: {}
[3.112974] (-) TimerEvent: {}
[3.213255] (-) TimerEvent: {}
[3.313549] (-) TimerEvent: {}
[3.413831] (-) TimerEvent: {}
[3.514143] (-) TimerEvent: {}
[3.614610] (-) TimerEvent: {}
[3.714902] (-) TimerEvent: {}
[3.815261] (-) TimerEvent: {}
[3.915546] (-) TimerEvent: {}
[4.015882] (-) TimerEvent: {}
[4.116353] (-) TimerEvent: {}
[4.217003] (-) TimerEvent: {}
[4.317432] (-) TimerEvent: {}
[4.417735] (-) TimerEvent: {}
[4.518107] (-) TimerEvent: {}
[4.618375] (-) TimerEvent: {}
[4.718928] (-) TimerEvent: {}
[4.819348] (-) TimerEvent: {}
[4.919846] (-) TimerEvent: {}
[5.020371] (-) TimerEvent: {}
[5.120647] (-) TimerEvent: {}
[5.220965] (-) TimerEvent: {}
[5.321630] (-) TimerEvent: {}
[5.421936] (-) TimerEvent: {}
[5.522292] (-) TimerEvent: {}
[5.622693] (-) TimerEvent: {}
[5.723014] (-) TimerEvent: {}
[5.823435] (-) TimerEvent: {}
[5.923848] (-) TimerEvent: {}
[6.024461] (-) TimerEvent: {}
[6.124774] (-) TimerEvent: {}
[6.225043] (-) TimerEvent: {}
[6.325346] (-) TimerEvent: {}
[6.425834] (-) TimerEvent: {}
[6.526344] (-) TimerEvent: {}
[6.626801] (-) TimerEvent: {}
[6.727070] (-) TimerEvent: {}
[6.827377] (-) TimerEvent: {}
[6.927674] (-) TimerEvent: {}
[7.028024] (-) TimerEvent: {}
[7.128482] (-) TimerEvent: {}
[7.228913] (-) TimerEvent: {}
[7.329321] (-) TimerEvent: {}
[7.429872] (-) TimerEvent: {}
[7.530441] (-) TimerEvent: {}
[7.630732] (-) TimerEvent: {}
[7.731196] (-) TimerEvent: {}
[7.831780] (-) TimerEvent: {}
[7.932162] (-) TimerEvent: {}
[8.032468] (-) TimerEvent: {}
[8.132830] (-) TimerEvent: {}
[8.233167] (-) TimerEvent: {}
[8.333426] (-) TimerEvent: {}
[8.433716] (-) TimerEvent: {}
[8.534287] (-) TimerEvent: {}
[8.634856] (-) TimerEvent: {}
[8.735201] (-) TimerEvent: {}
[8.835528] (-) TimerEvent: {}
[8.936034] (-) TimerEvent: {}
[9.036539] (-) TimerEvent: {}
[9.136909] (-) TimerEvent: {}
[9.237223] (-) TimerEvent: {}
[9.337598] (-) TimerEvent: {}
[9.438041] (-) TimerEvent: {}
[9.538329] (-) TimerEvent: {}
[9.638845] (-) TimerEvent: {}
[9.739154] (-) TimerEvent: {}
[9.839406] (-) TimerEvent: {}
[9.939864] (-) TimerEvent: {}
[10.040390] (-) TimerEvent: {}
[10.140660] (-) TimerEvent: {}
[10.240950] (-) TimerEvent: {}
[10.341215] (-) TimerEvent: {}
[10.441508] (-) TimerEvent: {}
[10.541864] (-) TimerEvent: {}
[10.642206] (-) TimerEvent: {}
[10.742614] (-) TimerEvent: {}
[10.843273] (-) TimerEvent: {}
[10.943597] (-) TimerEvent: {}
[11.043964] (-) TimerEvent: {}
[11.144228] (-) TimerEvent: {}
[11.244542] (-) TimerEvent: {}
[11.344893] (-) TimerEvent: {}
[11.445740] (-) TimerEvent: {}
[11.546093] (-) TimerEvent: {}
[11.646569] (-) TimerEvent: {}
[11.746989] (-) TimerEvent: {}
[11.847370] (-) TimerEvent: {}
[11.947806] (-) TimerEvent: {}
[12.048184] (-) TimerEvent: {}
[12.148555] (-) TimerEvent: {}
[12.248917] (-) TimerEvent: {}
[12.349332] (-) TimerEvent: {}
[12.449876] (-) TimerEvent: {}
[12.550355] (-) TimerEvent: {}
[12.651021] (-) TimerEvent: {}
[12.751658] (-) TimerEvent: {}
[12.852212] (-) TimerEvent: {}
[12.952710] (-) TimerEvent: {}
[13.053095] (-) TimerEvent: {}
[13.153467] (-) TimerEvent: {}
[13.253836] (-) TimerEvent: {}
[13.354387] (-) TimerEvent: {}
[13.454723] (-) TimerEvent: {}
[13.555105] (-) TimerEvent: {}
[13.655428] (-) TimerEvent: {}
[13.755761] (-) TimerEvent: {}
[13.856115] (-) TimerEvent: {}
[13.956512] (-) TimerEvent: {}
[14.056824] (-) TimerEvent: {}
[14.157085] (-) TimerEvent: {}
[14.257469] (-) TimerEvent: {}
[14.358010] (-) TimerEvent: {}
[14.458525] (-) TimerEvent: {}
[14.559007] (-) TimerEvent: {}
[14.659361] (-) TimerEvent: {}
[14.759851] (-) TimerEvent: {}
[14.860424] (-) TimerEvent: {}
[14.960978] (-) TimerEvent: {}
[15.061623] (-) TimerEvent: {}
[15.162070] (-) TimerEvent: {}
[15.262353] (-) TimerEvent: {}
[15.362677] (-) TimerEvent: {}
[15.462975] (-) TimerEvent: {}
[15.563307] (-) TimerEvent: {}
[15.663614] (-) TimerEvent: {}
[15.763977] (-) TimerEvent: {}
[15.864318] (-) TimerEvent: {}
[15.964589] (-) TimerEvent: {}
[16.065036] (-) TimerEvent: {}
[16.165439] (-) TimerEvent: {}
[16.266035] (-) TimerEvent: {}
[16.366658] (-) TimerEvent: {}
[16.467582] (-) TimerEvent: {}
[16.567989] (-) TimerEvent: {}
[16.668302] (-) TimerEvent: {}
[16.768679] (-) TimerEvent: {}
[16.869024] (-) TimerEvent: {}
[16.969394] (-) TimerEvent: {}
[17.069835] (-) TimerEvent: {}
[17.170530] (-) TimerEvent: {}
[17.270912] (-) TimerEvent: {}
[17.371333] (-) TimerEvent: {}
[17.471793] (-) TimerEvent: {}
[17.572128] (-) TimerEvent: {}
[17.672460] (-) TimerEvent: {}
[17.772744] (-) TimerEvent: {}
[17.873086] (-) TimerEvent: {}
[17.973557] (-) TimerEvent: {}
[18.073905] (-) TimerEvent: {}
[18.174295] (-) TimerEvent: {}
[18.275014] (-) TimerEvent: {}
[18.375610] (-) TimerEvent: {}
[18.476097] (-) TimerEvent: {}
[18.576605] (-) TimerEvent: {}
[18.677111] (-) TimerEvent: {}
[18.777526] (-) TimerEvent: {}
[18.877771] (-) TimerEvent: {}
[18.978095] (-) TimerEvent: {}
[19.078447] (-) TimerEvent: {}
[19.178896] (-) TimerEvent: {}
[19.279251] (-) TimerEvent: {}
[19.379672] (-) TimerEvent: {}
[19.480053] (-) TimerEvent: {}
[19.580383] (-) TimerEvent: {}
[19.680833] (-) TimerEvent: {}
[19.781249] (-) TimerEvent: {}
[19.881568] (-) TimerEvent: {}
[19.981847] (-) TimerEvent: {}
[20.082231] (-) TimerEvent: {}
[20.182732] (-) TimerEvent: {}
[20.283714] (-) TimerEvent: {}
[20.384150] (-) TimerEvent: {}
[20.484541] (-) TimerEvent: {}
[20.584808] (-) TimerEvent: {}
[20.685145] (-) TimerEvent: {}
[20.785524] (-) TimerEvent: {}
[20.886140] (-) TimerEvent: {}
[20.986575] (-) TimerEvent: {}
[21.086918] (-) TimerEvent: {}
[21.187330] (-) TimerEvent: {}
[21.287553] (-) TimerEvent: {}
[21.388010] (-) TimerEvent: {}
[21.488573] (-) TimerEvent: {}
[21.589021] (-) TimerEvent: {}
[21.689536] (-) TimerEvent: {}
[21.790244] (-) TimerEvent: {}
[21.890765] (-) TimerEvent: {}
[21.991173] (-) TimerEvent: {}
[22.091632] (-) TimerEvent: {}
[22.192131] (-) TimerEvent: {}
[22.292497] (-) TimerEvent: {}
[22.392761] (-) TimerEvent: {}
[22.493017] (-) TimerEvent: {}
[22.593358] (-) TimerEvent: {}
[22.693641] (-) TimerEvent: {}
[22.793928] (-) TimerEvent: {}
[22.894326] (-) TimerEvent: {}
[22.994873] (-) TimerEvent: {}
[23.095367] (-) TimerEvent: {}
[23.195808] (-) TimerEvent: {}
[23.296397] (-) TimerEvent: {}
[23.396889] (-) TimerEvent: {}
[23.497541] (-) TimerEvent: {}
[23.598003] (-) TimerEvent: {}
[23.698300] (-) TimerEvent: {}
[23.798583] (-) TimerEvent: {}
[23.899023] (-) TimerEvent: {}
[23.999331] (-) TimerEvent: {}
[24.100377] (-) TimerEvent: {}
[24.201103] (-) TimerEvent: {}
[24.301630] (-) TimerEvent: {}
[24.402178] (-) TimerEvent: {}
[24.502751] (-) TimerEvent: {}
[24.603295] (-) TimerEvent: {}
[24.703775] (-) TimerEvent: {}
[24.804131] (-) TimerEvent: {}
[24.904343] (-) TimerEvent: {}
[25.004536] (-) TimerEvent: {}
[25.104772] (-) TimerEvent: {}
[25.205033] (-) TimerEvent: {}
[25.305319] (-) TimerEvent: {}
[25.405600] (-) TimerEvent: {}
[25.505840] (-) TimerEvent: {}
[25.606106] (-) TimerEvent: {}
[25.706386] (-) TimerEvent: {}
[25.806677] (-) TimerEvent: {}
[25.907040] (-) TimerEvent: {}
[26.008015] (-) TimerEvent: {}
[26.108272] (-) TimerEvent: {}
[26.208896] (-) TimerEvent: {}
[26.309266] (-) TimerEvent: {}
[26.409531] (-) TimerEvent: {}
[26.509812] (-) TimerEvent: {}
[26.610103] (-) TimerEvent: {}
[26.710460] (-) TimerEvent: {}
[26.810818] (-) TimerEvent: {}
[26.911282] (-) TimerEvent: {}
[27.011733] (-) TimerEvent: {}
[27.112480] (-) TimerEvent: {}
[27.212770] (-) TimerEvent: {}
[27.313270] (-) TimerEvent: {}
[27.413574] (-) TimerEvent: {}
[27.513878] (-) TimerEvent: {}
[27.614237] (-) TimerEvent: {}
[27.714577] (-) TimerEvent: {}
[27.815078] (-) TimerEvent: {}
[27.915527] (-) TimerEvent: {}
[28.015969] (-) TimerEvent: {}
[28.116316] (-) TimerEvent: {}
[28.216827] (-) TimerEvent: {}
[28.317339] (-) TimerEvent: {}
[28.417660] (-) TimerEvent: {}
[28.518424] (-) TimerEvent: {}
[28.618838] (-) TimerEvent: {}
[28.719126] (-) TimerEvent: {}
[28.819530] (-) TimerEvent: {}
[28.919919] (-) TimerEvent: {}
[29.020354] (-) TimerEvent: {}
[29.120539] (-) TimerEvent: {}
[29.220768] (-) TimerEvent: {}
[29.321187] (-) TimerEvent: {}
[29.421560] (-) TimerEvent: {}
[29.522020] (-) TimerEvent: {}
[29.622409] (-) TimerEvent: {}
[29.722874] (-) TimerEvent: {}
[29.823355] (-) TimerEvent: {}
[29.923886] (-) TimerEvent: {}
[30.024155] (-) TimerEvent: {}
[30.124644] (-) TimerEvent: {}
[30.224983] (-) TimerEvent: {}
[30.325365] (-) TimerEvent: {}
[30.425844] (-) TimerEvent: {}
[30.526135] (-) TimerEvent: {}
[30.626377] (-) TimerEvent: {}
[30.726708] (-) TimerEvent: {}
[30.827031] (-) TimerEvent: {}
[30.927444] (-) TimerEvent: {}
[31.027836] (-) TimerEvent: {}
[31.128168] (-) TimerEvent: {}
[31.228794] (-) TimerEvent: {}
[31.329342] (-) TimerEvent: {}
[31.429917] (-) TimerEvent: {}
[31.530194] (-) TimerEvent: {}
[31.630541] (-) TimerEvent: {}
[31.730961] (-) TimerEvent: {}
[31.831460] (-) TimerEvent: {}
[31.932040] (-) TimerEvent: {}
[32.032295] (-) TimerEvent: {}
[32.132774] (-) TimerEvent: {}
[32.233168] (-) TimerEvent: {}
[32.333585] (-) TimerEvent: {}
[32.433974] (-) TimerEvent: {}
[32.534480] (-) TimerEvent: {}
[32.635035] (-) TimerEvent: {}
[32.735529] (-) TimerEvent: {}
[32.835914] (-) TimerEvent: {}
[32.936297] (-) TimerEvent: {}
[33.036543] (-) TimerEvent: {}
[33.136912] (-) TimerEvent: {}
[33.237416] (-) TimerEvent: {}
[33.337979] (-) TimerEvent: {}
[33.438281] (-) TimerEvent: {}
[33.538524] (-) TimerEvent: {}
[33.638817] (-) TimerEvent: {}
[33.739308] (-) TimerEvent: {}
[33.839882] (-) TimerEvent: {}
[33.940333] (-) TimerEvent: {}
[34.040544] (-) TimerEvent: {}
[34.140825] (-) TimerEvent: {}
[34.241144] (-) TimerEvent: {}
[34.341408] (-) TimerEvent: {}
[34.441742] (-) TimerEvent: {}
[34.541975] (-) TimerEvent: {}
[34.642317] (-) TimerEvent: {}
[34.742616] (-) TimerEvent: {}
[34.842949] (-) TimerEvent: {}
[34.943250] (-) TimerEvent: {}
[35.043557] (-) TimerEvent: {}
[35.143921] (-) TimerEvent: {}
[35.244180] (-) TimerEvent: {}
[35.344531] (-) TimerEvent: {}
[35.444948] (-) TimerEvent: {}
[35.545562] (-) TimerEvent: {}
[35.645935] (-) TimerEvent: {}
[35.746250] (-) TimerEvent: {}
[35.846546] (-) TimerEvent: {}
[35.946828] (-) TimerEvent: {}
[36.047212] (-) TimerEvent: {}
[36.147719] (-) TimerEvent: {}
[36.248040] (-) TimerEvent: {}
[36.348291] (-) TimerEvent: {}
[36.448662] (-) TimerEvent: {}
[36.549184] (-) TimerEvent: {}
[36.649595] (-) TimerEvent: {}
[36.749883] (-) TimerEvent: {}
[36.850271] (-) TimerEvent: {}
[36.950709] (-) TimerEvent: {}
[37.051145] (-) TimerEvent: {}
[37.151533] (-) TimerEvent: {}
[37.251855] (-) TimerEvent: {}
[37.352262] (-) TimerEvent: {}
[37.452667] (-) TimerEvent: {}
[37.552991] (-) TimerEvent: {}
[37.653410] (-) TimerEvent: {}
[37.753900] (-) TimerEvent: {}
[37.854355] (-) TimerEvent: {}
[37.954794] (-) TimerEvent: {}
[38.055206] (-) TimerEvent: {}
[38.155508] (-) TimerEvent: {}
[38.255772] (-) TimerEvent: {}
[38.356124] (-) TimerEvent: {}
[38.456684] (-) TimerEvent: {}
[38.557301] (-) TimerEvent: {}
[38.657800] (-) TimerEvent: {}
[38.758460] (-) TimerEvent: {}
[38.858901] (-) TimerEvent: {}
[38.959373] (-) TimerEvent: {}
[39.059983] (-) TimerEvent: {}
[39.160414] (-) TimerEvent: {}
[39.260910] (-) TimerEvent: {}
[39.361322] (-) TimerEvent: {}
[39.461755] (-) TimerEvent: {}
[39.562126] (-) TimerEvent: {}
[39.662562] (-) TimerEvent: {}
[39.763058] (-) TimerEvent: {}
[39.863402] (-) TimerEvent: {}
[39.963763] (-) TimerEvent: {}
[40.064105] (-) TimerEvent: {}
[40.164362] (-) TimerEvent: {}
[40.264681] (-) TimerEvent: {}
[40.365196] (-) TimerEvent: {}
[40.465646] (-) TimerEvent: {}
[40.566694] (-) TimerEvent: {}
[40.667120] (-) TimerEvent: {}
[40.767778] (-) TimerEvent: {}
[40.868081] (-) TimerEvent: {}
[40.968444] (-) TimerEvent: {}
[41.068820] (-) TimerEvent: {}
[41.169285] (-) TimerEvent: {}
[41.270092] (-) TimerEvent: {}
[41.370481] (-) TimerEvent: {}
[41.470841] (-) TimerEvent: {}
[41.571107] (-) TimerEvent: {}
[41.671530] (-) TimerEvent: {}
[41.771866] (-) TimerEvent: {}
[41.872103] (-) TimerEvent: {}
[41.972517] (-) TimerEvent: {}
[42.072986] (-) TimerEvent: {}
[42.173381] (-) TimerEvent: {}
[42.273743] (-) TimerEvent: {}
[42.374120] (-) TimerEvent: {}
[42.474576] (-) TimerEvent: {}
[42.574953] (-) TimerEvent: {}
[42.675256] (-) TimerEvent: {}
[42.775542] (-) TimerEvent: {}
[42.875931] (-) TimerEvent: {}
[42.976527] (-) TimerEvent: {}
[43.076965] (-) TimerEvent: {}
[43.177222] (-) TimerEvent: {}
[43.277537] (-) TimerEvent: {}
[43.377974] (-) TimerEvent: {}
[43.478337] (-) TimerEvent: {}
[43.578875] (-) TimerEvent: {}
[43.679164] (-) TimerEvent: {}
[43.779512] (-) TimerEvent: {}
[43.879820] (-) TimerEvent: {}
[43.980184] (-) TimerEvent: {}
[44.080559] (-) TimerEvent: {}
[44.181568] (-) TimerEvent: {}
[44.282131] (-) TimerEvent: {}
[44.382684] (-) TimerEvent: {}
[44.482991] (-) TimerEvent: {}
[44.583677] (-) TimerEvent: {}
[44.684114] (-) TimerEvent: {}
[44.784704] (-) TimerEvent: {}
[44.885132] (-) TimerEvent: {}
[44.985591] (-) TimerEvent: {}
[45.085978] (-) TimerEvent: {}
[45.186282] (-) TimerEvent: {}
[45.286531] (-) TimerEvent: {}
[45.386871] (-) TimerEvent: {}
[45.487440] (-) TimerEvent: {}
[45.587829] (-) TimerEvent: {}
[45.688357] (-) TimerEvent: {}
[45.788813] (-) TimerEvent: {}
[45.889433] (-) TimerEvent: {}
[45.989887] (-) TimerEvent: {}
[46.003677] (robot_navigator) StdoutLine: {'line': b'[ 80%] \x1b[32m\x1b[1mLinking CXX executable robot_navigator\x1b[0m\n'}
[46.089985] (-) TimerEvent: {}
[46.190458] (-) TimerEvent: {}
[46.291000] (-) TimerEvent: {}
[46.391515] (-) TimerEvent: {}
[46.491956] (-) TimerEvent: {}
[46.592219] (-) TimerEvent: {}
[46.692541] (-) TimerEvent: {}
[46.792876] (-) TimerEvent: {}
[46.893278] (-) TimerEvent: {}
[46.993711] (-) TimerEvent: {}
[47.094173] (-) TimerEvent: {}
[47.194613] (-) TimerEvent: {}
[47.295032] (-) TimerEvent: {}
[47.396288] (-) TimerEvent: {}
[47.496676] (-) TimerEvent: {}
[47.597018] (-) TimerEvent: {}
[47.697373] (-) TimerEvent: {}
[47.798056] (-) TimerEvent: {}
[47.898716] (-) TimerEvent: {}
[47.999120] (-) TimerEvent: {}
[48.099652] (-) TimerEvent: {}
[48.200293] (-) TimerEvent: {}
[48.300891] (-) TimerEvent: {}
[48.401312] (-) TimerEvent: {}
[48.501824] (-) TimerEvent: {}
[48.602315] (-) TimerEvent: {}
[48.702715] (-) TimerEvent: {}
[48.803237] (-) TimerEvent: {}
[48.846187] (robot_navigator) StdoutLine: {'line': b'[100%] Built target robot_navigator\n'}
[48.862921] (robot_navigator) CommandEnded: {'returncode': 0}
[48.863605] (robot_navigator) JobProgress: {'identifier': 'robot_navigator', 'progress': 'install'}
[48.876828] (robot_navigator) Command: {'cmd': ['/usr/bin/cmake', '--install', '/home/kth/robot_dev/robot_navigator/build/robot_navigator'], 'cwd': '/home/kth/robot_dev/robot_navigator/build/robot_navigator', 'env': OrderedDict({'GJS_DEBUG_TOPICS': 'JS ERROR;JS LOG', 'XDG_ACTIVATION_TOKEN': 'gnome-shell/Terminator/2733-11-kth-GP75-Leopard-10SEK_TIME14708978', 'CONDA_PROMPT_MODIFIER': 'false', 'USER': 'kth', 'GZ_CONFIG_PATH': '/opt/ros/jazzy/opt/gz_sim_vendor/share/gz:/opt/ros/jazzy/opt/sdformat_vendor/share/gz:/opt/ros/jazzy/opt/gz_gui_vendor/share/gz:/opt/ros/jazzy/opt/gz_transport_vendor/share/gz:/opt/ros/jazzy/opt/gz_rendering_vendor/share/gz:/opt/ros/jazzy/opt/gz_plugin_vendor/share/gz:/opt/ros/jazzy/opt/gz_fuel_tools_vendor/share/gz:/opt/ros/jazzy/opt/gz_msgs_vendor/share/gz:/opt/ros/jazzy/opt/gz_common_vendor/share/gz', 'XDG_SESSION_TYPE': 'x11', 'CLUTTER_DISABLE_MIPMAPPED_TEXT': '1', 'POWERLINE_COMMAND': 'oh-my-posh', 'SHLVL': '1', 'LD_LIBRARY_PATH': '/opt/ros/jazzy/opt/gz_sim_vendor/lib:/opt/ros/jazzy/opt/gz_sensors_vendor/lib:/opt/ros/jazzy/opt/gz_physics_vendor/lib:/opt/ros/jazzy/opt/sdformat_vendor/lib:/opt/ros/jazzy/opt/rviz_ogre_vendor/lib:/opt/ros/jazzy/lib/x86_64-linux-gnu:/opt/ros/jazzy/opt/gz_gui_vendor/lib:/opt/ros/jazzy/opt/gz_transport_vendor/lib:/opt/ros/jazzy/opt/gz_rendering_vendor/lib:/opt/ros/jazzy/opt/gz_plugin_vendor/lib:/opt/ros/jazzy/opt/gz_fuel_tools_vendor/lib:/opt/ros/jazzy/opt/gz_msgs_vendor/lib:/opt/ros/jazzy/opt/gz_common_vendor/lib:/opt/ros/jazzy/opt/gz_math_vendor/lib:/opt/ros/jazzy/opt/gz_utils_vendor/lib:/opt/ros/jazzy/opt/gz_tools_vendor/lib:/opt/ros/jazzy/opt/gz_ogre_next_vendor/lib:/opt/ros/jazzy/opt/gz_dartsim_vendor/lib:/opt/ros/jazzy/opt/gz_cmake_vendor/lib:/opt/ros/jazzy/lib:/home/kth/robot_dev/robot_navigator/install/control_interfaces/lib', 'HOME': '/home/kth', 'DESKTOP_SESSION': 'ubuntu', 'GIO_LAUNCHED_DESKTOP_FILE': '/usr/share/applications/terminator.desktop', 'ROS_PYTHON_VERSION': '3', 'GNOME_SHELL_SESSION_MODE': 'ubuntu', 'GTK_MODULES': 'gail:atk-bridge', 'MANAGERPID': '2257', 'SYSTEMD_EXEC_PID': '2733', 'GSM_SKIP_SSH_AGENT_WORKAROUND': 'true', 'DBUS_SESSION_BUS_ADDRESS': 'unix:path=/run/user/1000/bus', 'GIO_LAUNCHED_DESKTOP_FILE_PID': '24415', 'COLORTERM': 'truecolor', 'TERMINATOR_DBUS_NAME': 'net.tenshu.Terminator23558193cd9818af7fe4d2c2f5bd9d00f', 'DEBUGINFOD_URLS': 'https://debuginfod.ubuntu.com', 'COLCON_PREFIX_PATH': '/home/kth/robot_dev/robot_navigator/install', 'ROS_DISTRO': 'jazzy', 'LOGNAME': 'kth', 'JOURNAL_STREAM': '9:24881', 'POSH_SESSION_ID': '5cd2fcdf-4fff-4ffc-be52-f502931e8997', 'MEMORY_PRESSURE_WATCH': '/sys/fs/cgroup/user.slice/user-1000.slice/user@1000.service/session.slice/org.gnome.Shell@x11.service/memory.pressure', 'ROS_VERSION': '2', 'XDG_SESSION_CLASS': 'user', 'USERNAME': 'kth', 'TERM': 'xterm-256color', 'GNOME_DESKTOP_SESSION_ID': 'this-is-deprecated', 'POSH_SHELL_VERSION': '3.7.0', 'WINDOWPATH': '2', 'PATH': '/opt/ros/jazzy/opt/gz_msgs_vendor/bin:/opt/ros/jazzy/opt/gz_tools_vendor/bin:/opt/ros/jazzy/opt/gz_ogre_next_vendor/bin:/opt/ros/jazzy/bin:/home/kth/.local/bin:/usr/local/sbin:/usr/local/bin:/usr/sbin:/usr/bin:/sbin:/bin:/usr/games:/usr/local/games:/snap/bin:/snap/bin', 'SESSION_MANAGER': 'local/kth-GP75-Leopard-10SEK:@/tmp/.ICE-unix/2701,unix/kth-GP75-Leopard-10SEK:/tmp/.ICE-unix/2701', 'INVOCATION_ID': '921896e3d3cf41f68858fc660c5041cd', 'XDG_RUNTIME_DIR': '/run/user/1000', 'XDG_MENU_PREFIX': 'gnome-', 'DISPLAY': ':1', 'LANG': 'en_US.UTF-8', 'XDG_CURRENT_DESKTOP': 'ubuntu:GNOME', 'TERMINATOR_DBUS_PATH': '/net/tenshu/Terminator2', 'XAUTHORITY': '/run/user/1000/gdm/Xauthority', 'XMODIFIERS': '@im=ibus', 'XDG_SESSION_DESKTOP': 'ubuntu', 'SSH_AUTH_SOCK': '/run/user/1000/keyring/ssh', 'AMENT_PREFIX_PATH': '/opt/ros/jazzy:/home/kth/robot_dev/robot_navigator/install/robot_navigator:/home/kth/robot_dev/robot_navigator/install/control_interfaces', 'ROS_DOMAIN_ID': '22', 'TERMINATOR_UUID': 'urn:uuid:c6375071-c1c9-4e79-bc82-52d7de5ba316', 'SHELL': '/usr/bin/fish', 'QT_ACCESSIBILITY': '1', 'GDMSESSION': 'ubuntu', 'IGN_GAZEBO_RESOURCE_PATH': '/opt/ros/jazzy/share', 'GPG_AGENT_INFO': '/run/user/1000/gnupg/S.gpg-agent:0:1', 'GJS_DEBUG_OUTPUT': 'stderr', 'POSH_THEME': '/home/kth/.poshthemes/sonicboom_light.omp.json', 'ROS_AUTOMATIC_DISCOVERY_RANGE': 'SUBNET', 'QT_IM_MODULE': 'ibus', 'PWD': '/home/kth/robot_dev/robot_navigator/build/robot_navigator', 'LC_ALL': 'en_US.UTF-8', 'XDG_DATA_DIRS': '/usr/share/ubuntu:/usr/share/gnome:/usr/local/share/:/usr/share/:/var/lib/snapd/desktop', 'XDG_CONFIG_DIRS': '/etc/xdg/xdg-ubuntu:/etc/xdg', 'QTWEBENGINE_DICTIONARIES_PATH': '/usr/share/hunspell-bdic/', 'PYTHONPATH': '/opt/ros/jazzy/lib/python3.12/site-packages:/home/kth/robot_dev/robot_navigator/install/control_interfaces/lib/python3.12/site-packages', 'COLCON': '1', 'POSH_SHELL': 'fish', 'VTE_VERSION': '7600', 'MEMORY_PRESSURE_WRITE': 'c29tZSAyMDAwMDAgMjAwMDAwMAA=', 'CMAKE_PREFIX_PATH': '/opt/ros/jazzy/opt/gz_sim_vendor:/opt/ros/jazzy/opt/gz_sensors_vendor:/opt/ros/jazzy/opt/gz_physics_vendor:/opt/ros/jazzy/opt/sdformat_vendor:/opt/ros/jazzy/opt/gz_gui_vendor:/opt/ros/jazzy/opt/gz_transport_vendor:/opt/ros/jazzy/opt/gz_rendering_vendor:/opt/ros/jazzy/opt/gz_plugin_vendor:/opt/ros/jazzy/opt/gz_fuel_tools_vendor:/opt/ros/jazzy/opt/gz_msgs_vendor:/opt/ros/jazzy/opt/gz_common_vendor:/opt/ros/jazzy/opt/gz_math_vendor:/opt/ros/jazzy/opt/gz_utils_vendor:/opt/ros/jazzy/opt/gz_tools_vendor:/opt/ros/jazzy/opt/gz_ogre_next_vendor:/opt/ros/jazzy/opt/gz_dartsim_vendor:/opt/ros/jazzy/opt/gz_cmake_vendor:/home/kth/robot_dev/robot_navigator/install/robot_navigator:/home/kth/robot_dev/robot_navigator/install/control_interfaces:/opt/ros/jazzy'}), 'shell': False}
[48.889844] (robot_navigator) StdoutLine: {'line': b'-- Install configuration: ""\n'}
[48.890052] (robot_navigator) StdoutLine: {'line': b'-- Installing: /home/kth/robot_dev/robot_navigator/install/robot_navigator/lib/robot_navigator/robot_navigator\n'}
[48.903311] (-) TimerEvent: {}
[48.913731] (robot_navigator) StdoutLine: {'line': b'-- Set non-toolchain portion of runtime path of "/home/kth/robot_dev/robot_navigator/install/robot_navigator/lib/robot_navigator/robot_navigator" to ""\n'}
[48.915129] (robot_navigator) StdoutLine: {'line': b'-- Up-to-date: /home/kth/robot_dev/robot_navigator/install/robot_navigator/lib/robot_navigator/obstacle_detector\n'}
[48.915491] (robot_navigator) StdoutLine: {'line': b'-- Up-to-date: /home/kth/robot_dev/robot_navigator/install/robot_navigator/share/ament_index/resource_index/package_run_dependencies/robot_navigator\n'}
[48.915747] (robot_navigator) StdoutLine: {'line': b'-- Up-to-date: /home/kth/robot_dev/robot_navigator/install/robot_navigator/share/ament_index/resource_index/parent_prefix_path/robot_navigator\n'}
[48.915856] (robot_navigator) StdoutLine: {'line': b'-- Up-to-date: /home/kth/robot_dev/robot_navigator/install/robot_navigator/share/robot_navigator/environment/ament_prefix_path.sh\n'}
[48.915965] (robot_navigator) StdoutLine: {'line': b'-- Up-to-date: /home/kth/robot_dev/robot_navigator/install/robot_navigator/share/robot_navigator/environment/ament_prefix_path.dsv\n'}
[48.916045] (robot_navigator) StdoutLine: {'line': b'-- Up-to-date: /home/kth/robot_dev/robot_navigator/install/robot_navigator/share/robot_navigator/environment/path.sh\n'}
[48.916149] (robot_navigator) StdoutLine: {'line': b'-- Up-to-date: /home/kth/robot_dev/robot_navigator/install/robot_navigator/share/robot_navigator/environment/path.dsv\n'}
[48.916286] (robot_navigator) StdoutLine: {'line': b'-- Up-to-date: /home/kth/robot_dev/robot_navigator/install/robot_navigator/share/robot_navigator/local_setup.bash\n'}
[48.916421] (robot_navigator) StdoutLine: {'line': b'-- Up-to-date: /home/kth/robot_dev/robot_navigator/install/robot_navigator/share/robot_navigator/local_setup.sh\n'}
[48.916610] (robot_navigator) StdoutLine: {'line': b'-- Up-to-date: /home/kth/robot_dev/robot_navigator/install/robot_navigator/share/robot_navigator/local_setup.zsh\n'}
[48.916694] (robot_navigator) StdoutLine: {'line': b'-- Up-to-date: /home/kth/robot_dev/robot_navigator/install/robot_navigator/share/robot_navigator/local_setup.dsv\n'}
[48.916782] (robot_navigator) StdoutLine: {'line': b'-- Installing: /home/kth/robot_dev/robot_navigator/install/robot_navigator/share/robot_navigator/package.dsv\n'}
[48.916852] (robot_navigator) StdoutLine: {'line': b'-- Up-to-date: /home/kth/robot_dev/robot_navigator/install/robot_navigator/share/ament_index/resource_index/packages/robot_navigator\n'}
[48.916916] (robot_navigator) StdoutLine: {'line': b'-- Up-to-date: /home/kth/robot_dev/robot_navigator/install/robot_navigator/share/robot_navigator/cmake/robot_navigatorConfig.cmake\n'}
[48.916983] (robot_navigator) StdoutLine: {'line': b'-- Up-to-date: /home/kth/robot_dev/robot_navigator/install/robot_navigator/share/robot_navigator/cmake/robot_navigatorConfig-version.cmake\n'}
[48.917056] (robot_navigator) StdoutLine: {'line': b'-- Up-to-date: /home/kth/robot_dev/robot_navigator/install/robot_navigator/share/robot_navigator/package.xml\n'}
[48.919048] (robot_navigator) CommandEnded: {'returncode': 0}
[48.939672] (robot_navigator) JobEnded: {'identifier': 'robot_navigator', 'rc': 0}
[48.940499] (-) EventReactorShutdown: {}
