[0.008s] Invoking command in '/home/kth/robot_dev/robot_navigator/build/robot_navigator': CMAKE_PREFIX_PATH=${CMAKE_PREFIX_PATH}:/opt/ros/jazzy DEBUGINFOD_URLS=https://debuginfod.ubuntu.com /usr/bin/cmake /home/kth/robot_dev/robot_navigator/src/robot_navigator -DCMAKE_INSTALL_PREFIX=/home/kth/robot_dev/robot_navigator/install/robot_navigator
[0.047s] -- The C compiler identification is GNU 13.3.0
[0.087s] -- The CXX compiler identification is GNU 13.3.0
[0.098s] -- Detecting C compiler ABI info
[0.160s] -- Detecting C compiler ABI info - done
[0.167s] -- Check for working C compiler: /usr/bin/cc - skipped
[0.168s] -- Detecting C compile features
[0.168s] -- Detecting C compile features - done
[0.174s] -- Detecting CXX compiler ABI info
[0.242s] -- Detecting CXX compiler ABI info - done
[0.250s] -- Check for working CXX compiler: /usr/bin/c++ - skipped
[0.250s] -- Detecting CXX compile features
[0.250s] -- Detecting CXX compile features - done
[0.253s] -- Found ament_cmake: 2.5.4 (/opt/ros/jazzy/share/ament_cmake/cmake)
[0.364s] -- Found Python3: /usr/bin/python3 (found version "3.12.3") found components: Interpreter 
[0.452s] -- Found rclcpp: 28.1.10 (/opt/ros/jazzy/share/rclcpp/cmake)
[0.490s] -- Found rosidl_generator_c: 4.6.5 (/opt/ros/jazzy/share/rosidl_generator_c/cmake)
[0.502s] -- Found rosidl_generator_cpp: 4.6.5 (/opt/ros/jazzy/share/rosidl_generator_cpp/cmake)
[0.518s] -- Using all available rosidl_typesupport_c: rosidl_typesupport_fastrtps_c;rosidl_typesupport_introspection_c
[0.534s] -- Using all available rosidl_typesupport_cpp: rosidl_typesupport_fastrtps_cpp;rosidl_typesupport_introspection_cpp
[0.600s] -- Found rmw_implementation_cmake: 7.3.2 (/opt/ros/jazzy/share/rmw_implementation_cmake/cmake)
[0.604s] -- Found rmw_fastrtps_cpp: 8.4.2 (/opt/ros/jazzy/share/rmw_fastrtps_cpp/cmake)
[0.664s] -- Found OpenSSL: /usr/lib/x86_64-linux-gnu/libcrypto.so (found version "3.0.13")  
[0.679s] -- Found FastRTPS: /opt/ros/jazzy/include (Required is at least version "2.13") 
[0.696s] -- Using RMW implementation 'rmw_fastrtps_cpp' as default
[0.763s] -- Found geometry_msgs: 5.3.6 (/opt/ros/jazzy/share/geometry_msgs/cmake)
[0.791s] -- Found nav_msgs: 5.3.6 (/opt/ros/jazzy/share/nav_msgs/cmake)
[0.815s] -- Found sensor_msgs: 5.3.6 (/opt/ros/jazzy/share/sensor_msgs/cmake)
[0.837s] -- Found nav2_msgs: 1.3.7 (/opt/ros/jazzy/share/nav2_msgs/cmake)
[0.937s] -- Found tf2: 0.36.12 (/opt/ros/jazzy/share/tf2/cmake)
[0.942s] -- Found tf2_geometry_msgs: 0.36.12 (/opt/ros/jazzy/share/tf2_geometry_msgs/cmake)
[0.956s] -- Found eigen3_cmake_module: 0.3.0 (/opt/ros/jazzy/share/eigen3_cmake_module/cmake)
[0.957s] -- Found Eigen3: TRUE (found version "3.4.0") 
[0.958s] -- Ensuring Eigen3 include directory is part of orocos-kdl CMake target
[1.048s] -- Found ament_lint_auto: 0.17.2 (/opt/ros/jazzy/share/ament_lint_auto/cmake)
[1.129s] -- Added test 'cppcheck' to perform static code analysis on C / C++ code
[1.130s] -- Configured cppcheck include dirs: $<BUILD_INTERFACE:/home/kth/robot_dev/robot_navigator/src/robot_navigator/include>
[1.130s] -- Configured cppcheck exclude dirs and/or files: 
[1.130s] -- Added test 'lint_cmake' to check CMake code style
[1.131s] -- Added test 'uncrustify' to check C / C++ code style
[1.131s] -- Configured uncrustify additional arguments: 
[1.132s] -- Added test 'xmllint' to check XML markup files
[1.133s] -- Configuring done (1.1s)
[1.144s] -- Generating done (0.0s)
[1.147s] -- Build files have been written to: /home/kth/robot_dev/robot_navigator/build/robot_navigator
[1.155s] Invoked command in '/home/kth/robot_dev/robot_navigator/build/robot_navigator' returned '0': CMAKE_PREFIX_PATH=${CMAKE_PREFIX_PATH}:/opt/ros/jazzy DEBUGINFOD_URLS=https://debuginfod.ubuntu.com /usr/bin/cmake /home/kth/robot_dev/robot_navigator/src/robot_navigator -DCMAKE_INSTALL_PREFIX=/home/kth/robot_dev/robot_navigator/install/robot_navigator
[1.156s] Invoking command in '/home/kth/robot_dev/robot_navigator/build/robot_navigator': CMAKE_PREFIX_PATH=${CMAKE_PREFIX_PATH}:/opt/ros/jazzy DEBUGINFOD_URLS=https://debuginfod.ubuntu.com /usr/bin/cmake --build /home/kth/robot_dev/robot_navigator/build/robot_navigator -- -j12 -l12
[1.192s] [ 66%] [32mBuilding CXX object CMakeFiles/robot_navigator.dir/src/main.cpp.o[0m
[1.192s] [ 66%] [32mBuilding CXX object CMakeFiles/robot_navigator.dir/src/robot_navigator.cpp.o[0m
[13.277s] [100%] [32m[1mLinking CXX executable robot_navigator[0m
[13.814s] [100%] Built target robot_navigator
[13.824s] Invoked command in '/home/kth/robot_dev/robot_navigator/build/robot_navigator' returned '0': CMAKE_PREFIX_PATH=${CMAKE_PREFIX_PATH}:/opt/ros/jazzy DEBUGINFOD_URLS=https://debuginfod.ubuntu.com /usr/bin/cmake --build /home/kth/robot_dev/robot_navigator/build/robot_navigator -- -j12 -l12
[13.831s] Invoking command in '/home/kth/robot_dev/robot_navigator/build/robot_navigator': CMAKE_PREFIX_PATH=${CMAKE_PREFIX_PATH}:/opt/ros/jazzy DEBUGINFOD_URLS=https://debuginfod.ubuntu.com /usr/bin/cmake --install /home/kth/robot_dev/robot_navigator/build/robot_navigator
[13.837s] -- Install configuration: ""
[13.837s] -- Installing: /home/kth/robot_dev/robot_navigator/install/robot_navigator/lib/robot_navigator/robot_navigator
[13.843s] -- Set non-toolchain portion of runtime path of "/home/kth/robot_dev/robot_navigator/install/robot_navigator/lib/robot_navigator/robot_navigator" to ""
[13.844s] -- Installing: /home/kth/robot_dev/robot_navigator/install/robot_navigator/share/ament_index/resource_index/package_run_dependencies/robot_navigator
[13.844s] -- Installing: /home/kth/robot_dev/robot_navigator/install/robot_navigator/share/ament_index/resource_index/parent_prefix_path/robot_navigator
[13.844s] -- Installing: /home/kth/robot_dev/robot_navigator/install/robot_navigator/share/robot_navigator/environment/ament_prefix_path.sh
[13.844s] -- Installing: /home/kth/robot_dev/robot_navigator/install/robot_navigator/share/robot_navigator/environment/ament_prefix_path.dsv
[13.844s] -- Installing: /home/kth/robot_dev/robot_navigator/install/robot_navigator/share/robot_navigator/environment/path.sh
[13.844s] -- Installing: /home/kth/robot_dev/robot_navigator/install/robot_navigator/share/robot_navigator/environment/path.dsv
[13.844s] -- Installing: /home/kth/robot_dev/robot_navigator/install/robot_navigator/share/robot_navigator/local_setup.bash
[13.844s] -- Installing: /home/kth/robot_dev/robot_navigator/install/robot_navigator/share/robot_navigator/local_setup.sh
[13.844s] -- Installing: /home/kth/robot_dev/robot_navigator/install/robot_navigator/share/robot_navigator/local_setup.zsh
[13.844s] -- Installing: /home/kth/robot_dev/robot_navigator/install/robot_navigator/share/robot_navigator/local_setup.dsv
[13.844s] -- Installing: /home/kth/robot_dev/robot_navigator/install/robot_navigator/share/robot_navigator/package.dsv
[13.844s] -- Installing: /home/kth/robot_dev/robot_navigator/install/robot_navigator/share/ament_index/resource_index/packages/robot_navigator
[13.845s] -- Installing: /home/kth/robot_dev/robot_navigator/install/robot_navigator/share/robot_navigator/cmake/robot_navigatorConfig.cmake
[13.845s] -- Installing: /home/kth/robot_dev/robot_navigator/install/robot_navigator/share/robot_navigator/cmake/robot_navigatorConfig-version.cmake
[13.845s] -- Installing: /home/kth/robot_dev/robot_navigator/install/robot_navigator/share/robot_navigator/package.xml
[13.846s] Invoked command in '/home/kth/robot_dev/robot_navigator/build/robot_navigator' returned '0': CMAKE_PREFIX_PATH=${CMAKE_PREFIX_PATH}:/opt/ros/jazzy DEBUGINFOD_URLS=https://debuginfod.ubuntu.com /usr/bin/cmake --install /home/kth/robot_dev/robot_navigator/build/robot_navigator
