[0.009s] Invoking command in '/home/kth/robot_dev/robot_navigator/build/robot_navigator': CMAKE_PREFIX_PATH=${CMAKE_PREFIX_PATH}:/opt/ros/jazzy DEBUGINFOD_URLS=https://debuginfod.ubuntu.com /usr/bin/cmake --build /home/kth/robot_dev/robot_navigator/build/robot_navigator -- -j12 -l12
[0.053s] [ 40%] Built target obstacle_detector
[0.060s] [ 60%] [32mBuilding CXX object CMakeFiles/robot_navigator.dir/src/robot_navigator.cpp.o[0m
[0.061s] [ 80%] [32mBuilding CXX object CMakeFiles/robot_navigator.dir/src/main.cpp.o[0m
[2.322s] In file included from [01m[K/home/kth/robot_dev/robot_navigator/src/robot_navigator/src/robot_navigator.cpp:1[m[K:
[2.322s] [01m[K/home/kth/robot_dev/robot_navigator/src/robot_navigator/include/robot_navigator/robot_navigator.hpp:142:69:[m[K [01;31m[Kerror: [m[Kexpected ‘[01m[K;[m[K’ at end of member declaration
[2.322s]   142 |     void globalPathCallback(const nav_msgs::msg::Path::SharedPtr msg[01;31m[K)[m[K
[2.322s]       |                                                                     [01;31m[K^[m[K
[2.322s]       |                                                                      [32m[K;[m[K
[2.322s] [01m[K/home/kth/robot_dev/robot_navigator/src/robot_navigator/include/robot_navigator/robot_navigator.hpp:188:103:[m[K [01;31m[Kerror: [m[Kexpected ‘[01m[K;[m[K’ at end of member declaration
[2.322s]   188 |     geometry_msgs::msg::PoseStamped getNextWaypointFromPath(const geometry_msgs::msg::Point& robot_pos[01;31m[K)[m[K
[2.322s]       |                                                                                                       [01;31m[K^[m[K
[2.322s]       |                                                                                                        [32m[K;[m[K
[2.382s] In file included from [01m[K/home/kth/robot_dev/robot_navigator/src/robot_navigator/src/main.cpp:1[m[K:
[2.382s] [01m[K/home/kth/robot_dev/robot_navigator/src/robot_navigator/include/robot_navigator/robot_navigator.hpp:142:69:[m[K [01;31m[Kerror: [m[Kexpected ‘[01m[K;[m[K’ at end of member declaration
[2.382s]   142 |     void globalPathCallback(const nav_msgs::msg::Path::SharedPtr msg[01;31m[K)[m[K
[2.382s]       |                                                                     [01;31m[K^[m[K
[2.382s]       |                                                                      [32m[K;[m[K
[2.382s] [01m[K/home/kth/robot_dev/robot_navigator/src/robot_navigator/include/robot_navigator/robot_navigator.hpp:188:103:[m[K [01;31m[Kerror: [m[Kexpected ‘[01m[K;[m[K’ at end of member declaration
[2.383s]   188 |     geometry_msgs::msg::PoseStamped getNextWaypointFromPath(const geometry_msgs::msg::Point& robot_pos[01;31m[K)[m[K
[2.383s]       |                                                                                                       [01;31m[K^[m[K
[2.383s]       |                                                                                                        [32m[K;[m[K
[3.289s] gmake[2]: *** [CMakeFiles/robot_navigator.dir/build.make:90: CMakeFiles/robot_navigator.dir/src/main.cpp.o] Error 1
[3.289s] gmake[2]: *** Waiting for unfinished jobs....
[8.287s] gmake[2]: *** [CMakeFiles/robot_navigator.dir/build.make:76: CMakeFiles/robot_navigator.dir/src/robot_navigator.cpp.o] Error 1
[8.287s] gmake[1]: *** [CMakeFiles/Makefile2:139: CMakeFiles/robot_navigator.dir/all] Error 2
[8.288s] gmake: *** [Makefile:146: all] Error 2
[8.289s] Invoked command in '/home/kth/robot_dev/robot_navigator/build/robot_navigator' returned '2': CMAKE_PREFIX_PATH=${CMAKE_PREFIX_PATH}:/opt/ros/jazzy DEBUGINFOD_URLS=https://debuginfod.ubuntu.com /usr/bin/cmake --build /home/kth/robot_dev/robot_navigator/build/robot_navigator -- -j12 -l12
