[0.205s] Invoking command in '/home/kth/robot_dev/vicpinky_2/build/vicpinky_gazebo': CMAKE_PREFIX_PATH=${CMAKE_PREFIX_PATH}:/home/kth/robot_dev/vicpinky_2/install/vicpinky_bringup:/opt/ros/jazzy DEBUGINFOD_URLS=https://debuginfod.ubuntu.com /usr/bin/cmake --build /home/kth/robot_dev/vicpinky_2/build/vicpinky_gazebo -- -j12 -l12
[0.250s] Invoked command in '/home/kth/robot_dev/vicpinky_2/build/vicpinky_gazebo' returned '0': CMAKE_PREFIX_PATH=${CMAKE_PREFIX_PATH}:/home/kth/robot_dev/vicpinky_2/install/vicpinky_bringup:/opt/ros/jazzy DEBUGINFOD_URLS=https://debuginfod.ubuntu.com /usr/bin/cmake --build /home/kth/robot_dev/vicpinky_2/build/vicpinky_gazebo -- -j12 -l12
[0.251s] Invoking command in '/home/kth/robot_dev/vicpinky_2/build/vicpinky_gazebo': CMAKE_PREFIX_PATH=${CMAKE_PREFIX_PATH}:/home/kth/robot_dev/vicpinky_2/install/vicpinky_bringup:/opt/ros/jazzy DEBUGINFOD_URLS=https://debuginfod.ubuntu.com /usr/bin/cmake --install /home/kth/robot_dev/vicpinky_2/build/vicpinky_gazebo
[0.258s] -- Install configuration: ""
[0.258s] -- Up-to-date: /home/kth/robot_dev/vicpinky_2/install/vicpinky_gazebo/share/vicpinky_gazebo/launch
[0.258s] -- Up-to-date: /home/kth/robot_dev/vicpinky_2/install/vicpinky_gazebo/share/vicpinky_gazebo/launch/spawn.launch.xml
[0.258s] -- Up-to-date: /home/kth/robot_dev/vicpinky_2/install/vicpinky_gazebo/share/vicpinky_gazebo/launch/launch_sim.launch.xml
[0.258s] -- Up-to-date: /home/kth/robot_dev/vicpinky_2/install/vicpinky_gazebo/share/vicpinky_gazebo/worlds
[0.258s] -- Up-to-date: /home/kth/robot_dev/vicpinky_2/install/vicpinky_gazebo/share/vicpinky_gazebo/worlds/factory_L1.world
[0.259s] -- Up-to-date: /home/kth/robot_dev/vicpinky_2/install/vicpinky_gazebo/share/vicpinky_gazebo/worlds/asan_map.world
[0.259s] -- Up-to-date: /home/kth/robot_dev/vicpinky_2/install/vicpinky_gazebo/share/vicpinky_gazebo/worlds/pinky_factory.world
[0.259s] -- Up-to-date: /home/kth/robot_dev/vicpinky_2/install/vicpinky_gazebo/share/vicpinky_gazebo/worlds/empty.world
[0.259s] -- Up-to-date: /home/kth/robot_dev/vicpinky_2/install/vicpinky_gazebo/share/vicpinky_gazebo/worlds/pinky_map.world
[0.259s] -- Up-to-date: /home/kth/robot_dev/vicpinky_2/install/vicpinky_gazebo/share/vicpinky_gazebo/models
[0.259s] -- Up-to-date: /home/kth/robot_dev/vicpinky_2/install/vicpinky_gazebo/share/vicpinky_gazebo/models/desk
[0.259s] -- Up-to-date: /home/kth/robot_dev/vicpinky_2/install/vicpinky_gazebo/share/vicpinky_gazebo/models/desk/meshes
[0.259s] -- Up-to-date: /home/kth/robot_dev/vicpinky_2/install/vicpinky_gazebo/share/vicpinky_gazebo/models/desk/meshes/desk.obj
[0.259s] -- Up-to-date: /home/kth/robot_dev/vicpinky_2/install/vicpinky_gazebo/share/vicpinky_gazebo/models/desk/meshes/desk.mtl
[0.259s] -- Up-to-date: /home/kth/robot_dev/vicpinky_2/install/vicpinky_gazebo/share/vicpinky_gazebo/models/desk/meshes/Desk_Diffuse.png
[0.259s] -- Up-to-date: /home/kth/robot_dev/vicpinky_2/install/vicpinky_gazebo/share/vicpinky_gazebo/models/desk/model.sdf
[0.259s] -- Up-to-date: /home/kth/robot_dev/vicpinky_2/install/vicpinky_gazebo/share/vicpinky_gazebo/models/desk/thumbnails
[0.259s] -- Up-to-date: /home/kth/robot_dev/vicpinky_2/install/vicpinky_gazebo/share/vicpinky_gazebo/models/desk/thumbnails/2.png
[0.259s] -- Up-to-date: /home/kth/robot_dev/vicpinky_2/install/vicpinky_gazebo/share/vicpinky_gazebo/models/desk/thumbnails/3.png
[0.259s] -- Up-to-date: /home/kth/robot_dev/vicpinky_2/install/vicpinky_gazebo/share/vicpinky_gazebo/models/desk/thumbnails/5.png
[0.259s] -- Up-to-date: /home/kth/robot_dev/vicpinky_2/install/vicpinky_gazebo/share/vicpinky_gazebo/models/desk/thumbnails/1.png
[0.260s] -- Up-to-date: /home/kth/robot_dev/vicpinky_2/install/vicpinky_gazebo/share/vicpinky_gazebo/models/desk/thumbnails/4.png
[0.260s] -- Up-to-date: /home/kth/robot_dev/vicpinky_2/install/vicpinky_gazebo/share/vicpinky_gazebo/models/desk/model.config
[0.260s] -- Up-to-date: /home/kth/robot_dev/vicpinky_2/install/vicpinky_gazebo/share/vicpinky_gazebo/models/asan_hospital
[0.260s] -- Up-to-date: /home/kth/robot_dev/vicpinky_2/install/vicpinky_gazebo/share/vicpinky_gazebo/models/asan_hospital/meshes
[0.260s] -- Up-to-date: /home/kth/robot_dev/vicpinky_2/install/vicpinky_gazebo/share/vicpinky_gazebo/models/asan_hospital/meshes/asan_map.obj
[0.260s] -- Up-to-date: /home/kth/robot_dev/vicpinky_2/install/vicpinky_gazebo/share/vicpinky_gazebo/models/asan_hospital/model.sdf
[0.260s] -- Up-to-date: /home/kth/robot_dev/vicpinky_2/install/vicpinky_gazebo/share/vicpinky_gazebo/models/asan_hospital/model.config
[0.260s] -- Up-to-date: /home/kth/robot_dev/vicpinky_2/install/vicpinky_gazebo/share/vicpinky_gazebo/models/img
[0.260s] -- Up-to-date: /home/kth/robot_dev/vicpinky_2/install/vicpinky_gazebo/share/vicpinky_gazebo/models/img/pinklab_half.jpg
[0.260s] -- Up-to-date: /home/kth/robot_dev/vicpinky_2/install/vicpinky_gazebo/share/vicpinky_gazebo/models/img/pinklab.jpg
[0.260s] -- Up-to-date: /home/kth/robot_dev/vicpinky_2/install/vicpinky_gazebo/share/vicpinky_gazebo/models/factory_L1
[0.260s] -- Up-to-date: /home/kth/robot_dev/vicpinky_2/install/vicpinky_gazebo/share/vicpinky_gazebo/models/factory_L1/meshes
[0.260s] -- Up-to-date: /home/kth/robot_dev/vicpinky_2/install/vicpinky_gazebo/share/vicpinky_gazebo/models/factory_L1/meshes/concrete2.png
[0.260s] -- Up-to-date: /home/kth/robot_dev/vicpinky_2/install/vicpinky_gazebo/share/vicpinky_gazebo/models/factory_L1/meshes/wall_3.obj
[0.260s] -- Up-to-date: /home/kth/robot_dev/vicpinky_2/install/vicpinky_gazebo/share/vicpinky_gazebo/models/factory_L1/meshes/wall_2.obj
[0.261s] -- Up-to-date: /home/kth/robot_dev/vicpinky_2/install/vicpinky_gazebo/share/vicpinky_gazebo/models/factory_L1/meshes/wall_1.mtl
[0.261s] -- Up-to-date: /home/kth/robot_dev/vicpinky_2/install/vicpinky_gazebo/share/vicpinky_gazebo/models/factory_L1/meshes/wall_1.obj
[0.261s] -- Up-to-date: /home/kth/robot_dev/vicpinky_2/install/vicpinky_gazebo/share/vicpinky_gazebo/models/factory_L1/meshes/blue_linoleum.png
[0.261s] -- Up-to-date: /home/kth/robot_dev/vicpinky_2/install/vicpinky_gazebo/share/vicpinky_gazebo/models/factory_L1/meshes/floor_1.obj
[0.261s] -- Up-to-date: /home/kth/robot_dev/vicpinky_2/install/vicpinky_gazebo/share/vicpinky_gazebo/models/factory_L1/meshes/default.png
[0.261s] -- Up-to-date: /home/kth/robot_dev/vicpinky_2/install/vicpinky_gazebo/share/vicpinky_gazebo/models/factory_L1/meshes/wall_3.mtl
[0.261s] -- Up-to-date: /home/kth/robot_dev/vicpinky_2/install/vicpinky_gazebo/share/vicpinky_gazebo/models/factory_L1/meshes/wall_2.mtl
[0.261s] -- Up-to-date: /home/kth/robot_dev/vicpinky_2/install/vicpinky_gazebo/share/vicpinky_gazebo/models/factory_L1/meshes/floor_1.mtl
[0.261s] -- Up-to-date: /home/kth/robot_dev/vicpinky_2/install/vicpinky_gazebo/share/vicpinky_gazebo/models/factory_L1/meshes/model.material
[0.261s] -- Up-to-date: /home/kth/robot_dev/vicpinky_2/install/vicpinky_gazebo/share/vicpinky_gazebo/models/factory_L1/model.sdf
[0.261s] -- Up-to-date: /home/kth/robot_dev/vicpinky_2/install/vicpinky_gazebo/share/vicpinky_gazebo/models/factory_L1/model.config
[0.261s] -- Up-to-date: /home/kth/robot_dev/vicpinky_2/install/vicpinky_gazebo/share/vicpinky_gazebo/models/robot
[0.262s] -- Up-to-date: /home/kth/robot_dev/vicpinky_2/install/vicpinky_gazebo/share/vicpinky_gazebo/models/robot/jetcobot.dae
[0.262s] -- Up-to-date: /home/kth/robot_dev/vicpinky_2/install/vicpinky_gazebo/share/vicpinky_gazebo/models/shelf
[0.262s] -- Up-to-date: /home/kth/robot_dev/vicpinky_2/install/vicpinky_gazebo/share/vicpinky_gazebo/models/shelf/meshes
[0.262s] -- Up-to-date: /home/kth/robot_dev/vicpinky_2/install/vicpinky_gazebo/share/vicpinky_gazebo/models/shelf/meshes/Box_paper_04_1_Base_Color.png
[0.262s] -- Up-to-date: /home/kth/robot_dev/vicpinky_2/install/vicpinky_gazebo/share/vicpinky_gazebo/models/shelf/meshes/shelf_big_movai.dae
[0.262s] -- Up-to-date: /home/kth/robot_dev/vicpinky_2/install/vicpinky_gazebo/share/vicpinky_gazebo/models/shelf/original_modl.sdf
[0.262s] -- Up-to-date: /home/kth/robot_dev/vicpinky_2/install/vicpinky_gazebo/share/vicpinky_gazebo/models/shelf/model.sdf
[0.262s] -- Up-to-date: /home/kth/robot_dev/vicpinky_2/install/vicpinky_gazebo/share/vicpinky_gazebo/models/shelf/thumbnails
[0.262s] -- Up-to-date: /home/kth/robot_dev/vicpinky_2/install/vicpinky_gazebo/share/vicpinky_gazebo/models/shelf/thumbnails/1.png
[0.262s] -- Up-to-date: /home/kth/robot_dev/vicpinky_2/install/vicpinky_gazebo/share/vicpinky_gazebo/models/shelf/model.config
[0.262s] -- Up-to-date: /home/kth/robot_dev/vicpinky_2/install/vicpinky_gazebo/share/vicpinky_gazebo/params
[0.262s] -- Up-to-date: /home/kth/robot_dev/vicpinky_2/install/vicpinky_gazebo/share/vicpinky_gazebo/params/pinky_bridge.yaml
[0.262s] -- Up-to-date: /home/kth/robot_dev/vicpinky_2/install/vicpinky_gazebo/share/ament_index/resource_index/package_run_dependencies/vicpinky_gazebo
[0.262s] -- Up-to-date: /home/kth/robot_dev/vicpinky_2/install/vicpinky_gazebo/share/ament_index/resource_index/parent_prefix_path/vicpinky_gazebo
[0.262s] -- Up-to-date: /home/kth/robot_dev/vicpinky_2/install/vicpinky_gazebo/share/vicpinky_gazebo/environment/ament_prefix_path.sh
[0.262s] -- Up-to-date: /home/kth/robot_dev/vicpinky_2/install/vicpinky_gazebo/share/vicpinky_gazebo/environment/ament_prefix_path.dsv
[0.263s] -- Up-to-date: /home/kth/robot_dev/vicpinky_2/install/vicpinky_gazebo/share/vicpinky_gazebo/environment/path.sh
[0.263s] -- Up-to-date: /home/kth/robot_dev/vicpinky_2/install/vicpinky_gazebo/share/vicpinky_gazebo/environment/path.dsv
[0.263s] -- Up-to-date: /home/kth/robot_dev/vicpinky_2/install/vicpinky_gazebo/share/vicpinky_gazebo/local_setup.bash
[0.263s] -- Up-to-date: /home/kth/robot_dev/vicpinky_2/install/vicpinky_gazebo/share/vicpinky_gazebo/local_setup.sh
[0.263s] -- Up-to-date: /home/kth/robot_dev/vicpinky_2/install/vicpinky_gazebo/share/vicpinky_gazebo/local_setup.zsh
[0.263s] -- Up-to-date: /home/kth/robot_dev/vicpinky_2/install/vicpinky_gazebo/share/vicpinky_gazebo/local_setup.dsv
[0.263s] -- Installing: /home/kth/robot_dev/vicpinky_2/install/vicpinky_gazebo/share/vicpinky_gazebo/package.dsv
[0.264s] -- Up-to-date: /home/kth/robot_dev/vicpinky_2/install/vicpinky_gazebo/share/ament_index/resource_index/packages/vicpinky_gazebo
[0.264s] -- Up-to-date: /home/kth/robot_dev/vicpinky_2/install/vicpinky_gazebo/share/vicpinky_gazebo/cmake/vicpinky_gazeboConfig.cmake
[0.264s] -- Up-to-date: /home/kth/robot_dev/vicpinky_2/install/vicpinky_gazebo/share/vicpinky_gazebo/cmake/vicpinky_gazeboConfig-version.cmake
[0.264s] -- Up-to-date: /home/kth/robot_dev/vicpinky_2/install/vicpinky_gazebo/share/vicpinky_gazebo/package.xml
[0.274s] Invoked command in '/home/kth/robot_dev/vicpinky_2/build/vicpinky_gazebo' returned '0': CMAKE_PREFIX_PATH=${CMAKE_PREFIX_PATH}:/home/kth/robot_dev/vicpinky_2/install/vicpinky_bringup:/opt/ros/jazzy DEBUGINFOD_URLS=https://debuginfod.ubuntu.com /usr/bin/cmake --install /home/kth/robot_dev/vicpinky_2/build/vicpinky_gazebo
