[0.000000] (-) TimerEvent: {}
[0.000341] (my_opencv_tutorials) JobQueued: {'identifier': 'my_opencv_tutorials', 'dependencies': OrderedDict()}
[0.000516] (my_opencv_tutorials) JobStarted: {'identifier': 'my_opencv_tutorials'}
[0.099937] (-) TimerEvent: {}
[0.200140] (-) TimerEvent: {}
[0.300341] (-) TimerEvent: {}
[0.400551] (-) TimerEvent: {}
[0.500742] (-) TimerEvent: {}
[0.600956] (-) TimerEvent: {}
[0.701167] (-) TimerEvent: {}
[0.745755] (my_opencv_tutorials) Command: {'cmd': ['/usr/bin/python3', '-W', 'ignore:setup.py install is deprecated', '-W', 'ignore:easy_install command is deprecated', 'setup.py', 'egg_info', '--egg-base', '../../build/my_opencv_tutorials', 'build', '--build-base', '/home/kth/robot_dev/my_opencv_tutorials/build/my_opencv_tutorials/build', 'install', '--record', '/home/kth/robot_dev/my_opencv_tutorials/build/my_opencv_tutorials/install.log', '--single-version-externally-managed', 'install_data'], 'cwd': '/home/kth/robot_dev/my_opencv_tutorials/src/my_opencv_tutorials', 'env': {'GJS_DEBUG_TOPICS': 'JS ERROR;JS LOG', 'XDG_ACTIVATION_TOKEN': 'gnome-shell/Terminator/3408-3-kth-GP75-Leopard-10SEK_TIME9556974', 'CONDA_PROMPT_MODIFIER': 'false', 'USER': 'kth', 'XDG_SESSION_TYPE': 'x11', 'CLUTTER_DISABLE_MIPMAPPED_TEXT': '1', 'POWERLINE_COMMAND': 'oh-my-posh', 'SHLVL': '1', 'LD_LIBRARY_PATH': '/opt/ros/jazzy/opt/rviz_ogre_vendor/lib:/opt/ros/jazzy/lib/x86_64-linux-gnu:/opt/ros/jazzy/opt/gz_math_vendor/lib:/opt/ros/jazzy/opt/gz_utils_vendor/lib:/opt/ros/jazzy/opt/gz_cmake_vendor/lib:/opt/ros/jazzy/lib', 'HOME': '/home/kth', 'DESKTOP_SESSION': 'ubuntu', 'GIO_LAUNCHED_DESKTOP_FILE': '/usr/share/applications/terminator.desktop', 'ROS_PYTHON_VERSION': '3', 'GNOME_SHELL_SESSION_MODE': 'ubuntu', 'GTK_MODULES': 'gail:atk-bridge', 'MANAGERPID': '2913', 'SYSTEMD_EXEC_PID': '3408', 'GSM_SKIP_SSH_AGENT_WORKAROUND': 'true', 'DBUS_SESSION_BUS_ADDRESS': 'unix:path=/run/user/1000/bus', 'GIO_LAUNCHED_DESKTOP_FILE_PID': '48560', 'LIBVIRT_DEFAULT_URI': 'qemu:///system', 'COLORTERM': 'truecolor', 'TERMINATOR_DBUS_NAME': 'net.tenshu.Terminator23558193cd9818af7fe4d2c2f5bd9d00f', 'DEBUGINFOD_URLS': 'https://debuginfod.ubuntu.com', 'COLCON_PREFIX_PATH': '/home/kth/robot_dev/my_opencv_tutorials/install', 'ROS_DISTRO': 'jazzy', 'LOGNAME': 'kth', 'JOURNAL_STREAM': '9:20048', 'POSH_SESSION_ID': '4e938d1e-c40f-4dd5-b583-80821a70cebd', 'MEMORY_PRESSURE_WATCH': '/sys/fs/cgroup/user.slice/user-1000.slice/user@1000.service/session.slice/org.gnome.Shell@x11.service/memory.pressure', 'ROS_VERSION': '2', 'XDG_SESSION_CLASS': 'user', 'TERM': 'xterm-256color', 'USERNAME': 'kth', 'GNOME_DESKTOP_SESSION_ID': 'this-is-deprecated', 'POSH_SHELL_VERSION': '3.7.0', 'WINDOWPATH': '2', 'PATH': '/home/kth/venv/ros_venv/bin:/opt/ros/jazzy/bin:/home/kth/.local/bin:/usr/local/sbin:/usr/local/bin:/usr/sbin:/usr/bin:/sbin:/bin:/usr/games:/usr/local/games:/snap/bin:/snap/bin', 'SESSION_MANAGER': 'local/kth-GP75-Leopard-10SEK:@/tmp/.ICE-unix/3376,unix/kth-GP75-Leopard-10SEK:/tmp/.ICE-unix/3376', 'INVOCATION_ID': '069ab3349be54195ab0b87ca77100a29', 'XDG_RUNTIME_DIR': '/run/user/1000', 'XDG_MENU_PREFIX': 'gnome-', 'DISPLAY': ':1', 'LANG': 'en_US.UTF-8', 'XDG_CURRENT_DESKTOP': 'ubuntu:GNOME', 'TERMINATOR_DBUS_PATH': '/net/tenshu/Terminator2', 'XAUTHORITY': '/run/user/1000/gdm/Xauthority', 'XMODIFIERS': '@im=ibus', 'XDG_SESSION_DESKTOP': 'ubuntu', 'SSH_AUTH_SOCK': '/run/user/1000/keyring/ssh', 'AMENT_PREFIX_PATH': '/home/kth/robot_dev/my_opencv_tutorials/install/my_opencv_tutorials:/opt/ros/jazzy', 'ROS_DOMAIN_ID': '22', 'TERMINATOR_UUID': 'urn:uuid:6f30b804-c0d0-473e-85a6-9d08c2f14d8c', 'SHELL': '/usr/bin/fish', 'QT_ACCESSIBILITY': '1', 'GDMSESSION': 'ubuntu', 'GPG_AGENT_INFO': '/run/user/1000/gnupg/S.gpg-agent:0:1', 'GJS_DEBUG_OUTPUT': 'stderr', 'VIRTUAL_ENV': '/home/kth/venv/ros_venv', 'POSH_THEME': '/home/kth/.poshthemes/sonicboom_light.omp.json', 'ROS_AUTOMATIC_DISCOVERY_RANGE': 'SUBNET', 'QT_IM_MODULE': 'ibus', 'PWD': '/home/kth/robot_dev/my_opencv_tutorials/build/my_opencv_tutorials', 'LC_ALL': 'en_US.UTF-8', '_OLD_VIRTUAL_PATH': '/opt/ros/jazzy/bin:/home/kth/.local/bin:/usr/local/sbin:/usr/local/bin:/usr/sbin:/usr/bin:/sbin:/bin:/usr/games:/usr/local/games:/snap/bin:/snap/bin', 'XDG_DATA_DIRS': '/usr/share/ubuntu:/usr/share/gnome:/home/kth/.local/share/flatpak/exports/share:/var/lib/flatpak/exports/share:/usr/local/share/:/usr/share/:/var/lib/snapd/desktop', 'XDG_CONFIG_DIRS': '/etc/xdg/xdg-ubuntu:/etc/xdg', 'PYTHONPATH': '/home/kth/robot_dev/my_opencv_tutorials/build/my_opencv_tutorials/prefix_override:/usr/lib/python3/dist-packages/colcon_core/task/python/colcon_distutils_commands:/home/kth/robot_dev/my_opencv_tutorials/install/my_opencv_tutorials/lib/python3.12/site-packages:/home/kth/robot_dev/my_opencv_tutorials/install/my_opencv_tutorials/lib/python3.12/site-packages:/opt/ros/jazzy/lib/python3.12/site-packages', 'COLCON': '1', 'POSH_SHELL': 'fish', 'VTE_VERSION': '7600', 'MEMORY_PRESSURE_WRITE': 'c29tZSAyMDAwMDAgMjAwMDAwMAA=', 'CMAKE_PREFIX_PATH': '/opt/ros/jazzy/opt/gz_math_vendor:/opt/ros/jazzy/opt/gz_utils_vendor:/opt/ros/jazzy/opt/gz_cmake_vendor'}, 'shell': False}
[0.801280] (-) TimerEvent: {}
[0.901564] (-) TimerEvent: {}
[0.969265] (my_opencv_tutorials) StdoutLine: {'line': b'running egg_info\n'}
[0.969588] (my_opencv_tutorials) StdoutLine: {'line': b'creating ../../build/my_opencv_tutorials/my_opencv_tutorials.egg-info\n'}
[0.986088] (my_opencv_tutorials) StdoutLine: {'line': b'writing ../../build/my_opencv_tutorials/my_opencv_tutorials.egg-info/PKG-INFO\n'}
[0.986274] (my_opencv_tutorials) StdoutLine: {'line': b'writing dependency_links to ../../build/my_opencv_tutorials/my_opencv_tutorials.egg-info/dependency_links.txt\n'}
[0.986503] (my_opencv_tutorials) StdoutLine: {'line': b'writing entry points to ../../build/my_opencv_tutorials/my_opencv_tutorials.egg-info/entry_points.txt\n'}
[0.986823] (my_opencv_tutorials) StdoutLine: {'line': b'writing requirements to ../../build/my_opencv_tutorials/my_opencv_tutorials.egg-info/requires.txt\n'}
[0.986906] (my_opencv_tutorials) StdoutLine: {'line': b'writing top-level names to ../../build/my_opencv_tutorials/my_opencv_tutorials.egg-info/top_level.txt\n'}
[0.986986] (my_opencv_tutorials) StdoutLine: {'line': b"writing manifest file '../../build/my_opencv_tutorials/my_opencv_tutorials.egg-info/SOURCES.txt'\n"}
[1.001658] (-) TimerEvent: {}
[1.022772] (my_opencv_tutorials) StdoutLine: {'line': b"reading manifest file '../../build/my_opencv_tutorials/my_opencv_tutorials.egg-info/SOURCES.txt'\n"}
[1.023323] (my_opencv_tutorials) StdoutLine: {'line': b"writing manifest file '../../build/my_opencv_tutorials/my_opencv_tutorials.egg-info/SOURCES.txt'\n"}
[1.023609] (my_opencv_tutorials) StdoutLine: {'line': b'running build\n'}
[1.023933] (my_opencv_tutorials) StdoutLine: {'line': b'running build_py\n'}
[1.024000] (my_opencv_tutorials) StdoutLine: {'line': b'creating /home/kth/robot_dev/my_opencv_tutorials/build/my_opencv_tutorials/build\n'}
[1.024059] (my_opencv_tutorials) StdoutLine: {'line': b'creating /home/kth/robot_dev/my_opencv_tutorials/build/my_opencv_tutorials/build/lib\n'}
[1.024114] (my_opencv_tutorials) StdoutLine: {'line': b'creating /home/kth/robot_dev/my_opencv_tutorials/build/my_opencv_tutorials/build/lib/my_opencv_tutorials\n'}
[1.024191] (my_opencv_tutorials) StdoutLine: {'line': b'copying my_opencv_tutorials/edge_detect.py -> /home/kth/robot_dev/my_opencv_tutorials/build/my_opencv_tutorials/build/lib/my_opencv_tutorials\n'}
[1.024252] (my_opencv_tutorials) StdoutLine: {'line': b'copying my_opencv_tutorials/convert_hsv.py -> /home/kth/robot_dev/my_opencv_tutorials/build/my_opencv_tutorials/build/lib/my_opencv_tutorials\n'}
[1.024355] (my_opencv_tutorials) StdoutLine: {'line': b'copying my_opencv_tutorials/__init__.py -> /home/kth/robot_dev/my_opencv_tutorials/build/my_opencv_tutorials/build/lib/my_opencv_tutorials\n'}
[1.024406] (my_opencv_tutorials) StdoutLine: {'line': b'copying my_opencv_tutorials/img_pub.py -> /home/kth/robot_dev/my_opencv_tutorials/build/my_opencv_tutorials/build/lib/my_opencv_tutorials\n'}
[1.031076] (my_opencv_tutorials) StdoutLine: {'line': b'running install\n'}
[1.035982] (my_opencv_tutorials) StdoutLine: {'line': b'running install_lib\n'}
[1.053364] (my_opencv_tutorials) StdoutLine: {'line': b'creating /home/kth/robot_dev/my_opencv_tutorials/install/my_opencv_tutorials/lib/python3.12/site-packages/my_opencv_tutorials\n'}
[1.053712] (my_opencv_tutorials) StdoutLine: {'line': b'copying /home/kth/robot_dev/my_opencv_tutorials/build/my_opencv_tutorials/build/lib/my_opencv_tutorials/edge_detect.py -> /home/kth/robot_dev/my_opencv_tutorials/install/my_opencv_tutorials/lib/python3.12/site-packages/my_opencv_tutorials\n'}
[1.053886] (my_opencv_tutorials) StdoutLine: {'line': b'copying /home/kth/robot_dev/my_opencv_tutorials/build/my_opencv_tutorials/build/lib/my_opencv_tutorials/convert_hsv.py -> /home/kth/robot_dev/my_opencv_tutorials/install/my_opencv_tutorials/lib/python3.12/site-packages/my_opencv_tutorials\n'}
[1.053988] (my_opencv_tutorials) StdoutLine: {'line': b'copying /home/kth/robot_dev/my_opencv_tutorials/build/my_opencv_tutorials/build/lib/my_opencv_tutorials/__init__.py -> /home/kth/robot_dev/my_opencv_tutorials/install/my_opencv_tutorials/lib/python3.12/site-packages/my_opencv_tutorials\n'}
[1.054062] (my_opencv_tutorials) StdoutLine: {'line': b'copying /home/kth/robot_dev/my_opencv_tutorials/build/my_opencv_tutorials/build/lib/my_opencv_tutorials/img_pub.py -> /home/kth/robot_dev/my_opencv_tutorials/install/my_opencv_tutorials/lib/python3.12/site-packages/my_opencv_tutorials\n'}
[1.054431] (my_opencv_tutorials) StdoutLine: {'line': b'byte-compiling /home/kth/robot_dev/my_opencv_tutorials/install/my_opencv_tutorials/lib/python3.12/site-packages/my_opencv_tutorials/edge_detect.py to edge_detect.cpython-312.pyc\n'}
[1.055056] (my_opencv_tutorials) StdoutLine: {'line': b'byte-compiling /home/kth/robot_dev/my_opencv_tutorials/install/my_opencv_tutorials/lib/python3.12/site-packages/my_opencv_tutorials/convert_hsv.py to convert_hsv.cpython-312.pyc\n'}
[1.055790] (my_opencv_tutorials) StdoutLine: {'line': b'byte-compiling /home/kth/robot_dev/my_opencv_tutorials/install/my_opencv_tutorials/lib/python3.12/site-packages/my_opencv_tutorials/__init__.py to __init__.cpython-312.pyc\n'}
[1.055927] (my_opencv_tutorials) StdoutLine: {'line': b'byte-compiling /home/kth/robot_dev/my_opencv_tutorials/install/my_opencv_tutorials/lib/python3.12/site-packages/my_opencv_tutorials/img_pub.py to img_pub.cpython-312.pyc\n'}
[1.056373] (my_opencv_tutorials) StdoutLine: {'line': b'running install_data\n'}
[1.056635] (my_opencv_tutorials) StdoutLine: {'line': b'creating /home/kth/robot_dev/my_opencv_tutorials/install/my_opencv_tutorials/share/ament_index\n'}
[1.056713] (my_opencv_tutorials) StdoutLine: {'line': b'creating /home/kth/robot_dev/my_opencv_tutorials/install/my_opencv_tutorials/share/ament_index/resource_index\n'}
[1.056772] (my_opencv_tutorials) StdoutLine: {'line': b'creating /home/kth/robot_dev/my_opencv_tutorials/install/my_opencv_tutorials/share/ament_index/resource_index/packages\n'}
[1.056826] (my_opencv_tutorials) StdoutLine: {'line': b'copying resource/my_opencv_tutorials -> /home/kth/robot_dev/my_opencv_tutorials/install/my_opencv_tutorials/share/ament_index/resource_index/packages\n'}
[1.056899] (my_opencv_tutorials) StdoutLine: {'line': b'copying package.xml -> /home/kth/robot_dev/my_opencv_tutorials/install/my_opencv_tutorials/share/my_opencv_tutorials\n'}
[1.056960] (my_opencv_tutorials) StdoutLine: {'line': b'creating /home/kth/robot_dev/my_opencv_tutorials/install/my_opencv_tutorials/share/my_opencv_tutorials/launch\n'}
[1.057009] (my_opencv_tutorials) StdoutLine: {'line': b'copying launch/bringup_usb_cam.launch.xml -> /home/kth/robot_dev/my_opencv_tutorials/install/my_opencv_tutorials/share/my_opencv_tutorials/launch\n'}
[1.057072] (my_opencv_tutorials) StdoutLine: {'line': b'copying launch/bringup_cv.launch.xml -> /home/kth/robot_dev/my_opencv_tutorials/install/my_opencv_tutorials/share/my_opencv_tutorials/launch\n'}
[1.057138] (my_opencv_tutorials) StdoutLine: {'line': b'copying launch/edge_detection.launch.xml -> /home/kth/robot_dev/my_opencv_tutorials/install/my_opencv_tutorials/share/my_opencv_tutorials/launch\n'}
[1.057215] (my_opencv_tutorials) StdoutLine: {'line': b'copying launch/hsv_converter_cv.launch.xml -> /home/kth/robot_dev/my_opencv_tutorials/install/my_opencv_tutorials/share/my_opencv_tutorials/launch\n'}
[1.057299] (my_opencv_tutorials) StdoutLine: {'line': b'creating /home/kth/robot_dev/my_opencv_tutorials/install/my_opencv_tutorials/share/my_opencv_tutorials/config\n'}
[1.057414] (my_opencv_tutorials) StdoutLine: {'line': b'copying config/cv_params.yaml -> /home/kth/robot_dev/my_opencv_tutorials/install/my_opencv_tutorials/share/my_opencv_tutorials/config\n'}
[1.057519] (my_opencv_tutorials) StdoutLine: {'line': b'running install_egg_info\n'}
[1.075647] (my_opencv_tutorials) StdoutLine: {'line': b'Copying ../../build/my_opencv_tutorials/my_opencv_tutorials.egg-info to /home/kth/robot_dev/my_opencv_tutorials/install/my_opencv_tutorials/lib/python3.12/site-packages/my_opencv_tutorials-0.0.0-py3.12.egg-info\n'}
[1.076278] (my_opencv_tutorials) StdoutLine: {'line': b'running install_scripts\n'}
[1.101726] (-) TimerEvent: {}
[1.184316] (my_opencv_tutorials) StdoutLine: {'line': b'Installing convert_hsv script to /home/kth/robot_dev/my_opencv_tutorials/install/my_opencv_tutorials/lib/my_opencv_tutorials\n'}
[1.184648] (my_opencv_tutorials) StdoutLine: {'line': b'Installing edge_detect script to /home/kth/robot_dev/my_opencv_tutorials/install/my_opencv_tutorials/lib/my_opencv_tutorials\n'}
[1.184798] (my_opencv_tutorials) StdoutLine: {'line': b'Installing img_pub script to /home/kth/robot_dev/my_opencv_tutorials/install/my_opencv_tutorials/lib/my_opencv_tutorials\n'}
[1.184970] (my_opencv_tutorials) StdoutLine: {'line': b"writing list of installed files to '/home/kth/robot_dev/my_opencv_tutorials/build/my_opencv_tutorials/install.log'\n"}
[1.202086] (my_opencv_tutorials) CommandEnded: {'returncode': 0}
[1.202503] (-) TimerEvent: {}
[1.223833] (my_opencv_tutorials) JobEnded: {'identifier': 'my_opencv_tutorials', 'rc': 0}
[1.224280] (-) EventReactorShutdown: {}
