[ 50%] [32mBuilding CXX object CMakeFiles/graph_planner.dir/src/graph_planner.cpp.o[0m
[01m[K/home/kth/robot_dev/vicpinky_2/src/vic_pinky/vicpinky_navigation/src/graph_planner.cpp:[m[K In member function ‘[01m[Kbool graph_planner::GraphPlanner::[01;32m[KisForwardBlocked[m[K(double)[m[K’:
[01m[K/home/kth/robot_dev/vicpinky_2/src/vic_pinky/vicpinky_navigation/src/graph_planner.cpp:226:32:[m[K [01;35m[Kwarning: [m[Kunused parameter ‘[01m[Kstart_yaw[m[K’ [[01;35m[K]8;;https://gcc.gnu.org/onlinedocs/gcc/Warning-Options.html#index-Wunused-parameter-Wunused-parameter]8;;[m[K]
  226 |   bool isForwardBlocked([01;35m[Kdouble start_yaw[m[K)
      |                         [01;35m[K~~~~~~~^~~~~~~~~[m[K
[100%] [32m[1mLinking CXX shared library libgraph_planner.so[0m
[100%] Built target graph_planner
-- Install configuration: ""
-- Up-to-date: /home/kth/robot_dev/vicpinky_2/install/vicpinky_navigation/share/vicpinky_navigation/plugin_description.xml
-- Installing: /home/kth/robot_dev/vicpinky_2/install/vicpinky_navigation/lib/libgraph_planner.so
-- Set non-toolchain portion of runtime path of "/home/kth/robot_dev/vicpinky_2/install/vicpinky_navigation/lib/libgraph_planner.so" to ""
-- Up-to-date: /home/kth/robot_dev/vicpinky_2/install/vicpinky_navigation/share/vicpinky_navigation/launch
-- Up-to-date: /home/kth/robot_dev/vicpinky_2/install/vicpinky_navigation/share/vicpinky_navigation/launch/navigation_launch.xml
-- Up-to-date: /home/kth/robot_dev/vicpinky_2/install/vicpinky_navigation/share/vicpinky_navigation/launch/localization_launch.xml
-- Up-to-date: /home/kth/robot_dev/vicpinky_2/install/vicpinky_navigation/share/vicpinky_navigation/launch/map_view.launch.xml
-- Up-to-date: /home/kth/robot_dev/vicpinky_2/install/vicpinky_navigation/share/vicpinky_navigation/launch/bringup_launch.xml
-- Up-to-date: /home/kth/robot_dev/vicpinky_2/install/vicpinky_navigation/share/vicpinky_navigation/launch/nav2_view.launch.xml
-- Up-to-date: /home/kth/robot_dev/vicpinky_2/install/vicpinky_navigation/share/vicpinky_navigation/launch/map_building.launch.xml
-- Up-to-date: /home/kth/robot_dev/vicpinky_2/install/vicpinky_navigation/share/vicpinky_navigation/map
-- Up-to-date: /home/kth/robot_dev/vicpinky_2/install/vicpinky_navigation/share/vicpinky_navigation/map/factory.pgm
-- Up-to-date: /home/kth/robot_dev/vicpinky_2/install/vicpinky_navigation/share/vicpinky_navigation/map/pinklab.yaml
-- Up-to-date: /home/kth/robot_dev/vicpinky_2/install/vicpinky_navigation/share/vicpinky_navigation/map/pinklab.png
-- Up-to-date: /home/kth/robot_dev/vicpinky_2/install/vicpinky_navigation/share/vicpinky_navigation/map/factory.yaml
-- Up-to-date: /home/kth/robot_dev/vicpinky_2/install/vicpinky_navigation/share/vicpinky_navigation/map/factory2.pgm
-- Up-to-date: /home/kth/robot_dev/vicpinky_2/install/vicpinky_navigation/share/vicpinky_navigation/map/factory2.yaml
-- Up-to-date: /home/kth/robot_dev/vicpinky_2/install/vicpinky_navigation/share/vicpinky_navigation/params
-- Up-to-date: /home/kth/robot_dev/vicpinky_2/install/vicpinky_navigation/share/vicpinky_navigation/params/nav2_params.yaml
-- Up-to-date: /home/kth/robot_dev/vicpinky_2/install/vicpinky_navigation/share/vicpinky_navigation/params/mapper_params.yaml
-- Up-to-date: /home/kth/robot_dev/vicpinky_2/install/vicpinky_navigation/share/vicpinky_navigation/rviz
-- Up-to-date: /home/kth/robot_dev/vicpinky_2/install/vicpinky_navigation/share/vicpinky_navigation/rviz/map_view.rviz
-- Up-to-date: /home/kth/robot_dev/vicpinky_2/install/vicpinky_navigation/share/vicpinky_navigation/rviz/nav2_view.rviz
-- Up-to-date: /home/kth/robot_dev/vicpinky_2/install/vicpinky_navigation/share/vicpinky_navigation/plugin_description.xml
-- Up-to-date: /home/kth/robot_dev/vicpinky_2/install/vicpinky_navigation/share/vicpinky_navigation/environment/library_path.sh
-- Up-to-date: /home/kth/robot_dev/vicpinky_2/install/vicpinky_navigation/share/vicpinky_navigation/environment/library_path.dsv
-- Up-to-date: /home/kth/robot_dev/vicpinky_2/install/vicpinky_navigation/share/ament_index/resource_index/package_run_dependencies/vicpinky_navigation
-- Up-to-date: /home/kth/robot_dev/vicpinky_2/install/vicpinky_navigation/share/ament_index/resource_index/parent_prefix_path/vicpinky_navigation
-- Up-to-date: /home/kth/robot_dev/vicpinky_2/install/vicpinky_navigation/share/vicpinky_navigation/environment/ament_prefix_path.sh
-- Up-to-date: /home/kth/robot_dev/vicpinky_2/install/vicpinky_navigation/share/vicpinky_navigation/environment/ament_prefix_path.dsv
-- Up-to-date: /home/kth/robot_dev/vicpinky_2/install/vicpinky_navigation/share/vicpinky_navigation/environment/path.sh
-- Up-to-date: /home/kth/robot_dev/vicpinky_2/install/vicpinky_navigation/share/vicpinky_navigation/environment/path.dsv
-- Up-to-date: /home/kth/robot_dev/vicpinky_2/install/vicpinky_navigation/share/vicpinky_navigation/local_setup.bash
-- Up-to-date: /home/kth/robot_dev/vicpinky_2/install/vicpinky_navigation/share/vicpinky_navigation/local_setup.sh
-- Up-to-date: /home/kth/robot_dev/vicpinky_2/install/vicpinky_navigation/share/vicpinky_navigation/local_setup.zsh
-- Up-to-date: /home/kth/robot_dev/vicpinky_2/install/vicpinky_navigation/share/vicpinky_navigation/local_setup.dsv
-- Installing: /home/kth/robot_dev/vicpinky_2/install/vicpinky_navigation/share/vicpinky_navigation/package.dsv
-- Up-to-date: /home/kth/robot_dev/vicpinky_2/install/vicpinky_navigation/share/ament_index/resource_index/packages/vicpinky_navigation
-- Up-to-date: /home/kth/robot_dev/vicpinky_2/install/vicpinky_navigation/share/ament_index/resource_index/nav2_core__pluginlib__plugin/vicpinky_navigation
-- Up-to-date: /home/kth/robot_dev/vicpinky_2/install/vicpinky_navigation/share/vicpinky_navigation/cmake/ament_cmake_export_libraries-extras.cmake
-- Up-to-date: /home/kth/robot_dev/vicpinky_2/install/vicpinky_navigation/share/vicpinky_navigation/cmake/ament_cmake_export_dependencies-extras.cmake
-- Up-to-date: /home/kth/robot_dev/vicpinky_2/install/vicpinky_navigation/share/vicpinky_navigation/cmake/vicpinky_navigationConfig.cmake
-- Up-to-date: /home/kth/robot_dev/vicpinky_2/install/vicpinky_navigation/share/vicpinky_navigation/cmake/vicpinky_navigationConfig-version.cmake
-- Up-to-date: /home/kth/robot_dev/vicpinky_2/install/vicpinky_navigation/share/vicpinky_navigation/package.xml
