[0.212s] Invoking command in '/home/kth/robot_dev/vicpinky_2/build/vicpinky_navigation': CMAKE_PREFIX_PATH=${CMAKE_PREFIX_PATH}:/home/kth/robot_dev/vicpinky_2/install/vicpinky_bringup:/opt/ros/jazzy DEBUGINFOD_URLS=https://debuginfod.ubuntu.com /usr/bin/cmake --build /home/kth/robot_dev/vicpinky_2/build/vicpinky_navigation -- -j12 -l12
[0.268s] [ 50%] [32mBuilding CXX object CMakeFiles/graph_planner.dir/src/graph_planner.cpp.o[0m
[2.686s] [01m[K/home/kth/robot_dev/vicpinky_2/src/vic_pinky/vicpinky_navigation/src/graph_planner.cpp:[m[K In member function ‘[01m[Kbool graph_planner::GraphPlanner::[01;32m[KisForwardBlocked[m[K(double)[m[K’:
[2.686s] [01m[K/home/kth/robot_dev/vicpinky_2/src/vic_pinky/vicpinky_navigation/src/graph_planner.cpp:226:32:[m[K [01;35m[Kwarning: [m[Kunused parameter ‘[01m[Kstart_yaw[m[K’ [[01;35m[K]8;;https://gcc.gnu.org/onlinedocs/gcc/Warning-Options.html#index-Wunused-parameter-Wunused-parameter]8;;[m[K]
[2.686s]   226 |   bool isForwardBlocked([01;35m[Kdouble start_yaw[m[K)
[2.686s]       |                         [01;35m[K~~~~~~~^~~~~~~~~[m[K
[7.339s] [100%] [32m[1mLinking CXX shared library libgraph_planner.so[0m
[7.736s] [100%] Built target graph_planner
[7.746s] Invoked command in '/home/kth/robot_dev/vicpinky_2/build/vicpinky_navigation' returned '0': CMAKE_PREFIX_PATH=${CMAKE_PREFIX_PATH}:/home/kth/robot_dev/vicpinky_2/install/vicpinky_bringup:/opt/ros/jazzy DEBUGINFOD_URLS=https://debuginfod.ubuntu.com /usr/bin/cmake --build /home/kth/robot_dev/vicpinky_2/build/vicpinky_navigation -- -j12 -l12
[7.747s] Invoking command in '/home/kth/robot_dev/vicpinky_2/build/vicpinky_navigation': CMAKE_PREFIX_PATH=${CMAKE_PREFIX_PATH}:/home/kth/robot_dev/vicpinky_2/install/vicpinky_bringup:/opt/ros/jazzy DEBUGINFOD_URLS=https://debuginfod.ubuntu.com /usr/bin/cmake --install /home/kth/robot_dev/vicpinky_2/build/vicpinky_navigation
[7.753s] -- Install configuration: ""
[7.753s] -- Up-to-date: /home/kth/robot_dev/vicpinky_2/install/vicpinky_navigation/share/vicpinky_navigation/plugin_description.xml
[7.753s] -- Installing: /home/kth/robot_dev/vicpinky_2/install/vicpinky_navigation/lib/libgraph_planner.so
[7.756s] -- Set non-toolchain portion of runtime path of "/home/kth/robot_dev/vicpinky_2/install/vicpinky_navigation/lib/libgraph_planner.so" to ""
[7.756s] -- Up-to-date: /home/kth/robot_dev/vicpinky_2/install/vicpinky_navigation/share/vicpinky_navigation/launch
[7.756s] -- Up-to-date: /home/kth/robot_dev/vicpinky_2/install/vicpinky_navigation/share/vicpinky_navigation/launch/navigation_launch.xml
[7.756s] -- Up-to-date: /home/kth/robot_dev/vicpinky_2/install/vicpinky_navigation/share/vicpinky_navigation/launch/localization_launch.xml
[7.756s] -- Up-to-date: /home/kth/robot_dev/vicpinky_2/install/vicpinky_navigation/share/vicpinky_navigation/launch/map_view.launch.xml
[7.757s] -- Up-to-date: /home/kth/robot_dev/vicpinky_2/install/vicpinky_navigation/share/vicpinky_navigation/launch/bringup_launch.xml
[7.757s] -- Up-to-date: /home/kth/robot_dev/vicpinky_2/install/vicpinky_navigation/share/vicpinky_navigation/launch/nav2_view.launch.xml
[7.757s] -- Up-to-date: /home/kth/robot_dev/vicpinky_2/install/vicpinky_navigation/share/vicpinky_navigation/launch/map_building.launch.xml
[7.757s] -- Up-to-date: /home/kth/robot_dev/vicpinky_2/install/vicpinky_navigation/share/vicpinky_navigation/map
[7.757s] -- Up-to-date: /home/kth/robot_dev/vicpinky_2/install/vicpinky_navigation/share/vicpinky_navigation/map/factory.pgm
[7.757s] -- Up-to-date: /home/kth/robot_dev/vicpinky_2/install/vicpinky_navigation/share/vicpinky_navigation/map/pinklab.yaml
[7.757s] -- Up-to-date: /home/kth/robot_dev/vicpinky_2/install/vicpinky_navigation/share/vicpinky_navigation/map/pinklab.png
[7.757s] -- Up-to-date: /home/kth/robot_dev/vicpinky_2/install/vicpinky_navigation/share/vicpinky_navigation/map/factory.yaml
[7.757s] -- Up-to-date: /home/kth/robot_dev/vicpinky_2/install/vicpinky_navigation/share/vicpinky_navigation/map/factory2.pgm
[7.757s] -- Up-to-date: /home/kth/robot_dev/vicpinky_2/install/vicpinky_navigation/share/vicpinky_navigation/map/factory2.yaml
[7.757s] -- Up-to-date: /home/kth/robot_dev/vicpinky_2/install/vicpinky_navigation/share/vicpinky_navigation/params
[7.757s] -- Up-to-date: /home/kth/robot_dev/vicpinky_2/install/vicpinky_navigation/share/vicpinky_navigation/params/nav2_params.yaml
[7.757s] -- Up-to-date: /home/kth/robot_dev/vicpinky_2/install/vicpinky_navigation/share/vicpinky_navigation/params/mapper_params.yaml
[7.757s] -- Up-to-date: /home/kth/robot_dev/vicpinky_2/install/vicpinky_navigation/share/vicpinky_navigation/rviz
[7.758s] -- Up-to-date: /home/kth/robot_dev/vicpinky_2/install/vicpinky_navigation/share/vicpinky_navigation/rviz/map_view.rviz
[7.758s] -- Up-to-date: /home/kth/robot_dev/vicpinky_2/install/vicpinky_navigation/share/vicpinky_navigation/rviz/nav2_view.rviz
[7.758s] -- Up-to-date: /home/kth/robot_dev/vicpinky_2/install/vicpinky_navigation/share/vicpinky_navigation/plugin_description.xml
[7.758s] -- Up-to-date: /home/kth/robot_dev/vicpinky_2/install/vicpinky_navigation/share/vicpinky_navigation/environment/library_path.sh
[7.758s] -- Up-to-date: /home/kth/robot_dev/vicpinky_2/install/vicpinky_navigation/share/vicpinky_navigation/environment/library_path.dsv
[7.758s] -- Up-to-date: /home/kth/robot_dev/vicpinky_2/install/vicpinky_navigation/share/ament_index/resource_index/package_run_dependencies/vicpinky_navigation
[7.758s] -- Up-to-date: /home/kth/robot_dev/vicpinky_2/install/vicpinky_navigation/share/ament_index/resource_index/parent_prefix_path/vicpinky_navigation
[7.758s] -- Up-to-date: /home/kth/robot_dev/vicpinky_2/install/vicpinky_navigation/share/vicpinky_navigation/environment/ament_prefix_path.sh
[7.758s] -- Up-to-date: /home/kth/robot_dev/vicpinky_2/install/vicpinky_navigation/share/vicpinky_navigation/environment/ament_prefix_path.dsv
[7.758s] -- Up-to-date: /home/kth/robot_dev/vicpinky_2/install/vicpinky_navigation/share/vicpinky_navigation/environment/path.sh
[7.758s] -- Up-to-date: /home/kth/robot_dev/vicpinky_2/install/vicpinky_navigation/share/vicpinky_navigation/environment/path.dsv
[7.758s] -- Up-to-date: /home/kth/robot_dev/vicpinky_2/install/vicpinky_navigation/share/vicpinky_navigation/local_setup.bash
[7.758s] -- Up-to-date: /home/kth/robot_dev/vicpinky_2/install/vicpinky_navigation/share/vicpinky_navigation/local_setup.sh
[7.758s] -- Up-to-date: /home/kth/robot_dev/vicpinky_2/install/vicpinky_navigation/share/vicpinky_navigation/local_setup.zsh
[7.758s] -- Up-to-date: /home/kth/robot_dev/vicpinky_2/install/vicpinky_navigation/share/vicpinky_navigation/local_setup.dsv
[7.758s] -- Installing: /home/kth/robot_dev/vicpinky_2/install/vicpinky_navigation/share/vicpinky_navigation/package.dsv
[7.758s] -- Up-to-date: /home/kth/robot_dev/vicpinky_2/install/vicpinky_navigation/share/ament_index/resource_index/packages/vicpinky_navigation
[7.759s] -- Up-to-date: /home/kth/robot_dev/vicpinky_2/install/vicpinky_navigation/share/ament_index/resource_index/nav2_core__pluginlib__plugin/vicpinky_navigation
[7.759s] -- Up-to-date: /home/kth/robot_dev/vicpinky_2/install/vicpinky_navigation/share/vicpinky_navigation/cmake/ament_cmake_export_libraries-extras.cmake
[7.759s] -- Up-to-date: /home/kth/robot_dev/vicpinky_2/install/vicpinky_navigation/share/vicpinky_navigation/cmake/ament_cmake_export_dependencies-extras.cmake
[7.759s] -- Up-to-date: /home/kth/robot_dev/vicpinky_2/install/vicpinky_navigation/share/vicpinky_navigation/cmake/vicpinky_navigationConfig.cmake
[7.759s] -- Up-to-date: /home/kth/robot_dev/vicpinky_2/install/vicpinky_navigation/share/vicpinky_navigation/cmake/vicpinky_navigationConfig-version.cmake
[7.759s] -- Up-to-date: /home/kth/robot_dev/vicpinky_2/install/vicpinky_navigation/share/vicpinky_navigation/package.xml
[7.759s] Invoked command in '/home/kth/robot_dev/vicpinky_2/build/vicpinky_navigation' returned '0': CMAKE_PREFIX_PATH=${CMAKE_PREFIX_PATH}:/home/kth/robot_dev/vicpinky_2/install/vicpinky_bringup:/opt/ros/jazzy DEBUGINFOD_URLS=https://debuginfod.ubuntu.com /usr/bin/cmake --install /home/kth/robot_dev/vicpinky_2/build/vicpinky_navigation
