[0.699s] Invoking command in '/home/kth/robot_dev/my_tf_tutorials/src/my_tf': DEBUGINFOD_URLS=https://debuginfod.ubuntu.com PYTHONPATH=/home/kth/robot_dev/my_tf_tutorials/build/my_tf/prefix_override:/usr/lib/python3/dist-packages/colcon_core/task/python/colcon_distutils_commands:/home/kth/robot_dev/my_tf_tutorials/install/my_tf/lib/python3.12/site-packages:${PYTHONPATH} /usr/bin/python3 -W ignore:setup.py install is deprecated -W ignore:easy_install command is deprecated setup.py egg_info --egg-base ../../build/my_tf build --build-base /home/kth/robot_dev/my_tf_tutorials/build/my_tf/build install --record /home/kth/robot_dev/my_tf_tutorials/build/my_tf/install.log --single-version-externally-managed install_data
[0.936s] running egg_info
[0.955s] writing ../../build/my_tf/my_tf.egg-info/PKG-INFO
[0.955s] writing dependency_links to ../../build/my_tf/my_tf.egg-info/dependency_links.txt
[0.955s] writing entry points to ../../build/my_tf/my_tf.egg-info/entry_points.txt
[0.956s] writing requirements to ../../build/my_tf/my_tf.egg-info/requires.txt
[0.956s] writing top-level names to ../../build/my_tf/my_tf.egg-info/top_level.txt
[0.994s] reading manifest file '../../build/my_tf/my_tf.egg-info/SOURCES.txt'
[0.994s] writing manifest file '../../build/my_tf/my_tf.egg-info/SOURCES.txt'
[0.994s] running build
[0.994s] running build_py
[0.995s] copying my_tf/my_tf_1.py -> /home/kth/robot_dev/my_tf_tutorials/build/my_tf/build/lib/my_tf
[0.995s] running install
[1.001s] running install_lib
[1.020s] copying /home/kth/robot_dev/my_tf_tutorials/build/my_tf/build/lib/my_tf/my_tf_1.py -> /home/kth/robot_dev/my_tf_tutorials/install/my_tf/lib/python3.12/site-packages/my_tf
[1.020s] byte-compiling /home/kth/robot_dev/my_tf_tutorials/install/my_tf/lib/python3.12/site-packages/my_tf/my_tf_1.py to my_tf_1.cpython-312.pyc
[1.022s] running install_data
[1.022s] running install_egg_info
[1.042s] removing '/home/kth/robot_dev/my_tf_tutorials/install/my_tf/lib/python3.12/site-packages/my_tf-0.0.0-py3.12.egg-info' (and everything under it)
[1.042s] Copying ../../build/my_tf/my_tf.egg-info to /home/kth/robot_dev/my_tf_tutorials/install/my_tf/lib/python3.12/site-packages/my_tf-0.0.0-py3.12.egg-info
[1.043s] running install_scripts
[1.162s] Installing my_tf_1 script to /home/kth/robot_dev/my_tf_tutorials/install/my_tf/lib/my_tf
[1.162s] writing list of installed files to '/home/kth/robot_dev/my_tf_tutorials/build/my_tf/install.log'
[1.182s] Invoked command in '/home/kth/robot_dev/my_tf_tutorials/src/my_tf' returned '0': DEBUGINFOD_URLS=https://debuginfod.ubuntu.com PYTHONPATH=/home/kth/robot_dev/my_tf_tutorials/build/my_tf/prefix_override:/usr/lib/python3/dist-packages/colcon_core/task/python/colcon_distutils_commands:/home/kth/robot_dev/my_tf_tutorials/install/my_tf/lib/python3.12/site-packages:${PYTHONPATH} /usr/bin/python3 -W ignore:setup.py install is deprecated -W ignore:easy_install command is deprecated setup.py egg_info --egg-base ../../build/my_tf build --build-base /home/kth/robot_dev/my_tf_tutorials/build/my_tf/build install --record /home/kth/robot_dev/my_tf_tutorials/build/my_tf/install.log --single-version-externally-managed install_data
