-- Found ament_cmake: 2.5.4 (/opt/ros/jazzy/share/ament_cmake/cmake)
-- Found Python3: /usr/bin/python3 (found version "3.12.3") found components: Interpreter 
-- Found rosidl_default_generators: 1.6.0 (/opt/ros/jazzy/share/rosidl_default_generators/cmake)
-- Using all available rosidl_typesupport_c: rosidl_typesupport_fastrtps_c;rosidl_typesupport_introspection_c
-- Using all available rosidl_typesupport_cpp: rosidl_typesupport_fastrtps_cpp;rosidl_typesupport_introspection_cpp
-- Found rosidl_adapter: 4.6.5 (/opt/ros/jazzy/share/rosidl_adapter/cmake)
-- Found ament_cmake_ros: 0.12.0 (/opt/ros/jazzy/share/ament_cmake_ros/cmake)
-- Using all available rosidl_typesupport_c: rosidl_typesupport_fastrtps_c;rosidl_typesupport_introspection_c
-- Using all available rosidl_typesupport_cpp: rosidl_typesupport_fastrtps_cpp;rosidl_typesupport_introspection_cpp
-- Found python_cmake_module: 0.11.1 (/opt/ros/jazzy/share/python_cmake_module/cmake)
-- Found PythonExtra: /usr/bin/python3  
-- Found Python3: /usr/bin/python3 (found version "3.12.3") found components: Interpreter Development NumPy Development.Module Development.Embed 
-- Found ament_lint_auto: 0.17.2 (/opt/ros/jazzy/share/ament_lint_auto/cmake)
-- Added test 'lint_cmake' to check CMake code style
-- Added test 'xmllint' to check XML markup files
-- Configuring done (1.9s)
-- Generating done (0.0s)
-- Build files have been written to: /home/kth/robot_dev/robot_navigator/build/control_interfaces
[  1%] [34m[1mGenerating type hashes for ROS interfaces[0m
[  1%] Built target ament_cmake_python_copy_control_interfaces
running egg_info
creating control_interfaces.egg-info
[  1%] Built target control_interfaces__rosidl_generator_type_description
[  2%] [34m[1mGenerating C code for ROS interfaces[0m
writing control_interfaces.egg-info/PKG-INFO
writing dependency_links to control_interfaces.egg-info/dependency_links.txt
writing top-level names to control_interfaces.egg-info/top_level.txt
writing manifest file 'control_interfaces.egg-info/SOURCES.txt'
[  4%] [34m[1mGenerating C++ code for ROS interfaces[0m
reading manifest file 'control_interfaces.egg-info/SOURCES.txt'
writing manifest file 'control_interfaces.egg-info/SOURCES.txt'
[  4%] Built target ament_cmake_python_build_control_interfaces_egg
[  4%] Built target control_interfaces__cpp
[ 12%] [32mBuilding C object CMakeFiles/control_interfaces__rosidl_generator_c.dir/rosidl_generator_c/control_interfaces/srv/detail/event_handle__functions.c.o[0m
[ 12%] [32mBuilding C object CMakeFiles/control_interfaces__rosidl_generator_c.dir/rosidl_generator_c/control_interfaces/msg/detail/detected_obstacle__type_support.c.o[0m
[ 12%] [32mBuilding C object CMakeFiles/control_interfaces__rosidl_generator_c.dir/rosidl_generator_c/control_interfaces/srv/detail/event_handle__type_support.c.o[0m
[ 12%] [32mBuilding C object CMakeFiles/control_interfaces__rosidl_generator_c.dir/rosidl_generator_c/control_interfaces/msg/detail/detected_obstacle__description.c.o[0m
[ 12%] [32mBuilding C object CMakeFiles/control_interfaces__rosidl_generator_c.dir/rosidl_generator_c/control_interfaces/srv/detail/event_handle__description.c.o[0m
[ 13%] [32mBuilding C object CMakeFiles/control_interfaces__rosidl_generator_c.dir/rosidl_generator_c/control_interfaces/srv/detail/navigate_handle__description.c.o[0m
[ 12%] [32mBuilding C object CMakeFiles/control_interfaces__rosidl_generator_c.dir/rosidl_generator_c/control_interfaces/msg/detail/detected_obstacle__functions.c.o[0m
[ 14%] [32mBuilding C object CMakeFiles/control_interfaces__rosidl_generator_c.dir/rosidl_generator_c/control_interfaces/srv/detail/navigate_handle__functions.c.o[0m
[ 16%] [32mBuilding C object CMakeFiles/control_interfaces__rosidl_generator_c.dir/rosidl_generator_c/control_interfaces/srv/detail/navigate_handle__type_support.c.o[0m
[ 17%] [32mBuilding C object CMakeFiles/control_interfaces__rosidl_generator_c.dir/rosidl_generator_c/control_interfaces/srv/detail/track_handle__description.c.o[0m
[ 18%] [32mBuilding C object CMakeFiles/control_interfaces__rosidl_generator_c.dir/rosidl_generator_c/control_interfaces/srv/detail/track_handle__type_support.c.o[0m
[ 20%] [32mBuilding C object CMakeFiles/control_interfaces__rosidl_generator_c.dir/rosidl_generator_c/control_interfaces/srv/detail/track_handle__functions.c.o[0m
[ 21%] [32mBuilding C object CMakeFiles/control_interfaces__rosidl_generator_c.dir/rosidl_generator_c/control_interfaces/srv/detail/detect_handle__description.c.o[0m
[ 22%] [32mBuilding C object CMakeFiles/control_interfaces__rosidl_generator_c.dir/rosidl_generator_c/control_interfaces/srv/detail/detect_handle__functions.c.o[0m
[ 24%] [32mBuilding C object CMakeFiles/control_interfaces__rosidl_generator_c.dir/rosidl_generator_c/control_interfaces/srv/detail/detect_handle__type_support.c.o[0m
[ 25%] [32m[1mLinking C shared library libcontrol_interfaces__rosidl_generator_c.so[0m
[ 25%] Built target control_interfaces__rosidl_generator_c
[ 33%] [34m[1mGenerating C introspection for ROS interfaces[0m
[ 33%] [34m[1mGenerating C type support dispatch for ROS interfaces[0m
[ 33%] [34m[1mGenerating C++ type support for eProsima Fast-RTPS[0m
[ 33%] [34m[1mGenerating C type support for eProsima Fast-RTPS[0m
[ 33%] [34m[1mGenerating C++ type support dispatch for ROS interfaces[0m
[ 33%] [34m[1mGenerating C++ introspection for ROS interfaces[0m
[ 35%] [32mBuilding CXX object CMakeFiles/control_interfaces__rosidl_typesupport_c.dir/rosidl_typesupport_c/control_interfaces/srv/track_handle__type_support.cpp.o[0m
[ 39%] [32mBuilding CXX object CMakeFiles/control_interfaces__rosidl_typesupport_c.dir/rosidl_typesupport_c/control_interfaces/msg/detected_obstacle__type_support.cpp.o[0m
[ 39%] [32mBuilding CXX object CMakeFiles/control_interfaces__rosidl_typesupport_c.dir/rosidl_typesupport_c/control_interfaces/srv/event_handle__type_support.cpp.o[0m
[ 39%] [32mBuilding CXX object CMakeFiles/control_interfaces__rosidl_typesupport_c.dir/rosidl_typesupport_c/control_interfaces/srv/navigate_handle__type_support.cpp.o[0m
[ 40%] [32mBuilding CXX object CMakeFiles/control_interfaces__rosidl_typesupport_cpp.dir/rosidl_typesupport_cpp/control_interfaces/msg/detected_obstacle__type_support.cpp.o[0m
[ 41%] [32mBuilding CXX object CMakeFiles/control_interfaces__rosidl_typesupport_cpp.dir/rosidl_typesupport_cpp/control_interfaces/srv/navigate_handle__type_support.cpp.o[0m
[ 43%] [32mBuilding CXX object CMakeFiles/control_interfaces__rosidl_typesupport_c.dir/rosidl_typesupport_c/control_interfaces/srv/detect_handle__type_support.cpp.o[0m
[ 44%] [32mBuilding CXX object CMakeFiles/control_interfaces__rosidl_typesupport_cpp.dir/rosidl_typesupport_cpp/control_interfaces/srv/event_handle__type_support.cpp.o[0m
[ 45%] [32mBuilding CXX object CMakeFiles/control_interfaces__rosidl_typesupport_cpp.dir/rosidl_typesupport_cpp/control_interfaces/srv/detect_handle__type_support.cpp.o[0m
[ 47%] [32mBuilding CXX object CMakeFiles/control_interfaces__rosidl_typesupport_cpp.dir/rosidl_typesupport_cpp/control_interfaces/srv/track_handle__type_support.cpp.o[0m
[ 48%] [32m[1mLinking CXX shared library libcontrol_interfaces__rosidl_typesupport_c.so[0m
[ 48%] Built target control_interfaces__rosidl_typesupport_c
[ 52%] [32mBuilding CXX object CMakeFiles/control_interfaces__rosidl_typesupport_introspection_cpp.dir/rosidl_typesupport_introspection_cpp/control_interfaces/srv/detail/track_handle__type_support.cpp.o[0m
[ 52%] [32mBuilding CXX object CMakeFiles/control_interfaces__rosidl_typesupport_introspection_cpp.dir/rosidl_typesupport_introspection_cpp/control_interfaces/msg/detail/detected_obstacle__type_support.cpp.o[0m
[ 52%] [32mBuilding CXX object CMakeFiles/control_interfaces__rosidl_typesupport_introspection_cpp.dir/rosidl_typesupport_introspection_cpp/control_interfaces/srv/detail/event_handle__type_support.cpp.o[0m
[ 54%] [32mBuilding CXX object CMakeFiles/control_interfaces__rosidl_typesupport_introspection_cpp.dir/rosidl_typesupport_introspection_cpp/control_interfaces/srv/detail/navigate_handle__type_support.cpp.o[0m
[ 55%] [32mBuilding C object CMakeFiles/control_interfaces__rosidl_typesupport_introspection_c.dir/rosidl_typesupport_introspection_c/control_interfaces/msg/detail/detected_obstacle__type_support.c.o[0m
[ 56%] [32mBuilding C object CMakeFiles/control_interfaces__rosidl_typesupport_introspection_c.dir/rosidl_typesupport_introspection_c/control_interfaces/srv/detail/event_handle__type_support.c.o[0m
[ 58%] [32mBuilding C object CMakeFiles/control_interfaces__rosidl_typesupport_introspection_c.dir/rosidl_typesupport_introspection_c/control_interfaces/srv/detail/navigate_handle__type_support.c.o[0m
[ 59%] [32mBuilding C object CMakeFiles/control_interfaces__rosidl_typesupport_introspection_c.dir/rosidl_typesupport_introspection_c/control_interfaces/srv/detail/track_handle__type_support.c.o[0m
[ 60%] [32mBuilding C object CMakeFiles/control_interfaces__rosidl_typesupport_introspection_c.dir/rosidl_typesupport_introspection_c/control_interfaces/srv/detail/detect_handle__type_support.c.o[0m
[ 62%] [32mBuilding CXX object CMakeFiles/control_interfaces__rosidl_typesupport_fastrtps_cpp.dir/rosidl_typesupport_fastrtps_cpp/control_interfaces/msg/detail/dds_fastrtps/detected_obstacle__type_support.cpp.o[0m
[ 63%] [32mBuilding CXX object CMakeFiles/control_interfaces__rosidl_typesupport_fastrtps_cpp.dir/rosidl_typesupport_fastrtps_cpp/control_interfaces/srv/detail/dds_fastrtps/event_handle__type_support.cpp.o[0m
[ 64%] [32m[1mLinking C shared library libcontrol_interfaces__rosidl_typesupport_introspection_c.so[0m
[ 66%] [32mBuilding CXX object CMakeFiles/control_interfaces__rosidl_typesupport_fastrtps_cpp.dir/rosidl_typesupport_fastrtps_cpp/control_interfaces/srv/detail/dds_fastrtps/navigate_handle__type_support.cpp.o[0m
[ 67%] [32mBuilding CXX object CMakeFiles/control_interfaces__rosidl_typesupport_fastrtps_cpp.dir/rosidl_typesupport_fastrtps_cpp/control_interfaces/srv/detail/dds_fastrtps/track_handle__type_support.cpp.o[0m
[ 67%] Built target control_interfaces__rosidl_typesupport_introspection_c
[ 68%] [32mBuilding CXX object CMakeFiles/control_interfaces__rosidl_typesupport_fastrtps_cpp.dir/rosidl_typesupport_fastrtps_cpp/control_interfaces/srv/detail/dds_fastrtps/detect_handle__type_support.cpp.o[0m
[ 70%] [32mBuilding CXX object CMakeFiles/control_interfaces__rosidl_typesupport_introspection_cpp.dir/rosidl_typesupport_introspection_cpp/control_interfaces/srv/detail/detect_handle__type_support.cpp.o[0m
[ 71%] [32mBuilding CXX object CMakeFiles/control_interfaces__rosidl_typesupport_fastrtps_c.dir/rosidl_typesupport_fastrtps_c/control_interfaces/msg/detail/detected_obstacle__type_support_c.cpp.o[0m
[ 72%] [32mBuilding CXX object CMakeFiles/control_interfaces__rosidl_typesupport_fastrtps_c.dir/rosidl_typesupport_fastrtps_c/control_interfaces/srv/detail/event_handle__type_support_c.cpp.o[0m
[ 74%] [32m[1mLinking CXX shared library libcontrol_interfaces__rosidl_typesupport_cpp.so[0m
[ 75%] [32mBuilding CXX object CMakeFiles/control_interfaces__rosidl_typesupport_fastrtps_c.dir/rosidl_typesupport_fastrtps_c/control_interfaces/srv/detail/navigate_handle__type_support_c.cpp.o[0m
[ 77%] [32mBuilding CXX object CMakeFiles/control_interfaces__rosidl_typesupport_fastrtps_c.dir/rosidl_typesupport_fastrtps_c/control_interfaces/srv/detail/track_handle__type_support_c.cpp.o[0m
[ 78%] [32mBuilding CXX object CMakeFiles/control_interfaces__rosidl_typesupport_fastrtps_c.dir/rosidl_typesupport_fastrtps_c/control_interfaces/srv/detail/detect_handle__type_support_c.cpp.o[0m
[ 78%] Built target control_interfaces__rosidl_typesupport_cpp
[ 79%] [32m[1mLinking CXX shared library libcontrol_interfaces__rosidl_typesupport_introspection_cpp.so[0m
[ 79%] Built target control_interfaces__rosidl_typesupport_introspection_cpp
[ 81%] [32m[1mLinking CXX shared library libcontrol_interfaces__rosidl_typesupport_fastrtps_cpp.so[0m
[ 82%] [32m[1mLinking CXX shared library libcontrol_interfaces__rosidl_typesupport_fastrtps_c.so[0m
[ 82%] Built target control_interfaces__rosidl_typesupport_fastrtps_c
[ 82%] Built target control_interfaces__rosidl_typesupport_fastrtps_cpp
[ 82%] Built target control_interfaces
[ 83%] [34m[1mGenerating Python code for ROS interfaces[0m
[ 83%] Built target control_interfaces__py
[ 89%] [32mBuilding C object CMakeFiles/control_interfaces__rosidl_generator_py.dir/rosidl_generator_py/control_interfaces/srv/_event_handle_s.c.o[0m
[ 89%] [32mBuilding C object CMakeFiles/control_interfaces__rosidl_generator_py.dir/rosidl_generator_py/control_interfaces/srv/_detect_handle_s.c.o[0m
[ 89%] [32mBuilding C object CMakeFiles/control_interfaces__rosidl_generator_py.dir/rosidl_generator_py/control_interfaces/srv/_navigate_handle_s.c.o[0m
[ 89%] [32mBuilding C object CMakeFiles/control_interfaces__rosidl_generator_py.dir/rosidl_generator_py/control_interfaces/msg/_detected_obstacle_s.c.o[0m
[ 90%] [32mBuilding C object CMakeFiles/control_interfaces__rosidl_generator_py.dir/rosidl_generator_py/control_interfaces/srv/_track_handle_s.c.o[0m
[ 91%] [32m[1mLinking C shared library libcontrol_interfaces__rosidl_generator_py.so[0m
[ 91%] Built target control_interfaces__rosidl_generator_py
[ 95%] [32mBuilding C object CMakeFiles/control_interfaces_s__rosidl_typesupport_introspection_c.dir/rosidl_generator_py/control_interfaces/_control_interfaces_s.ep.rosidl_typesupport_introspection_c.c.o[0m
[ 95%] [32mBuilding C object CMakeFiles/control_interfaces_s__rosidl_typesupport_fastrtps_c.dir/rosidl_generator_py/control_interfaces/_control_interfaces_s.ep.rosidl_typesupport_fastrtps_c.c.o[0m
[ 95%] [32mBuilding C object CMakeFiles/control_interfaces_s__rosidl_typesupport_c.dir/rosidl_generator_py/control_interfaces/_control_interfaces_s.ep.rosidl_typesupport_c.c.o[0m
[ 98%] [32m[1mLinking C shared module rosidl_generator_py/control_interfaces/control_interfaces_s__rosidl_typesupport_c.so[0m
[ 98%] [32m[1mLinking C shared module rosidl_generator_py/control_interfaces/control_interfaces_s__rosidl_typesupport_introspection_c.so[0m
[100%] [32m[1mLinking C shared module rosidl_generator_py/control_interfaces/control_interfaces_s__rosidl_typesupport_fastrtps_c.so[0m
[100%] Built target control_interfaces_s__rosidl_typesupport_fastrtps_c
[100%] Built target control_interfaces_s__rosidl_typesupport_c
[100%] Built target control_interfaces_s__rosidl_typesupport_introspection_c
-- Install configuration: ""
-- Installing: /home/kth/robot_dev/robot_navigator/install/control_interfaces/share/ament_index/resource_index/rosidl_interfaces/control_interfaces
-- Installing: /home/kth/robot_dev/robot_navigator/install/control_interfaces/share/control_interfaces/msg/DetectedObstacle.json
-- Installing: /home/kth/robot_dev/robot_navigator/install/control_interfaces/share/control_interfaces/srv/EventHandle.json
-- Installing: /home/kth/robot_dev/robot_navigator/install/control_interfaces/share/control_interfaces/srv/NavigateHandle.json
-- Installing: /home/kth/robot_dev/robot_navigator/install/control_interfaces/share/control_interfaces/srv/TrackHandle.json
-- Installing: /home/kth/robot_dev/robot_navigator/install/control_interfaces/share/control_interfaces/srv/DetectHandle.json
-- Installing: /home/kth/robot_dev/robot_navigator/install/control_interfaces/include/control_interfaces/control_interfaces
-- Installing: /home/kth/robot_dev/robot_navigator/install/control_interfaces/include/control_interfaces/control_interfaces/srv
-- Installing: /home/kth/robot_dev/robot_navigator/install/control_interfaces/include/control_interfaces/control_interfaces/srv/detail
-- Installing: /home/kth/robot_dev/robot_navigator/install/control_interfaces/include/control_interfaces/control_interfaces/srv/detail/track_handle__functions.c
-- Installing: /home/kth/robot_dev/robot_navigator/install/control_interfaces/include/control_interfaces/control_interfaces/srv/detail/event_handle__type_support.h
-- Installing: /home/kth/robot_dev/robot_navigator/install/control_interfaces/include/control_interfaces/control_interfaces/srv/detail/track_handle__type_support.c
-- Installing: /home/kth/robot_dev/robot_navigator/install/control_interfaces/include/control_interfaces/control_interfaces/srv/detail/navigate_handle__functions.c
-- Installing: /home/kth/robot_dev/robot_navigator/install/control_interfaces/include/control_interfaces/control_interfaces/srv/detail/navigate_handle__struct.h
-- Installing: /home/kth/robot_dev/robot_navigator/install/control_interfaces/include/control_interfaces/control_interfaces/srv/detail/detect_handle__type_support.h
-- Installing: /home/kth/robot_dev/robot_navigator/install/control_interfaces/include/control_interfaces/control_interfaces/srv/detail/event_handle__struct.h
-- Installing: /home/kth/robot_dev/robot_navigator/install/control_interfaces/include/control_interfaces/control_interfaces/srv/detail/track_handle__description.c
-- Installing: /home/kth/robot_dev/robot_navigator/install/control_interfaces/include/control_interfaces/control_interfaces/srv/detail/track_handle__struct.h
-- Installing: /home/kth/robot_dev/robot_navigator/install/control_interfaces/include/control_interfaces/control_interfaces/srv/detail/detect_handle__description.c
-- Installing: /home/kth/robot_dev/robot_navigator/install/control_interfaces/include/control_interfaces/control_interfaces/srv/detail/event_handle__description.c
-- Installing: /home/kth/robot_dev/robot_navigator/install/control_interfaces/include/control_interfaces/control_interfaces/srv/detail/track_handle__type_support.h
-- Installing: /home/kth/robot_dev/robot_navigator/install/control_interfaces/include/control_interfaces/control_interfaces/srv/detail/detect_handle__functions.h
-- Installing: /home/kth/robot_dev/robot_navigator/install/control_interfaces/include/control_interfaces/control_interfaces/srv/detail/detect_handle__type_support.c
-- Installing: /home/kth/robot_dev/robot_navigator/install/control_interfaces/include/control_interfaces/control_interfaces/srv/detail/event_handle__type_support.c
-- Installing: /home/kth/robot_dev/robot_navigator/install/control_interfaces/include/control_interfaces/control_interfaces/srv/detail/navigate_handle__description.c
-- Installing: /home/kth/robot_dev/robot_navigator/install/control_interfaces/include/control_interfaces/control_interfaces/srv/detail/navigate_handle__functions.h
-- Installing: /home/kth/robot_dev/robot_navigator/install/control_interfaces/include/control_interfaces/control_interfaces/srv/detail/event_handle__functions.h
-- Installing: /home/kth/robot_dev/robot_navigator/install/control_interfaces/include/control_interfaces/control_interfaces/srv/detail/detect_handle__struct.h
-- Installing: /home/kth/robot_dev/robot_navigator/install/control_interfaces/include/control_interfaces/control_interfaces/srv/detail/navigate_handle__type_support.h
-- Installing: /home/kth/robot_dev/robot_navigator/install/control_interfaces/include/control_interfaces/control_interfaces/srv/detail/event_handle__functions.c
-- Installing: /home/kth/robot_dev/robot_navigator/install/control_interfaces/include/control_interfaces/control_interfaces/srv/detail/navigate_handle__type_support.c
-- Installing: /home/kth/robot_dev/robot_navigator/install/control_interfaces/include/control_interfaces/control_interfaces/srv/detail/detect_handle__functions.c
-- Installing: /home/kth/robot_dev/robot_navigator/install/control_interfaces/include/control_interfaces/control_interfaces/srv/detail/track_handle__functions.h
-- Installing: /home/kth/robot_dev/robot_navigator/install/control_interfaces/include/control_interfaces/control_interfaces/srv/event_handle.h
-- Installing: /home/kth/robot_dev/robot_navigator/install/control_interfaces/include/control_interfaces/control_interfaces/srv/track_handle.h
-- Installing: /home/kth/robot_dev/robot_navigator/install/control_interfaces/include/control_interfaces/control_interfaces/srv/navigate_handle.h
-- Installing: /home/kth/robot_dev/robot_navigator/install/control_interfaces/include/control_interfaces/control_interfaces/srv/detect_handle.h
-- Installing: /home/kth/robot_dev/robot_navigator/install/control_interfaces/include/control_interfaces/control_interfaces/msg
-- Installing: /home/kth/robot_dev/robot_navigator/install/control_interfaces/include/control_interfaces/control_interfaces/msg/detected_obstacle.h
-- Installing: /home/kth/robot_dev/robot_navigator/install/control_interfaces/include/control_interfaces/control_interfaces/msg/detail
-- Installing: /home/kth/robot_dev/robot_navigator/install/control_interfaces/include/control_interfaces/control_interfaces/msg/detail/detected_obstacle__functions.h
-- Installing: /home/kth/robot_dev/robot_navigator/install/control_interfaces/include/control_interfaces/control_interfaces/msg/detail/detected_obstacle__description.c
-- Installing: /home/kth/robot_dev/robot_navigator/install/control_interfaces/include/control_interfaces/control_interfaces/msg/detail/detected_obstacle__functions.c
-- Installing: /home/kth/robot_dev/robot_navigator/install/control_interfaces/include/control_interfaces/control_interfaces/msg/detail/detected_obstacle__type_support.h
-- Installing: /home/kth/robot_dev/robot_navigator/install/control_interfaces/include/control_interfaces/control_interfaces/msg/detail/detected_obstacle__struct.h
-- Installing: /home/kth/robot_dev/robot_navigator/install/control_interfaces/include/control_interfaces/control_interfaces/msg/detail/detected_obstacle__type_support.c
-- Installing: /home/kth/robot_dev/robot_navigator/install/control_interfaces/include/control_interfaces/control_interfaces/msg/rosidl_generator_c__visibility_control.h
-- Installing: /home/kth/robot_dev/robot_navigator/install/control_interfaces/share/control_interfaces/environment/library_path.sh
-- Installing: /home/kth/robot_dev/robot_navigator/install/control_interfaces/share/control_interfaces/environment/library_path.dsv
-- Installing: /home/kth/robot_dev/robot_navigator/install/control_interfaces/lib/libcontrol_interfaces__rosidl_generator_c.so
-- Set non-toolchain portion of runtime path of "/home/kth/robot_dev/robot_navigator/install/control_interfaces/lib/libcontrol_interfaces__rosidl_generator_c.so" to ""
-- Up-to-date: /home/kth/robot_dev/robot_navigator/install/control_interfaces/include/control_interfaces/control_interfaces
-- Up-to-date: /home/kth/robot_dev/robot_navigator/install/control_interfaces/include/control_interfaces/control_interfaces/srv
-- Up-to-date: /home/kth/robot_dev/robot_navigator/install/control_interfaces/include/control_interfaces/control_interfaces/srv/detail
-- Installing: /home/kth/robot_dev/robot_navigator/install/control_interfaces/include/control_interfaces/control_interfaces/srv/detail/event_handle__rosidl_typesupport_fastrtps_c.h
-- Installing: /home/kth/robot_dev/robot_navigator/install/control_interfaces/include/control_interfaces/control_interfaces/srv/detail/track_handle__rosidl_typesupport_fastrtps_c.h
-- Installing: /home/kth/robot_dev/robot_navigator/install/control_interfaces/include/control_interfaces/control_interfaces/srv/detail/navigate_handle__rosidl_typesupport_fastrtps_c.h
-- Installing: /home/kth/robot_dev/robot_navigator/install/control_interfaces/include/control_interfaces/control_interfaces/srv/detail/detect_handle__rosidl_typesupport_fastrtps_c.h
-- Up-to-date: /home/kth/robot_dev/robot_navigator/install/control_interfaces/include/control_interfaces/control_interfaces/msg
-- Installing: /home/kth/robot_dev/robot_navigator/install/control_interfaces/include/control_interfaces/control_interfaces/msg/rosidl_typesupport_fastrtps_c__visibility_control.h
-- Up-to-date: /home/kth/robot_dev/robot_navigator/install/control_interfaces/include/control_interfaces/control_interfaces/msg/detail
-- Installing: /home/kth/robot_dev/robot_navigator/install/control_interfaces/include/control_interfaces/control_interfaces/msg/detail/detected_obstacle__rosidl_typesupport_fastrtps_c.h
-- Installing: /home/kth/robot_dev/robot_navigator/install/control_interfaces/lib/libcontrol_interfaces__rosidl_typesupport_fastrtps_c.so
-- Set non-toolchain portion of runtime path of "/home/kth/robot_dev/robot_navigator/install/control_interfaces/lib/libcontrol_interfaces__rosidl_typesupport_fastrtps_c.so" to ""
-- Up-to-date: /home/kth/robot_dev/robot_navigator/install/control_interfaces/include/control_interfaces/control_interfaces
-- Up-to-date: /home/kth/robot_dev/robot_navigator/install/control_interfaces/include/control_interfaces/control_interfaces/srv
-- Up-to-date: /home/kth/robot_dev/robot_navigator/install/control_interfaces/include/control_interfaces/control_interfaces/srv/detail
-- Up-to-date: /home/kth/robot_dev/robot_navigator/install/control_interfaces/include/control_interfaces/control_interfaces/srv/detail/track_handle__type_support.c
-- Installing: /home/kth/robot_dev/robot_navigator/install/control_interfaces/include/control_interfaces/control_interfaces/srv/detail/track_handle__rosidl_typesupport_introspection_c.h
-- Up-to-date: /home/kth/robot_dev/robot_navigator/install/control_interfaces/include/control_interfaces/control_interfaces/srv/detail/detect_handle__type_support.c
-- Installing: /home/kth/robot_dev/robot_navigator/install/control_interfaces/include/control_interfaces/control_interfaces/srv/detail/event_handle__rosidl_typesupport_introspection_c.h
-- Up-to-date: /home/kth/robot_dev/robot_navigator/install/control_interfaces/include/control_interfaces/control_interfaces/srv/detail/event_handle__type_support.c
-- Installing: /home/kth/robot_dev/robot_navigator/install/control_interfaces/include/control_interfaces/control_interfaces/srv/detail/detect_handle__rosidl_typesupport_introspection_c.h
-- Up-to-date: /home/kth/robot_dev/robot_navigator/install/control_interfaces/include/control_interfaces/control_interfaces/srv/detail/navigate_handle__type_support.c
-- Installing: /home/kth/robot_dev/robot_navigator/install/control_interfaces/include/control_interfaces/control_interfaces/srv/detail/navigate_handle__rosidl_typesupport_introspection_c.h
-- Up-to-date: /home/kth/robot_dev/robot_navigator/install/control_interfaces/include/control_interfaces/control_interfaces/msg
-- Installing: /home/kth/robot_dev/robot_navigator/install/control_interfaces/include/control_interfaces/control_interfaces/msg/rosidl_typesupport_introspection_c__visibility_control.h
-- Up-to-date: /home/kth/robot_dev/robot_navigator/install/control_interfaces/include/control_interfaces/control_interfaces/msg/detail
-- Installing: /home/kth/robot_dev/robot_navigator/install/control_interfaces/include/control_interfaces/control_interfaces/msg/detail/detected_obstacle__rosidl_typesupport_introspection_c.h
-- Up-to-date: /home/kth/robot_dev/robot_navigator/install/control_interfaces/include/control_interfaces/control_interfaces/msg/detail/detected_obstacle__type_support.c
-- Installing: /home/kth/robot_dev/robot_navigator/install/control_interfaces/lib/libcontrol_interfaces__rosidl_typesupport_introspection_c.so
-- Set non-toolchain portion of runtime path of "/home/kth/robot_dev/robot_navigator/install/control_interfaces/lib/libcontrol_interfaces__rosidl_typesupport_introspection_c.so" to ""
-- Installing: /home/kth/robot_dev/robot_navigator/install/control_interfaces/lib/libcontrol_interfaces__rosidl_typesupport_c.so
-- Set non-toolchain portion of runtime path of "/home/kth/robot_dev/robot_navigator/install/control_interfaces/lib/libcontrol_interfaces__rosidl_typesupport_c.so" to ""
-- Up-to-date: /home/kth/robot_dev/robot_navigator/install/control_interfaces/include/control_interfaces/control_interfaces
-- Up-to-date: /home/kth/robot_dev/robot_navigator/install/control_interfaces/include/control_interfaces/control_interfaces/srv
-- Installing: /home/kth/robot_dev/robot_navigator/install/control_interfaces/include/control_interfaces/control_interfaces/srv/detect_handle.hpp
-- Installing: /home/kth/robot_dev/robot_navigator/install/control_interfaces/include/control_interfaces/control_interfaces/srv/event_handle.hpp
-- Up-to-date: /home/kth/robot_dev/robot_navigator/install/control_interfaces/include/control_interfaces/control_interfaces/srv/detail
-- Installing: /home/kth/robot_dev/robot_navigator/install/control_interfaces/include/control_interfaces/control_interfaces/srv/detail/event_handle__struct.hpp
-- Installing: /home/kth/robot_dev/robot_navigator/install/control_interfaces/include/control_interfaces/control_interfaces/srv/detail/detect_handle__type_support.hpp
-- Installing: /home/kth/robot_dev/robot_navigator/install/control_interfaces/include/control_interfaces/control_interfaces/srv/detail/detect_handle__builder.hpp
-- Installing: /home/kth/robot_dev/robot_navigator/install/control_interfaces/include/control_interfaces/control_interfaces/srv/detail/navigate_handle__traits.hpp
-- Installing: /home/kth/robot_dev/robot_navigator/install/control_interfaces/include/control_interfaces/control_interfaces/srv/detail/event_handle__traits.hpp
-- Installing: /home/kth/robot_dev/robot_navigator/install/control_interfaces/include/control_interfaces/control_interfaces/srv/detail/detect_handle__struct.hpp
-- Installing: /home/kth/robot_dev/robot_navigator/install/control_interfaces/include/control_interfaces/control_interfaces/srv/detail/track_handle__type_support.hpp
-- Installing: /home/kth/robot_dev/robot_navigator/install/control_interfaces/include/control_interfaces/control_interfaces/srv/detail/navigate_handle__type_support.hpp
-- Installing: /home/kth/robot_dev/robot_navigator/install/control_interfaces/include/control_interfaces/control_interfaces/srv/detail/event_handle__type_support.hpp
-- Installing: /home/kth/robot_dev/robot_navigator/install/control_interfaces/include/control_interfaces/control_interfaces/srv/detail/event_handle__builder.hpp
-- Installing: /home/kth/robot_dev/robot_navigator/install/control_interfaces/include/control_interfaces/control_interfaces/srv/detail/track_handle__traits.hpp
-- Installing: /home/kth/robot_dev/robot_navigator/install/control_interfaces/include/control_interfaces/control_interfaces/srv/detail/track_handle__builder.hpp
-- Installing: /home/kth/robot_dev/robot_navigator/install/control_interfaces/include/control_interfaces/control_interfaces/srv/detail/navigate_handle__struct.hpp
-- Installing: /home/kth/robot_dev/robot_navigator/install/control_interfaces/include/control_interfaces/control_interfaces/srv/detail/navigate_handle__builder.hpp
-- Installing: /home/kth/robot_dev/robot_navigator/install/control_interfaces/include/control_interfaces/control_interfaces/srv/detail/detect_handle__traits.hpp
-- Installing: /home/kth/robot_dev/robot_navigator/install/control_interfaces/include/control_interfaces/control_interfaces/srv/detail/track_handle__struct.hpp
-- Installing: /home/kth/robot_dev/robot_navigator/install/control_interfaces/include/control_interfaces/control_interfaces/srv/track_handle.hpp
-- Installing: /home/kth/robot_dev/robot_navigator/install/control_interfaces/include/control_interfaces/control_interfaces/srv/navigate_handle.hpp
-- Up-to-date: /home/kth/robot_dev/robot_navigator/install/control_interfaces/include/control_interfaces/control_interfaces/msg
-- Up-to-date: /home/kth/robot_dev/robot_navigator/install/control_interfaces/include/control_interfaces/control_interfaces/msg/detail
-- Installing: /home/kth/robot_dev/robot_navigator/install/control_interfaces/include/control_interfaces/control_interfaces/msg/detail/detected_obstacle__traits.hpp
-- Installing: /home/kth/robot_dev/robot_navigator/install/control_interfaces/include/control_interfaces/control_interfaces/msg/detail/detected_obstacle__struct.hpp
-- Installing: /home/kth/robot_dev/robot_navigator/install/control_interfaces/include/control_interfaces/control_interfaces/msg/detail/detected_obstacle__type_support.hpp
-- Installing: /home/kth/robot_dev/robot_navigator/install/control_interfaces/include/control_interfaces/control_interfaces/msg/detail/detected_obstacle__builder.hpp
-- Installing: /home/kth/robot_dev/robot_navigator/install/control_interfaces/include/control_interfaces/control_interfaces/msg/detected_obstacle.hpp
-- Installing: /home/kth/robot_dev/robot_navigator/install/control_interfaces/include/control_interfaces/control_interfaces/msg/rosidl_generator_cpp__visibility_control.hpp
-- Up-to-date: /home/kth/robot_dev/robot_navigator/install/control_interfaces/include/control_interfaces/control_interfaces
-- Up-to-date: /home/kth/robot_dev/robot_navigator/install/control_interfaces/include/control_interfaces/control_interfaces/srv
-- Up-to-date: /home/kth/robot_dev/robot_navigator/install/control_interfaces/include/control_interfaces/control_interfaces/srv/detail
-- Installing: /home/kth/robot_dev/robot_navigator/install/control_interfaces/include/control_interfaces/control_interfaces/srv/detail/navigate_handle__rosidl_typesupport_fastrtps_cpp.hpp
-- Installing: /home/kth/robot_dev/robot_navigator/install/control_interfaces/include/control_interfaces/control_interfaces/srv/detail/detect_handle__rosidl_typesupport_fastrtps_cpp.hpp
-- Installing: /home/kth/robot_dev/robot_navigator/install/control_interfaces/include/control_interfaces/control_interfaces/srv/detail/dds_fastrtps
-- Installing: /home/kth/robot_dev/robot_navigator/install/control_interfaces/include/control_interfaces/control_interfaces/srv/detail/event_handle__rosidl_typesupport_fastrtps_cpp.hpp
-- Installing: /home/kth/robot_dev/robot_navigator/install/control_interfaces/include/control_interfaces/control_interfaces/srv/detail/track_handle__rosidl_typesupport_fastrtps_cpp.hpp
-- Up-to-date: /home/kth/robot_dev/robot_navigator/install/control_interfaces/include/control_interfaces/control_interfaces/msg
-- Up-to-date: /home/kth/robot_dev/robot_navigator/install/control_interfaces/include/control_interfaces/control_interfaces/msg/detail
-- Installing: /home/kth/robot_dev/robot_navigator/install/control_interfaces/include/control_interfaces/control_interfaces/msg/detail/detected_obstacle__rosidl_typesupport_fastrtps_cpp.hpp
-- Installing: /home/kth/robot_dev/robot_navigator/install/control_interfaces/include/control_interfaces/control_interfaces/msg/detail/dds_fastrtps
-- Installing: /home/kth/robot_dev/robot_navigator/install/control_interfaces/include/control_interfaces/control_interfaces/msg/rosidl_typesupport_fastrtps_cpp__visibility_control.h
-- Installing: /home/kth/robot_dev/robot_navigator/install/control_interfaces/lib/libcontrol_interfaces__rosidl_typesupport_fastrtps_cpp.so
-- Set non-toolchain portion of runtime path of "/home/kth/robot_dev/robot_navigator/install/control_interfaces/lib/libcontrol_interfaces__rosidl_typesupport_fastrtps_cpp.so" to ""
-- Up-to-date: /home/kth/robot_dev/robot_navigator/install/control_interfaces/include/control_interfaces/control_interfaces
-- Up-to-date: /home/kth/robot_dev/robot_navigator/install/control_interfaces/include/control_interfaces/control_interfaces/srv
-- Up-to-date: /home/kth/robot_dev/robot_navigator/install/control_interfaces/include/control_interfaces/control_interfaces/srv/detail
-- Installing: /home/kth/robot_dev/robot_navigator/install/control_interfaces/include/control_interfaces/control_interfaces/srv/detail/track_handle__type_support.cpp
-- Installing: /home/kth/robot_dev/robot_navigator/install/control_interfaces/include/control_interfaces/control_interfaces/srv/detail/event_handle__type_support.cpp
-- Installing: /home/kth/robot_dev/robot_navigator/install/control_interfaces/include/control_interfaces/control_interfaces/srv/detail/event_handle__rosidl_typesupport_introspection_cpp.hpp
-- Installing: /home/kth/robot_dev/robot_navigator/install/control_interfaces/include/control_interfaces/control_interfaces/srv/detail/detect_handle__rosidl_typesupport_introspection_cpp.hpp
-- Installing: /home/kth/robot_dev/robot_navigator/install/control_interfaces/include/control_interfaces/control_interfaces/srv/detail/detect_handle__type_support.cpp
-- Installing: /home/kth/robot_dev/robot_navigator/install/control_interfaces/include/control_interfaces/control_interfaces/srv/detail/navigate_handle__type_support.cpp
-- Installing: /home/kth/robot_dev/robot_navigator/install/control_interfaces/include/control_interfaces/control_interfaces/srv/detail/track_handle__rosidl_typesupport_introspection_cpp.hpp
-- Installing: /home/kth/robot_dev/robot_navigator/install/control_interfaces/include/control_interfaces/control_interfaces/srv/detail/navigate_handle__rosidl_typesupport_introspection_cpp.hpp
-- Up-to-date: /home/kth/robot_dev/robot_navigator/install/control_interfaces/include/control_interfaces/control_interfaces/msg
-- Up-to-date: /home/kth/robot_dev/robot_navigator/install/control_interfaces/include/control_interfaces/control_interfaces/msg/detail
-- Installing: /home/kth/robot_dev/robot_navigator/install/control_interfaces/include/control_interfaces/control_interfaces/msg/detail/detected_obstacle__rosidl_typesupport_introspection_cpp.hpp
-- Installing: /home/kth/robot_dev/robot_navigator/install/control_interfaces/include/control_interfaces/control_interfaces/msg/detail/detected_obstacle__type_support.cpp
-- Installing: /home/kth/robot_dev/robot_navigator/install/control_interfaces/lib/libcontrol_interfaces__rosidl_typesupport_introspection_cpp.so
-- Set non-toolchain portion of runtime path of "/home/kth/robot_dev/robot_navigator/install/control_interfaces/lib/libcontrol_interfaces__rosidl_typesupport_introspection_cpp.so" to ""
-- Installing: /home/kth/robot_dev/robot_navigator/install/control_interfaces/lib/libcontrol_interfaces__rosidl_typesupport_cpp.so
-- Set non-toolchain portion of runtime path of "/home/kth/robot_dev/robot_navigator/install/control_interfaces/lib/libcontrol_interfaces__rosidl_typesupport_cpp.so" to ""
-- Installing: /home/kth/robot_dev/robot_navigator/install/control_interfaces/share/control_interfaces/environment/pythonpath.sh
-- Installing: /home/kth/robot_dev/robot_navigator/install/control_interfaces/share/control_interfaces/environment/pythonpath.dsv
-- Installing: /home/kth/robot_dev/robot_navigator/install/control_interfaces/lib/python3.12/site-packages/control_interfaces-0.0.0-py3.12.egg-info
-- Installing: /home/kth/robot_dev/robot_navigator/install/control_interfaces/lib/python3.12/site-packages/control_interfaces-0.0.0-py3.12.egg-info/top_level.txt
-- Installing: /home/kth/robot_dev/robot_navigator/install/control_interfaces/lib/python3.12/site-packages/control_interfaces-0.0.0-py3.12.egg-info/PKG-INFO
-- Installing: /home/kth/robot_dev/robot_navigator/install/control_interfaces/lib/python3.12/site-packages/control_interfaces-0.0.0-py3.12.egg-info/SOURCES.txt
-- Installing: /home/kth/robot_dev/robot_navigator/install/control_interfaces/lib/python3.12/site-packages/control_interfaces-0.0.0-py3.12.egg-info/dependency_links.txt
-- Installing: /home/kth/robot_dev/robot_navigator/install/control_interfaces/lib/python3.12/site-packages/control_interfaces
-- Installing: /home/kth/robot_dev/robot_navigator/install/control_interfaces/lib/python3.12/site-packages/control_interfaces/_control_interfaces_s.ep.rosidl_typesupport_c.c
-- Installing: /home/kth/robot_dev/robot_navigator/install/control_interfaces/lib/python3.12/site-packages/control_interfaces/_control_interfaces_s.ep.rosidl_typesupport_fastrtps_c.c
-- Installing: /home/kth/robot_dev/robot_navigator/install/control_interfaces/lib/python3.12/site-packages/control_interfaces/srv
-- Installing: /home/kth/robot_dev/robot_navigator/install/control_interfaces/lib/python3.12/site-packages/control_interfaces/srv/_detect_handle_s.c
-- Installing: /home/kth/robot_dev/robot_navigator/install/control_interfaces/lib/python3.12/site-packages/control_interfaces/srv/_navigate_handle.py
-- Installing: /home/kth/robot_dev/robot_navigator/install/control_interfaces/lib/python3.12/site-packages/control_interfaces/srv/_track_handle_s.c
-- Installing: /home/kth/robot_dev/robot_navigator/install/control_interfaces/lib/python3.12/site-packages/control_interfaces/srv/_track_handle.py
-- Installing: /home/kth/robot_dev/robot_navigator/install/control_interfaces/lib/python3.12/site-packages/control_interfaces/srv/_detect_handle.py
-- Installing: /home/kth/robot_dev/robot_navigator/install/control_interfaces/lib/python3.12/site-packages/control_interfaces/srv/_event_handle.py
-- Installing: /home/kth/robot_dev/robot_navigator/install/control_interfaces/lib/python3.12/site-packages/control_interfaces/srv/_event_handle_s.c
-- Installing: /home/kth/robot_dev/robot_navigator/install/control_interfaces/lib/python3.12/site-packages/control_interfaces/srv/_navigate_handle_s.c
-- Installing: /home/kth/robot_dev/robot_navigator/install/control_interfaces/lib/python3.12/site-packages/control_interfaces/srv/__init__.py
-- Installing: /home/kth/robot_dev/robot_navigator/install/control_interfaces/lib/python3.12/site-packages/control_interfaces/msg
-- Installing: /home/kth/robot_dev/robot_navigator/install/control_interfaces/lib/python3.12/site-packages/control_interfaces/msg/_detected_obstacle_s.c
-- Installing: /home/kth/robot_dev/robot_navigator/install/control_interfaces/lib/python3.12/site-packages/control_interfaces/msg/_detected_obstacle.py
-- Installing: /home/kth/robot_dev/robot_navigator/install/control_interfaces/lib/python3.12/site-packages/control_interfaces/msg/__init__.py
-- Installing: /home/kth/robot_dev/robot_navigator/install/control_interfaces/lib/python3.12/site-packages/control_interfaces/control_interfaces_s__rosidl_typesupport_c.so
-- Installing: /home/kth/robot_dev/robot_navigator/install/control_interfaces/lib/python3.12/site-packages/control_interfaces/_control_interfaces_s.ep.rosidl_typesupport_introspection_c.c
-- Installing: /home/kth/robot_dev/robot_navigator/install/control_interfaces/lib/python3.12/site-packages/control_interfaces/__init__.py
-- Installing: /home/kth/robot_dev/robot_navigator/install/control_interfaces/lib/python3.12/site-packages/control_interfaces/control_interfaces_s__rosidl_typesupport_fastrtps_c.so
-- Installing: /home/kth/robot_dev/robot_navigator/install/control_interfaces/lib/python3.12/site-packages/control_interfaces/control_interfaces_s__rosidl_typesupport_introspection_c.so
Listing '/home/kth/robot_dev/robot_navigator/install/control_interfaces/lib/python3.12/site-packages/control_interfaces'...
Compiling '/home/kth/robot_dev/robot_navigator/install/control_interfaces/lib/python3.12/site-packages/control_interfaces/__init__.py'...
Listing '/home/kth/robot_dev/robot_navigator/install/control_interfaces/lib/python3.12/site-packages/control_interfaces/msg'...
Compiling '/home/kth/robot_dev/robot_navigator/install/control_interfaces/lib/python3.12/site-packages/control_interfaces/msg/__init__.py'...
Compiling '/home/kth/robot_dev/robot_navigator/install/control_interfaces/lib/python3.12/site-packages/control_interfaces/msg/_detected_obstacle.py'...
Listing '/home/kth/robot_dev/robot_navigator/install/control_interfaces/lib/python3.12/site-packages/control_interfaces/srv'...
Compiling '/home/kth/robot_dev/robot_navigator/install/control_interfaces/lib/python3.12/site-packages/control_interfaces/srv/__init__.py'...
Compiling '/home/kth/robot_dev/robot_navigator/install/control_interfaces/lib/python3.12/site-packages/control_interfaces/srv/_detect_handle.py'...
Compiling '/home/kth/robot_dev/robot_navigator/install/control_interfaces/lib/python3.12/site-packages/control_interfaces/srv/_event_handle.py'...
Compiling '/home/kth/robot_dev/robot_navigator/install/control_interfaces/lib/python3.12/site-packages/control_interfaces/srv/_navigate_handle.py'...
Compiling '/home/kth/robot_dev/robot_navigator/install/control_interfaces/lib/python3.12/site-packages/control_interfaces/srv/_track_handle.py'...
-- Installing: /home/kth/robot_dev/robot_navigator/install/control_interfaces/lib/python3.12/site-packages/control_interfaces/control_interfaces_s__rosidl_typesupport_fastrtps_c.so
-- Set non-toolchain portion of runtime path of "/home/kth/robot_dev/robot_navigator/install/control_interfaces/lib/python3.12/site-packages/control_interfaces/control_interfaces_s__rosidl_typesupport_fastrtps_c.so" to ""
-- Installing: /home/kth/robot_dev/robot_navigator/install/control_interfaces/lib/python3.12/site-packages/control_interfaces/control_interfaces_s__rosidl_typesupport_introspection_c.so
-- Set non-toolchain portion of runtime path of "/home/kth/robot_dev/robot_navigator/install/control_interfaces/lib/python3.12/site-packages/control_interfaces/control_interfaces_s__rosidl_typesupport_introspection_c.so" to ""
-- Installing: /home/kth/robot_dev/robot_navigator/install/control_interfaces/lib/python3.12/site-packages/control_interfaces/control_interfaces_s__rosidl_typesupport_c.so
-- Set non-toolchain portion of runtime path of "/home/kth/robot_dev/robot_navigator/install/control_interfaces/lib/python3.12/site-packages/control_interfaces/control_interfaces_s__rosidl_typesupport_c.so" to ""
-- Installing: /home/kth/robot_dev/robot_navigator/install/control_interfaces/lib/libcontrol_interfaces__rosidl_generator_py.so
-- Set non-toolchain portion of runtime path of "/home/kth/robot_dev/robot_navigator/install/control_interfaces/lib/libcontrol_interfaces__rosidl_generator_py.so" to ""
-- Installing: /home/kth/robot_dev/robot_navigator/install/control_interfaces/share/control_interfaces/msg/DetectedObstacle.idl
-- Installing: /home/kth/robot_dev/robot_navigator/install/control_interfaces/share/control_interfaces/srv/EventHandle.idl
-- Installing: /home/kth/robot_dev/robot_navigator/install/control_interfaces/share/control_interfaces/srv/NavigateHandle.idl
-- Installing: /home/kth/robot_dev/robot_navigator/install/control_interfaces/share/control_interfaces/srv/TrackHandle.idl
-- Installing: /home/kth/robot_dev/robot_navigator/install/control_interfaces/share/control_interfaces/srv/DetectHandle.idl
-- Installing: /home/kth/robot_dev/robot_navigator/install/control_interfaces/share/control_interfaces/msg/DetectedObstacle.msg
-- Installing: /home/kth/robot_dev/robot_navigator/install/control_interfaces/share/control_interfaces/srv/EventHandle.srv
-- Installing: /home/kth/robot_dev/robot_navigator/install/control_interfaces/share/control_interfaces/srv/NavigateHandle.srv
-- Installing: /home/kth/robot_dev/robot_navigator/install/control_interfaces/share/control_interfaces/srv/TrackHandle.srv
-- Installing: /home/kth/robot_dev/robot_navigator/install/control_interfaces/share/control_interfaces/srv/DetectHandle.srv
-- Installing: /home/kth/robot_dev/robot_navigator/install/control_interfaces/share/ament_index/resource_index/package_run_dependencies/control_interfaces
-- Installing: /home/kth/robot_dev/robot_navigator/install/control_interfaces/share/ament_index/resource_index/parent_prefix_path/control_interfaces
-- Installing: /home/kth/robot_dev/robot_navigator/install/control_interfaces/share/control_interfaces/environment/ament_prefix_path.sh
-- Installing: /home/kth/robot_dev/robot_navigator/install/control_interfaces/share/control_interfaces/environment/ament_prefix_path.dsv
-- Installing: /home/kth/robot_dev/robot_navigator/install/control_interfaces/share/control_interfaces/environment/path.sh
-- Installing: /home/kth/robot_dev/robot_navigator/install/control_interfaces/share/control_interfaces/environment/path.dsv
-- Installing: /home/kth/robot_dev/robot_navigator/install/control_interfaces/share/control_interfaces/local_setup.bash
-- Installing: /home/kth/robot_dev/robot_navigator/install/control_interfaces/share/control_interfaces/local_setup.sh
-- Installing: /home/kth/robot_dev/robot_navigator/install/control_interfaces/share/control_interfaces/local_setup.zsh
-- Installing: /home/kth/robot_dev/robot_navigator/install/control_interfaces/share/control_interfaces/local_setup.dsv
-- Installing: /home/kth/robot_dev/robot_navigator/install/control_interfaces/share/control_interfaces/package.dsv
-- Installing: /home/kth/robot_dev/robot_navigator/install/control_interfaces/share/ament_index/resource_index/packages/control_interfaces
-- Installing: /home/kth/robot_dev/robot_navigator/install/control_interfaces/share/control_interfaces/cmake/export_control_interfaces__rosidl_generator_cExport.cmake
-- Installing: /home/kth/robot_dev/robot_navigator/install/control_interfaces/share/control_interfaces/cmake/export_control_interfaces__rosidl_generator_cExport-noconfig.cmake
-- Installing: /home/kth/robot_dev/robot_navigator/install/control_interfaces/share/control_interfaces/cmake/export_control_interfaces__rosidl_typesupport_fastrtps_cExport.cmake
-- Installing: /home/kth/robot_dev/robot_navigator/install/control_interfaces/share/control_interfaces/cmake/export_control_interfaces__rosidl_typesupport_fastrtps_cExport-noconfig.cmake
-- Installing: /home/kth/robot_dev/robot_navigator/install/control_interfaces/share/control_interfaces/cmake/control_interfaces__rosidl_typesupport_introspection_cExport.cmake
-- Installing: /home/kth/robot_dev/robot_navigator/install/control_interfaces/share/control_interfaces/cmake/control_interfaces__rosidl_typesupport_introspection_cExport-noconfig.cmake
-- Installing: /home/kth/robot_dev/robot_navigator/install/control_interfaces/share/control_interfaces/cmake/control_interfaces__rosidl_typesupport_cExport.cmake
-- Installing: /home/kth/robot_dev/robot_navigator/install/control_interfaces/share/control_interfaces/cmake/control_interfaces__rosidl_typesupport_cExport-noconfig.cmake
-- Installing: /home/kth/robot_dev/robot_navigator/install/control_interfaces/share/control_interfaces/cmake/export_control_interfaces__rosidl_generator_cppExport.cmake
-- Installing: /home/kth/robot_dev/robot_navigator/install/control_interfaces/share/control_interfaces/cmake/export_control_interfaces__rosidl_typesupport_fastrtps_cppExport.cmake
-- Installing: /home/kth/robot_dev/robot_navigator/install/control_interfaces/share/control_interfaces/cmake/export_control_interfaces__rosidl_typesupport_fastrtps_cppExport-noconfig.cmake
-- Installing: /home/kth/robot_dev/robot_navigator/install/control_interfaces/share/control_interfaces/cmake/control_interfaces__rosidl_typesupport_introspection_cppExport.cmake
-- Installing: /home/kth/robot_dev/robot_navigator/install/control_interfaces/share/control_interfaces/cmake/control_interfaces__rosidl_typesupport_introspection_cppExport-noconfig.cmake
-- Installing: /home/kth/robot_dev/robot_navigator/install/control_interfaces/share/control_interfaces/cmake/control_interfaces__rosidl_typesupport_cppExport.cmake
-- Installing: /home/kth/robot_dev/robot_navigator/install/control_interfaces/share/control_interfaces/cmake/control_interfaces__rosidl_typesupport_cppExport-noconfig.cmake
-- Installing: /home/kth/robot_dev/robot_navigator/install/control_interfaces/share/control_interfaces/cmake/export_control_interfaces__rosidl_generator_pyExport.cmake
-- Installing: /home/kth/robot_dev/robot_navigator/install/control_interfaces/share/control_interfaces/cmake/export_control_interfaces__rosidl_generator_pyExport-noconfig.cmake
-- Installing: /home/kth/robot_dev/robot_navigator/install/control_interfaces/share/control_interfaces/cmake/rosidl_cmake-extras.cmake
-- Installing: /home/kth/robot_dev/robot_navigator/install/control_interfaces/share/control_interfaces/cmake/ament_cmake_export_dependencies-extras.cmake
-- Installing: /home/kth/robot_dev/robot_navigator/install/control_interfaces/share/control_interfaces/cmake/ament_cmake_export_include_directories-extras.cmake
-- Installing: /home/kth/robot_dev/robot_navigator/install/control_interfaces/share/control_interfaces/cmake/ament_cmake_export_libraries-extras.cmake
-- Installing: /home/kth/robot_dev/robot_navigator/install/control_interfaces/share/control_interfaces/cmake/ament_cmake_export_targets-extras.cmake
-- Installing: /home/kth/robot_dev/robot_navigator/install/control_interfaces/share/control_interfaces/cmake/rosidl_cmake_export_typesupport_targets-extras.cmake
-- Installing: /home/kth/robot_dev/robot_navigator/install/control_interfaces/share/control_interfaces/cmake/rosidl_cmake_export_typesupport_libraries-extras.cmake
-- Installing: /home/kth/robot_dev/robot_navigator/install/control_interfaces/share/control_interfaces/cmake/control_interfacesConfig.cmake
-- Installing: /home/kth/robot_dev/robot_navigator/install/control_interfaces/share/control_interfaces/cmake/control_interfacesConfig-version.cmake
-- Installing: /home/kth/robot_dev/robot_navigator/install/control_interfaces/share/control_interfaces/package.xml
