[0.000000] (-) TimerEvent: {}
[0.000340] (my_opencv_tutorials) JobQueued: {'identifier': 'my_opencv_tutorials', 'dependencies': OrderedDict()}
[0.000363] (my_opencv_tutorials) JobStarted: {'identifier': 'my_opencv_tutorials'}
[0.099851] (-) TimerEvent: {}
[0.200082] (-) TimerEvent: {}
[0.300281] (-) TimerEvent: {}
[0.400485] (-) TimerEvent: {}
[0.500701] (-) TimerEvent: {}
[0.600920] (-) TimerEvent: {}
[0.701140] (-) TimerEvent: {}
[0.752020] (my_opencv_tutorials) Command: {'cmd': ['/usr/bin/python3', '-W', 'ignore:setup.py install is deprecated', '-W', 'ignore:easy_install command is deprecated', 'setup.py', 'egg_info', '--egg-base', '../../build/my_opencv_tutorials', 'build', '--build-base', '/home/kth/robot_dev/my_opencv_tutorials/build/my_opencv_tutorials/build', 'install', '--record', '/home/kth/robot_dev/my_opencv_tutorials/build/my_opencv_tutorials/install.log', '--single-version-externally-managed', 'install_data'], 'cwd': '/home/kth/robot_dev/my_opencv_tutorials/src/my_opencv_tutorials', 'env': {'GJS_DEBUG_TOPICS': 'JS ERROR;JS LOG', 'XDG_ACTIVATION_TOKEN': 'gnome-shell/Terminator/3351-2-kth-GP75-Leopard-10SEK_TIME462525', 'CONDA_PROMPT_MODIFIER': 'false', 'USER': 'kth', 'XDG_SESSION_TYPE': 'x11', 'CLUTTER_DISABLE_MIPMAPPED_TEXT': '1', 'POWERLINE_COMMAND': 'oh-my-posh', 'SHLVL': '1', 'LD_LIBRARY_PATH': '/opt/ros/jazzy/opt/rviz_ogre_vendor/lib:/opt/ros/jazzy/lib/x86_64-linux-gnu:/opt/ros/jazzy/opt/gz_math_vendor/lib:/opt/ros/jazzy/opt/gz_utils_vendor/lib:/opt/ros/jazzy/opt/gz_cmake_vendor/lib:/opt/ros/jazzy/lib', 'HOME': '/home/kth', 'DESKTOP_SESSION': 'ubuntu', 'GIO_LAUNCHED_DESKTOP_FILE': '/usr/share/applications/terminator.desktop', 'ROS_PYTHON_VERSION': '3', 'GNOME_SHELL_SESSION_MODE': 'ubuntu', 'GTK_MODULES': 'gail:atk-bridge', 'MANAGERPID': '2845', 'SYSTEMD_EXEC_PID': '3351', 'GSM_SKIP_SSH_AGENT_WORKAROUND': 'true', 'DBUS_SESSION_BUS_ADDRESS': 'unix:path=/run/user/1000/bus', 'GIO_LAUNCHED_DESKTOP_FILE_PID': '9097', 'LIBVIRT_DEFAULT_URI': 'qemu:///system', 'COLORTERM': 'truecolor', 'TERMINATOR_DBUS_NAME': 'net.tenshu.Terminator23558193cd9818af7fe4d2c2f5bd9d00f', 'DEBUGINFOD_URLS': 'https://debuginfod.ubuntu.com', 'COLCON_PREFIX_PATH': '/home/kth/robot_dev/my_opencv_tutorials/install', 'ROS_DISTRO': 'jazzy', 'LOGNAME': 'kth', 'JOURNAL_STREAM': '9:17331', 'POSH_SESSION_ID': 'f3bc35bf-94b8-4267-b3d6-12c144a180dc', 'MEMORY_PRESSURE_WATCH': '/sys/fs/cgroup/user.slice/user-1000.slice/user@1000.service/session.slice/org.gnome.Shell@x11.service/memory.pressure', 'ROS_VERSION': '2', 'XDG_SESSION_CLASS': 'user', 'TERM': 'xterm-256color', 'USERNAME': 'kth', 'GNOME_DESKTOP_SESSION_ID': 'this-is-deprecated', 'POSH_SHELL_VERSION': '3.7.0', 'WINDOWPATH': '2', 'PATH': '/home/kth/venv/ros_venv/bin:/opt/ros/jazzy/bin:/home/kth/.local/bin:/usr/local/sbin:/usr/local/bin:/usr/sbin:/usr/bin:/sbin:/bin:/usr/games:/usr/local/games:/snap/bin:/snap/bin', 'SESSION_MANAGER': 'local/kth-GP75-Leopard-10SEK:@/tmp/.ICE-unix/3307,unix/kth-GP75-Leopard-10SEK:/tmp/.ICE-unix/3307', 'INVOCATION_ID': '952773e0eb144318bece9343113db02c', 'XDG_RUNTIME_DIR': '/run/user/1000', 'XDG_MENU_PREFIX': 'gnome-', 'DISPLAY': ':1', 'LANG': 'en_US.UTF-8', 'XDG_CURRENT_DESKTOP': 'ubuntu:GNOME', 'TERMINATOR_DBUS_PATH': '/net/tenshu/Terminator2', 'XAUTHORITY': '/run/user/1000/gdm/Xauthority', 'XMODIFIERS': '@im=ibus', 'XDG_SESSION_DESKTOP': 'ubuntu', 'SSH_AUTH_SOCK': '/run/user/1000/keyring/ssh', 'AMENT_PREFIX_PATH': '/home/kth/robot_dev/my_opencv_tutorials/install/my_opencv_tutorials:/opt/ros/jazzy', 'ROS_DOMAIN_ID': '22', 'TERMINATOR_UUID': 'urn:uuid:32bb44c7-8ae8-4bd1-89b8-3abf689f0501', 'SHELL': '/usr/bin/fish', 'QT_ACCESSIBILITY': '1', 'GDMSESSION': 'ubuntu', 'GPG_AGENT_INFO': '/run/user/1000/gnupg/S.gpg-agent:0:1', 'GJS_DEBUG_OUTPUT': 'stderr', 'VIRTUAL_ENV': '/home/kth/venv/ros_venv', 'POSH_THEME': '/home/kth/.poshthemes/sonicboom_light.omp.json', 'ROS_AUTOMATIC_DISCOVERY_RANGE': 'SUBNET', 'QT_IM_MODULE': 'ibus', 'PWD': '/home/kth/robot_dev/my_opencv_tutorials/build/my_opencv_tutorials', 'LC_ALL': 'en_US.UTF-8', '_OLD_VIRTUAL_PATH': '/opt/ros/jazzy/bin:/home/kth/.local/bin:/usr/local/sbin:/usr/local/bin:/usr/sbin:/usr/bin:/sbin:/bin:/usr/games:/usr/local/games:/snap/bin:/snap/bin', 'XDG_DATA_DIRS': '/usr/share/ubuntu:/usr/share/gnome:/home/kth/.local/share/flatpak/exports/share:/var/lib/flatpak/exports/share:/usr/local/share/:/usr/share/:/var/lib/snapd/desktop', 'XDG_CONFIG_DIRS': '/etc/xdg/xdg-ubuntu:/etc/xdg', 'PYTHONPATH': '/home/kth/robot_dev/my_opencv_tutorials/build/my_opencv_tutorials/prefix_override:/usr/lib/python3/dist-packages/colcon_core/task/python/colcon_distutils_commands:/home/kth/robot_dev/my_opencv_tutorials/install/my_opencv_tutorials/lib/python3.12/site-packages:/home/kth/robot_dev/my_opencv_tutorials/install/my_opencv_tutorials/lib/python3.12/site-packages:/opt/ros/jazzy/lib/python3.12/site-packages', 'COLCON': '1', 'POSH_SHELL': 'fish', 'VTE_VERSION': '7600', 'MEMORY_PRESSURE_WRITE': 'c29tZSAyMDAwMDAgMjAwMDAwMAA=', 'CMAKE_PREFIX_PATH': '/opt/ros/jazzy/opt/gz_math_vendor:/opt/ros/jazzy/opt/gz_utils_vendor:/opt/ros/jazzy/opt/gz_cmake_vendor'}, 'shell': False}
[0.801247] (-) TimerEvent: {}
[0.901469] (-) TimerEvent: {}
[0.980110] (my_opencv_tutorials) StdoutLine: {'line': b'running egg_info\n'}
[0.997332] (my_opencv_tutorials) StdoutLine: {'line': b'writing ../../build/my_opencv_tutorials/my_opencv_tutorials.egg-info/PKG-INFO\n'}
[1.001672] (-) TimerEvent: {}
[1.005360] (my_opencv_tutorials) StdoutLine: {'line': b'writing dependency_links to ../../build/my_opencv_tutorials/my_opencv_tutorials.egg-info/dependency_links.txt\n'}
[1.005669] (my_opencv_tutorials) StdoutLine: {'line': b'writing entry points to ../../build/my_opencv_tutorials/my_opencv_tutorials.egg-info/entry_points.txt\n'}
[1.005896] (my_opencv_tutorials) StdoutLine: {'line': b'writing requirements to ../../build/my_opencv_tutorials/my_opencv_tutorials.egg-info/requires.txt\n'}
[1.006152] (my_opencv_tutorials) StdoutLine: {'line': b'writing top-level names to ../../build/my_opencv_tutorials/my_opencv_tutorials.egg-info/top_level.txt\n'}
[1.043205] (my_opencv_tutorials) StdoutLine: {'line': b"reading manifest file '../../build/my_opencv_tutorials/my_opencv_tutorials.egg-info/SOURCES.txt'\n"}
[1.044301] (my_opencv_tutorials) StdoutLine: {'line': b"writing manifest file '../../build/my_opencv_tutorials/my_opencv_tutorials.egg-info/SOURCES.txt'\n"}
[1.044572] (my_opencv_tutorials) StdoutLine: {'line': b'running build\n'}
[1.044721] (my_opencv_tutorials) StdoutLine: {'line': b'running build_py\n'}
[1.045566] (my_opencv_tutorials) StdoutLine: {'line': b'running install\n'}
[1.050483] (my_opencv_tutorials) StdoutLine: {'line': b'running install_lib\n'}
[1.070889] (my_opencv_tutorials) StdoutLine: {'line': b'running install_data\n'}
[1.071876] (my_opencv_tutorials) StdoutLine: {'line': b'running install_egg_info\n'}
[1.090667] (my_opencv_tutorials) StdoutLine: {'line': b"removing '/home/kth/robot_dev/my_opencv_tutorials/install/my_opencv_tutorials/lib/python3.12/site-packages/my_opencv_tutorials-0.0.0-py3.12.egg-info' (and everything under it)\n"}
[1.090965] (my_opencv_tutorials) StdoutLine: {'line': b'Copying ../../build/my_opencv_tutorials/my_opencv_tutorials.egg-info to /home/kth/robot_dev/my_opencv_tutorials/install/my_opencv_tutorials/lib/python3.12/site-packages/my_opencv_tutorials-0.0.0-py3.12.egg-info\n'}
[1.091789] (my_opencv_tutorials) StdoutLine: {'line': b'running install_scripts\n'}
[1.101759] (-) TimerEvent: {}
[1.201959] (-) TimerEvent: {}
[1.205373] (my_opencv_tutorials) StdoutLine: {'line': b'Installing cartoon script to /home/kth/robot_dev/my_opencv_tutorials/install/my_opencv_tutorials/lib/my_opencv_tutorials\n'}
[1.205721] (my_opencv_tutorials) StdoutLine: {'line': b'Installing convert_hsv script to /home/kth/robot_dev/my_opencv_tutorials/install/my_opencv_tutorials/lib/my_opencv_tutorials\n'}
[1.205984] (my_opencv_tutorials) StdoutLine: {'line': b'Installing edge_detect script to /home/kth/robot_dev/my_opencv_tutorials/install/my_opencv_tutorials/lib/my_opencv_tutorials\n'}
[1.206154] (my_opencv_tutorials) StdoutLine: {'line': b'Installing img_pub script to /home/kth/robot_dev/my_opencv_tutorials/install/my_opencv_tutorials/lib/my_opencv_tutorials\n'}
[1.206258] (my_opencv_tutorials) StdoutLine: {'line': b'Installing mnist_node script to /home/kth/robot_dev/my_opencv_tutorials/install/my_opencv_tutorials/lib/my_opencv_tutorials\n'}
[1.206333] (my_opencv_tutorials) StdoutLine: {'line': b'Installing optical_flow script to /home/kth/robot_dev/my_opencv_tutorials/install/my_opencv_tutorials/lib/my_opencv_tutorials\n'}
[1.206520] (my_opencv_tutorials) StdoutLine: {'line': b"writing list of installed files to '/home/kth/robot_dev/my_opencv_tutorials/build/my_opencv_tutorials/install.log'\n"}
[1.225140] (my_opencv_tutorials) CommandEnded: {'returncode': 0}
[1.236301] (my_opencv_tutorials) JobEnded: {'identifier': 'my_opencv_tutorials', 'rc': 0}
[1.236983] (-) EventReactorShutdown: {}
