[0.000000] (-) TimerEvent: {}
[0.000300] (controller_tutorials) JobQueued: {'identifier': 'controller_tutorials', 'dependencies': OrderedDict()}
[0.000458] (controller_tutorials) JobStarted: {'identifier': 'controller_tutorials'}
[0.099925] (-) TimerEvent: {}
[0.200122] (-) TimerEvent: {}
[0.300355] (-) TimerEvent: {}
[0.400522] (-) TimerEvent: {}
[0.500712] (-) TimerEvent: {}
[0.600924] (-) TimerEvent: {}
[0.701138] (-) TimerEvent: {}
[0.774662] (controller_tutorials) Command: {'cmd': ['/usr/bin/python3', '-W', 'ignore:setup.py install is deprecated', '-W', 'ignore:easy_install command is deprecated', 'setup.py', 'egg_info', '--egg-base', '../../build/controller_tutorials', 'build', '--build-base', '/home/kth/robot_dev/control_tutorials/build/controller_tutorials/build', 'install', '--record', '/home/kth/robot_dev/control_tutorials/build/controller_tutorials/install.log', '--single-version-externally-managed', 'install_data'], 'cwd': '/home/kth/robot_dev/control_tutorials/src/controller_tutorials', 'env': {'GJS_DEBUG_TOPICS': 'JS ERROR;JS LOG', 'XDG_ACTIVATION_TOKEN': 'gnome-shell/Terminator/3533-2-kth-GP75-Leopard-10SEK_TIME1336493', 'CONDA_PROMPT_MODIFIER': 'false', 'USER': 'kth', 'XDG_SESSION_TYPE': 'x11', 'POWERLINE_COMMAND': 'oh-my-posh', 'LD_LIBRARY_PATH': '/opt/ros/jazzy/opt/rviz_ogre_vendor/lib:/opt/ros/jazzy/lib/x86_64-linux-gnu:/opt/ros/jazzy/opt/gz_math_vendor/lib:/opt/ros/jazzy/opt/gz_utils_vendor/lib:/opt/ros/jazzy/opt/gz_cmake_vendor/lib:/opt/ros/jazzy/lib', 'SHLVL': '1', 'CLUTTER_DISABLE_MIPMAPPED_TEXT': '1', 'HOME': '/home/kth', 'DESKTOP_SESSION': 'ubuntu', 'GIO_LAUNCHED_DESKTOP_FILE': '/usr/share/applications/terminator.desktop', 'ROS_PYTHON_VERSION': '3', 'GNOME_SHELL_SESSION_MODE': 'ubuntu', 'GTK_MODULES': 'gail:atk-bridge', 'MANAGERPID': '3045', 'SYSTEMD_EXEC_PID': '3533', 'GSM_SKIP_SSH_AGENT_WORKAROUND': 'true', 'DBUS_SESSION_BUS_ADDRESS': 'unix:path=/run/user/1000/bus', 'GIO_LAUNCHED_DESKTOP_FILE_PID': '19322', 'LIBVIRT_DEFAULT_URI': 'qemu:///system', 'COLORTERM': 'truecolor', 'TERMINATOR_DBUS_NAME': 'net.tenshu.Terminator23558193cd9818af7fe4d2c2f5bd9d00f', 'DEBUGINFOD_URLS': 'https://debuginfod.ubuntu.com', 'ROS_DISTRO': 'jazzy', 'LOGNAME': 'kth', 'JOURNAL_STREAM': '9:26069', 'POSH_SESSION_ID': '985fe008-b707-474c-951b-893f93763560', 'MEMORY_PRESSURE_WATCH': '/sys/fs/cgroup/user.slice/user-1000.slice/user@1000.service/session.slice/org.gnome.Shell@x11.service/memory.pressure', 'ROS_VERSION': '2', 'XDG_SESSION_CLASS': 'user', 'TERM': 'xterm-256color', 'USERNAME': 'kth', 'GNOME_DESKTOP_SESSION_ID': 'this-is-deprecated', 'POSH_SHELL_VERSION': '3.7.0', 'WINDOWPATH': '2', 'PATH': '/opt/ros/jazzy/bin:/home/kth/venv/ros_venv/bin:/home/kth/.local/bin:/usr/local/sbin:/usr/local/bin:/usr/sbin:/usr/bin:/sbin:/bin:/usr/games:/usr/local/games:/snap/bin:/snap/bin', 'SESSION_MANAGER': 'local/kth-GP75-Leopard-10SEK:@/tmp/.ICE-unix/3495,unix/kth-GP75-Leopard-10SEK:/tmp/.ICE-unix/3495', 'INVOCATION_ID': '4cc9a53c081f476ba510aea57a855dfa', 'XDG_RUNTIME_DIR': '/run/user/1000', 'XDG_MENU_PREFIX': 'gnome-', 'DISPLAY': ':1', 'LANG': 'en_US.UTF-8', 'XDG_CURRENT_DESKTOP': 'ubuntu:GNOME', 'TERMINATOR_DBUS_PATH': '/net/tenshu/Terminator2', 'XAUTHORITY': '/run/user/1000/gdm/Xauthority', 'XMODIFIERS': '@im=ibus', 'XDG_SESSION_DESKTOP': 'ubuntu', 'SSH_AUTH_SOCK': '/run/user/1000/keyring/ssh', 'AMENT_PREFIX_PATH': '/opt/ros/jazzy', 'ROS_DOMAIN_ID': '22', 'TERMINATOR_UUID': 'urn:uuid:d045425b-70ff-47a4-8d04-1ba45e7fefee', 'SHELL': '/usr/bin/fish', 'QT_ACCESSIBILITY': '1', 'GDMSESSION': 'ubuntu', 'GPG_AGENT_INFO': '/run/user/1000/gnupg/S.gpg-agent:0:1', 'GJS_DEBUG_OUTPUT': 'stderr', 'VIRTUAL_ENV': '/home/kth/venv/ros_venv', 'POSH_THEME': '/home/kth/.poshthemes/sonicboom_light.omp.json', 'ROS_AUTOMATIC_DISCOVERY_RANGE': 'SUBNET', 'QT_IM_MODULE': 'ibus', 'PWD': '/home/kth/robot_dev/control_tutorials/build/controller_tutorials', 'LC_ALL': 'en_US.UTF-8', '_OLD_VIRTUAL_PATH': '/home/kth/.local/bin:/usr/local/sbin:/usr/local/bin:/usr/sbin:/usr/bin:/sbin:/bin:/usr/games:/usr/local/games:/snap/bin:/snap/bin', 'XDG_DATA_DIRS': '/usr/share/ubuntu:/usr/share/gnome:/home/kth/.local/share/flatpak/exports/share:/var/lib/flatpak/exports/share:/usr/local/share/:/usr/share/:/var/lib/snapd/desktop', 'XDG_CONFIG_DIRS': '/etc/xdg/xdg-ubuntu:/etc/xdg', 'PYTHONPATH': '/home/kth/robot_dev/control_tutorials/build/controller_tutorials/prefix_override:/usr/lib/python3/dist-packages/colcon_core/task/python/colcon_distutils_commands:/home/kth/robot_dev/control_tutorials/install/controller_tutorials/lib/python3.12/site-packages:/opt/ros/jazzy/lib/python3.12/site-packages', 'COLCON': '1', 'POSH_SHELL': 'fish', 'VTE_VERSION': '7600', 'MEMORY_PRESSURE_WRITE': 'c29tZSAyMDAwMDAgMjAwMDAwMAA=', 'CMAKE_PREFIX_PATH': '/opt/ros/jazzy/opt/gz_math_vendor:/opt/ros/jazzy/opt/gz_utils_vendor:/opt/ros/jazzy/opt/gz_cmake_vendor'}, 'shell': False}
[0.801206] (-) TimerEvent: {}
[0.901451] (-) TimerEvent: {}
[1.001619] (-) TimerEvent: {}
[1.007088] (controller_tutorials) StdoutLine: {'line': b'running egg_info\n'}
[1.026976] (controller_tutorials) StdoutLine: {'line': b'writing ../../build/controller_tutorials/controller_tutorials.egg-info/PKG-INFO\n'}
[1.027492] (controller_tutorials) StdoutLine: {'line': b'writing dependency_links to ../../build/controller_tutorials/controller_tutorials.egg-info/dependency_links.txt\n'}
[1.027762] (controller_tutorials) StdoutLine: {'line': b'writing entry points to ../../build/controller_tutorials/controller_tutorials.egg-info/entry_points.txt\n'}
[1.027900] (controller_tutorials) StdoutLine: {'line': b'writing requirements to ../../build/controller_tutorials/controller_tutorials.egg-info/requires.txt\n'}
[1.027987] (controller_tutorials) StdoutLine: {'line': b'writing top-level names to ../../build/controller_tutorials/controller_tutorials.egg-info/top_level.txt\n'}
[1.066442] (controller_tutorials) StdoutLine: {'line': b"reading manifest file '../../build/controller_tutorials/controller_tutorials.egg-info/SOURCES.txt'\n"}
[1.067230] (controller_tutorials) StdoutLine: {'line': b"writing manifest file '../../build/controller_tutorials/controller_tutorials.egg-info/SOURCES.txt'\n"}
[1.067395] (controller_tutorials) StdoutLine: {'line': b'running build\n'}
[1.067455] (controller_tutorials) StdoutLine: {'line': b'running build_py\n'}
[1.068108] (controller_tutorials) StdoutLine: {'line': b'copying controller_tutorials/move_turtle_state_machine.py -> /home/kth/robot_dev/control_tutorials/build/controller_tutorials/build/lib/controller_tutorials\n'}
[1.068522] (controller_tutorials) StdoutLine: {'line': b'running install\n'}
[1.073466] (controller_tutorials) StdoutLine: {'line': b'running install_lib\n'}
[1.092324] (controller_tutorials) StdoutLine: {'line': b'copying /home/kth/robot_dev/control_tutorials/build/controller_tutorials/build/lib/controller_tutorials/move_turtle_state_machine.py -> /home/kth/robot_dev/control_tutorials/install/controller_tutorials/lib/python3.12/site-packages/controller_tutorials\n'}
[1.092945] (controller_tutorials) StdoutLine: {'line': b'byte-compiling /home/kth/robot_dev/control_tutorials/install/controller_tutorials/lib/python3.12/site-packages/controller_tutorials/move_turtle_state_machine.py to move_turtle_state_machine.cpython-312.pyc\n'}
[1.094892] (controller_tutorials) StdoutLine: {'line': b'running install_data\n'}
[1.095314] (controller_tutorials) StdoutLine: {'line': b'running install_egg_info\n'}
[1.101679] (-) TimerEvent: {}
[1.115041] (controller_tutorials) StdoutLine: {'line': b"removing '/home/kth/robot_dev/control_tutorials/install/controller_tutorials/lib/python3.12/site-packages/controller_tutorials-0.0.0-py3.12.egg-info' (and everything under it)\n"}
[1.115268] (controller_tutorials) StdoutLine: {'line': b'Copying ../../build/controller_tutorials/controller_tutorials.egg-info to /home/kth/robot_dev/control_tutorials/install/controller_tutorials/lib/python3.12/site-packages/controller_tutorials-0.0.0-py3.12.egg-info\n'}
[1.116009] (controller_tutorials) StdoutLine: {'line': b'running install_scripts\n'}
[1.201794] (-) TimerEvent: {}
[1.229334] (controller_tutorials) StdoutLine: {'line': b'Installing control_rotate script to /home/kth/robot_dev/control_tutorials/install/controller_tutorials/lib/controller_tutorials\n'}
[1.237302] (controller_tutorials) StdoutLine: {'line': b'Installing monitor_for_move_turtle script to /home/kth/robot_dev/control_tutorials/install/controller_tutorials/lib/controller_tutorials\n'}
[1.237557] (controller_tutorials) StdoutLine: {'line': b'Installing move_turtle script to /home/kth/robot_dev/control_tutorials/install/controller_tutorials/lib/controller_tutorials\n'}
[1.237805] (controller_tutorials) StdoutLine: {'line': b'Installing move_turtle_state_machine script to /home/kth/robot_dev/control_tutorials/install/controller_tutorials/lib/controller_tutorials\n'}
[1.237960] (controller_tutorials) StdoutLine: {'line': b'Installing pose_dual_controller script to /home/kth/robot_dev/control_tutorials/install/controller_tutorials/lib/controller_tutorials\n'}
[1.238181] (controller_tutorials) StdoutLine: {'line': b'Installing qmonitor_for_pose_dual_controller script to /home/kth/robot_dev/control_tutorials/install/controller_tutorials/lib/controller_tutorials\n'}
[1.238300] (controller_tutorials) StdoutLine: {'line': b'Installing simple_rotate script to /home/kth/robot_dev/control_tutorials/install/controller_tutorials/lib/controller_tutorials\n'}
[1.238354] (controller_tutorials) StdoutLine: {'line': b"writing list of installed files to '/home/kth/robot_dev/control_tutorials/build/controller_tutorials/install.log'\n"}
[1.256156] (controller_tutorials) CommandEnded: {'returncode': 0}
[1.266543] (controller_tutorials) JobEnded: {'identifier': 'controller_tutorials', 'rc': 0}
[1.266878] (-) EventReactorShutdown: {}
