/home/kth/robot_dev/vicpinky_2/install/vicpinky_bringup/lib/python3.12/site-packages/vicpinky_bringup/bringup.py
/home/kth/robot_dev/vicpinky_2/install/vicpinky_bringup/lib/python3.12/site-packages/vicpinky_bringup/zlac_driver.py
/home/kth/robot_dev/vicpinky_2/install/vicpinky_bringup/lib/python3.12/site-packages/vicpinky_bringup/__init__.py
/home/kth/robot_dev/vicpinky_2/install/vicpinky_bringup/lib/python3.12/site-packages/vicpinky_bringup/__pycache__/bringup.cpython-312.pyc
/home/kth/robot_dev/vicpinky_2/install/vicpinky_bringup/lib/python3.12/site-packages/vicpinky_bringup/__pycache__/zlac_driver.cpython-312.pyc
/home/kth/robot_dev/vicpinky_2/install/vicpinky_bringup/lib/python3.12/site-packages/vicpinky_bringup/__pycache__/__init__.cpython-312.pyc
/home/kth/robot_dev/vicpinky_2/install/vicpinky_bringup/share/ament_index/resource_index/packages/vicpinky_bringup
/home/kth/robot_dev/vicpinky_2/install/vicpinky_bringup/share/vicpinky_bringup/package.xml
/home/kth/robot_dev/vicpinky_2/install/vicpinky_bringup/share/vicpinky_bringup/launch/bringup.launch.xml
/home/kth/robot_dev/vicpinky_2/install/vicpinky_bringup/share/vicpinky_bringup/launch/gazebo_bringup.launch.xml
/home/kth/robot_dev/vicpinky_2/install/vicpinky_bringup/share/vicpinky_bringup/launch/gazebo_multi_spwan.launch.xml
/home/kth/robot_dev/vicpinky_2/install/vicpinky_bringup/share/vicpinky_bringup/config/laser_filter.yaml
/home/kth/robot_dev/vicpinky_2/install/vicpinky_bringup/lib/python3.12/site-packages/vicpinky_bringup-0.0.0-py3.12.egg-info/entry_points.txt
/home/kth/robot_dev/vicpinky_2/install/vicpinky_bringup/lib/python3.12/site-packages/vicpinky_bringup-0.0.0-py3.12.egg-info/requires.txt
/home/kth/robot_dev/vicpinky_2/install/vicpinky_bringup/lib/python3.12/site-packages/vicpinky_bringup-0.0.0-py3.12.egg-info/top_level.txt
/home/kth/robot_dev/vicpinky_2/install/vicpinky_bringup/lib/python3.12/site-packages/vicpinky_bringup-0.0.0-py3.12.egg-info/PKG-INFO
/home/kth/robot_dev/vicpinky_2/install/vicpinky_bringup/lib/python3.12/site-packages/vicpinky_bringup-0.0.0-py3.12.egg-info/zip-safe
/home/kth/robot_dev/vicpinky_2/install/vicpinky_bringup/lib/python3.12/site-packages/vicpinky_bringup-0.0.0-py3.12.egg-info/SOURCES.txt
/home/kth/robot_dev/vicpinky_2/install/vicpinky_bringup/lib/python3.12/site-packages/vicpinky_bringup-0.0.0-py3.12.egg-info/dependency_links.txt
/home/kth/robot_dev/vicpinky_2/install/vicpinky_bringup/lib/vicpinky_bringup/bringup
