[0.000000] (-) TimerEvent: {}
[0.000396] (-) JobUnselected: {'identifier': 'control_interfaces'}
[0.000440] (robot_navigator) JobQueued: {'identifier': 'robot_navigator', 'dependencies': OrderedDict()}
[0.000457] (robot_navigator) JobStarted: {'identifier': 'robot_navigator'}
[0.007273] (robot_navigator) JobProgress: {'identifier': 'robot_navigator', 'progress': 'cmake'}
[0.007512] (robot_navigator) JobProgress: {'identifier': 'robot_navigator', 'progress': 'build'}
[0.008133] (robot_navigator) Command: {'cmd': ['/usr/bin/cmake', '--build', '/home/kth/robot_dev/robot_navigator/build/robot_navigator', '--', '-j12', '-l12'], 'cwd': '/home/kth/robot_dev/robot_navigator/build/robot_navigator', 'env': OrderedDict({'GJS_DEBUG_TOPICS': 'JS ERROR;JS LOG', 'XDG_ACTIVATION_TOKEN': 'gnome-shell/Terminator/2733-11-kth-GP75-Leopard-10SEK_TIME14708978', 'CONDA_PROMPT_MODIFIER': 'false', 'USER': 'kth', 'GZ_CONFIG_PATH': '/opt/ros/jazzy/opt/gz_sim_vendor/share/gz:/opt/ros/jazzy/opt/sdformat_vendor/share/gz:/opt/ros/jazzy/opt/gz_gui_vendor/share/gz:/opt/ros/jazzy/opt/gz_transport_vendor/share/gz:/opt/ros/jazzy/opt/gz_rendering_vendor/share/gz:/opt/ros/jazzy/opt/gz_plugin_vendor/share/gz:/opt/ros/jazzy/opt/gz_fuel_tools_vendor/share/gz:/opt/ros/jazzy/opt/gz_msgs_vendor/share/gz:/opt/ros/jazzy/opt/gz_common_vendor/share/gz', 'XDG_SESSION_TYPE': 'x11', 'CLUTTER_DISABLE_MIPMAPPED_TEXT': '1', 'POWERLINE_COMMAND': 'oh-my-posh', 'SHLVL': '1', 'LD_LIBRARY_PATH': '/opt/ros/jazzy/opt/gz_sim_vendor/lib:/opt/ros/jazzy/opt/gz_sensors_vendor/lib:/opt/ros/jazzy/opt/gz_physics_vendor/lib:/opt/ros/jazzy/opt/sdformat_vendor/lib:/opt/ros/jazzy/opt/rviz_ogre_vendor/lib:/opt/ros/jazzy/lib/x86_64-linux-gnu:/opt/ros/jazzy/opt/gz_gui_vendor/lib:/opt/ros/jazzy/opt/gz_transport_vendor/lib:/opt/ros/jazzy/opt/gz_rendering_vendor/lib:/opt/ros/jazzy/opt/gz_plugin_vendor/lib:/opt/ros/jazzy/opt/gz_fuel_tools_vendor/lib:/opt/ros/jazzy/opt/gz_msgs_vendor/lib:/opt/ros/jazzy/opt/gz_common_vendor/lib:/opt/ros/jazzy/opt/gz_math_vendor/lib:/opt/ros/jazzy/opt/gz_utils_vendor/lib:/opt/ros/jazzy/opt/gz_tools_vendor/lib:/opt/ros/jazzy/opt/gz_ogre_next_vendor/lib:/opt/ros/jazzy/opt/gz_dartsim_vendor/lib:/opt/ros/jazzy/opt/gz_cmake_vendor/lib:/opt/ros/jazzy/lib:/home/kth/robot_dev/robot_navigator/install/control_interfaces/lib', 'HOME': '/home/kth', 'DESKTOP_SESSION': 'ubuntu', 'GIO_LAUNCHED_DESKTOP_FILE': '/usr/share/applications/terminator.desktop', 'ROS_PYTHON_VERSION': '3', 'GNOME_SHELL_SESSION_MODE': 'ubuntu', 'GTK_MODULES': 'gail:atk-bridge', 'MANAGERPID': '2257', 'SYSTEMD_EXEC_PID': '2733', 'GSM_SKIP_SSH_AGENT_WORKAROUND': 'true', 'DBUS_SESSION_BUS_ADDRESS': 'unix:path=/run/user/1000/bus', 'GIO_LAUNCHED_DESKTOP_FILE_PID': '24415', 'COLORTERM': 'truecolor', 'TERMINATOR_DBUS_NAME': 'net.tenshu.Terminator23558193cd9818af7fe4d2c2f5bd9d00f', 'DEBUGINFOD_URLS': 'https://debuginfod.ubuntu.com', 'COLCON_PREFIX_PATH': '/home/kth/robot_dev/robot_navigator/install', 'ROS_DISTRO': 'jazzy', 'LOGNAME': 'kth', 'JOURNAL_STREAM': '9:24881', 'POSH_SESSION_ID': '5cd2fcdf-4fff-4ffc-be52-f502931e8997', 'MEMORY_PRESSURE_WATCH': '/sys/fs/cgroup/user.slice/user-1000.slice/user@1000.service/session.slice/org.gnome.Shell@x11.service/memory.pressure', 'ROS_VERSION': '2', 'XDG_SESSION_CLASS': 'user', 'USERNAME': 'kth', 'TERM': 'xterm-256color', 'GNOME_DESKTOP_SESSION_ID': 'this-is-deprecated', 'POSH_SHELL_VERSION': '3.7.0', 'WINDOWPATH': '2', 'PATH': '/opt/ros/jazzy/opt/gz_msgs_vendor/bin:/opt/ros/jazzy/opt/gz_tools_vendor/bin:/opt/ros/jazzy/opt/gz_ogre_next_vendor/bin:/opt/ros/jazzy/bin:/home/kth/.local/bin:/usr/local/sbin:/usr/local/bin:/usr/sbin:/usr/bin:/sbin:/bin:/usr/games:/usr/local/games:/snap/bin:/snap/bin', 'SESSION_MANAGER': 'local/kth-GP75-Leopard-10SEK:@/tmp/.ICE-unix/2701,unix/kth-GP75-Leopard-10SEK:/tmp/.ICE-unix/2701', 'INVOCATION_ID': '921896e3d3cf41f68858fc660c5041cd', 'XDG_RUNTIME_DIR': '/run/user/1000', 'XDG_MENU_PREFIX': 'gnome-', 'DISPLAY': ':1', 'LANG': 'en_US.UTF-8', 'XDG_CURRENT_DESKTOP': 'ubuntu:GNOME', 'TERMINATOR_DBUS_PATH': '/net/tenshu/Terminator2', 'XAUTHORITY': '/run/user/1000/gdm/Xauthority', 'XMODIFIERS': '@im=ibus', 'XDG_SESSION_DESKTOP': 'ubuntu', 'SSH_AUTH_SOCK': '/run/user/1000/keyring/ssh', 'AMENT_PREFIX_PATH': '/opt/ros/jazzy:/home/kth/robot_dev/robot_navigator/install/robot_navigator:/home/kth/robot_dev/robot_navigator/install/control_interfaces', 'ROS_DOMAIN_ID': '22', 'TERMINATOR_UUID': 'urn:uuid:c6375071-c1c9-4e79-bc82-52d7de5ba316', 'SHELL': '/usr/bin/fish', 'QT_ACCESSIBILITY': '1', 'GDMSESSION': 'ubuntu', 'IGN_GAZEBO_RESOURCE_PATH': '/opt/ros/jazzy/share', 'GPG_AGENT_INFO': '/run/user/1000/gnupg/S.gpg-agent:0:1', 'GJS_DEBUG_OUTPUT': 'stderr', 'POSH_THEME': '/home/kth/.poshthemes/sonicboom_light.omp.json', 'ROS_AUTOMATIC_DISCOVERY_RANGE': 'SUBNET', 'QT_IM_MODULE': 'ibus', 'PWD': '/home/kth/robot_dev/robot_navigator/build/robot_navigator', 'LC_ALL': 'en_US.UTF-8', 'XDG_DATA_DIRS': '/usr/share/ubuntu:/usr/share/gnome:/usr/local/share/:/usr/share/:/var/lib/snapd/desktop', 'XDG_CONFIG_DIRS': '/etc/xdg/xdg-ubuntu:/etc/xdg', 'QTWEBENGINE_DICTIONARIES_PATH': '/usr/share/hunspell-bdic/', 'PYTHONPATH': '/opt/ros/jazzy/lib/python3.12/site-packages:/home/kth/robot_dev/robot_navigator/install/control_interfaces/lib/python3.12/site-packages', 'COLCON': '1', 'POSH_SHELL': 'fish', 'VTE_VERSION': '7600', 'MEMORY_PRESSURE_WRITE': 'c29tZSAyMDAwMDAgMjAwMDAwMAA=', 'CMAKE_PREFIX_PATH': '/opt/ros/jazzy/opt/gz_sim_vendor:/opt/ros/jazzy/opt/gz_sensors_vendor:/opt/ros/jazzy/opt/gz_physics_vendor:/opt/ros/jazzy/opt/sdformat_vendor:/opt/ros/jazzy/opt/gz_gui_vendor:/opt/ros/jazzy/opt/gz_transport_vendor:/opt/ros/jazzy/opt/gz_rendering_vendor:/opt/ros/jazzy/opt/gz_plugin_vendor:/opt/ros/jazzy/opt/gz_fuel_tools_vendor:/opt/ros/jazzy/opt/gz_msgs_vendor:/opt/ros/jazzy/opt/gz_common_vendor:/opt/ros/jazzy/opt/gz_math_vendor:/opt/ros/jazzy/opt/gz_utils_vendor:/opt/ros/jazzy/opt/gz_tools_vendor:/opt/ros/jazzy/opt/gz_ogre_next_vendor:/opt/ros/jazzy/opt/gz_dartsim_vendor:/opt/ros/jazzy/opt/gz_cmake_vendor:/home/kth/robot_dev/robot_navigator/install/robot_navigator:/home/kth/robot_dev/robot_navigator/install/control_interfaces:/opt/ros/jazzy'}), 'shell': False}
[0.054387] (robot_navigator) StdoutLine: {'line': b'[ 40%] Built target obstacle_detector\n'}
[0.061777] (robot_navigator) StdoutLine: {'line': b'[ 60%] \x1b[32mBuilding CXX object CMakeFiles/robot_navigator.dir/src/robot_navigator.cpp.o\x1b[0m\n'}
[0.099782] (-) TimerEvent: {}
[0.200005] (-) TimerEvent: {}
[0.300263] (-) TimerEvent: {}
[0.400504] (-) TimerEvent: {}
[0.500756] (-) TimerEvent: {}
[0.601002] (-) TimerEvent: {}
[0.701237] (-) TimerEvent: {}
[0.801478] (-) TimerEvent: {}
[0.901686] (-) TimerEvent: {}
[1.001949] (-) TimerEvent: {}
[1.102197] (-) TimerEvent: {}
[1.202435] (-) TimerEvent: {}
[1.302677] (-) TimerEvent: {}
[1.402959] (-) TimerEvent: {}
[1.503197] (-) TimerEvent: {}
[1.603448] (-) TimerEvent: {}
[1.703692] (-) TimerEvent: {}
[1.803974] (-) TimerEvent: {}
[1.904229] (-) TimerEvent: {}
[2.004474] (-) TimerEvent: {}
[2.104762] (-) TimerEvent: {}
[2.205018] (-) TimerEvent: {}
[2.305259] (-) TimerEvent: {}
[2.405499] (-) TimerEvent: {}
[2.505762] (-) TimerEvent: {}
[2.606014] (-) TimerEvent: {}
[2.706264] (-) TimerEvent: {}
[2.806506] (-) TimerEvent: {}
[2.906767] (-) TimerEvent: {}
[3.007017] (-) TimerEvent: {}
[3.107228] (-) TimerEvent: {}
[3.207469] (-) TimerEvent: {}
[3.307708] (-) TimerEvent: {}
[3.408041] (-) TimerEvent: {}
[3.508278] (-) TimerEvent: {}
[3.608489] (-) TimerEvent: {}
[3.708743] (-) TimerEvent: {}
[3.809036] (-) TimerEvent: {}
[3.909279] (-) TimerEvent: {}
[4.009530] (-) TimerEvent: {}
[4.109769] (-) TimerEvent: {}
[4.210009] (-) TimerEvent: {}
[4.310253] (-) TimerEvent: {}
[4.410515] (-) TimerEvent: {}
[4.510757] (-) TimerEvent: {}
[4.611004] (-) TimerEvent: {}
[4.711245] (-) TimerEvent: {}
[4.811489] (-) TimerEvent: {}
[4.911748] (-) TimerEvent: {}
[5.011996] (-) TimerEvent: {}
[5.112240] (-) TimerEvent: {}
[5.212558] (-) TimerEvent: {}
[5.312809] (-) TimerEvent: {}
[5.413053] (-) TimerEvent: {}
[5.513294] (-) TimerEvent: {}
[5.613541] (-) TimerEvent: {}
[5.713797] (-) TimerEvent: {}
[5.814036] (-) TimerEvent: {}
[5.914284] (-) TimerEvent: {}
[6.014546] (-) TimerEvent: {}
[6.114787] (-) TimerEvent: {}
[6.215037] (-) TimerEvent: {}
[6.315285] (-) TimerEvent: {}
[6.415529] (-) TimerEvent: {}
[6.515766] (-) TimerEvent: {}
[6.616005] (-) TimerEvent: {}
[6.716248] (-) TimerEvent: {}
[6.816492] (-) TimerEvent: {}
[6.916763] (-) TimerEvent: {}
[7.016982] (-) TimerEvent: {}
[7.117228] (-) TimerEvent: {}
[7.217473] (-) TimerEvent: {}
[7.317716] (-) TimerEvent: {}
[7.417984] (-) TimerEvent: {}
[7.518221] (-) TimerEvent: {}
[7.618470] (-) TimerEvent: {}
[7.718683] (-) TimerEvent: {}
[7.818985] (-) TimerEvent: {}
[7.919226] (-) TimerEvent: {}
[8.019474] (-) TimerEvent: {}
[8.119742] (-) TimerEvent: {}
[8.220003] (-) TimerEvent: {}
[8.320250] (-) TimerEvent: {}
[8.420497] (-) TimerEvent: {}
[8.520764] (-) TimerEvent: {}
[8.621017] (-) TimerEvent: {}
[8.721264] (-) TimerEvent: {}
[8.821505] (-) TimerEvent: {}
[8.921768] (-) TimerEvent: {}
[9.022048] (-) TimerEvent: {}
[9.122312] (-) TimerEvent: {}
[9.222591] (-) TimerEvent: {}
[9.322842] (-) TimerEvent: {}
[9.423087] (-) TimerEvent: {}
[9.523336] (-) TimerEvent: {}
[9.623582] (-) TimerEvent: {}
[9.723850] (-) TimerEvent: {}
[9.824080] (-) TimerEvent: {}
[9.924264] (-) TimerEvent: {}
[10.024500] (-) TimerEvent: {}
[10.124759] (-) TimerEvent: {}
[10.225001] (-) TimerEvent: {}
[10.325231] (-) TimerEvent: {}
[10.425461] (-) TimerEvent: {}
[10.525673] (-) TimerEvent: {}
[10.625943] (-) TimerEvent: {}
[10.726173] (-) TimerEvent: {}
[10.826403] (-) TimerEvent: {}
[10.926634] (-) TimerEvent: {}
[11.026905] (-) TimerEvent: {}
[11.127146] (-) TimerEvent: {}
[11.227387] (-) TimerEvent: {}
[11.327629] (-) TimerEvent: {}
[11.427928] (-) TimerEvent: {}
[11.528176] (-) TimerEvent: {}
[11.628420] (-) TimerEvent: {}
[11.728655] (-) TimerEvent: {}
[11.828914] (-) TimerEvent: {}
[11.929124] (-) TimerEvent: {}
[12.029392] (-) TimerEvent: {}
[12.129624] (-) TimerEvent: {}
[12.229867] (-) TimerEvent: {}
[12.330098] (-) TimerEvent: {}
[12.430302] (-) TimerEvent: {}
[12.530534] (-) TimerEvent: {}
[12.630766] (-) TimerEvent: {}
[12.730995] (-) TimerEvent: {}
[12.831228] (-) TimerEvent: {}
[12.931458] (-) TimerEvent: {}
[13.031717] (-) TimerEvent: {}
[13.131984] (-) TimerEvent: {}
[13.232215] (-) TimerEvent: {}
[13.332470] (-) TimerEvent: {}
[13.432704] (-) TimerEvent: {}
[13.532979] (-) TimerEvent: {}
[13.633210] (-) TimerEvent: {}
[13.733444] (-) TimerEvent: {}
[13.833700] (-) TimerEvent: {}
[13.933968] (-) TimerEvent: {}
[14.034219] (-) TimerEvent: {}
[14.134451] (-) TimerEvent: {}
[14.234701] (-) TimerEvent: {}
[14.334991] (-) TimerEvent: {}
[14.435223] (-) TimerEvent: {}
[14.535459] (-) TimerEvent: {}
[14.635695] (-) TimerEvent: {}
[14.735989] (-) TimerEvent: {}
[14.836220] (-) TimerEvent: {}
[14.936453] (-) TimerEvent: {}
[15.036685] (-) TimerEvent: {}
[15.136962] (-) TimerEvent: {}
[15.237194] (-) TimerEvent: {}
[15.337428] (-) TimerEvent: {}
[15.437680] (-) TimerEvent: {}
[15.537956] (-) TimerEvent: {}
[15.638188] (-) TimerEvent: {}
[15.738440] (-) TimerEvent: {}
[15.838672] (-) TimerEvent: {}
[15.938942] (-) TimerEvent: {}
[16.039197] (-) TimerEvent: {}
[16.139431] (-) TimerEvent: {}
[16.239668] (-) TimerEvent: {}
[16.339918] (-) TimerEvent: {}
[16.440142] (-) TimerEvent: {}
[16.540385] (-) TimerEvent: {}
[16.640621] (-) TimerEvent: {}
[16.740834] (-) TimerEvent: {}
[16.841016] (-) TimerEvent: {}
[16.941236] (-) TimerEvent: {}
[17.041417] (-) TimerEvent: {}
[17.141632] (-) TimerEvent: {}
[17.241866] (-) TimerEvent: {}
[17.342098] (-) TimerEvent: {}
[17.442338] (-) TimerEvent: {}
[17.542567] (-) TimerEvent: {}
[17.642790] (-) TimerEvent: {}
[17.743063] (-) TimerEvent: {}
[17.843409] (-) TimerEvent: {}
[17.943648] (-) TimerEvent: {}
[18.043926] (-) TimerEvent: {}
[18.144154] (-) TimerEvent: {}
[18.244406] (-) TimerEvent: {}
[18.344655] (-) TimerEvent: {}
[18.445108] (-) TimerEvent: {}
[18.545327] (-) TimerEvent: {}
[18.645580] (-) TimerEvent: {}
[18.745876] (-) TimerEvent: {}
[18.846195] (-) TimerEvent: {}
[18.946438] (-) TimerEvent: {}
[19.046681] (-) TimerEvent: {}
[19.146971] (-) TimerEvent: {}
[19.247218] (-) TimerEvent: {}
[19.347486] (-) TimerEvent: {}
[19.447702] (-) TimerEvent: {}
[19.547964] (-) TimerEvent: {}
[19.648211] (-) TimerEvent: {}
[19.748446] (-) TimerEvent: {}
[19.848759] (-) TimerEvent: {}
[19.948976] (-) TimerEvent: {}
[20.049197] (-) TimerEvent: {}
[20.149453] (-) TimerEvent: {}
[20.249735] (-) TimerEvent: {}
[20.257187] (robot_navigator) StdoutLine: {'line': b'[ 80%] \x1b[32m\x1b[1mLinking CXX executable robot_navigator\x1b[0m\n'}
[20.349836] (-) TimerEvent: {}
[20.450108] (-) TimerEvent: {}
[20.550389] (-) TimerEvent: {}
[20.650671] (-) TimerEvent: {}
[20.750993] (-) TimerEvent: {}
[20.851242] (-) TimerEvent: {}
[20.951491] (-) TimerEvent: {}
[21.051772] (-) TimerEvent: {}
[21.117103] (robot_navigator) StdoutLine: {'line': b'[100%] Built target robot_navigator\n'}
[21.127046] (robot_navigator) CommandEnded: {'returncode': 0}
[21.127572] (robot_navigator) JobProgress: {'identifier': 'robot_navigator', 'progress': 'install'}
[21.134458] (robot_navigator) Command: {'cmd': ['/usr/bin/cmake', '--install', '/home/kth/robot_dev/robot_navigator/build/robot_navigator'], 'cwd': '/home/kth/robot_dev/robot_navigator/build/robot_navigator', 'env': OrderedDict({'GJS_DEBUG_TOPICS': 'JS ERROR;JS LOG', 'XDG_ACTIVATION_TOKEN': 'gnome-shell/Terminator/2733-11-kth-GP75-Leopard-10SEK_TIME14708978', 'CONDA_PROMPT_MODIFIER': 'false', 'USER': 'kth', 'GZ_CONFIG_PATH': '/opt/ros/jazzy/opt/gz_sim_vendor/share/gz:/opt/ros/jazzy/opt/sdformat_vendor/share/gz:/opt/ros/jazzy/opt/gz_gui_vendor/share/gz:/opt/ros/jazzy/opt/gz_transport_vendor/share/gz:/opt/ros/jazzy/opt/gz_rendering_vendor/share/gz:/opt/ros/jazzy/opt/gz_plugin_vendor/share/gz:/opt/ros/jazzy/opt/gz_fuel_tools_vendor/share/gz:/opt/ros/jazzy/opt/gz_msgs_vendor/share/gz:/opt/ros/jazzy/opt/gz_common_vendor/share/gz', 'XDG_SESSION_TYPE': 'x11', 'CLUTTER_DISABLE_MIPMAPPED_TEXT': '1', 'POWERLINE_COMMAND': 'oh-my-posh', 'SHLVL': '1', 'LD_LIBRARY_PATH': '/opt/ros/jazzy/opt/gz_sim_vendor/lib:/opt/ros/jazzy/opt/gz_sensors_vendor/lib:/opt/ros/jazzy/opt/gz_physics_vendor/lib:/opt/ros/jazzy/opt/sdformat_vendor/lib:/opt/ros/jazzy/opt/rviz_ogre_vendor/lib:/opt/ros/jazzy/lib/x86_64-linux-gnu:/opt/ros/jazzy/opt/gz_gui_vendor/lib:/opt/ros/jazzy/opt/gz_transport_vendor/lib:/opt/ros/jazzy/opt/gz_rendering_vendor/lib:/opt/ros/jazzy/opt/gz_plugin_vendor/lib:/opt/ros/jazzy/opt/gz_fuel_tools_vendor/lib:/opt/ros/jazzy/opt/gz_msgs_vendor/lib:/opt/ros/jazzy/opt/gz_common_vendor/lib:/opt/ros/jazzy/opt/gz_math_vendor/lib:/opt/ros/jazzy/opt/gz_utils_vendor/lib:/opt/ros/jazzy/opt/gz_tools_vendor/lib:/opt/ros/jazzy/opt/gz_ogre_next_vendor/lib:/opt/ros/jazzy/opt/gz_dartsim_vendor/lib:/opt/ros/jazzy/opt/gz_cmake_vendor/lib:/opt/ros/jazzy/lib:/home/kth/robot_dev/robot_navigator/install/control_interfaces/lib', 'HOME': '/home/kth', 'DESKTOP_SESSION': 'ubuntu', 'GIO_LAUNCHED_DESKTOP_FILE': '/usr/share/applications/terminator.desktop', 'ROS_PYTHON_VERSION': '3', 'GNOME_SHELL_SESSION_MODE': 'ubuntu', 'GTK_MODULES': 'gail:atk-bridge', 'MANAGERPID': '2257', 'SYSTEMD_EXEC_PID': '2733', 'GSM_SKIP_SSH_AGENT_WORKAROUND': 'true', 'DBUS_SESSION_BUS_ADDRESS': 'unix:path=/run/user/1000/bus', 'GIO_LAUNCHED_DESKTOP_FILE_PID': '24415', 'COLORTERM': 'truecolor', 'TERMINATOR_DBUS_NAME': 'net.tenshu.Terminator23558193cd9818af7fe4d2c2f5bd9d00f', 'DEBUGINFOD_URLS': 'https://debuginfod.ubuntu.com', 'COLCON_PREFIX_PATH': '/home/kth/robot_dev/robot_navigator/install', 'ROS_DISTRO': 'jazzy', 'LOGNAME': 'kth', 'JOURNAL_STREAM': '9:24881', 'POSH_SESSION_ID': '5cd2fcdf-4fff-4ffc-be52-f502931e8997', 'MEMORY_PRESSURE_WATCH': '/sys/fs/cgroup/user.slice/user-1000.slice/user@1000.service/session.slice/org.gnome.Shell@x11.service/memory.pressure', 'ROS_VERSION': '2', 'XDG_SESSION_CLASS': 'user', 'USERNAME': 'kth', 'TERM': 'xterm-256color', 'GNOME_DESKTOP_SESSION_ID': 'this-is-deprecated', 'POSH_SHELL_VERSION': '3.7.0', 'WINDOWPATH': '2', 'PATH': '/opt/ros/jazzy/opt/gz_msgs_vendor/bin:/opt/ros/jazzy/opt/gz_tools_vendor/bin:/opt/ros/jazzy/opt/gz_ogre_next_vendor/bin:/opt/ros/jazzy/bin:/home/kth/.local/bin:/usr/local/sbin:/usr/local/bin:/usr/sbin:/usr/bin:/sbin:/bin:/usr/games:/usr/local/games:/snap/bin:/snap/bin', 'SESSION_MANAGER': 'local/kth-GP75-Leopard-10SEK:@/tmp/.ICE-unix/2701,unix/kth-GP75-Leopard-10SEK:/tmp/.ICE-unix/2701', 'INVOCATION_ID': '921896e3d3cf41f68858fc660c5041cd', 'XDG_RUNTIME_DIR': '/run/user/1000', 'XDG_MENU_PREFIX': 'gnome-', 'DISPLAY': ':1', 'LANG': 'en_US.UTF-8', 'XDG_CURRENT_DESKTOP': 'ubuntu:GNOME', 'TERMINATOR_DBUS_PATH': '/net/tenshu/Terminator2', 'XAUTHORITY': '/run/user/1000/gdm/Xauthority', 'XMODIFIERS': '@im=ibus', 'XDG_SESSION_DESKTOP': 'ubuntu', 'SSH_AUTH_SOCK': '/run/user/1000/keyring/ssh', 'AMENT_PREFIX_PATH': '/opt/ros/jazzy:/home/kth/robot_dev/robot_navigator/install/robot_navigator:/home/kth/robot_dev/robot_navigator/install/control_interfaces', 'ROS_DOMAIN_ID': '22', 'TERMINATOR_UUID': 'urn:uuid:c6375071-c1c9-4e79-bc82-52d7de5ba316', 'SHELL': '/usr/bin/fish', 'QT_ACCESSIBILITY': '1', 'GDMSESSION': 'ubuntu', 'IGN_GAZEBO_RESOURCE_PATH': '/opt/ros/jazzy/share', 'GPG_AGENT_INFO': '/run/user/1000/gnupg/S.gpg-agent:0:1', 'GJS_DEBUG_OUTPUT': 'stderr', 'POSH_THEME': '/home/kth/.poshthemes/sonicboom_light.omp.json', 'ROS_AUTOMATIC_DISCOVERY_RANGE': 'SUBNET', 'QT_IM_MODULE': 'ibus', 'PWD': '/home/kth/robot_dev/robot_navigator/build/robot_navigator', 'LC_ALL': 'en_US.UTF-8', 'XDG_DATA_DIRS': '/usr/share/ubuntu:/usr/share/gnome:/usr/local/share/:/usr/share/:/var/lib/snapd/desktop', 'XDG_CONFIG_DIRS': '/etc/xdg/xdg-ubuntu:/etc/xdg', 'QTWEBENGINE_DICTIONARIES_PATH': '/usr/share/hunspell-bdic/', 'PYTHONPATH': '/opt/ros/jazzy/lib/python3.12/site-packages:/home/kth/robot_dev/robot_navigator/install/control_interfaces/lib/python3.12/site-packages', 'COLCON': '1', 'POSH_SHELL': 'fish', 'VTE_VERSION': '7600', 'MEMORY_PRESSURE_WRITE': 'c29tZSAyMDAwMDAgMjAwMDAwMAA=', 'CMAKE_PREFIX_PATH': '/opt/ros/jazzy/opt/gz_sim_vendor:/opt/ros/jazzy/opt/gz_sensors_vendor:/opt/ros/jazzy/opt/gz_physics_vendor:/opt/ros/jazzy/opt/sdformat_vendor:/opt/ros/jazzy/opt/gz_gui_vendor:/opt/ros/jazzy/opt/gz_transport_vendor:/opt/ros/jazzy/opt/gz_rendering_vendor:/opt/ros/jazzy/opt/gz_plugin_vendor:/opt/ros/jazzy/opt/gz_fuel_tools_vendor:/opt/ros/jazzy/opt/gz_msgs_vendor:/opt/ros/jazzy/opt/gz_common_vendor:/opt/ros/jazzy/opt/gz_math_vendor:/opt/ros/jazzy/opt/gz_utils_vendor:/opt/ros/jazzy/opt/gz_tools_vendor:/opt/ros/jazzy/opt/gz_ogre_next_vendor:/opt/ros/jazzy/opt/gz_dartsim_vendor:/opt/ros/jazzy/opt/gz_cmake_vendor:/home/kth/robot_dev/robot_navigator/install/robot_navigator:/home/kth/robot_dev/robot_navigator/install/control_interfaces:/opt/ros/jazzy'}), 'shell': False}
[21.140386] (robot_navigator) StdoutLine: {'line': b'-- Install configuration: ""\n'}
[21.140495] (robot_navigator) StdoutLine: {'line': b'-- Installing: /home/kth/robot_dev/robot_navigator/install/robot_navigator/lib/robot_navigator/robot_navigator\n'}
[21.151894] (-) TimerEvent: {}
[21.154220] (robot_navigator) StdoutLine: {'line': b'-- Set non-toolchain portion of runtime path of "/home/kth/robot_dev/robot_navigator/install/robot_navigator/lib/robot_navigator/robot_navigator" to ""\n'}
[21.154550] (robot_navigator) StdoutLine: {'line': b'-- Up-to-date: /home/kth/robot_dev/robot_navigator/install/robot_navigator/lib/robot_navigator/obstacle_detector\n'}
[21.154744] (robot_navigator) StdoutLine: {'line': b'-- Up-to-date: /home/kth/robot_dev/robot_navigator/install/robot_navigator/share/ament_index/resource_index/package_run_dependencies/robot_navigator\n'}
[21.154894] (robot_navigator) StdoutLine: {'line': b'-- Up-to-date: /home/kth/robot_dev/robot_navigator/install/robot_navigator/share/ament_index/resource_index/parent_prefix_path/robot_navigator\n'}
[21.154956] (robot_navigator) StdoutLine: {'line': b'-- Up-to-date: /home/kth/robot_dev/robot_navigator/install/robot_navigator/share/robot_navigator/environment/ament_prefix_path.sh\n'}
[21.155015] (robot_navigator) StdoutLine: {'line': b'-- Up-to-date: /home/kth/robot_dev/robot_navigator/install/robot_navigator/share/robot_navigator/environment/ament_prefix_path.dsv\n'}
[21.155073] (robot_navigator) StdoutLine: {'line': b'-- Up-to-date: /home/kth/robot_dev/robot_navigator/install/robot_navigator/share/robot_navigator/environment/path.sh\n'}
[21.155284] (robot_navigator) StdoutLine: {'line': b'-- Up-to-date: /home/kth/robot_dev/robot_navigator/install/robot_navigator/share/robot_navigator/environment/path.dsv\n'}
[21.155350] (robot_navigator) StdoutLine: {'line': b'-- Up-to-date: /home/kth/robot_dev/robot_navigator/install/robot_navigator/share/robot_navigator/local_setup.bash\n'}
[21.155427] (robot_navigator) StdoutLine: {'line': b'-- Up-to-date: /home/kth/robot_dev/robot_navigator/install/robot_navigator/share/robot_navigator/local_setup.sh\n'}
[21.155494] (robot_navigator) StdoutLine: {'line': b'-- Up-to-date: /home/kth/robot_dev/robot_navigator/install/robot_navigator/share/robot_navigator/local_setup.zsh\n'}
[21.155544] (robot_navigator) StdoutLine: {'line': b'-- Up-to-date: /home/kth/robot_dev/robot_navigator/install/robot_navigator/share/robot_navigator/local_setup.dsv\n'}
[21.155594] (robot_navigator) StdoutLine: {'line': b'-- Installing: /home/kth/robot_dev/robot_navigator/install/robot_navigator/share/robot_navigator/package.dsv\n'}
[21.155644] (robot_navigator) StdoutLine: {'line': b'-- Up-to-date: /home/kth/robot_dev/robot_navigator/install/robot_navigator/share/ament_index/resource_index/packages/robot_navigator\n'}
[21.155694] (robot_navigator) StdoutLine: {'line': b'-- Up-to-date: /home/kth/robot_dev/robot_navigator/install/robot_navigator/share/robot_navigator/cmake/robot_navigatorConfig.cmake\n'}
[21.155753] (robot_navigator) StdoutLine: {'line': b'-- Up-to-date: /home/kth/robot_dev/robot_navigator/install/robot_navigator/share/robot_navigator/cmake/robot_navigatorConfig-version.cmake\n'}
[21.155804] (robot_navigator) StdoutLine: {'line': b'-- Up-to-date: /home/kth/robot_dev/robot_navigator/install/robot_navigator/share/robot_navigator/package.xml\n'}
[21.156572] (robot_navigator) CommandEnded: {'returncode': 0}
[21.167946] (robot_navigator) JobEnded: {'identifier': 'robot_navigator', 'rc': 0}
[21.168643] (-) EventReactorShutdown: {}
