[0.000000] (-) TimerEvent: {}
[0.000180] (py_trees_ros_viewer) JobQueued: {'identifier': 'py_trees_ros_viewer', 'dependencies': OrderedDict()}
[0.000540] (py_trees_ros_viewer) JobStarted: {'identifier': 'py_trees_ros_viewer'}
[0.099947] (-) TimerEvent: {}
[0.200168] (-) TimerEvent: {}
[0.300428] (-) TimerEvent: {}
[0.400645] (-) TimerEvent: {}
[0.500841] (-) TimerEvent: {}
[0.601055] (-) TimerEvent: {}
[0.701267] (-) TimerEvent: {}
[0.801464] (-) TimerEvent: {}
[0.901687] (-) TimerEvent: {}
[0.935747] (py_trees_ros_viewer) Command: {'cmd': ['/usr/bin/python3', '-W', 'ignore:setup.py install is deprecated', '-W', 'ignore:easy_install command is deprecated', 'setup.py', 'egg_info', '--egg-base', '../../build/py_trees_ros_viewer', 'build', '--build-base', '/home/kth/robot_dev/bt_tutorials/build/py_trees_ros_viewer/build', 'install', '--record', '/home/kth/robot_dev/bt_tutorials/build/py_trees_ros_viewer/install.log', '--single-version-externally-managed', 'install_data'], 'cwd': '/home/kth/robot_dev/bt_tutorials/src/py_trees_ros_viewer', 'env': {'GJS_DEBUG_TOPICS': 'JS ERROR;JS LOG', 'XDG_ACTIVATION_TOKEN': 'gnome-shell/Terminator/2661-1-kth-GP75-Leopard-10SEK_TIME738684', 'CONDA_PROMPT_MODIFIER': 'false', 'USER': 'kth', 'GZ_CONFIG_PATH': '/opt/ros/jazzy/opt/gz_sim_vendor/share/gz:/opt/ros/jazzy/opt/sdformat_vendor/share/gz:/opt/ros/jazzy/opt/gz_gui_vendor/share/gz:/opt/ros/jazzy/opt/gz_transport_vendor/share/gz:/opt/ros/jazzy/opt/gz_rendering_vendor/share/gz:/opt/ros/jazzy/opt/gz_plugin_vendor/share/gz:/opt/ros/jazzy/opt/gz_fuel_tools_vendor/share/gz:/opt/ros/jazzy/opt/gz_msgs_vendor/share/gz:/opt/ros/jazzy/opt/gz_common_vendor/share/gz', 'XDG_SESSION_TYPE': 'x11', 'POWERLINE_COMMAND': 'oh-my-posh', 'SHLVL': '1', 'LD_LIBRARY_PATH': '/opt/ros/jazzy/opt/gz_sim_vendor/lib:/opt/ros/jazzy/opt/gz_sensors_vendor/lib:/opt/ros/jazzy/opt/gz_physics_vendor/lib:/opt/ros/jazzy/opt/sdformat_vendor/lib:/opt/ros/jazzy/opt/rviz_ogre_vendor/lib:/opt/ros/jazzy/lib/x86_64-linux-gnu:/opt/ros/jazzy/opt/gz_gui_vendor/lib:/opt/ros/jazzy/opt/gz_transport_vendor/lib:/opt/ros/jazzy/opt/gz_rendering_vendor/lib:/opt/ros/jazzy/opt/gz_plugin_vendor/lib:/opt/ros/jazzy/opt/gz_fuel_tools_vendor/lib:/opt/ros/jazzy/opt/gz_msgs_vendor/lib:/opt/ros/jazzy/opt/gz_common_vendor/lib:/opt/ros/jazzy/opt/gz_math_vendor/lib:/opt/ros/jazzy/opt/gz_utils_vendor/lib:/opt/ros/jazzy/opt/gz_tools_vendor/lib:/opt/ros/jazzy/opt/gz_ogre_next_vendor/lib:/opt/ros/jazzy/opt/gz_dartsim_vendor/lib:/opt/ros/jazzy/opt/gz_cmake_vendor/lib:/opt/ros/jazzy/lib', 'CLUTTER_DISABLE_MIPMAPPED_TEXT': '1', 'HOME': '/home/kth', 'DESKTOP_SESSION': 'ubuntu', 'GIO_LAUNCHED_DESKTOP_FILE': '/usr/share/applications/terminator.desktop', 'ROS_PYTHON_VERSION': '3', 'GNOME_SHELL_SESSION_MODE': 'ubuntu', 'GTK_MODULES': 'gail:atk-bridge', 'MANAGERPID': '2194', 'SYSTEMD_EXEC_PID': '2661', 'GSM_SKIP_SSH_AGENT_WORKAROUND': 'true', 'DBUS_SESSION_BUS_ADDRESS': 'unix:path=/run/user/1000/bus', 'GIO_LAUNCHED_DESKTOP_FILE_PID': '5118', 'COLORTERM': 'truecolor', 'TERMINATOR_DBUS_NAME': 'net.tenshu.Terminator23558193cd9818af7fe4d2c2f5bd9d00f', 'DEBUGINFOD_URLS': 'https://debuginfod.ubuntu.com', 'ROS_DISTRO': 'jazzy', 'LOGNAME': 'kth', 'JOURNAL_STREAM': '9:24781', 'POSH_SESSION_ID': '3da92074-e1b2-4a1e-9581-f37d52eb60f4', 'MEMORY_PRESSURE_WATCH': '/sys/fs/cgroup/user.slice/user-1000.slice/user@1000.service/session.slice/org.gnome.Shell@x11.service/memory.pressure', 'ROS_VERSION': '2', 'XDG_SESSION_CLASS': 'user', 'USERNAME': 'kth', 'TERM': 'xterm-256color', 'GNOME_DESKTOP_SESSION_ID': 'this-is-deprecated', 'POSH_SHELL_VERSION': '3.7.0', 'WINDOWPATH': '2', 'PATH': '/opt/ros/jazzy/opt/gz_msgs_vendor/bin:/opt/ros/jazzy/opt/gz_tools_vendor/bin:/opt/ros/jazzy/opt/gz_ogre_next_vendor/bin:/opt/ros/jazzy/bin:/home/kth/.local/bin:/usr/local/sbin:/usr/local/bin:/usr/sbin:/usr/bin:/sbin:/bin:/usr/games:/usr/local/games:/snap/bin:/snap/bin', 'SESSION_MANAGER': 'local/kth-GP75-Leopard-10SEK:@/tmp/.ICE-unix/2629,unix/kth-GP75-Leopard-10SEK:/tmp/.ICE-unix/2629', 'INVOCATION_ID': 'c0f5b26b83dd4eaf99516d60e41a24c8', 'XDG_RUNTIME_DIR': '/run/user/1000', 'XDG_MENU_PREFIX': 'gnome-', 'DISPLAY': ':1', 'LANG': 'en_US.UTF-8', 'XDG_CURRENT_DESKTOP': 'ubuntu:GNOME', 'TERMINATOR_DBUS_PATH': '/net/tenshu/Terminator2', 'XAUTHORITY': '/run/user/1000/gdm/Xauthority', 'XMODIFIERS': '@im=ibus', 'XDG_SESSION_DESKTOP': 'ubuntu', 'SSH_AUTH_SOCK': '/run/user/1000/keyring/ssh', 'AMENT_PREFIX_PATH': '/opt/ros/jazzy', 'ROS_DOMAIN_ID': '22', 'TERMINATOR_UUID': 'urn:uuid:3d9760fe-bbbc-4bdf-a0b9-cec3ae13e16f', 'SHELL': '/usr/bin/fish', 'QT_ACCESSIBILITY': '1', 'GDMSESSION': 'ubuntu', 'IGN_GAZEBO_RESOURCE_PATH': '/opt/ros/jazzy/share', 'GPG_AGENT_INFO': '/run/user/1000/gnupg/S.gpg-agent:0:1', 'GJS_DEBUG_OUTPUT': 'stderr', 'POSH_THEME': '/home/kth/.poshthemes/sonicboom_light.omp.json', 'ROS_AUTOMATIC_DISCOVERY_RANGE': 'SUBNET', 'QT_IM_MODULE': 'ibus', 'PWD': '/home/kth/robot_dev/bt_tutorials/build/py_trees_ros_viewer', 'LC_ALL': 'en_US.UTF-8', 'XDG_DATA_DIRS': '/usr/share/ubuntu:/usr/share/gnome:/usr/local/share/:/usr/share/:/var/lib/snapd/desktop', 'XDG_CONFIG_DIRS': '/etc/xdg/xdg-ubuntu:/etc/xdg', 'PYTHONPATH': '/home/kth/robot_dev/bt_tutorials/build/py_trees_ros_viewer/prefix_override:/usr/lib/python3/dist-packages/colcon_core/task/python/colcon_distutils_commands:/home/kth/robot_dev/bt_tutorials/install/py_trees_ros_viewer/lib/python3.12/site-packages:/opt/ros/jazzy/lib/python3.12/site-packages', 'COLCON': '1', 'POSH_SHELL': 'fish', 'VTE_VERSION': '7600', 'MEMORY_PRESSURE_WRITE': 'c29tZSAyMDAwMDAgMjAwMDAwMAA=', 'CMAKE_PREFIX_PATH': '/opt/ros/jazzy/opt/gz_sim_vendor:/opt/ros/jazzy/opt/gz_sensors_vendor:/opt/ros/jazzy/opt/gz_physics_vendor:/opt/ros/jazzy/opt/sdformat_vendor:/opt/ros/jazzy/opt/gz_gui_vendor:/opt/ros/jazzy/opt/gz_transport_vendor:/opt/ros/jazzy/opt/gz_rendering_vendor:/opt/ros/jazzy/opt/gz_plugin_vendor:/opt/ros/jazzy/opt/gz_fuel_tools_vendor:/opt/ros/jazzy/opt/gz_msgs_vendor:/opt/ros/jazzy/opt/gz_common_vendor:/opt/ros/jazzy/opt/gz_math_vendor:/opt/ros/jazzy/opt/gz_utils_vendor:/opt/ros/jazzy/opt/gz_tools_vendor:/opt/ros/jazzy/opt/gz_ogre_next_vendor:/opt/ros/jazzy/opt/gz_dartsim_vendor:/opt/ros/jazzy/opt/gz_cmake_vendor'}, 'shell': False}
[1.001805] (-) TimerEvent: {}
[1.102007] (-) TimerEvent: {}
[1.202220] (-) TimerEvent: {}
[1.243305] (py_trees_ros_viewer) StdoutLine: {'line': b'running egg_info\n'}
[1.243942] (py_trees_ros_viewer) StdoutLine: {'line': b'creating ../../build/py_trees_ros_viewer/py_trees_ros_viewer.egg-info\n'}
[1.261790] (py_trees_ros_viewer) StdoutLine: {'line': b'writing ../../build/py_trees_ros_viewer/py_trees_ros_viewer.egg-info/PKG-INFO\n'}
[1.261991] (py_trees_ros_viewer) StdoutLine: {'line': b'writing dependency_links to ../../build/py_trees_ros_viewer/py_trees_ros_viewer.egg-info/dependency_links.txt\n'}
[1.262087] (py_trees_ros_viewer) StdoutLine: {'line': b'writing entry points to ../../build/py_trees_ros_viewer/py_trees_ros_viewer.egg-info/entry_points.txt\n'}
[1.262165] (py_trees_ros_viewer) StdoutLine: {'line': b'writing top-level names to ../../build/py_trees_ros_viewer/py_trees_ros_viewer.egg-info/top_level.txt\n'}
[1.262345] (py_trees_ros_viewer) StdoutLine: {'line': b"writing manifest file '../../build/py_trees_ros_viewer/py_trees_ros_viewer.egg-info/SOURCES.txt'\n"}
[1.299150] (py_trees_ros_viewer) StdoutLine: {'line': b"reading manifest file '../../build/py_trees_ros_viewer/py_trees_ros_viewer.egg-info/SOURCES.txt'\n"}
[1.299385] (py_trees_ros_viewer) StdoutLine: {'line': b"adding license file 'LICENSE'\n"}
[1.299793] (py_trees_ros_viewer) StdoutLine: {'line': b"writing manifest file '../../build/py_trees_ros_viewer/py_trees_ros_viewer.egg-info/SOURCES.txt'\n"}
[1.299904] (py_trees_ros_viewer) StdoutLine: {'line': b'running build\n'}
[1.299965] (py_trees_ros_viewer) StdoutLine: {'line': b'running build_py\n'}
[1.300039] (py_trees_ros_viewer) StdoutLine: {'line': b'creating /home/kth/robot_dev/bt_tutorials/build/py_trees_ros_viewer/build\n'}
[1.300095] (py_trees_ros_viewer) StdoutLine: {'line': b'creating /home/kth/robot_dev/bt_tutorials/build/py_trees_ros_viewer/build/lib\n'}
[1.300166] (py_trees_ros_viewer) StdoutLine: {'line': b'creating /home/kth/robot_dev/bt_tutorials/build/py_trees_ros_viewer/build/lib/py_trees_ros_viewer\n'}
[1.300262] (py_trees_ros_viewer) StdoutLine: {'line': b'copying py_trees_ros_viewer/conversions.py -> /home/kth/robot_dev/bt_tutorials/build/py_trees_ros_viewer/build/lib/py_trees_ros_viewer\n'}
[1.300321] (py_trees_ros_viewer) StdoutLine: {'line': b'copying py_trees_ros_viewer/main_window_ui.py -> /home/kth/robot_dev/bt_tutorials/build/py_trees_ros_viewer/build/lib/py_trees_ros_viewer\n'}
[1.300389] (py_trees_ros_viewer) StdoutLine: {'line': b'copying py_trees_ros_viewer/viewer.py -> /home/kth/robot_dev/bt_tutorials/build/py_trees_ros_viewer/build/lib/py_trees_ros_viewer\n'}
[1.300458] (py_trees_ros_viewer) StdoutLine: {'line': b'copying py_trees_ros_viewer/backend.py -> /home/kth/robot_dev/bt_tutorials/build/py_trees_ros_viewer/build/lib/py_trees_ros_viewer\n'}
[1.300528] (py_trees_ros_viewer) StdoutLine: {'line': b'copying py_trees_ros_viewer/exceptions.py -> /home/kth/robot_dev/bt_tutorials/build/py_trees_ros_viewer/build/lib/py_trees_ros_viewer\n'}
[1.300598] (py_trees_ros_viewer) StdoutLine: {'line': b'copying py_trees_ros_viewer/web_view_ui.py -> /home/kth/robot_dev/bt_tutorials/build/py_trees_ros_viewer/build/lib/py_trees_ros_viewer\n'}
[1.300663] (py_trees_ros_viewer) StdoutLine: {'line': b'copying py_trees_ros_viewer/utilities.py -> /home/kth/robot_dev/bt_tutorials/build/py_trees_ros_viewer/build/lib/py_trees_ros_viewer\n'}
[1.300734] (py_trees_ros_viewer) StdoutLine: {'line': b'copying py_trees_ros_viewer/web_view.py -> /home/kth/robot_dev/bt_tutorials/build/py_trees_ros_viewer/build/lib/py_trees_ros_viewer\n'}
[1.300811] (py_trees_ros_viewer) StdoutLine: {'line': b'copying py_trees_ros_viewer/main_window.py -> /home/kth/robot_dev/bt_tutorials/build/py_trees_ros_viewer/build/lib/py_trees_ros_viewer\n'}
[1.300891] (py_trees_ros_viewer) StdoutLine: {'line': b'copying py_trees_ros_viewer/web_app_rc.py -> /home/kth/robot_dev/bt_tutorials/build/py_trees_ros_viewer/build/lib/py_trees_ros_viewer\n'}
[1.300972] (py_trees_ros_viewer) StdoutLine: {'line': b'copying py_trees_ros_viewer/__init__.py -> /home/kth/robot_dev/bt_tutorials/build/py_trees_ros_viewer/build/lib/py_trees_ros_viewer\n'}
[1.301051] (py_trees_ros_viewer) StdoutLine: {'line': b'copying py_trees_ros_viewer/images_rc.py -> /home/kth/robot_dev/bt_tutorials/build/py_trees_ros_viewer/build/lib/py_trees_ros_viewer\n'}
[1.301148] (py_trees_ros_viewer) StdoutLine: {'line': b'copying py_trees_ros_viewer/console.py -> /home/kth/robot_dev/bt_tutorials/build/py_trees_ros_viewer/build/lib/py_trees_ros_viewer\n'}
[1.301378] (py_trees_ros_viewer) StdoutLine: {'line': b'copying py_trees_ros_viewer/web_view.ui -> /home/kth/robot_dev/bt_tutorials/build/py_trees_ros_viewer/build/lib/py_trees_ros_viewer\n'}
[1.301474] (py_trees_ros_viewer) StdoutLine: {'line': b'copying py_trees_ros_viewer/main_window.ui -> /home/kth/robot_dev/bt_tutorials/build/py_trees_ros_viewer/build/lib/py_trees_ros_viewer\n'}
[1.301560] (py_trees_ros_viewer) StdoutLine: {'line': b'creating /home/kth/robot_dev/bt_tutorials/build/py_trees_ros_viewer/build/lib/py_trees_ros_viewer/html\n'}
[1.301630] (py_trees_ros_viewer) StdoutLine: {'line': b'copying py_trees_ros_viewer/html/index.html -> /home/kth/robot_dev/bt_tutorials/build/py_trees_ros_viewer/build/lib/py_trees_ros_viewer/html\n'}
[1.301700] (py_trees_ros_viewer) StdoutLine: {'line': b'creating /home/kth/robot_dev/bt_tutorials/build/py_trees_ros_viewer/build/lib/py_trees_ros_viewer/images\n'}
[1.301767] (py_trees_ros_viewer) StdoutLine: {'line': b'copying py_trees_ros_viewer/images/tuxrobot.png -> /home/kth/robot_dev/bt_tutorials/build/py_trees_ros_viewer/build/lib/py_trees_ros_viewer/images\n'}
[1.301930] (py_trees_ros_viewer) StdoutLine: {'line': b'running install\n'}
[1.302276] (-) TimerEvent: {}
[1.307253] (py_trees_ros_viewer) StdoutLine: {'line': b'running install_lib\n'}
[1.326367] (py_trees_ros_viewer) StdoutLine: {'line': b'creating /home/kth/robot_dev/bt_tutorials/install/py_trees_ros_viewer/lib/python3.12/site-packages/py_trees_ros_viewer\n'}
[1.326506] (py_trees_ros_viewer) StdoutLine: {'line': b'creating /home/kth/robot_dev/bt_tutorials/install/py_trees_ros_viewer/lib/python3.12/site-packages/py_trees_ros_viewer/images\n'}
[1.326570] (py_trees_ros_viewer) StdoutLine: {'line': b'copying /home/kth/robot_dev/bt_tutorials/build/py_trees_ros_viewer/build/lib/py_trees_ros_viewer/images/tuxrobot.png -> /home/kth/robot_dev/bt_tutorials/install/py_trees_ros_viewer/lib/python3.12/site-packages/py_trees_ros_viewer/images\n'}
[1.326647] (py_trees_ros_viewer) StdoutLine: {'line': b'creating /home/kth/robot_dev/bt_tutorials/install/py_trees_ros_viewer/lib/python3.12/site-packages/py_trees_ros_viewer/html\n'}
[1.326715] (py_trees_ros_viewer) StdoutLine: {'line': b'copying /home/kth/robot_dev/bt_tutorials/build/py_trees_ros_viewer/build/lib/py_trees_ros_viewer/html/index.html -> /home/kth/robot_dev/bt_tutorials/install/py_trees_ros_viewer/lib/python3.12/site-packages/py_trees_ros_viewer/html\n'}
[1.326783] (py_trees_ros_viewer) StdoutLine: {'line': b'copying /home/kth/robot_dev/bt_tutorials/build/py_trees_ros_viewer/build/lib/py_trees_ros_viewer/conversions.py -> /home/kth/robot_dev/bt_tutorials/install/py_trees_ros_viewer/lib/python3.12/site-packages/py_trees_ros_viewer\n'}
[1.326848] (py_trees_ros_viewer) StdoutLine: {'line': b'copying /home/kth/robot_dev/bt_tutorials/build/py_trees_ros_viewer/build/lib/py_trees_ros_viewer/main_window_ui.py -> /home/kth/robot_dev/bt_tutorials/install/py_trees_ros_viewer/lib/python3.12/site-packages/py_trees_ros_viewer\n'}
[1.326919] (py_trees_ros_viewer) StdoutLine: {'line': b'copying /home/kth/robot_dev/bt_tutorials/build/py_trees_ros_viewer/build/lib/py_trees_ros_viewer/viewer.py -> /home/kth/robot_dev/bt_tutorials/install/py_trees_ros_viewer/lib/python3.12/site-packages/py_trees_ros_viewer\n'}
[1.326991] (py_trees_ros_viewer) StdoutLine: {'line': b'copying /home/kth/robot_dev/bt_tutorials/build/py_trees_ros_viewer/build/lib/py_trees_ros_viewer/backend.py -> /home/kth/robot_dev/bt_tutorials/install/py_trees_ros_viewer/lib/python3.12/site-packages/py_trees_ros_viewer\n'}
[1.327060] (py_trees_ros_viewer) StdoutLine: {'line': b'copying /home/kth/robot_dev/bt_tutorials/build/py_trees_ros_viewer/build/lib/py_trees_ros_viewer/exceptions.py -> /home/kth/robot_dev/bt_tutorials/install/py_trees_ros_viewer/lib/python3.12/site-packages/py_trees_ros_viewer\n'}
[1.327143] (py_trees_ros_viewer) StdoutLine: {'line': b'copying /home/kth/robot_dev/bt_tutorials/build/py_trees_ros_viewer/build/lib/py_trees_ros_viewer/web_view.ui -> /home/kth/robot_dev/bt_tutorials/install/py_trees_ros_viewer/lib/python3.12/site-packages/py_trees_ros_viewer\n'}
[1.327234] (py_trees_ros_viewer) StdoutLine: {'line': b'copying /home/kth/robot_dev/bt_tutorials/build/py_trees_ros_viewer/build/lib/py_trees_ros_viewer/web_view_ui.py -> /home/kth/robot_dev/bt_tutorials/install/py_trees_ros_viewer/lib/python3.12/site-packages/py_trees_ros_viewer\n'}
[1.327312] (py_trees_ros_viewer) StdoutLine: {'line': b'copying /home/kth/robot_dev/bt_tutorials/build/py_trees_ros_viewer/build/lib/py_trees_ros_viewer/utilities.py -> /home/kth/robot_dev/bt_tutorials/install/py_trees_ros_viewer/lib/python3.12/site-packages/py_trees_ros_viewer\n'}
[1.327394] (py_trees_ros_viewer) StdoutLine: {'line': b'copying /home/kth/robot_dev/bt_tutorials/build/py_trees_ros_viewer/build/lib/py_trees_ros_viewer/web_view.py -> /home/kth/robot_dev/bt_tutorials/install/py_trees_ros_viewer/lib/python3.12/site-packages/py_trees_ros_viewer\n'}
[1.327476] (py_trees_ros_viewer) StdoutLine: {'line': b'copying /home/kth/robot_dev/bt_tutorials/build/py_trees_ros_viewer/build/lib/py_trees_ros_viewer/main_window.py -> /home/kth/robot_dev/bt_tutorials/install/py_trees_ros_viewer/lib/python3.12/site-packages/py_trees_ros_viewer\n'}
[1.327558] (py_trees_ros_viewer) StdoutLine: {'line': b'copying /home/kth/robot_dev/bt_tutorials/build/py_trees_ros_viewer/build/lib/py_trees_ros_viewer/main_window.ui -> /home/kth/robot_dev/bt_tutorials/install/py_trees_ros_viewer/lib/python3.12/site-packages/py_trees_ros_viewer\n'}
[1.327640] (py_trees_ros_viewer) StdoutLine: {'line': b'copying /home/kth/robot_dev/bt_tutorials/build/py_trees_ros_viewer/build/lib/py_trees_ros_viewer/web_app_rc.py -> /home/kth/robot_dev/bt_tutorials/install/py_trees_ros_viewer/lib/python3.12/site-packages/py_trees_ros_viewer\n'}
[1.327725] (py_trees_ros_viewer) StdoutLine: {'line': b'copying /home/kth/robot_dev/bt_tutorials/build/py_trees_ros_viewer/build/lib/py_trees_ros_viewer/__init__.py -> /home/kth/robot_dev/bt_tutorials/install/py_trees_ros_viewer/lib/python3.12/site-packages/py_trees_ros_viewer\n'}
[1.327807] (py_trees_ros_viewer) StdoutLine: {'line': b'copying /home/kth/robot_dev/bt_tutorials/build/py_trees_ros_viewer/build/lib/py_trees_ros_viewer/images_rc.py -> /home/kth/robot_dev/bt_tutorials/install/py_trees_ros_viewer/lib/python3.12/site-packages/py_trees_ros_viewer\n'}
[1.327901] (py_trees_ros_viewer) StdoutLine: {'line': b'copying /home/kth/robot_dev/bt_tutorials/build/py_trees_ros_viewer/build/lib/py_trees_ros_viewer/console.py -> /home/kth/robot_dev/bt_tutorials/install/py_trees_ros_viewer/lib/python3.12/site-packages/py_trees_ros_viewer\n'}
[1.328273] (py_trees_ros_viewer) StdoutLine: {'line': b'byte-compiling /home/kth/robot_dev/bt_tutorials/install/py_trees_ros_viewer/lib/python3.12/site-packages/py_trees_ros_viewer/conversions.py to conversions.cpython-312.pyc\n'}
[1.328679] (py_trees_ros_viewer) StdoutLine: {'line': b'byte-compiling /home/kth/robot_dev/bt_tutorials/install/py_trees_ros_viewer/lib/python3.12/site-packages/py_trees_ros_viewer/main_window_ui.py to main_window_ui.cpython-312.pyc\n'}
[1.329730] (py_trees_ros_viewer) StdoutLine: {'line': b'byte-compiling /home/kth/robot_dev/bt_tutorials/install/py_trees_ros_viewer/lib/python3.12/site-packages/py_trees_ros_viewer/viewer.py to viewer.cpython-312.pyc\n'}
[1.330748] (py_trees_ros_viewer) StdoutLine: {'line': b'byte-compiling /home/kth/robot_dev/bt_tutorials/install/py_trees_ros_viewer/lib/python3.12/site-packages/py_trees_ros_viewer/backend.py to backend.cpython-312.pyc\n'}
[1.332832] (py_trees_ros_viewer) StdoutLine: {'line': b'byte-compiling /home/kth/robot_dev/bt_tutorials/install/py_trees_ros_viewer/lib/python3.12/site-packages/py_trees_ros_viewer/exceptions.py to exceptions.cpython-312.pyc\n'}
[1.333014] (py_trees_ros_viewer) StdoutLine: {'line': b'byte-compiling /home/kth/robot_dev/bt_tutorials/install/py_trees_ros_viewer/lib/python3.12/site-packages/py_trees_ros_viewer/web_view_ui.py to web_view_ui.cpython-312.pyc\n'}
[1.333438] (py_trees_ros_viewer) StdoutLine: {'line': b'byte-compiling /home/kth/robot_dev/bt_tutorials/install/py_trees_ros_viewer/lib/python3.12/site-packages/py_trees_ros_viewer/utilities.py to utilities.cpython-312.pyc\n'}
[1.333793] (py_trees_ros_viewer) StdoutLine: {'line': b'byte-compiling /home/kth/robot_dev/bt_tutorials/install/py_trees_ros_viewer/lib/python3.12/site-packages/py_trees_ros_viewer/web_view.py to web_view.cpython-312.pyc\n'}
[1.334084] (py_trees_ros_viewer) StdoutLine: {'line': b'byte-compiling /home/kth/robot_dev/bt_tutorials/install/py_trees_ros_viewer/lib/python3.12/site-packages/py_trees_ros_viewer/main_window.py to main_window.cpython-312.pyc\n'}
[1.334926] (py_trees_ros_viewer) StdoutLine: {'line': b'byte-compiling /home/kth/robot_dev/bt_tutorials/install/py_trees_ros_viewer/lib/python3.12/site-packages/py_trees_ros_viewer/web_app_rc.py to web_app_rc.cpython-312.pyc\n'}
[1.335290] (py_trees_ros_viewer) StdoutLine: {'line': b'byte-compiling /home/kth/robot_dev/bt_tutorials/install/py_trees_ros_viewer/lib/python3.12/site-packages/py_trees_ros_viewer/__init__.py to __init__.cpython-312.pyc\n'}
[1.335497] (py_trees_ros_viewer) StdoutLine: {'line': b'byte-compiling /home/kth/robot_dev/bt_tutorials/install/py_trees_ros_viewer/lib/python3.12/site-packages/py_trees_ros_viewer/images_rc.py to images_rc.cpython-312.pyc\n'}
[1.335900] (py_trees_ros_viewer) StdoutLine: {'line': b'byte-compiling /home/kth/robot_dev/bt_tutorials/install/py_trees_ros_viewer/lib/python3.12/site-packages/py_trees_ros_viewer/console.py to console.cpython-312.pyc\n'}
[1.337120] (py_trees_ros_viewer) StdoutLine: {'line': b'running install_data\n'}
[1.337373] (py_trees_ros_viewer) StdoutLine: {'line': b'copying package.xml -> /home/kth/robot_dev/bt_tutorials/install/py_trees_ros_viewer/share/py_trees_ros_viewer\n'}
[1.337510] (py_trees_ros_viewer) StdoutLine: {'line': b'running install_egg_info\n'}
[1.355931] (py_trees_ros_viewer) StdoutLine: {'line': b'Copying ../../build/py_trees_ros_viewer/py_trees_ros_viewer.egg-info to /home/kth/robot_dev/bt_tutorials/install/py_trees_ros_viewer/lib/python3.12/site-packages/py_trees_ros_viewer-0.2.5-py3.12.egg-info\n'}
[1.356461] (py_trees_ros_viewer) StdoutLine: {'line': b'running install_scripts\n'}
[1.392728] (py_trees_ros_viewer) StdoutLine: {'line': b'Installing py-trees-tree-viewer script to /home/kth/robot_dev/bt_tutorials/install/py_trees_ros_viewer/bin\n'}
[1.393029] (py_trees_ros_viewer) StdoutLine: {'line': b"writing list of installed files to '/home/kth/robot_dev/bt_tutorials/build/py_trees_ros_viewer/install.log'\n"}
[1.402364] (-) TimerEvent: {}
[1.415223] (py_trees_ros_viewer) CommandEnded: {'returncode': 0}
[1.434914] (py_trees_ros_viewer) JobEnded: {'identifier': 'py_trees_ros_viewer', 'rc': 0}
[1.435182] (-) EventReactorShutdown: {}
