[0.201s] Invoking command in '/home/kth/robot_dev/vicpinky_2/build/vicpinky_gazebo': CMAKE_PREFIX_PATH=${CMAKE_PREFIX_PATH}:/opt/ros/jazzy DEBUGINFOD_URLS=https://debuginfod.ubuntu.com /usr/bin/cmake /home/kth/robot_dev/vicpinky_2/src/vic_pinky/vicpinky_gazebo -DCMAKE_INSTALL_PREFIX=/home/kth/robot_dev/vicpinky_2/install/vicpinky_gazebo
[0.245s] -- The C compiler identification is GNU 13.3.0
[0.288s] -- The CXX compiler identification is GNU 13.3.0
[0.303s] -- Detecting C compiler ABI info
[0.369s] -- Detecting C compiler ABI info - done
[0.379s] -- Check for working C compiler: /usr/bin/cc - skipped
[0.379s] -- Detecting C compile features
[0.380s] -- Detecting C compile features - done
[0.386s] -- Detecting CXX compiler ABI info
[0.466s] -- Detecting CXX compiler ABI info - done
[0.481s] -- Check for working CXX compiler: /usr/bin/c++ - skipped
[0.481s] -- Detecting CXX compile features
[0.482s] -- Detecting CXX compile features - done
[0.487s] -- Found ament_cmake: 2.5.4 (/opt/ros/jazzy/share/ament_cmake/cmake)
[0.630s] -- Found Python3: /usr/bin/python3 (found version "3.12.3") found components: Interpreter 
[0.730s] -- Found ament_lint_auto: 0.17.2 (/opt/ros/jazzy/share/ament_lint_auto/cmake)
[0.830s] -- Added test 'lint_cmake' to check CMake code style
[0.833s] -- Added test 'xmllint' to check XML markup files
[0.834s] -- Configuring done (0.6s)
[0.837s] -- Generating done (0.0s)
[0.838s] -- Build files have been written to: /home/kth/robot_dev/vicpinky_2/build/vicpinky_gazebo
[0.842s] Invoked command in '/home/kth/robot_dev/vicpinky_2/build/vicpinky_gazebo' returned '0': CMAKE_PREFIX_PATH=${CMAKE_PREFIX_PATH}:/opt/ros/jazzy DEBUGINFOD_URLS=https://debuginfod.ubuntu.com /usr/bin/cmake /home/kth/robot_dev/vicpinky_2/src/vic_pinky/vicpinky_gazebo -DCMAKE_INSTALL_PREFIX=/home/kth/robot_dev/vicpinky_2/install/vicpinky_gazebo
[0.843s] Invoking command in '/home/kth/robot_dev/vicpinky_2/build/vicpinky_gazebo': CMAKE_PREFIX_PATH=${CMAKE_PREFIX_PATH}:/opt/ros/jazzy DEBUGINFOD_URLS=https://debuginfod.ubuntu.com /usr/bin/cmake --build /home/kth/robot_dev/vicpinky_2/build/vicpinky_gazebo -- -j12 -l12
[0.875s] Invoked command in '/home/kth/robot_dev/vicpinky_2/build/vicpinky_gazebo' returned '0': CMAKE_PREFIX_PATH=${CMAKE_PREFIX_PATH}:/opt/ros/jazzy DEBUGINFOD_URLS=https://debuginfod.ubuntu.com /usr/bin/cmake --build /home/kth/robot_dev/vicpinky_2/build/vicpinky_gazebo -- -j12 -l12
[0.876s] Invoking command in '/home/kth/robot_dev/vicpinky_2/build/vicpinky_gazebo': CMAKE_PREFIX_PATH=${CMAKE_PREFIX_PATH}:/opt/ros/jazzy DEBUGINFOD_URLS=https://debuginfod.ubuntu.com /usr/bin/cmake --install /home/kth/robot_dev/vicpinky_2/build/vicpinky_gazebo
[0.882s] -- Install configuration: ""
[0.882s] -- Installing: /home/kth/robot_dev/vicpinky_2/install/vicpinky_gazebo/share/vicpinky_gazebo/launch
[0.882s] -- Installing: /home/kth/robot_dev/vicpinky_2/install/vicpinky_gazebo/share/vicpinky_gazebo/launch/spawn.launch.xml
[0.883s] -- Installing: /home/kth/robot_dev/vicpinky_2/install/vicpinky_gazebo/share/vicpinky_gazebo/launch/launch_sim.launch.xml
[0.883s] -- Installing: /home/kth/robot_dev/vicpinky_2/install/vicpinky_gazebo/share/vicpinky_gazebo/worlds
[0.883s] -- Installing: /home/kth/robot_dev/vicpinky_2/install/vicpinky_gazebo/share/vicpinky_gazebo/worlds/factory_L1.world
[0.883s] -- Installing: /home/kth/robot_dev/vicpinky_2/install/vicpinky_gazebo/share/vicpinky_gazebo/worlds/asan_map.world
[0.883s] -- Installing: /home/kth/robot_dev/vicpinky_2/install/vicpinky_gazebo/share/vicpinky_gazebo/worlds/pinky_factory.world
[0.883s] -- Installing: /home/kth/robot_dev/vicpinky_2/install/vicpinky_gazebo/share/vicpinky_gazebo/worlds/empty.world
[0.883s] -- Installing: /home/kth/robot_dev/vicpinky_2/install/vicpinky_gazebo/share/vicpinky_gazebo/worlds/pinky_map.world
[0.883s] -- Installing: /home/kth/robot_dev/vicpinky_2/install/vicpinky_gazebo/share/vicpinky_gazebo/models
[0.883s] -- Installing: /home/kth/robot_dev/vicpinky_2/install/vicpinky_gazebo/share/vicpinky_gazebo/models/desk
[0.883s] -- Installing: /home/kth/robot_dev/vicpinky_2/install/vicpinky_gazebo/share/vicpinky_gazebo/models/desk/meshes
[0.883s] -- Installing: /home/kth/robot_dev/vicpinky_2/install/vicpinky_gazebo/share/vicpinky_gazebo/models/desk/meshes/desk.obj
[0.883s] -- Installing: /home/kth/robot_dev/vicpinky_2/install/vicpinky_gazebo/share/vicpinky_gazebo/models/desk/meshes/desk.mtl
[0.884s] -- Installing: /home/kth/robot_dev/vicpinky_2/install/vicpinky_gazebo/share/vicpinky_gazebo/models/desk/meshes/Desk_Diffuse.png
[0.884s] -- Installing: /home/kth/robot_dev/vicpinky_2/install/vicpinky_gazebo/share/vicpinky_gazebo/models/desk/model.sdf
[0.884s] -- Installing: /home/kth/robot_dev/vicpinky_2/install/vicpinky_gazebo/share/vicpinky_gazebo/models/desk/thumbnails
[0.884s] -- Installing: /home/kth/robot_dev/vicpinky_2/install/vicpinky_gazebo/share/vicpinky_gazebo/models/desk/thumbnails/2.png
[0.884s] -- Installing: /home/kth/robot_dev/vicpinky_2/install/vicpinky_gazebo/share/vicpinky_gazebo/models/desk/thumbnails/3.png
[0.884s] -- Installing: /home/kth/robot_dev/vicpinky_2/install/vicpinky_gazebo/share/vicpinky_gazebo/models/desk/thumbnails/5.png
[0.884s] -- Installing: /home/kth/robot_dev/vicpinky_2/install/vicpinky_gazebo/share/vicpinky_gazebo/models/desk/thumbnails/1.png
[0.884s] -- Installing: /home/kth/robot_dev/vicpinky_2/install/vicpinky_gazebo/share/vicpinky_gazebo/models/desk/thumbnails/4.png
[0.884s] -- Installing: /home/kth/robot_dev/vicpinky_2/install/vicpinky_gazebo/share/vicpinky_gazebo/models/desk/model.config
[0.885s] -- Installing: /home/kth/robot_dev/vicpinky_2/install/vicpinky_gazebo/share/vicpinky_gazebo/models/asan_hospital
[0.885s] -- Installing: /home/kth/robot_dev/vicpinky_2/install/vicpinky_gazebo/share/vicpinky_gazebo/models/asan_hospital/meshes
[0.885s] -- Installing: /home/kth/robot_dev/vicpinky_2/install/vicpinky_gazebo/share/vicpinky_gazebo/models/asan_hospital/meshes/asan_map.obj
[0.885s] -- Installing: /home/kth/robot_dev/vicpinky_2/install/vicpinky_gazebo/share/vicpinky_gazebo/models/asan_hospital/model.sdf
[0.885s] -- Installing: /home/kth/robot_dev/vicpinky_2/install/vicpinky_gazebo/share/vicpinky_gazebo/models/asan_hospital/model.config
[0.885s] -- Installing: /home/kth/robot_dev/vicpinky_2/install/vicpinky_gazebo/share/vicpinky_gazebo/models/img
[0.885s] -- Installing: /home/kth/robot_dev/vicpinky_2/install/vicpinky_gazebo/share/vicpinky_gazebo/models/img/pinklab_half.jpg
[0.885s] -- Installing: /home/kth/robot_dev/vicpinky_2/install/vicpinky_gazebo/share/vicpinky_gazebo/models/img/pinklab.jpg
[0.885s] -- Installing: /home/kth/robot_dev/vicpinky_2/install/vicpinky_gazebo/share/vicpinky_gazebo/models/factory_L1
[0.886s] -- Installing: /home/kth/robot_dev/vicpinky_2/install/vicpinky_gazebo/share/vicpinky_gazebo/models/factory_L1/meshes
[0.887s] -- Installing: /home/kth/robot_dev/vicpinky_2/install/vicpinky_gazebo/share/vicpinky_gazebo/models/factory_L1/meshes/concrete2.png
[0.887s] -- Installing: /home/kth/robot_dev/vicpinky_2/install/vicpinky_gazebo/share/vicpinky_gazebo/models/factory_L1/meshes/wall_3.obj
[0.887s] -- Installing: /home/kth/robot_dev/vicpinky_2/install/vicpinky_gazebo/share/vicpinky_gazebo/models/factory_L1/meshes/wall_2.obj
[0.887s] -- Installing: /home/kth/robot_dev/vicpinky_2/install/vicpinky_gazebo/share/vicpinky_gazebo/models/factory_L1/meshes/wall_1.mtl
[0.887s] -- Installing: /home/kth/robot_dev/vicpinky_2/install/vicpinky_gazebo/share/vicpinky_gazebo/models/factory_L1/meshes/wall_1.obj
[0.887s] -- Installing: /home/kth/robot_dev/vicpinky_2/install/vicpinky_gazebo/share/vicpinky_gazebo/models/factory_L1/meshes/blue_linoleum.png
[0.887s] -- Installing: /home/kth/robot_dev/vicpinky_2/install/vicpinky_gazebo/share/vicpinky_gazebo/models/factory_L1/meshes/floor_1.obj
[0.887s] -- Installing: /home/kth/robot_dev/vicpinky_2/install/vicpinky_gazebo/share/vicpinky_gazebo/models/factory_L1/meshes/default.png
[0.887s] -- Installing: /home/kth/robot_dev/vicpinky_2/install/vicpinky_gazebo/share/vicpinky_gazebo/models/factory_L1/meshes/wall_3.mtl
[0.887s] -- Installing: /home/kth/robot_dev/vicpinky_2/install/vicpinky_gazebo/share/vicpinky_gazebo/models/factory_L1/meshes/wall_2.mtl
[0.887s] -- Installing: /home/kth/robot_dev/vicpinky_2/install/vicpinky_gazebo/share/vicpinky_gazebo/models/factory_L1/meshes/floor_1.mtl
[0.887s] -- Installing: /home/kth/robot_dev/vicpinky_2/install/vicpinky_gazebo/share/vicpinky_gazebo/models/factory_L1/meshes/model.material
[0.887s] -- Installing: /home/kth/robot_dev/vicpinky_2/install/vicpinky_gazebo/share/vicpinky_gazebo/models/factory_L1/model.sdf
[0.887s] -- Installing: /home/kth/robot_dev/vicpinky_2/install/vicpinky_gazebo/share/vicpinky_gazebo/models/factory_L1/model.config
[0.888s] -- Installing: /home/kth/robot_dev/vicpinky_2/install/vicpinky_gazebo/share/vicpinky_gazebo/models/robot
[0.888s] -- Installing: /home/kth/robot_dev/vicpinky_2/install/vicpinky_gazebo/share/vicpinky_gazebo/models/robot/jetcobot.dae
[0.909s] -- Installing: /home/kth/robot_dev/vicpinky_2/install/vicpinky_gazebo/share/vicpinky_gazebo/models/shelf
[0.909s] -- Installing: /home/kth/robot_dev/vicpinky_2/install/vicpinky_gazebo/share/vicpinky_gazebo/models/shelf/meshes
[0.909s] -- Installing: /home/kth/robot_dev/vicpinky_2/install/vicpinky_gazebo/share/vicpinky_gazebo/models/shelf/meshes/Box_paper_04_1_Base_Color.png
[0.909s] -- Installing: /home/kth/robot_dev/vicpinky_2/install/vicpinky_gazebo/share/vicpinky_gazebo/models/shelf/meshes/shelf_big_movai.dae
[0.910s] -- Installing: /home/kth/robot_dev/vicpinky_2/install/vicpinky_gazebo/share/vicpinky_gazebo/models/shelf/original_modl.sdf
[0.910s] -- Installing: /home/kth/robot_dev/vicpinky_2/install/vicpinky_gazebo/share/vicpinky_gazebo/models/shelf/model.sdf
[0.910s] -- Installing: /home/kth/robot_dev/vicpinky_2/install/vicpinky_gazebo/share/vicpinky_gazebo/models/shelf/thumbnails
[0.910s] -- Installing: /home/kth/robot_dev/vicpinky_2/install/vicpinky_gazebo/share/vicpinky_gazebo/models/shelf/thumbnails/1.png
[0.910s] -- Installing: /home/kth/robot_dev/vicpinky_2/install/vicpinky_gazebo/share/vicpinky_gazebo/models/shelf/model.config
[0.910s] -- Installing: /home/kth/robot_dev/vicpinky_2/install/vicpinky_gazebo/share/vicpinky_gazebo/params
[0.910s] -- Installing: /home/kth/robot_dev/vicpinky_2/install/vicpinky_gazebo/share/vicpinky_gazebo/params/pinky_bridge.yaml
[0.910s] -- Installing: /home/kth/robot_dev/vicpinky_2/install/vicpinky_gazebo/share/ament_index/resource_index/package_run_dependencies/vicpinky_gazebo
[0.911s] -- Installing: /home/kth/robot_dev/vicpinky_2/install/vicpinky_gazebo/share/ament_index/resource_index/parent_prefix_path/vicpinky_gazebo
[0.911s] -- Installing: /home/kth/robot_dev/vicpinky_2/install/vicpinky_gazebo/share/vicpinky_gazebo/environment/ament_prefix_path.sh
[0.911s] -- Installing: /home/kth/robot_dev/vicpinky_2/install/vicpinky_gazebo/share/vicpinky_gazebo/environment/ament_prefix_path.dsv
[0.911s] -- Installing: /home/kth/robot_dev/vicpinky_2/install/vicpinky_gazebo/share/vicpinky_gazebo/environment/path.sh
[0.911s] -- Installing: /home/kth/robot_dev/vicpinky_2/install/vicpinky_gazebo/share/vicpinky_gazebo/environment/path.dsv
[0.911s] -- Installing: /home/kth/robot_dev/vicpinky_2/install/vicpinky_gazebo/share/vicpinky_gazebo/local_setup.bash
[0.911s] -- Installing: /home/kth/robot_dev/vicpinky_2/install/vicpinky_gazebo/share/vicpinky_gazebo/local_setup.sh
[0.911s] -- Installing: /home/kth/robot_dev/vicpinky_2/install/vicpinky_gazebo/share/vicpinky_gazebo/local_setup.zsh
[0.911s] -- Installing: /home/kth/robot_dev/vicpinky_2/install/vicpinky_gazebo/share/vicpinky_gazebo/local_setup.dsv
[0.912s] -- Installing: /home/kth/robot_dev/vicpinky_2/install/vicpinky_gazebo/share/vicpinky_gazebo/package.dsv
[0.912s] -- Installing: /home/kth/robot_dev/vicpinky_2/install/vicpinky_gazebo/share/ament_index/resource_index/packages/vicpinky_gazebo
[0.912s] -- Installing: /home/kth/robot_dev/vicpinky_2/install/vicpinky_gazebo/share/vicpinky_gazebo/cmake/vicpinky_gazeboConfig.cmake
[0.912s] -- Installing: /home/kth/robot_dev/vicpinky_2/install/vicpinky_gazebo/share/vicpinky_gazebo/cmake/vicpinky_gazeboConfig-version.cmake
[0.912s] -- Installing: /home/kth/robot_dev/vicpinky_2/install/vicpinky_gazebo/share/vicpinky_gazebo/package.xml
[0.914s] Invoked command in '/home/kth/robot_dev/vicpinky_2/build/vicpinky_gazebo' returned '0': CMAKE_PREFIX_PATH=${CMAKE_PREFIX_PATH}:/opt/ros/jazzy DEBUGINFOD_URLS=https://debuginfod.ubuntu.com /usr/bin/cmake --install /home/kth/robot_dev/vicpinky_2/build/vicpinky_gazebo
