[0.085s] DEBUG:colcon:Command line arguments: ['/usr/bin/colcon', 'build']
[0.085s] DEBUG:colcon:Parsed command line arguments: Namespace(log_base=None, log_level=None, verb_name='build', build_base='build', install_base='install', merge_install=False, symlink_install=False, test_result_base=None, continue_on_error=False, executor='parallel', parallel_workers=12, event_handlers=None, ignore_user_meta=False, metas=['./colcon.meta'], base_paths=['.'], packages_ignore=None, packages_ignore_regex=None, paths=None, packages_up_to=None, packages_up_to_regex=None, packages_above=None, packages_above_and_dependencies=None, packages_above_depth=None, packages_select_by_dep=None, packages_skip_by_dep=None, packages_skip_up_to=None, packages_select_build_failed=False, packages_skip_build_finished=False, packages_select_test_failures=False, packages_skip_test_passed=False, packages_select=None, packages_skip=None, packages_select_regex=None, packages_skip_regex=None, packages_start=None, packages_end=None, allow_overriding=[], cmake_args=None, cmake_target=None, cmake_target_skip_unavailable=False, cmake_clean_cache=False, cmake_clean_first=False, cmake_force_configure=False, ament_cmake_args=None, catkin_cmake_args=None, catkin_skip_building_tests=False, mixin_files=None, mixin=None, verb_parser=<colcon_mixin.mixin.mixin_argument.MixinArgumentDecorator object at 0x7e2c51a8eb10>, verb_extension=<colcon_core.verb.build.BuildVerb object at 0x7e2c51a8e7e0>, main=<bound method BuildVerb.main of <colcon_core.verb.build.BuildVerb object at 0x7e2c51a8e7e0>>, mixin_verb=('build',))
[0.113s] Level 1:colcon.colcon_core.package_discovery:discover_packages(colcon_meta) check parameters
[0.113s] Level 1:colcon.colcon_core.package_discovery:discover_packages(recursive) check parameters
[0.113s] Level 1:colcon.colcon_core.package_discovery:discover_packages(ignore) check parameters
[0.113s] Level 1:colcon.colcon_core.package_discovery:discover_packages(path) check parameters
[0.113s] Level 1:colcon.colcon_core.package_discovery:discover_packages(colcon_meta) discover
[0.113s] Level 1:colcon.colcon_core.package_discovery:discover_packages(recursive) discover
[0.113s] INFO:colcon.colcon_core.package_discovery:Crawling recursively for packages in '/home/kth/robot_dev/simple_central_server'
[0.113s] Level 1:colcon.colcon_core.package_identification:_identify(.) by extensions ['ignore', 'ignore_ament_install']
[0.113s] Level 1:colcon.colcon_core.package_identification:_identify(.) by extension 'ignore'
[0.113s] Level 1:colcon.colcon_core.package_identification:_identify(.) by extension 'ignore_ament_install'
[0.113s] Level 1:colcon.colcon_core.package_identification:_identify(.) by extensions ['colcon_pkg']
[0.113s] Level 1:colcon.colcon_core.package_identification:_identify(.) by extension 'colcon_pkg'
[0.113s] Level 1:colcon.colcon_core.package_identification:_identify(.) by extensions ['colcon_meta']
[0.113s] Level 1:colcon.colcon_core.package_identification:_identify(.) by extension 'colcon_meta'
[0.113s] Level 1:colcon.colcon_core.package_identification:_identify(.) by extensions ['ros']
[0.113s] Level 1:colcon.colcon_core.package_identification:_identify(.) by extension 'ros'
[0.132s] Level 1:colcon.colcon_core.package_identification:_identify(.) by extensions ['cmake', 'python']
[0.132s] Level 1:colcon.colcon_core.package_identification:_identify(.) by extension 'cmake'
[0.132s] Level 1:colcon.colcon_core.package_identification:_identify(.) by extension 'python'
[0.132s] Level 1:colcon.colcon_core.package_identification:_identify(.) by extensions ['python_setup_py']
[0.132s] Level 1:colcon.colcon_core.package_identification:_identify(.) by extension 'python_setup_py'
[0.132s] Level 1:colcon.colcon_core.package_identification:_identify(build) by extensions ['ignore', 'ignore_ament_install']
[0.132s] Level 1:colcon.colcon_core.package_identification:_identify(build) by extension 'ignore'
[0.132s] Level 1:colcon.colcon_core.package_identification:_identify(build) ignored
[0.132s] Level 1:colcon.colcon_core.package_identification:_identify(install) by extensions ['ignore', 'ignore_ament_install']
[0.132s] Level 1:colcon.colcon_core.package_identification:_identify(install) by extension 'ignore'
[0.132s] Level 1:colcon.colcon_core.package_identification:_identify(install) ignored
[0.133s] Level 1:colcon.colcon_core.package_identification:_identify(log) by extensions ['ignore', 'ignore_ament_install']
[0.133s] Level 1:colcon.colcon_core.package_identification:_identify(log) by extension 'ignore'
[0.133s] Level 1:colcon.colcon_core.package_identification:_identify(log) ignored
[0.133s] Level 1:colcon.colcon_core.package_identification:_identify(src) by extensions ['ignore', 'ignore_ament_install']
[0.133s] Level 1:colcon.colcon_core.package_identification:_identify(src) by extension 'ignore'
[0.133s] Level 1:colcon.colcon_core.package_identification:_identify(src) by extension 'ignore_ament_install'
[0.133s] Level 1:colcon.colcon_core.package_identification:_identify(src) by extensions ['colcon_pkg']
[0.133s] Level 1:colcon.colcon_core.package_identification:_identify(src) by extension 'colcon_pkg'
[0.133s] Level 1:colcon.colcon_core.package_identification:_identify(src) by extensions ['colcon_meta']
[0.133s] Level 1:colcon.colcon_core.package_identification:_identify(src) by extension 'colcon_meta'
[0.133s] Level 1:colcon.colcon_core.package_identification:_identify(src) by extensions ['ros']
[0.133s] Level 1:colcon.colcon_core.package_identification:_identify(src) by extension 'ros'
[0.133s] Level 1:colcon.colcon_core.package_identification:_identify(src) by extensions ['cmake', 'python']
[0.133s] Level 1:colcon.colcon_core.package_identification:_identify(src) by extension 'cmake'
[0.133s] Level 1:colcon.colcon_core.package_identification:_identify(src) by extension 'python'
[0.133s] Level 1:colcon.colcon_core.package_identification:_identify(src) by extensions ['python_setup_py']
[0.133s] Level 1:colcon.colcon_core.package_identification:_identify(src) by extension 'python_setup_py'
[0.133s] Level 1:colcon.colcon_core.package_identification:_identify(src/simple_central_server) by extensions ['ignore', 'ignore_ament_install']
[0.133s] Level 1:colcon.colcon_core.package_identification:_identify(src/simple_central_server) by extension 'ignore'
[0.133s] Level 1:colcon.colcon_core.package_identification:_identify(src/simple_central_server) by extension 'ignore_ament_install'
[0.133s] Level 1:colcon.colcon_core.package_identification:_identify(src/simple_central_server) by extensions ['colcon_pkg']
[0.133s] Level 1:colcon.colcon_core.package_identification:_identify(src/simple_central_server) by extension 'colcon_pkg'
[0.133s] Level 1:colcon.colcon_core.package_identification:_identify(src/simple_central_server) by extensions ['colcon_meta']
[0.133s] Level 1:colcon.colcon_core.package_identification:_identify(src/simple_central_server) by extension 'colcon_meta'
[0.133s] Level 1:colcon.colcon_core.package_identification:_identify(src/simple_central_server) by extensions ['ros']
[0.134s] Level 1:colcon.colcon_core.package_identification:_identify(src/simple_central_server) by extension 'ros'
[0.135s] DEBUG:colcon.colcon_core.package_identification:Package 'src/simple_central_server' with type 'ros.ament_cmake' and name 'simple_central_server'
[0.135s] Level 1:colcon.colcon_core.package_discovery:discover_packages(recursive) using defaults
[0.135s] Level 1:colcon.colcon_core.package_discovery:discover_packages(ignore) discover
[0.135s] Level 1:colcon.colcon_core.package_discovery:discover_packages(ignore) using defaults
[0.136s] Level 1:colcon.colcon_core.package_discovery:discover_packages(path) discover
[0.136s] Level 1:colcon.colcon_core.package_discovery:discover_packages(path) using defaults
[0.148s] Level 1:colcon.colcon_core.package_discovery:discover_packages(prefix_path) check parameters
[0.148s] Level 1:colcon.colcon_core.package_discovery:discover_packages(prefix_path) discover
[0.150s] DEBUG:colcon.colcon_installed_package_information.package_discovery:Found 390 installed packages in /opt/ros/jazzy
[0.151s] Level 1:colcon.colcon_core.package_discovery:discover_packages(prefix_path) using defaults
[0.192s] Level 5:colcon.colcon_core.verb:set package 'simple_central_server' build argument 'cmake_args' from command line to 'None'
[0.192s] Level 5:colcon.colcon_core.verb:set package 'simple_central_server' build argument 'cmake_target' from command line to 'None'
[0.192s] Level 5:colcon.colcon_core.verb:set package 'simple_central_server' build argument 'cmake_target_skip_unavailable' from command line to 'False'
[0.192s] Level 5:colcon.colcon_core.verb:set package 'simple_central_server' build argument 'cmake_clean_cache' from command line to 'False'
[0.192s] Level 5:colcon.colcon_core.verb:set package 'simple_central_server' build argument 'cmake_clean_first' from command line to 'False'
[0.192s] Level 5:colcon.colcon_core.verb:set package 'simple_central_server' build argument 'cmake_force_configure' from command line to 'False'
[0.192s] Level 5:colcon.colcon_core.verb:set package 'simple_central_server' build argument 'ament_cmake_args' from command line to 'None'
[0.192s] Level 5:colcon.colcon_core.verb:set package 'simple_central_server' build argument 'catkin_cmake_args' from command line to 'None'
[0.192s] Level 5:colcon.colcon_core.verb:set package 'simple_central_server' build argument 'catkin_skip_building_tests' from command line to 'False'
[0.192s] DEBUG:colcon.colcon_core.verb:Building package 'simple_central_server' with the following arguments: {'ament_cmake_args': None, 'build_base': '/home/kth/robot_dev/simple_central_server/build/simple_central_server', 'catkin_cmake_args': None, 'catkin_skip_building_tests': False, 'cmake_args': None, 'cmake_clean_cache': False, 'cmake_clean_first': False, 'cmake_force_configure': False, 'cmake_target': None, 'cmake_target_skip_unavailable': False, 'install_base': '/home/kth/robot_dev/simple_central_server/install/simple_central_server', 'merge_install': False, 'path': '/home/kth/robot_dev/simple_central_server/src/simple_central_server', 'symlink_install': False, 'test_result_base': None}
[0.193s] INFO:colcon.colcon_core.executor:Executing jobs using 'parallel' executor
[0.193s] DEBUG:colcon.colcon_parallel_executor.executor.parallel:run_until_complete
[0.193s] INFO:colcon.colcon_ros.task.ament_cmake.build:Building ROS package in '/home/kth/robot_dev/simple_central_server/src/simple_central_server' with build type 'ament_cmake'
[0.193s] INFO:colcon.colcon_cmake.task.cmake.build:Building CMake package in '/home/kth/robot_dev/simple_central_server/src/simple_central_server'
[0.195s] INFO:colcon.colcon_core.plugin_system:Skipping extension 'colcon_core.shell.bat': Not used on non-Windows systems
[0.195s] INFO:colcon.colcon_core.shell:Skip shell extension 'powershell' for command environment: Not usable outside of PowerShell
[0.195s] DEBUG:colcon.colcon_core.shell:Skip shell extension 'dsv' for command environment
[0.201s] DEBUG:colcon.colcon_core.event_handler.log_command:Invoking command in '/home/kth/robot_dev/simple_central_server/build/simple_central_server': CMAKE_PREFIX_PATH=${CMAKE_PREFIX_PATH}:/opt/ros/jazzy DEBUGINFOD_URLS=https://debuginfod.ubuntu.com /usr/bin/cmake /home/kth/robot_dev/simple_central_server/src/simple_central_server -DCMAKE_INSTALL_PREFIX=/home/kth/robot_dev/simple_central_server/install/simple_central_server
[1.372s] DEBUG:colcon.colcon_core.event_handler.log_command:Invoked command in '/home/kth/robot_dev/simple_central_server/build/simple_central_server' returned '0': CMAKE_PREFIX_PATH=${CMAKE_PREFIX_PATH}:/opt/ros/jazzy DEBUGINFOD_URLS=https://debuginfod.ubuntu.com /usr/bin/cmake /home/kth/robot_dev/simple_central_server/src/simple_central_server -DCMAKE_INSTALL_PREFIX=/home/kth/robot_dev/simple_central_server/install/simple_central_server
[1.373s] DEBUG:colcon.colcon_core.event_handler.log_command:Invoking command in '/home/kth/robot_dev/simple_central_server/build/simple_central_server': CMAKE_PREFIX_PATH=${CMAKE_PREFIX_PATH}:/opt/ros/jazzy DEBUGINFOD_URLS=https://debuginfod.ubuntu.com /usr/bin/cmake --build /home/kth/robot_dev/simple_central_server/build/simple_central_server -- -j12 -l12
[13.923s] DEBUG:colcon.colcon_core.event_handler.log_command:Invoked command in '/home/kth/robot_dev/simple_central_server/build/simple_central_server' returned '0': CMAKE_PREFIX_PATH=${CMAKE_PREFIX_PATH}:/opt/ros/jazzy DEBUGINFOD_URLS=https://debuginfod.ubuntu.com /usr/bin/cmake --build /home/kth/robot_dev/simple_central_server/build/simple_central_server -- -j12 -l12
[13.931s] DEBUG:colcon.colcon_core.event_handler.log_command:Invoking command in '/home/kth/robot_dev/simple_central_server/build/simple_central_server': CMAKE_PREFIX_PATH=${CMAKE_PREFIX_PATH}:/opt/ros/jazzy DEBUGINFOD_URLS=https://debuginfod.ubuntu.com /usr/bin/cmake --install /home/kth/robot_dev/simple_central_server/build/simple_central_server
[13.945s] Level 1:colcon.colcon_core.environment:create_environment_scripts_only(simple_central_server)
[13.946s] DEBUG:colcon.colcon_core.event_handler.log_command:Invoked command in '/home/kth/robot_dev/simple_central_server/build/simple_central_server' returned '0': CMAKE_PREFIX_PATH=${CMAKE_PREFIX_PATH}:/opt/ros/jazzy DEBUGINFOD_URLS=https://debuginfod.ubuntu.com /usr/bin/cmake --install /home/kth/robot_dev/simple_central_server/build/simple_central_server
[13.947s] Level 1:colcon.colcon_core.environment:checking '/home/kth/robot_dev/simple_central_server/install/simple_central_server' for CMake module files
[13.948s] Level 1:colcon.colcon_core.environment:checking '/home/kth/robot_dev/simple_central_server/install/simple_central_server' for CMake config files
[13.948s] Level 1:colcon.colcon_core.shell:create_environment_hook('simple_central_server', 'cmake_prefix_path')
[13.948s] INFO:colcon.colcon_core.shell:Creating environment hook '/home/kth/robot_dev/simple_central_server/install/simple_central_server/share/simple_central_server/hook/cmake_prefix_path.ps1'
[13.948s] INFO:colcon.colcon_core.shell:Creating environment descriptor '/home/kth/robot_dev/simple_central_server/install/simple_central_server/share/simple_central_server/hook/cmake_prefix_path.dsv'
[13.949s] INFO:colcon.colcon_core.shell:Creating environment hook '/home/kth/robot_dev/simple_central_server/install/simple_central_server/share/simple_central_server/hook/cmake_prefix_path.sh'
[13.949s] Level 1:colcon.colcon_core.environment:checking '/home/kth/robot_dev/simple_central_server/install/simple_central_server/lib'
[13.949s] Level 1:colcon.colcon_core.environment:checking '/home/kth/robot_dev/simple_central_server/install/simple_central_server/bin'
[13.949s] Level 1:colcon.colcon_core.environment:checking '/home/kth/robot_dev/simple_central_server/install/simple_central_server/lib/pkgconfig/simple_central_server.pc'
[13.950s] Level 1:colcon.colcon_core.environment:checking '/home/kth/robot_dev/simple_central_server/install/simple_central_server/lib/python3.12/site-packages'
[13.950s] Level 1:colcon.colcon_core.environment:checking '/home/kth/robot_dev/simple_central_server/install/simple_central_server/bin'
[13.950s] INFO:colcon.colcon_core.shell:Creating package script '/home/kth/robot_dev/simple_central_server/install/simple_central_server/share/simple_central_server/package.ps1'
[13.950s] INFO:colcon.colcon_core.shell:Creating package descriptor '/home/kth/robot_dev/simple_central_server/install/simple_central_server/share/simple_central_server/package.dsv'
[13.951s] INFO:colcon.colcon_core.shell:Creating package script '/home/kth/robot_dev/simple_central_server/install/simple_central_server/share/simple_central_server/package.sh'
[13.951s] INFO:colcon.colcon_core.shell:Creating package script '/home/kth/robot_dev/simple_central_server/install/simple_central_server/share/simple_central_server/package.bash'
[13.952s] INFO:colcon.colcon_core.shell:Creating package script '/home/kth/robot_dev/simple_central_server/install/simple_central_server/share/simple_central_server/package.zsh'
[13.952s] Level 1:colcon.colcon_core.environment:create_file_with_runtime_dependencies(/home/kth/robot_dev/simple_central_server/install/simple_central_server/share/colcon-core/packages/simple_central_server)
[13.952s] Level 1:colcon.colcon_core.environment:create_environment_scripts_only(simple_central_server)
[13.952s] Level 1:colcon.colcon_core.environment:checking '/home/kth/robot_dev/simple_central_server/install/simple_central_server' for CMake module files
[13.953s] Level 1:colcon.colcon_core.environment:checking '/home/kth/robot_dev/simple_central_server/install/simple_central_server' for CMake config files
[13.953s] Level 1:colcon.colcon_core.shell:create_environment_hook('simple_central_server', 'cmake_prefix_path')
[13.953s] INFO:colcon.colcon_core.shell:Creating environment hook '/home/kth/robot_dev/simple_central_server/install/simple_central_server/share/simple_central_server/hook/cmake_prefix_path.ps1'
[13.954s] INFO:colcon.colcon_core.shell:Creating environment descriptor '/home/kth/robot_dev/simple_central_server/install/simple_central_server/share/simple_central_server/hook/cmake_prefix_path.dsv'
[13.954s] INFO:colcon.colcon_core.shell:Creating environment hook '/home/kth/robot_dev/simple_central_server/install/simple_central_server/share/simple_central_server/hook/cmake_prefix_path.sh'
[13.954s] Level 1:colcon.colcon_core.environment:checking '/home/kth/robot_dev/simple_central_server/install/simple_central_server/lib'
[13.954s] Level 1:colcon.colcon_core.environment:checking '/home/kth/robot_dev/simple_central_server/install/simple_central_server/bin'
[13.954s] Level 1:colcon.colcon_core.environment:checking '/home/kth/robot_dev/simple_central_server/install/simple_central_server/lib/pkgconfig/simple_central_server.pc'
[13.955s] Level 1:colcon.colcon_core.environment:checking '/home/kth/robot_dev/simple_central_server/install/simple_central_server/lib/python3.12/site-packages'
[13.955s] Level 1:colcon.colcon_core.environment:checking '/home/kth/robot_dev/simple_central_server/install/simple_central_server/bin'
[13.955s] INFO:colcon.colcon_core.shell:Creating package script '/home/kth/robot_dev/simple_central_server/install/simple_central_server/share/simple_central_server/package.ps1'
[13.955s] INFO:colcon.colcon_core.shell:Creating package descriptor '/home/kth/robot_dev/simple_central_server/install/simple_central_server/share/simple_central_server/package.dsv'
[13.956s] INFO:colcon.colcon_core.shell:Creating package script '/home/kth/robot_dev/simple_central_server/install/simple_central_server/share/simple_central_server/package.sh'
[13.956s] INFO:colcon.colcon_core.shell:Creating package script '/home/kth/robot_dev/simple_central_server/install/simple_central_server/share/simple_central_server/package.bash'
[13.956s] INFO:colcon.colcon_core.shell:Creating package script '/home/kth/robot_dev/simple_central_server/install/simple_central_server/share/simple_central_server/package.zsh'
[13.956s] Level 1:colcon.colcon_core.environment:create_file_with_runtime_dependencies(/home/kth/robot_dev/simple_central_server/install/simple_central_server/share/colcon-core/packages/simple_central_server)
[13.957s] DEBUG:colcon.colcon_parallel_executor.executor.parallel:closing loop
[13.957s] DEBUG:colcon.colcon_parallel_executor.executor.parallel:loop closed
[13.957s] DEBUG:colcon.colcon_parallel_executor.executor.parallel:run_until_complete finished with '0'
[13.957s] DEBUG:colcon.colcon_core.event_reactor:joining thread
[13.962s] INFO:colcon.colcon_core.plugin_system:Skipping extension 'colcon_notification.desktop_notification.terminal_notifier': Not used on non-Darwin systems
[13.962s] INFO:colcon.colcon_core.plugin_system:Skipping extension 'colcon_notification.desktop_notification.win32': Not used on non-Windows systems
[13.962s] INFO:colcon.colcon_notification.desktop_notification:Sending desktop notification using 'notify2'
[13.978s] DEBUG:colcon.colcon_core.event_reactor:joined thread
[13.978s] INFO:colcon.colcon_core.shell:Creating prefix script '/home/kth/robot_dev/simple_central_server/install/local_setup.ps1'
[13.978s] INFO:colcon.colcon_core.shell:Creating prefix util module '/home/kth/robot_dev/simple_central_server/install/_local_setup_util_ps1.py'
[13.979s] INFO:colcon.colcon_core.shell:Creating prefix chain script '/home/kth/robot_dev/simple_central_server/install/setup.ps1'
[13.980s] INFO:colcon.colcon_core.shell:Creating prefix script '/home/kth/robot_dev/simple_central_server/install/local_setup.sh'
[13.980s] INFO:colcon.colcon_core.shell:Creating prefix util module '/home/kth/robot_dev/simple_central_server/install/_local_setup_util_sh.py'
[13.981s] INFO:colcon.colcon_core.shell:Creating prefix chain script '/home/kth/robot_dev/simple_central_server/install/setup.sh'
[13.981s] INFO:colcon.colcon_core.shell:Creating prefix script '/home/kth/robot_dev/simple_central_server/install/local_setup.bash'
[13.982s] INFO:colcon.colcon_core.shell:Creating prefix chain script '/home/kth/robot_dev/simple_central_server/install/setup.bash'
[13.982s] INFO:colcon.colcon_core.shell:Creating prefix script '/home/kth/robot_dev/simple_central_server/install/local_setup.zsh'
[13.983s] INFO:colcon.colcon_core.shell:Creating prefix chain script '/home/kth/robot_dev/simple_central_server/install/setup.zsh'
