[0.206s] Invoking command in '/home/kth/robot_dev/vicpinky_2/build/vicpinky_navigation': CMAKE_PREFIX_PATH=${CMAKE_PREFIX_PATH}:/opt/ros/jazzy DEBUGINFOD_URLS=https://debuginfod.ubuntu.com /usr/bin/cmake --build /home/kth/robot_dev/vicpinky_2/build/vicpinky_navigation -- -j12 -l12
[0.271s] [ 50%] [32mBuilding CXX object CMakeFiles/graph_planner.dir/src/graph_planner.cpp.o[0m
[4.417s] [100%] [32m[1mLinking CXX shared library libgraph_planner.so[0m
[4.734s] [100%] Built target graph_planner
[4.741s] Invoked command in '/home/kth/robot_dev/vicpinky_2/build/vicpinky_navigation' returned '0': CMAKE_PREFIX_PATH=${CMAKE_PREFIX_PATH}:/opt/ros/jazzy DEBUGINFOD_URLS=https://debuginfod.ubuntu.com /usr/bin/cmake --build /home/kth/robot_dev/vicpinky_2/build/vicpinky_navigation -- -j12 -l12
[4.742s] Invoking command in '/home/kth/robot_dev/vicpinky_2/build/vicpinky_navigation': CMAKE_PREFIX_PATH=${CMAKE_PREFIX_PATH}:/opt/ros/jazzy DEBUGINFOD_URLS=https://debuginfod.ubuntu.com /usr/bin/cmake --install /home/kth/robot_dev/vicpinky_2/build/vicpinky_navigation
[4.748s] -- Install configuration: ""
[4.748s] -- Up-to-date: /home/kth/robot_dev/vicpinky_2/install/vicpinky_navigation/share/vicpinky_navigation/plugin_description.xml
[4.749s] -- Installing: /home/kth/robot_dev/vicpinky_2/install/vicpinky_navigation/lib/libgraph_planner.so
[4.750s] -- Set non-toolchain portion of runtime path of "/home/kth/robot_dev/vicpinky_2/install/vicpinky_navigation/lib/libgraph_planner.so" to ""
[4.750s] -- Up-to-date: /home/kth/robot_dev/vicpinky_2/install/vicpinky_navigation/share/vicpinky_navigation/launch
[4.750s] -- Up-to-date: /home/kth/robot_dev/vicpinky_2/install/vicpinky_navigation/share/vicpinky_navigation/launch/navigation_launch.xml
[4.750s] -- Up-to-date: /home/kth/robot_dev/vicpinky_2/install/vicpinky_navigation/share/vicpinky_navigation/launch/localization_launch.xml
[4.750s] -- Up-to-date: /home/kth/robot_dev/vicpinky_2/install/vicpinky_navigation/share/vicpinky_navigation/launch/map_view.launch.xml
[4.750s] -- Up-to-date: /home/kth/robot_dev/vicpinky_2/install/vicpinky_navigation/share/vicpinky_navigation/launch/bringup_launch.xml
[4.750s] -- Up-to-date: /home/kth/robot_dev/vicpinky_2/install/vicpinky_navigation/share/vicpinky_navigation/launch/nav2_view.launch.xml
[4.750s] -- Up-to-date: /home/kth/robot_dev/vicpinky_2/install/vicpinky_navigation/share/vicpinky_navigation/launch/map_building.launch.xml
[4.750s] -- Up-to-date: /home/kth/robot_dev/vicpinky_2/install/vicpinky_navigation/share/vicpinky_navigation/map
[4.750s] -- Up-to-date: /home/kth/robot_dev/vicpinky_2/install/vicpinky_navigation/share/vicpinky_navigation/map/factory.pgm
[4.750s] -- Up-to-date: /home/kth/robot_dev/vicpinky_2/install/vicpinky_navigation/share/vicpinky_navigation/map/pinklab.yaml
[4.750s] -- Up-to-date: /home/kth/robot_dev/vicpinky_2/install/vicpinky_navigation/share/vicpinky_navigation/map/pinklab.png
[4.750s] -- Up-to-date: /home/kth/robot_dev/vicpinky_2/install/vicpinky_navigation/share/vicpinky_navigation/map/factory.yaml
[4.750s] -- Up-to-date: /home/kth/robot_dev/vicpinky_2/install/vicpinky_navigation/share/vicpinky_navigation/map/factory2.pgm
[4.750s] -- Up-to-date: /home/kth/robot_dev/vicpinky_2/install/vicpinky_navigation/share/vicpinky_navigation/map/factory2.yaml
[4.751s] -- Up-to-date: /home/kth/robot_dev/vicpinky_2/install/vicpinky_navigation/share/vicpinky_navigation/params
[4.751s] -- Up-to-date: /home/kth/robot_dev/vicpinky_2/install/vicpinky_navigation/share/vicpinky_navigation/params/nav2_params.yaml
[4.751s] -- Up-to-date: /home/kth/robot_dev/vicpinky_2/install/vicpinky_navigation/share/vicpinky_navigation/params/mapper_params.yaml
[4.751s] -- Up-to-date: /home/kth/robot_dev/vicpinky_2/install/vicpinky_navigation/share/vicpinky_navigation/rviz
[4.751s] -- Up-to-date: /home/kth/robot_dev/vicpinky_2/install/vicpinky_navigation/share/vicpinky_navigation/rviz/map_view.rviz
[4.751s] -- Up-to-date: /home/kth/robot_dev/vicpinky_2/install/vicpinky_navigation/share/vicpinky_navigation/rviz/nav2_view.rviz
[4.751s] -- Up-to-date: /home/kth/robot_dev/vicpinky_2/install/vicpinky_navigation/share/vicpinky_navigation/plugin_description.xml
[4.751s] -- Up-to-date: /home/kth/robot_dev/vicpinky_2/install/vicpinky_navigation/share/vicpinky_navigation/environment/library_path.sh
[4.751s] -- Up-to-date: /home/kth/robot_dev/vicpinky_2/install/vicpinky_navigation/share/vicpinky_navigation/environment/library_path.dsv
[4.751s] -- Up-to-date: /home/kth/robot_dev/vicpinky_2/install/vicpinky_navigation/share/ament_index/resource_index/package_run_dependencies/vicpinky_navigation
[4.751s] -- Up-to-date: /home/kth/robot_dev/vicpinky_2/install/vicpinky_navigation/share/ament_index/resource_index/parent_prefix_path/vicpinky_navigation
[4.751s] -- Up-to-date: /home/kth/robot_dev/vicpinky_2/install/vicpinky_navigation/share/vicpinky_navigation/environment/ament_prefix_path.sh
[4.751s] -- Up-to-date: /home/kth/robot_dev/vicpinky_2/install/vicpinky_navigation/share/vicpinky_navigation/environment/ament_prefix_path.dsv
[4.751s] -- Up-to-date: /home/kth/robot_dev/vicpinky_2/install/vicpinky_navigation/share/vicpinky_navigation/environment/path.sh
[4.751s] -- Up-to-date: /home/kth/robot_dev/vicpinky_2/install/vicpinky_navigation/share/vicpinky_navigation/environment/path.dsv
[4.751s] -- Up-to-date: /home/kth/robot_dev/vicpinky_2/install/vicpinky_navigation/share/vicpinky_navigation/local_setup.bash
[4.752s] -- Up-to-date: /home/kth/robot_dev/vicpinky_2/install/vicpinky_navigation/share/vicpinky_navigation/local_setup.sh
[4.752s] -- Up-to-date: /home/kth/robot_dev/vicpinky_2/install/vicpinky_navigation/share/vicpinky_navigation/local_setup.zsh
[4.752s] -- Up-to-date: /home/kth/robot_dev/vicpinky_2/install/vicpinky_navigation/share/vicpinky_navigation/local_setup.dsv
[4.752s] -- Installing: /home/kth/robot_dev/vicpinky_2/install/vicpinky_navigation/share/vicpinky_navigation/package.dsv
[4.752s] -- Up-to-date: /home/kth/robot_dev/vicpinky_2/install/vicpinky_navigation/share/ament_index/resource_index/packages/vicpinky_navigation
[4.752s] -- Up-to-date: /home/kth/robot_dev/vicpinky_2/install/vicpinky_navigation/share/ament_index/resource_index/nav2_core__pluginlib__plugin/vicpinky_navigation
[4.752s] -- Up-to-date: /home/kth/robot_dev/vicpinky_2/install/vicpinky_navigation/share/vicpinky_navigation/cmake/ament_cmake_export_libraries-extras.cmake
[4.752s] -- Up-to-date: /home/kth/robot_dev/vicpinky_2/install/vicpinky_navigation/share/vicpinky_navigation/cmake/ament_cmake_export_dependencies-extras.cmake
[4.752s] -- Up-to-date: /home/kth/robot_dev/vicpinky_2/install/vicpinky_navigation/share/vicpinky_navigation/cmake/vicpinky_navigationConfig.cmake
[4.752s] -- Up-to-date: /home/kth/robot_dev/vicpinky_2/install/vicpinky_navigation/share/vicpinky_navigation/cmake/vicpinky_navigationConfig-version.cmake
[4.752s] -- Up-to-date: /home/kth/robot_dev/vicpinky_2/install/vicpinky_navigation/share/vicpinky_navigation/package.xml
[4.753s] Invoked command in '/home/kth/robot_dev/vicpinky_2/build/vicpinky_navigation' returned '0': CMAKE_PREFIX_PATH=${CMAKE_PREFIX_PATH}:/opt/ros/jazzy DEBUGINFOD_URLS=https://debuginfod.ubuntu.com /usr/bin/cmake --install /home/kth/robot_dev/vicpinky_2/build/vicpinky_navigation
