[0.008s] Invoking command in '/home/kth/robot_dev/vicpinky_ws/build/vicpinky_navigation': DEBUGINFOD_URLS=https://debuginfod.ubuntu.com /usr/bin/cmake /home/kth/robot_dev/vicpinky_ws/src/vic_pinky/vicpinky_navigation -DCMAKE_INSTALL_PREFIX=/home/kth/robot_dev/vicpinky_ws/install/vicpinky_navigation
[0.125s] -- The C compiler identification is GNU 13.3.0
[0.214s] -- The CXX compiler identification is GNU 13.3.0
[0.229s] -- Detecting C compiler ABI info
[0.293s] -- Detecting C compiler ABI info - done
[0.302s] -- Check for working C compiler: /usr/bin/cc - skipped
[0.302s] -- Detecting C compile features
[0.303s] -- Detecting C compile features - done
[0.309s] -- Detecting CXX compiler ABI info
[0.375s] -- Detecting CXX compiler ABI info - done
[0.384s] -- Check for working CXX compiler: /usr/bin/c++ - skipped
[0.384s] -- Detecting CXX compile features
[0.384s] -- Detecting CXX compile features - done
[0.402s] [31mCMake Error at CMakeLists.txt:9 (find_package):
[0.403s]   By not providing "Findament_cmake.cmake" in CMAKE_MODULE_PATH this project
[0.403s]   has asked CMake to find a package configuration file provided by
[0.403s]   "ament_cmake", but CMake did not find one.
[0.403s] 
[0.403s]   Could not find a package configuration file provided by "ament_cmake" with
[0.403s]   any of the following names:
[0.403s] 
[0.403s]     ament_cmakeConfig.cmake
[0.403s]     ament_cmake-config.cmake
[0.403s] 
[0.403s]   Add the installation prefix of "ament_cmake" to CMAKE_PREFIX_PATH or set
[0.403s]   "ament_cmake_DIR" to a directory containing one of the above files.  If
[0.403s]   "ament_cmake" provides a separate development package or SDK, be sure it
[0.403s]   has been installed.
[0.403s] 
[0.403s] [0m
[0.403s] -- Configuring incomplete, errors occurred!
[0.405s] Invoked command in '/home/kth/robot_dev/vicpinky_ws/build/vicpinky_navigation' returned '1': DEBUGINFOD_URLS=https://debuginfod.ubuntu.com /usr/bin/cmake /home/kth/robot_dev/vicpinky_ws/src/vic_pinky/vicpinky_navigation -DCMAKE_INSTALL_PREFIX=/home/kth/robot_dev/vicpinky_ws/install/vicpinky_navigation
