[0.005s] Invoking command in '/home/kth/robot_dev/robot_navigator/build/control_interfaces': DEBUGINFOD_URLS=https://debuginfod.ubuntu.com /usr/bin/cmake /home/kth/robot_dev/robot_navigator/src/control_interfaces -DCMAKE_INSTALL_PREFIX=/home/kth/robot_dev/robot_navigator/install/control_interfaces
[0.042s] -- The C compiler identification is GNU 13.3.0
[0.082s] -- The CXX compiler identification is GNU 13.3.0
[0.093s] -- Detecting C compiler ABI info
[0.150s] -- Detecting C compiler ABI info - done
[0.158s] -- Check for working C compiler: /usr/bin/cc - skipped
[0.158s] -- Detecting C compile features
[0.158s] -- Detecting C compile features - done
[0.164s] -- Detecting CXX compiler ABI info
[0.227s] -- Detecting CXX compiler ABI info - done
[0.235s] -- Check for working CXX compiler: /usr/bin/c++ - skipped
[0.235s] -- Detecting CXX compile features
[0.235s] -- Detecting CXX compile features - done
[0.243s] [31mCMake Error at CMakeLists.txt:9 (find_package):
[0.244s]   By not providing "Findament_cmake.cmake" in CMAKE_MODULE_PATH this project
[0.244s]   has asked CMake to find a package configuration file provided by
[0.244s]   "ament_cmake", but CMake did not find one.
[0.244s] 
[0.244s]   Could not find a package configuration file provided by "ament_cmake" with
[0.244s]   any of the following names:
[0.244s] 
[0.244s]     ament_cmakeConfig.cmake
[0.244s]     ament_cmake-config.cmake
[0.244s] 
[0.244s]   Add the installation prefix of "ament_cmake" to CMAKE_PREFIX_PATH or set
[0.244s]   "ament_cmake_DIR" to a directory containing one of the above files.  If
[0.244s]   "ament_cmake" provides a separate development package or SDK, be sure it
[0.244s]   has been installed.
[0.244s] 
[0.244s] [0m
[0.244s] -- Configuring incomplete, errors occurred!
[0.246s] Invoked command in '/home/kth/robot_dev/robot_navigator/build/control_interfaces' returned '1': DEBUGINFOD_URLS=https://debuginfod.ubuntu.com /usr/bin/cmake /home/kth/robot_dev/robot_navigator/src/control_interfaces -DCMAKE_INSTALL_PREFIX=/home/kth/robot_dev/robot_navigator/install/control_interfaces
