running egg_info
creating ../../build/py_trees_ros_viewer/py_trees_ros_viewer.egg-info
writing ../../build/py_trees_ros_viewer/py_trees_ros_viewer.egg-info/PKG-INFO
writing dependency_links to ../../build/py_trees_ros_viewer/py_trees_ros_viewer.egg-info/dependency_links.txt
writing entry points to ../../build/py_trees_ros_viewer/py_trees_ros_viewer.egg-info/entry_points.txt
writing top-level names to ../../build/py_trees_ros_viewer/py_trees_ros_viewer.egg-info/top_level.txt
writing manifest file '../../build/py_trees_ros_viewer/py_trees_ros_viewer.egg-info/SOURCES.txt'
reading manifest file '../../build/py_trees_ros_viewer/py_trees_ros_viewer.egg-info/SOURCES.txt'
adding license file 'LICENSE'
writing manifest file '../../build/py_trees_ros_viewer/py_trees_ros_viewer.egg-info/SOURCES.txt'
running build
running build_py
creating /home/kth/robot_dev/bt_tutorials/build/py_trees_ros_viewer/build
creating /home/kth/robot_dev/bt_tutorials/build/py_trees_ros_viewer/build/lib
creating /home/kth/robot_dev/bt_tutorials/build/py_trees_ros_viewer/build/lib/py_trees_ros_viewer
copying py_trees_ros_viewer/conversions.py -> /home/kth/robot_dev/bt_tutorials/build/py_trees_ros_viewer/build/lib/py_trees_ros_viewer
copying py_trees_ros_viewer/main_window_ui.py -> /home/kth/robot_dev/bt_tutorials/build/py_trees_ros_viewer/build/lib/py_trees_ros_viewer
copying py_trees_ros_viewer/viewer.py -> /home/kth/robot_dev/bt_tutorials/build/py_trees_ros_viewer/build/lib/py_trees_ros_viewer
copying py_trees_ros_viewer/backend.py -> /home/kth/robot_dev/bt_tutorials/build/py_trees_ros_viewer/build/lib/py_trees_ros_viewer
copying py_trees_ros_viewer/exceptions.py -> /home/kth/robot_dev/bt_tutorials/build/py_trees_ros_viewer/build/lib/py_trees_ros_viewer
copying py_trees_ros_viewer/web_view_ui.py -> /home/kth/robot_dev/bt_tutorials/build/py_trees_ros_viewer/build/lib/py_trees_ros_viewer
copying py_trees_ros_viewer/utilities.py -> /home/kth/robot_dev/bt_tutorials/build/py_trees_ros_viewer/build/lib/py_trees_ros_viewer
copying py_trees_ros_viewer/web_view.py -> /home/kth/robot_dev/bt_tutorials/build/py_trees_ros_viewer/build/lib/py_trees_ros_viewer
copying py_trees_ros_viewer/main_window.py -> /home/kth/robot_dev/bt_tutorials/build/py_trees_ros_viewer/build/lib/py_trees_ros_viewer
copying py_trees_ros_viewer/web_app_rc.py -> /home/kth/robot_dev/bt_tutorials/build/py_trees_ros_viewer/build/lib/py_trees_ros_viewer
copying py_trees_ros_viewer/__init__.py -> /home/kth/robot_dev/bt_tutorials/build/py_trees_ros_viewer/build/lib/py_trees_ros_viewer
copying py_trees_ros_viewer/images_rc.py -> /home/kth/robot_dev/bt_tutorials/build/py_trees_ros_viewer/build/lib/py_trees_ros_viewer
copying py_trees_ros_viewer/console.py -> /home/kth/robot_dev/bt_tutorials/build/py_trees_ros_viewer/build/lib/py_trees_ros_viewer
copying py_trees_ros_viewer/web_view.ui -> /home/kth/robot_dev/bt_tutorials/build/py_trees_ros_viewer/build/lib/py_trees_ros_viewer
copying py_trees_ros_viewer/main_window.ui -> /home/kth/robot_dev/bt_tutorials/build/py_trees_ros_viewer/build/lib/py_trees_ros_viewer
creating /home/kth/robot_dev/bt_tutorials/build/py_trees_ros_viewer/build/lib/py_trees_ros_viewer/html
copying py_trees_ros_viewer/html/index.html -> /home/kth/robot_dev/bt_tutorials/build/py_trees_ros_viewer/build/lib/py_trees_ros_viewer/html
creating /home/kth/robot_dev/bt_tutorials/build/py_trees_ros_viewer/build/lib/py_trees_ros_viewer/images
copying py_trees_ros_viewer/images/tuxrobot.png -> /home/kth/robot_dev/bt_tutorials/build/py_trees_ros_viewer/build/lib/py_trees_ros_viewer/images
running install
running install_lib
creating /home/kth/robot_dev/bt_tutorials/install/py_trees_ros_viewer/lib/python3.12/site-packages/py_trees_ros_viewer
creating /home/kth/robot_dev/bt_tutorials/install/py_trees_ros_viewer/lib/python3.12/site-packages/py_trees_ros_viewer/images
copying /home/kth/robot_dev/bt_tutorials/build/py_trees_ros_viewer/build/lib/py_trees_ros_viewer/images/tuxrobot.png -> /home/kth/robot_dev/bt_tutorials/install/py_trees_ros_viewer/lib/python3.12/site-packages/py_trees_ros_viewer/images
creating /home/kth/robot_dev/bt_tutorials/install/py_trees_ros_viewer/lib/python3.12/site-packages/py_trees_ros_viewer/html
copying /home/kth/robot_dev/bt_tutorials/build/py_trees_ros_viewer/build/lib/py_trees_ros_viewer/html/index.html -> /home/kth/robot_dev/bt_tutorials/install/py_trees_ros_viewer/lib/python3.12/site-packages/py_trees_ros_viewer/html
copying /home/kth/robot_dev/bt_tutorials/build/py_trees_ros_viewer/build/lib/py_trees_ros_viewer/conversions.py -> /home/kth/robot_dev/bt_tutorials/install/py_trees_ros_viewer/lib/python3.12/site-packages/py_trees_ros_viewer
copying /home/kth/robot_dev/bt_tutorials/build/py_trees_ros_viewer/build/lib/py_trees_ros_viewer/main_window_ui.py -> /home/kth/robot_dev/bt_tutorials/install/py_trees_ros_viewer/lib/python3.12/site-packages/py_trees_ros_viewer
copying /home/kth/robot_dev/bt_tutorials/build/py_trees_ros_viewer/build/lib/py_trees_ros_viewer/viewer.py -> /home/kth/robot_dev/bt_tutorials/install/py_trees_ros_viewer/lib/python3.12/site-packages/py_trees_ros_viewer
copying /home/kth/robot_dev/bt_tutorials/build/py_trees_ros_viewer/build/lib/py_trees_ros_viewer/backend.py -> /home/kth/robot_dev/bt_tutorials/install/py_trees_ros_viewer/lib/python3.12/site-packages/py_trees_ros_viewer
copying /home/kth/robot_dev/bt_tutorials/build/py_trees_ros_viewer/build/lib/py_trees_ros_viewer/exceptions.py -> /home/kth/robot_dev/bt_tutorials/install/py_trees_ros_viewer/lib/python3.12/site-packages/py_trees_ros_viewer
copying /home/kth/robot_dev/bt_tutorials/build/py_trees_ros_viewer/build/lib/py_trees_ros_viewer/web_view.ui -> /home/kth/robot_dev/bt_tutorials/install/py_trees_ros_viewer/lib/python3.12/site-packages/py_trees_ros_viewer
copying /home/kth/robot_dev/bt_tutorials/build/py_trees_ros_viewer/build/lib/py_trees_ros_viewer/web_view_ui.py -> /home/kth/robot_dev/bt_tutorials/install/py_trees_ros_viewer/lib/python3.12/site-packages/py_trees_ros_viewer
copying /home/kth/robot_dev/bt_tutorials/build/py_trees_ros_viewer/build/lib/py_trees_ros_viewer/utilities.py -> /home/kth/robot_dev/bt_tutorials/install/py_trees_ros_viewer/lib/python3.12/site-packages/py_trees_ros_viewer
copying /home/kth/robot_dev/bt_tutorials/build/py_trees_ros_viewer/build/lib/py_trees_ros_viewer/web_view.py -> /home/kth/robot_dev/bt_tutorials/install/py_trees_ros_viewer/lib/python3.12/site-packages/py_trees_ros_viewer
copying /home/kth/robot_dev/bt_tutorials/build/py_trees_ros_viewer/build/lib/py_trees_ros_viewer/main_window.py -> /home/kth/robot_dev/bt_tutorials/install/py_trees_ros_viewer/lib/python3.12/site-packages/py_trees_ros_viewer
copying /home/kth/robot_dev/bt_tutorials/build/py_trees_ros_viewer/build/lib/py_trees_ros_viewer/main_window.ui -> /home/kth/robot_dev/bt_tutorials/install/py_trees_ros_viewer/lib/python3.12/site-packages/py_trees_ros_viewer
copying /home/kth/robot_dev/bt_tutorials/build/py_trees_ros_viewer/build/lib/py_trees_ros_viewer/web_app_rc.py -> /home/kth/robot_dev/bt_tutorials/install/py_trees_ros_viewer/lib/python3.12/site-packages/py_trees_ros_viewer
copying /home/kth/robot_dev/bt_tutorials/build/py_trees_ros_viewer/build/lib/py_trees_ros_viewer/__init__.py -> /home/kth/robot_dev/bt_tutorials/install/py_trees_ros_viewer/lib/python3.12/site-packages/py_trees_ros_viewer
copying /home/kth/robot_dev/bt_tutorials/build/py_trees_ros_viewer/build/lib/py_trees_ros_viewer/images_rc.py -> /home/kth/robot_dev/bt_tutorials/install/py_trees_ros_viewer/lib/python3.12/site-packages/py_trees_ros_viewer
copying /home/kth/robot_dev/bt_tutorials/build/py_trees_ros_viewer/build/lib/py_trees_ros_viewer/console.py -> /home/kth/robot_dev/bt_tutorials/install/py_trees_ros_viewer/lib/python3.12/site-packages/py_trees_ros_viewer
byte-compiling /home/kth/robot_dev/bt_tutorials/install/py_trees_ros_viewer/lib/python3.12/site-packages/py_trees_ros_viewer/conversions.py to conversions.cpython-312.pyc
byte-compiling /home/kth/robot_dev/bt_tutorials/install/py_trees_ros_viewer/lib/python3.12/site-packages/py_trees_ros_viewer/main_window_ui.py to main_window_ui.cpython-312.pyc
byte-compiling /home/kth/robot_dev/bt_tutorials/install/py_trees_ros_viewer/lib/python3.12/site-packages/py_trees_ros_viewer/viewer.py to viewer.cpython-312.pyc
byte-compiling /home/kth/robot_dev/bt_tutorials/install/py_trees_ros_viewer/lib/python3.12/site-packages/py_trees_ros_viewer/backend.py to backend.cpython-312.pyc
byte-compiling /home/kth/robot_dev/bt_tutorials/install/py_trees_ros_viewer/lib/python3.12/site-packages/py_trees_ros_viewer/exceptions.py to exceptions.cpython-312.pyc
byte-compiling /home/kth/robot_dev/bt_tutorials/install/py_trees_ros_viewer/lib/python3.12/site-packages/py_trees_ros_viewer/web_view_ui.py to web_view_ui.cpython-312.pyc
byte-compiling /home/kth/robot_dev/bt_tutorials/install/py_trees_ros_viewer/lib/python3.12/site-packages/py_trees_ros_viewer/utilities.py to utilities.cpython-312.pyc
byte-compiling /home/kth/robot_dev/bt_tutorials/install/py_trees_ros_viewer/lib/python3.12/site-packages/py_trees_ros_viewer/web_view.py to web_view.cpython-312.pyc
byte-compiling /home/kth/robot_dev/bt_tutorials/install/py_trees_ros_viewer/lib/python3.12/site-packages/py_trees_ros_viewer/main_window.py to main_window.cpython-312.pyc
byte-compiling /home/kth/robot_dev/bt_tutorials/install/py_trees_ros_viewer/lib/python3.12/site-packages/py_trees_ros_viewer/web_app_rc.py to web_app_rc.cpython-312.pyc
byte-compiling /home/kth/robot_dev/bt_tutorials/install/py_trees_ros_viewer/lib/python3.12/site-packages/py_trees_ros_viewer/__init__.py to __init__.cpython-312.pyc
byte-compiling /home/kth/robot_dev/bt_tutorials/install/py_trees_ros_viewer/lib/python3.12/site-packages/py_trees_ros_viewer/images_rc.py to images_rc.cpython-312.pyc
byte-compiling /home/kth/robot_dev/bt_tutorials/install/py_trees_ros_viewer/lib/python3.12/site-packages/py_trees_ros_viewer/console.py to console.cpython-312.pyc
running install_data
copying package.xml -> /home/kth/robot_dev/bt_tutorials/install/py_trees_ros_viewer/share/py_trees_ros_viewer
running install_egg_info
Copying ../../build/py_trees_ros_viewer/py_trees_ros_viewer.egg-info to /home/kth/robot_dev/bt_tutorials/install/py_trees_ros_viewer/lib/python3.12/site-packages/py_trees_ros_viewer-0.2.5-py3.12.egg-info
running install_scripts
Installing py-trees-tree-viewer script to /home/kth/robot_dev/bt_tutorials/install/py_trees_ros_viewer/bin
writing list of installed files to '/home/kth/robot_dev/bt_tutorials/build/py_trees_ros_viewer/install.log'
