[ 50%] [32mBuilding CXX object CMakeFiles/graph_planner.dir/src/graph_planner.cpp.o[0m
[01m[K/home/kth/robot_dev/vicpinky_2/src/vic_pinky/vicpinky_navigation/src/graph_planner.cpp:[m[K In member function ‘[01m[Kvirtual void graph_planner::GraphPlanner::[01;32m[Kconfigure[m[K(const rclcpp_lifecycle::LifecycleNode::WeakPtr&, std::string, std::shared_ptr<tf2_ros::Buffer>, std::shared_ptr<nav2_costmap_2d::Costmap2DROS>)[m[K’:
[01m[K/home/kth/robot_dev/vicpinky_2/src/vic_pinky/vicpinky_navigation/src/graph_planner.cpp:53:22:[m[K [01;31m[Kerror: [m[K‘[01m[KDynamicGraphPlanner[m[K’ has not been declared
   53 |           std::bind(&[01;31m[KDynamicGraphPlanner[m[K::scanCallback, this, std::placeholders::_1));
      |                      [01;31m[K^~~~~~~~~~~~~~~~~~~[m[K
[01m[K/home/kth/robot_dev/vicpinky_2/src/vic_pinky/vicpinky_navigation/src/graph_planner.cpp:42:19:[m[K [01;35m[Kwarning: [m[Kunused parameter ‘[01m[Kname[m[K’ [[01;35m[K]8;;https://gcc.gnu.org/onlinedocs/gcc/Warning-Options.html#index-Wunused-parameter-Wunused-parameter]8;;[m[K]
   42 |       [01;35m[Kstd::string name[m[K,
      |       [01;35m[K~~~~~~~~~~~~^~~~[m[K
[01m[K/home/kth/robot_dev/vicpinky_2/src/vic_pinky/vicpinky_navigation/src/graph_planner.cpp:[m[K In lambda function:
[01m[K/home/kth/robot_dev/vicpinky_2/src/vic_pinky/vicpinky_navigation/src/graph_planner.cpp:389:59:[m[K [01;35m[Kwarning: [m[Kmissing initializer for member ‘[01m[Kgraph_planner::Node::is_blocked[m[K’ [[01;35m[K]8;;https://gcc.gnu.org/onlinedocs/gcc/Warning-Options.html#index-Wmissing-field-initializers-Wmissing-field-initializers]8;;[m[K]
  389 |       navigation_nodes_[key] = {x, y, key, neighbors, cost[01;35m[K}[m[K;
      |                                                           [01;35m[K^[m[K
In file included from [01m[K/opt/ros/jazzy/include/class_loader/class_loader/class_loader_core.hpp:58[m[K,
                 from [01m[K/opt/ros/jazzy/include/class_loader/class_loader/class_loader.hpp:55[m[K,
                 from [01m[K/opt/ros/jazzy/include/class_loader/class_loader/multi_library_class_loader.hpp:52[m[K,
                 from [01m[K/opt/ros/jazzy/include/pluginlib/pluginlib/class_loader.hpp:38[m[K,
                 from [01m[K/opt/ros/jazzy/include/nav2_costmap_2d/nav2_costmap_2d/costmap_2d_ros.hpp:56[m[K,
                 from [01m[K/home/kth/robot_dev/vicpinky_2/src/vic_pinky/vicpinky_navigation/src/graph_planner.cpp:18[m[K:
/opt/ros/jazzy/include/class_loader/class_loader/meta_object.hpp: In instantiation of ‘[01m[KB* class_loader::impl::MetaObject<C, B>::[01;32m[Kcreate[m[K() const [35m[K[with C = graph_planner::GraphPlanner; B = nav2_core::GlobalPlanner][m[K[m[K’:
[01m[K/opt/ros/jazzy/include/class_loader/class_loader/meta_object.hpp:216:7:[m[K   required from here
[01m[K/opt/ros/jazzy/include/class_loader/class_loader/meta_object.hpp:218:12:[m[K [01;31m[Kerror: [m[Kinvalid new-expression of abstract class type ‘[01m[Kgraph_planner::GraphPlanner[m[K’
  218 |     return [01;31m[Knew C[m[K;
      |            [01;31m[K^~~~~[m[K
[01m[K/home/kth/robot_dev/vicpinky_2/src/vic_pinky/vicpinky_navigation/src/graph_planner.cpp:34:7:[m[K [01;36m[Knote: [m[K  because the following virtual functions are pure within ‘[01m[Kgraph_planner::GraphPlanner[m[K’:
   34 | class [01;36m[KGraphPlanner[m[K : public nav2_core::GlobalPlanner
      |       [01;36m[K^~~~~~~~~~~~[m[K
In file included from [01m[K/home/kth/robot_dev/vicpinky_2/src/vic_pinky/vicpinky_navigation/src/graph_planner.cpp:19[m[K:
[01m[K/opt/ros/jazzy/include/nav2_core/global_planner.hpp:58:16:[m[K [01;36m[Knote: [m[K    ‘[01m[Kvirtual void nav2_core::GlobalPlanner::[01;32m[Kcleanup[m[K()[m[K’
   58 |   virtual void [01;36m[Kcleanup[m[K() = 0;
      |                [01;36m[K^~~~~~~[m[K
[01m[K/opt/ros/jazzy/include/nav2_core/global_planner.hpp:63:16:[m[K [01;36m[Knote: [m[K    ‘[01m[Kvirtual void nav2_core::GlobalPlanner::[01;32m[Kactivate[m[K()[m[K’
   63 |   virtual void [01;36m[Kactivate[m[K() = 0;
      |                [01;36m[K^~~~~~~~[m[K
[01m[K/opt/ros/jazzy/include/nav2_core/global_planner.hpp:68:16:[m[K [01;36m[Knote: [m[K    ‘[01m[Kvirtual void nav2_core::GlobalPlanner::[01;32m[Kdeactivate[m[K()[m[K’
   68 |   virtual void [01;36m[Kdeactivate[m[K() = 0;
      |                [01;36m[K^~~~~~~~~~[m[K
gmake[2]: *** [CMakeFiles/graph_planner.dir/build.make:76: CMakeFiles/graph_planner.dir/src/graph_planner.cpp.o] Error 1
gmake[1]: *** [CMakeFiles/Makefile2:137: CMakeFiles/graph_planner.dir/all] Error 2
gmake: *** [Makefile:146: all] Error 2
