[0.000000] (-) TimerEvent: {}
[0.000149] (my_opencv_tutorials) JobQueued: {'identifier': 'my_opencv_tutorials', 'dependencies': OrderedDict()}
[0.000181] (my_opencv_tutorials) JobStarted: {'identifier': 'my_opencv_tutorials'}
[0.099571] (-) TimerEvent: {}
[0.199756] (-) TimerEvent: {}
[0.299966] (-) TimerEvent: {}
[0.400166] (-) TimerEvent: {}
[0.500367] (-) TimerEvent: {}
[0.600563] (-) TimerEvent: {}
[0.655252] (my_opencv_tutorials) Command: {'cmd': ['/usr/bin/python3', '-W', 'ignore:setup.py install is deprecated', '-W', 'ignore:easy_install command is deprecated', 'setup.py', 'egg_info', '--egg-base', '../../build/my_opencv_tutorials', 'build', '--build-base', '/home/kth/robot_dev/my_opencv_tutorials/build/my_opencv_tutorials/build', 'install', '--record', '/home/kth/robot_dev/my_opencv_tutorials/build/my_opencv_tutorials/install.log', '--single-version-externally-managed', 'install_data'], 'cwd': '/home/kth/robot_dev/my_opencv_tutorials/src/my_opencv_tutorials', 'env': {'GJS_DEBUG_TOPICS': 'JS ERROR;JS LOG', 'XDG_ACTIVATION_TOKEN': 'gnome-shell/Terminator/3408-3-kth-GP75-Leopard-10SEK_TIME9556974', 'CONDA_PROMPT_MODIFIER': 'false', 'USER': 'kth', 'XDG_SESSION_TYPE': 'x11', 'CLUTTER_DISABLE_MIPMAPPED_TEXT': '1', 'POWERLINE_COMMAND': 'oh-my-posh', 'SHLVL': '1', 'LD_LIBRARY_PATH': '/opt/ros/jazzy/opt/rviz_ogre_vendor/lib:/opt/ros/jazzy/lib/x86_64-linux-gnu:/opt/ros/jazzy/opt/gz_math_vendor/lib:/opt/ros/jazzy/opt/gz_utils_vendor/lib:/opt/ros/jazzy/opt/gz_cmake_vendor/lib:/opt/ros/jazzy/lib', 'HOME': '/home/kth', 'DESKTOP_SESSION': 'ubuntu', 'GIO_LAUNCHED_DESKTOP_FILE': '/usr/share/applications/terminator.desktop', 'ROS_PYTHON_VERSION': '3', 'GNOME_SHELL_SESSION_MODE': 'ubuntu', 'GTK_MODULES': 'gail:atk-bridge', 'MANAGERPID': '2913', 'SYSTEMD_EXEC_PID': '3408', 'GSM_SKIP_SSH_AGENT_WORKAROUND': 'true', 'DBUS_SESSION_BUS_ADDRESS': 'unix:path=/run/user/1000/bus', 'GIO_LAUNCHED_DESKTOP_FILE_PID': '48560', 'LIBVIRT_DEFAULT_URI': 'qemu:///system', 'COLORTERM': 'truecolor', 'TERMINATOR_DBUS_NAME': 'net.tenshu.Terminator23558193cd9818af7fe4d2c2f5bd9d00f', 'DEBUGINFOD_URLS': 'https://debuginfod.ubuntu.com', 'COLCON_PREFIX_PATH': '/home/kth/robot_dev/my_opencv_tutorials/install', 'ROS_DISTRO': 'jazzy', 'LOGNAME': 'kth', 'JOURNAL_STREAM': '9:20048', 'POSH_SESSION_ID': '4e938d1e-c40f-4dd5-b583-80821a70cebd', 'MEMORY_PRESSURE_WATCH': '/sys/fs/cgroup/user.slice/user-1000.slice/user@1000.service/session.slice/org.gnome.Shell@x11.service/memory.pressure', 'ROS_VERSION': '2', 'XDG_SESSION_CLASS': 'user', 'TERM': 'xterm-256color', 'USERNAME': 'kth', 'GNOME_DESKTOP_SESSION_ID': 'this-is-deprecated', 'POSH_SHELL_VERSION': '3.7.0', 'WINDOWPATH': '2', 'PATH': '/home/kth/venv/ros_venv/bin:/opt/ros/jazzy/bin:/home/kth/.local/bin:/usr/local/sbin:/usr/local/bin:/usr/sbin:/usr/bin:/sbin:/bin:/usr/games:/usr/local/games:/snap/bin:/snap/bin', 'SESSION_MANAGER': 'local/kth-GP75-Leopard-10SEK:@/tmp/.ICE-unix/3376,unix/kth-GP75-Leopard-10SEK:/tmp/.ICE-unix/3376', 'INVOCATION_ID': '069ab3349be54195ab0b87ca77100a29', 'XDG_RUNTIME_DIR': '/run/user/1000', 'XDG_MENU_PREFIX': 'gnome-', 'DISPLAY': ':1', 'LANG': 'en_US.UTF-8', 'XDG_CURRENT_DESKTOP': 'ubuntu:GNOME', 'TERMINATOR_DBUS_PATH': '/net/tenshu/Terminator2', 'XAUTHORITY': '/run/user/1000/gdm/Xauthority', 'XMODIFIERS': '@im=ibus', 'XDG_SESSION_DESKTOP': 'ubuntu', 'SSH_AUTH_SOCK': '/run/user/1000/keyring/ssh', 'AMENT_PREFIX_PATH': '/home/kth/robot_dev/my_opencv_tutorials/install/my_opencv_tutorials:/opt/ros/jazzy', 'ROS_DOMAIN_ID': '22', 'TERMINATOR_UUID': 'urn:uuid:6f30b804-c0d0-473e-85a6-9d08c2f14d8c', 'SHELL': '/usr/bin/fish', 'QT_ACCESSIBILITY': '1', 'GDMSESSION': 'ubuntu', 'GPG_AGENT_INFO': '/run/user/1000/gnupg/S.gpg-agent:0:1', 'GJS_DEBUG_OUTPUT': 'stderr', 'VIRTUAL_ENV': '/home/kth/venv/ros_venv', 'POSH_THEME': '/home/kth/.poshthemes/sonicboom_light.omp.json', 'ROS_AUTOMATIC_DISCOVERY_RANGE': 'SUBNET', 'QT_IM_MODULE': 'ibus', 'PWD': '/home/kth/robot_dev/my_opencv_tutorials/build/my_opencv_tutorials', 'LC_ALL': 'en_US.UTF-8', '_OLD_VIRTUAL_PATH': '/opt/ros/jazzy/bin:/home/kth/.local/bin:/usr/local/sbin:/usr/local/bin:/usr/sbin:/usr/bin:/sbin:/bin:/usr/games:/usr/local/games:/snap/bin:/snap/bin', 'XDG_DATA_DIRS': '/usr/share/ubuntu:/usr/share/gnome:/home/kth/.local/share/flatpak/exports/share:/var/lib/flatpak/exports/share:/usr/local/share/:/usr/share/:/var/lib/snapd/desktop', 'XDG_CONFIG_DIRS': '/etc/xdg/xdg-ubuntu:/etc/xdg', 'PYTHONPATH': '/home/kth/robot_dev/my_opencv_tutorials/build/my_opencv_tutorials/prefix_override:/usr/lib/python3/dist-packages/colcon_core/task/python/colcon_distutils_commands:/home/kth/robot_dev/my_opencv_tutorials/install/my_opencv_tutorials/lib/python3.12/site-packages:/home/kth/robot_dev/my_opencv_tutorials/install/my_opencv_tutorials/lib/python3.12/site-packages:/opt/ros/jazzy/lib/python3.12/site-packages', 'COLCON': '1', 'POSH_SHELL': 'fish', 'VTE_VERSION': '7600', 'MEMORY_PRESSURE_WRITE': 'c29tZSAyMDAwMDAgMjAwMDAwMAA=', 'CMAKE_PREFIX_PATH': '/opt/ros/jazzy/opt/gz_math_vendor:/opt/ros/jazzy/opt/gz_utils_vendor:/opt/ros/jazzy/opt/gz_cmake_vendor'}, 'shell': False}
[0.700673] (-) TimerEvent: {}
[0.800872] (-) TimerEvent: {}
[0.872326] (my_opencv_tutorials) StdoutLine: {'line': b'running egg_info\n'}
[0.888547] (my_opencv_tutorials) StdoutLine: {'line': b'writing ../../build/my_opencv_tutorials/my_opencv_tutorials.egg-info/PKG-INFO\n'}
[0.888783] (my_opencv_tutorials) StdoutLine: {'line': b'writing dependency_links to ../../build/my_opencv_tutorials/my_opencv_tutorials.egg-info/dependency_links.txt\n'}
[0.889100] (my_opencv_tutorials) StdoutLine: {'line': b'writing entry points to ../../build/my_opencv_tutorials/my_opencv_tutorials.egg-info/entry_points.txt\n'}
[0.889268] (my_opencv_tutorials) StdoutLine: {'line': b'writing requirements to ../../build/my_opencv_tutorials/my_opencv_tutorials.egg-info/requires.txt\n'}
[0.889387] (my_opencv_tutorials) StdoutLine: {'line': b'writing top-level names to ../../build/my_opencv_tutorials/my_opencv_tutorials.egg-info/top_level.txt\n'}
[0.900960] (-) TimerEvent: {}
[0.924892] (my_opencv_tutorials) StdoutLine: {'line': b"reading manifest file '../../build/my_opencv_tutorials/my_opencv_tutorials.egg-info/SOURCES.txt'\n"}
[0.925653] (my_opencv_tutorials) StdoutLine: {'line': b"writing manifest file '../../build/my_opencv_tutorials/my_opencv_tutorials.egg-info/SOURCES.txt'\n"}
[0.925900] (my_opencv_tutorials) StdoutLine: {'line': b'running build\n'}
[0.925992] (my_opencv_tutorials) StdoutLine: {'line': b'running build_py\n'}
[0.926167] (my_opencv_tutorials) StdoutLine: {'line': b'copying my_opencv_tutorials/cartoon.py -> /home/kth/robot_dev/my_opencv_tutorials/build/my_opencv_tutorials/build/lib/my_opencv_tutorials\n'}
[0.926372] (my_opencv_tutorials) StdoutLine: {'line': b'running install\n'}
[0.931346] (my_opencv_tutorials) StdoutLine: {'line': b'running install_lib\n'}
[0.948290] (my_opencv_tutorials) StdoutLine: {'line': b'copying /home/kth/robot_dev/my_opencv_tutorials/build/my_opencv_tutorials/build/lib/my_opencv_tutorials/cartoon.py -> /home/kth/robot_dev/my_opencv_tutorials/install/my_opencv_tutorials/lib/python3.12/site-packages/my_opencv_tutorials\n'}
[0.948775] (my_opencv_tutorials) StdoutLine: {'line': b'byte-compiling /home/kth/robot_dev/my_opencv_tutorials/install/my_opencv_tutorials/lib/python3.12/site-packages/my_opencv_tutorials/cartoon.py to cartoon.cpython-312.pyc\n'}
[0.949481] (my_opencv_tutorials) StdoutLine: {'line': b'running install_data\n'}
[0.949721] (my_opencv_tutorials) StdoutLine: {'line': b'copying launch/cartoon_styler.launch.xml -> /home/kth/robot_dev/my_opencv_tutorials/install/my_opencv_tutorials/share/my_opencv_tutorials/launch\n'}
[0.949972] (my_opencv_tutorials) StdoutLine: {'line': b'copying config/cv_params.yaml -> /home/kth/robot_dev/my_opencv_tutorials/install/my_opencv_tutorials/share/my_opencv_tutorials/config\n'}
[0.950131] (my_opencv_tutorials) StdoutLine: {'line': b'running install_egg_info\n'}
[0.967922] (my_opencv_tutorials) StdoutLine: {'line': b"removing '/home/kth/robot_dev/my_opencv_tutorials/install/my_opencv_tutorials/lib/python3.12/site-packages/my_opencv_tutorials-0.0.0-py3.12.egg-info' (and everything under it)\n"}
[0.968167] (my_opencv_tutorials) StdoutLine: {'line': b'Copying ../../build/my_opencv_tutorials/my_opencv_tutorials.egg-info to /home/kth/robot_dev/my_opencv_tutorials/install/my_opencv_tutorials/lib/python3.12/site-packages/my_opencv_tutorials-0.0.0-py3.12.egg-info\n'}
[0.968867] (my_opencv_tutorials) StdoutLine: {'line': b'running install_scripts\n'}
[1.001082] (-) TimerEvent: {}
[1.076480] (my_opencv_tutorials) StdoutLine: {'line': b'Installing cartoon script to /home/kth/robot_dev/my_opencv_tutorials/install/my_opencv_tutorials/lib/my_opencv_tutorials\n'}
[1.076787] (my_opencv_tutorials) StdoutLine: {'line': b'Installing convert_hsv script to /home/kth/robot_dev/my_opencv_tutorials/install/my_opencv_tutorials/lib/my_opencv_tutorials\n'}
[1.077004] (my_opencv_tutorials) StdoutLine: {'line': b'Installing edge_detect script to /home/kth/robot_dev/my_opencv_tutorials/install/my_opencv_tutorials/lib/my_opencv_tutorials\n'}
[1.077094] (my_opencv_tutorials) StdoutLine: {'line': b'Installing img_pub script to /home/kth/robot_dev/my_opencv_tutorials/install/my_opencv_tutorials/lib/my_opencv_tutorials\n'}
[1.077299] (my_opencv_tutorials) StdoutLine: {'line': b"writing list of installed files to '/home/kth/robot_dev/my_opencv_tutorials/build/my_opencv_tutorials/install.log'\n"}
[1.093890] (my_opencv_tutorials) CommandEnded: {'returncode': 0}
[1.100714] (my_opencv_tutorials) JobEnded: {'identifier': 'my_opencv_tutorials', 'rc': 0}
[1.101403] (-) TimerEvent: {}
[1.101461] (-) EventReactorShutdown: {}
