running egg_info
creating ../../build/my_tf/my_tf.egg-info
writing ../../build/my_tf/my_tf.egg-info/PKG-INFO
writing dependency_links to ../../build/my_tf/my_tf.egg-info/dependency_links.txt
writing entry points to ../../build/my_tf/my_tf.egg-info/entry_points.txt
writing requirements to ../../build/my_tf/my_tf.egg-info/requires.txt
writing top-level names to ../../build/my_tf/my_tf.egg-info/top_level.txt
writing manifest file '../../build/my_tf/my_tf.egg-info/SOURCES.txt'
reading manifest file '../../build/my_tf/my_tf.egg-info/SOURCES.txt'
writing manifest file '../../build/my_tf/my_tf.egg-info/SOURCES.txt'
running build
running build_py
creating /home/kth/robot_dev/my_tf_tutorials/build/my_tf/build
creating /home/kth/robot_dev/my_tf_tutorials/build/my_tf/build/lib
creating /home/kth/robot_dev/my_tf_tutorials/build/my_tf/build/lib/my_tf
copying my_tf/__init__.py -> /home/kth/robot_dev/my_tf_tutorials/build/my_tf/build/lib/my_tf
copying my_tf/my_tf_1.py -> /home/kth/robot_dev/my_tf_tutorials/build/my_tf/build/lib/my_tf
running install
running install_lib
creating /home/kth/robot_dev/my_tf_tutorials/install/my_tf/lib/python3.12/site-packages/my_tf
copying /home/kth/robot_dev/my_tf_tutorials/build/my_tf/build/lib/my_tf/__init__.py -> /home/kth/robot_dev/my_tf_tutorials/install/my_tf/lib/python3.12/site-packages/my_tf
copying /home/kth/robot_dev/my_tf_tutorials/build/my_tf/build/lib/my_tf/my_tf_1.py -> /home/kth/robot_dev/my_tf_tutorials/install/my_tf/lib/python3.12/site-packages/my_tf
byte-compiling /home/kth/robot_dev/my_tf_tutorials/install/my_tf/lib/python3.12/site-packages/my_tf/__init__.py to __init__.cpython-312.pyc
byte-compiling /home/kth/robot_dev/my_tf_tutorials/install/my_tf/lib/python3.12/site-packages/my_tf/my_tf_1.py to my_tf_1.cpython-312.pyc
running install_data
creating /home/kth/robot_dev/my_tf_tutorials/install/my_tf/share/ament_index
creating /home/kth/robot_dev/my_tf_tutorials/install/my_tf/share/ament_index/resource_index
creating /home/kth/robot_dev/my_tf_tutorials/install/my_tf/share/ament_index/resource_index/packages
copying resource/my_tf -> /home/kth/robot_dev/my_tf_tutorials/install/my_tf/share/ament_index/resource_index/packages
copying package.xml -> /home/kth/robot_dev/my_tf_tutorials/install/my_tf/share/my_tf
running install_egg_info
Copying ../../build/my_tf/my_tf.egg-info to /home/kth/robot_dev/my_tf_tutorials/install/my_tf/lib/python3.12/site-packages/my_tf-0.0.0-py3.12.egg-info
running install_scripts
Installing my_tf_1 script to /home/kth/robot_dev/my_tf_tutorials/install/my_tf/lib/my_tf
writing list of installed files to '/home/kth/robot_dev/my_tf_tutorials/build/my_tf/install.log'
