[0.671s] Invoking command in '/home/kth/robot_dev/my_tf_tutorials/src/my_tf': DEBUGINFOD_URLS=https://debuginfod.ubuntu.com PYTHONPATH=/home/kth/robot_dev/my_tf_tutorials/build/my_tf/prefix_override:/usr/lib/python3/dist-packages/colcon_core/task/python/colcon_distutils_commands:/home/kth/robot_dev/my_tf_tutorials/install/my_tf/lib/python3.12/site-packages:${PYTHONPATH} /usr/bin/python3 -W ignore:setup.py install is deprecated -W ignore:easy_install command is deprecated setup.py egg_info --egg-base ../../build/my_tf build --build-base /home/kth/robot_dev/my_tf_tutorials/build/my_tf/build install --record /home/kth/robot_dev/my_tf_tutorials/build/my_tf/install.log --single-version-externally-managed install_data
[0.899s] running egg_info
[0.899s] creating ../../build/my_tf/my_tf.egg-info
[0.918s] writing ../../build/my_tf/my_tf.egg-info/PKG-INFO
[0.918s] writing dependency_links to ../../build/my_tf/my_tf.egg-info/dependency_links.txt
[0.918s] writing entry points to ../../build/my_tf/my_tf.egg-info/entry_points.txt
[0.918s] writing requirements to ../../build/my_tf/my_tf.egg-info/requires.txt
[0.918s] writing top-level names to ../../build/my_tf/my_tf.egg-info/top_level.txt
[0.918s] writing manifest file '../../build/my_tf/my_tf.egg-info/SOURCES.txt'
[0.954s] reading manifest file '../../build/my_tf/my_tf.egg-info/SOURCES.txt'
[0.955s] writing manifest file '../../build/my_tf/my_tf.egg-info/SOURCES.txt'
[0.955s] running build
[0.955s] running build_py
[0.955s] creating /home/kth/robot_dev/my_tf_tutorials/build/my_tf/build
[0.955s] creating /home/kth/robot_dev/my_tf_tutorials/build/my_tf/build/lib
[0.955s] creating /home/kth/robot_dev/my_tf_tutorials/build/my_tf/build/lib/my_tf
[0.955s] copying my_tf/__init__.py -> /home/kth/robot_dev/my_tf_tutorials/build/my_tf/build/lib/my_tf
[0.955s] copying my_tf/my_tf_1.py -> /home/kth/robot_dev/my_tf_tutorials/build/my_tf/build/lib/my_tf
[0.955s] running install
[0.960s] running install_lib
[0.979s] creating /home/kth/robot_dev/my_tf_tutorials/install/my_tf/lib/python3.12/site-packages/my_tf
[0.979s] copying /home/kth/robot_dev/my_tf_tutorials/build/my_tf/build/lib/my_tf/__init__.py -> /home/kth/robot_dev/my_tf_tutorials/install/my_tf/lib/python3.12/site-packages/my_tf
[0.979s] copying /home/kth/robot_dev/my_tf_tutorials/build/my_tf/build/lib/my_tf/my_tf_1.py -> /home/kth/robot_dev/my_tf_tutorials/install/my_tf/lib/python3.12/site-packages/my_tf
[0.980s] byte-compiling /home/kth/robot_dev/my_tf_tutorials/install/my_tf/lib/python3.12/site-packages/my_tf/__init__.py to __init__.cpython-312.pyc
[0.980s] byte-compiling /home/kth/robot_dev/my_tf_tutorials/install/my_tf/lib/python3.12/site-packages/my_tf/my_tf_1.py to my_tf_1.cpython-312.pyc
[0.981s] running install_data
[0.981s] creating /home/kth/robot_dev/my_tf_tutorials/install/my_tf/share/ament_index
[0.981s] creating /home/kth/robot_dev/my_tf_tutorials/install/my_tf/share/ament_index/resource_index
[0.981s] creating /home/kth/robot_dev/my_tf_tutorials/install/my_tf/share/ament_index/resource_index/packages
[0.981s] copying resource/my_tf -> /home/kth/robot_dev/my_tf_tutorials/install/my_tf/share/ament_index/resource_index/packages
[0.982s] copying package.xml -> /home/kth/robot_dev/my_tf_tutorials/install/my_tf/share/my_tf
[0.982s] running install_egg_info
[1.001s] Copying ../../build/my_tf/my_tf.egg-info to /home/kth/robot_dev/my_tf_tutorials/install/my_tf/lib/python3.12/site-packages/my_tf-0.0.0-py3.12.egg-info
[1.002s] running install_scripts
[1.117s] Installing my_tf_1 script to /home/kth/robot_dev/my_tf_tutorials/install/my_tf/lib/my_tf
[1.117s] writing list of installed files to '/home/kth/robot_dev/my_tf_tutorials/build/my_tf/install.log'
[1.137s] Invoked command in '/home/kth/robot_dev/my_tf_tutorials/src/my_tf' returned '0': DEBUGINFOD_URLS=https://debuginfod.ubuntu.com PYTHONPATH=/home/kth/robot_dev/my_tf_tutorials/build/my_tf/prefix_override:/usr/lib/python3/dist-packages/colcon_core/task/python/colcon_distutils_commands:/home/kth/robot_dev/my_tf_tutorials/install/my_tf/lib/python3.12/site-packages:${PYTHONPATH} /usr/bin/python3 -W ignore:setup.py install is deprecated -W ignore:easy_install command is deprecated setup.py egg_info --egg-base ../../build/my_tf build --build-base /home/kth/robot_dev/my_tf_tutorials/build/my_tf/build install --record /home/kth/robot_dev/my_tf_tutorials/build/my_tf/install.log --single-version-externally-managed install_data
