[0.720s] Invoking command in '/home/kth/robot_dev/my_tf_tutorials/src/my_tf': DEBUGINFOD_URLS=https://debuginfod.ubuntu.com PYTHONPATH=/home/kth/robot_dev/my_tf_tutorials/build/my_tf/prefix_override:/usr/lib/python3/dist-packages/colcon_core/task/python/colcon_distutils_commands:/home/kth/robot_dev/my_tf_tutorials/install/my_tf/lib/python3.12/site-packages:${PYTHONPATH} /usr/bin/python3 -W ignore:setup.py install is deprecated -W ignore:easy_install command is deprecated setup.py egg_info --egg-base ../../build/my_tf build --build-base /home/kth/robot_dev/my_tf_tutorials/build/my_tf/build install --record /home/kth/robot_dev/my_tf_tutorials/build/my_tf/install.log --single-version-externally-managed install_data
[0.961s] running egg_info
[0.980s] writing ../../build/my_tf/my_tf.egg-info/PKG-INFO
[0.981s] writing dependency_links to ../../build/my_tf/my_tf.egg-info/dependency_links.txt
[0.981s] writing entry points to ../../build/my_tf/my_tf.egg-info/entry_points.txt
[0.981s] writing requirements to ../../build/my_tf/my_tf.egg-info/requires.txt
[0.981s] writing top-level names to ../../build/my_tf/my_tf.egg-info/top_level.txt
[1.020s] reading manifest file '../../build/my_tf/my_tf.egg-info/SOURCES.txt'
[1.020s] writing manifest file '../../build/my_tf/my_tf.egg-info/SOURCES.txt'
[1.020s] running build
[1.021s] running build_py
[1.021s] copying my_tf/frame_trail_publisher_nav_2.py -> /home/kth/robot_dev/my_tf_tutorials/build/my_tf/build/lib/my_tf
[1.021s] copying my_tf/frame_trail_publisher_nav_3.py -> /home/kth/robot_dev/my_tf_tutorials/build/my_tf/build/lib/my_tf
[1.021s] copying my_tf/frame_trail_publisher_marker.py -> /home/kth/robot_dev/my_tf_tutorials/build/my_tf/build/lib/my_tf
[1.021s] copying my_tf/frame_trail_publisher_nav.py -> /home/kth/robot_dev/my_tf_tutorials/build/my_tf/build/lib/my_tf
[1.021s] copying my_tf/frame_trail_publisher_marker_2.py -> /home/kth/robot_dev/my_tf_tutorials/build/my_tf/build/lib/my_tf
[1.021s] running install
[1.027s] running install_lib
[1.047s] copying /home/kth/robot_dev/my_tf_tutorials/build/my_tf/build/lib/my_tf/frame_trail_publisher_nav_2.py -> /home/kth/robot_dev/my_tf_tutorials/install/my_tf/lib/python3.12/site-packages/my_tf
[1.047s] copying /home/kth/robot_dev/my_tf_tutorials/build/my_tf/build/lib/my_tf/frame_trail_publisher_nav_3.py -> /home/kth/robot_dev/my_tf_tutorials/install/my_tf/lib/python3.12/site-packages/my_tf
[1.047s] copying /home/kth/robot_dev/my_tf_tutorials/build/my_tf/build/lib/my_tf/frame_trail_publisher_marker.py -> /home/kth/robot_dev/my_tf_tutorials/install/my_tf/lib/python3.12/site-packages/my_tf
[1.047s] copying /home/kth/robot_dev/my_tf_tutorials/build/my_tf/build/lib/my_tf/frame_trail_publisher_nav.py -> /home/kth/robot_dev/my_tf_tutorials/install/my_tf/lib/python3.12/site-packages/my_tf
[1.047s] copying /home/kth/robot_dev/my_tf_tutorials/build/my_tf/build/lib/my_tf/frame_trail_publisher_marker_2.py -> /home/kth/robot_dev/my_tf_tutorials/install/my_tf/lib/python3.12/site-packages/my_tf
[1.047s] byte-compiling /home/kth/robot_dev/my_tf_tutorials/install/my_tf/lib/python3.12/site-packages/my_tf/frame_trail_publisher_nav_2.py to frame_trail_publisher_nav_2.cpython-312.pyc
[1.048s] byte-compiling /home/kth/robot_dev/my_tf_tutorials/install/my_tf/lib/python3.12/site-packages/my_tf/frame_trail_publisher_nav_3.py to frame_trail_publisher_nav_3.cpython-312.pyc
[1.049s] byte-compiling /home/kth/robot_dev/my_tf_tutorials/install/my_tf/lib/python3.12/site-packages/my_tf/frame_trail_publisher_marker.py to frame_trail_publisher_marker.cpython-312.pyc
[1.049s] byte-compiling /home/kth/robot_dev/my_tf_tutorials/install/my_tf/lib/python3.12/site-packages/my_tf/frame_trail_publisher_nav.py to frame_trail_publisher_nav.cpython-312.pyc
[1.050s] byte-compiling /home/kth/robot_dev/my_tf_tutorials/install/my_tf/lib/python3.12/site-packages/my_tf/frame_trail_publisher_marker_2.py to frame_trail_publisher_marker_2.cpython-312.pyc
[1.050s] running install_data
[1.051s] running install_egg_info
[1.070s] removing '/home/kth/robot_dev/my_tf_tutorials/install/my_tf/lib/python3.12/site-packages/my_tf-0.0.0-py3.12.egg-info' (and everything under it)
[1.070s] Copying ../../build/my_tf/my_tf.egg-info to /home/kth/robot_dev/my_tf_tutorials/install/my_tf/lib/python3.12/site-packages/my_tf-0.0.0-py3.12.egg-info
[1.071s] running install_scripts
[1.190s] Installing child_frame script to /home/kth/robot_dev/my_tf_tutorials/install/my_tf/lib/my_tf
[1.190s] Installing combined_frame script to /home/kth/robot_dev/my_tf_tutorials/install/my_tf/lib/my_tf
[1.190s] Installing distance_world_child_publisher script to /home/kth/robot_dev/my_tf_tutorials/install/my_tf/lib/my_tf
[1.191s] Installing frame_trail_publisher_marker script to /home/kth/robot_dev/my_tf_tutorials/install/my_tf/lib/my_tf
[1.191s] Installing frame_trail_publisher_marker_2 script to /home/kth/robot_dev/my_tf_tutorials/install/my_tf/lib/my_tf
[1.191s] Installing frame_trail_publisher_nav script to /home/kth/robot_dev/my_tf_tutorials/install/my_tf/lib/my_tf
[1.191s] Installing frame_trail_publisher_nav_2 script to /home/kth/robot_dev/my_tf_tutorials/install/my_tf/lib/my_tf
[1.191s] Installing frame_trail_publisher_nav_3 script to /home/kth/robot_dev/my_tf_tutorials/install/my_tf/lib/my_tf
[1.191s] Installing my_tf_1 script to /home/kth/robot_dev/my_tf_tutorials/install/my_tf/lib/my_tf
[1.191s] writing list of installed files to '/home/kth/robot_dev/my_tf_tutorials/build/my_tf/install.log'
[1.214s] Invoked command in '/home/kth/robot_dev/my_tf_tutorials/src/my_tf' returned '0': DEBUGINFOD_URLS=https://debuginfod.ubuntu.com PYTHONPATH=/home/kth/robot_dev/my_tf_tutorials/build/my_tf/prefix_override:/usr/lib/python3/dist-packages/colcon_core/task/python/colcon_distutils_commands:/home/kth/robot_dev/my_tf_tutorials/install/my_tf/lib/python3.12/site-packages:${PYTHONPATH} /usr/bin/python3 -W ignore:setup.py install is deprecated -W ignore:easy_install command is deprecated setup.py egg_info --egg-base ../../build/my_tf build --build-base /home/kth/robot_dev/my_tf_tutorials/build/my_tf/build install --record /home/kth/robot_dev/my_tf_tutorials/build/my_tf/install.log --single-version-externally-managed install_data
