-- The C compiler identification is GNU 13.3.0
-- The CXX compiler identification is GNU 13.3.0
-- Detecting C compiler ABI info
-- Detecting C compiler ABI info - done
-- Check for working C compiler: /usr/bin/cc - skipped
-- Detecting C compile features
-- Detecting C compile features - done
-- Detecting CXX compiler ABI info
-- Detecting CXX compiler ABI info - done
-- Check for working CXX compiler: /usr/bin/c++ - skipped
-- Detecting CXX compile features
-- Detecting CXX compile features - done
-- Found ament_cmake: 2.5.4 (/opt/ros/jazzy/share/ament_cmake/cmake)
-- Found Python3: /usr/bin/python3 (found version "3.12.3") found components: Interpreter 
-- Found rclcpp: 28.1.10 (/opt/ros/jazzy/share/rclcpp/cmake)
-- Found rosidl_generator_c: 4.6.5 (/opt/ros/jazzy/share/rosidl_generator_c/cmake)
-- Found rosidl_generator_cpp: 4.6.5 (/opt/ros/jazzy/share/rosidl_generator_cpp/cmake)
-- Using all available rosidl_typesupport_c: rosidl_typesupport_fastrtps_c;rosidl_typesupport_introspection_c
-- Using all available rosidl_typesupport_cpp: rosidl_typesupport_fastrtps_cpp;rosidl_typesupport_introspection_cpp
-- Found rmw_implementation_cmake: 7.3.2 (/opt/ros/jazzy/share/rmw_implementation_cmake/cmake)
-- Found rmw_fastrtps_cpp: 8.4.2 (/opt/ros/jazzy/share/rmw_fastrtps_cpp/cmake)
-- Found OpenSSL: /usr/lib/x86_64-linux-gnu/libcrypto.so (found version "3.0.13")  
-- Found FastRTPS: /opt/ros/jazzy/include (Required is at least version "2.13") 
-- Using RMW implementation 'rmw_fastrtps_cpp' as default
-- Found geometry_msgs: 5.3.6 (/opt/ros/jazzy/share/geometry_msgs/cmake)
-- Found nav_msgs: 5.3.6 (/opt/ros/jazzy/share/nav_msgs/cmake)
-- Found sensor_msgs: 5.3.6 (/opt/ros/jazzy/share/sensor_msgs/cmake)
-- Found nav2_msgs: 1.3.7 (/opt/ros/jazzy/share/nav2_msgs/cmake)
-- Found tf2: 0.36.12 (/opt/ros/jazzy/share/tf2/cmake)
-- Found tf2_geometry_msgs: 0.36.12 (/opt/ros/jazzy/share/tf2_geometry_msgs/cmake)
-- Found eigen3_cmake_module: 0.3.0 (/opt/ros/jazzy/share/eigen3_cmake_module/cmake)
-- Found Eigen3: TRUE (found version "3.4.0") 
-- Ensuring Eigen3 include directory is part of orocos-kdl CMake target
-- Found ament_lint_auto: 0.17.2 (/opt/ros/jazzy/share/ament_lint_auto/cmake)
-- Added test 'cppcheck' to perform static code analysis on C / C++ code
-- Configured cppcheck include dirs: $<BUILD_INTERFACE:/home/kth/robot_dev/simple_central_server/src/simple_central_server/include>
-- Configured cppcheck exclude dirs and/or files: 
-- Added test 'lint_cmake' to check CMake code style
-- Added test 'uncrustify' to check C / C++ code style
-- Configured uncrustify additional arguments: 
-- Added test 'xmllint' to check XML markup files
-- Configuring done (1.1s)
-- Generating done (0.0s)
-- Build files have been written to: /home/kth/robot_dev/simple_central_server/build/simple_central_server
[ 66%] [32mBuilding CXX object CMakeFiles/simple_central_server.dir/src/main.cpp.o[0m
[ 66%] [32mBuilding CXX object CMakeFiles/simple_central_server.dir/src/simple_central_server.cpp.o[0m
[100%] [32m[1mLinking CXX executable simple_central_server[0m
[100%] Built target simple_central_server
-- Install configuration: ""
-- Installing: /home/kth/robot_dev/simple_central_server/install/simple_central_server/lib/simple_central_server/simple_central_server
-- Set non-toolchain portion of runtime path of "/home/kth/robot_dev/simple_central_server/install/simple_central_server/lib/simple_central_server/simple_central_server" to ""
-- Installing: /home/kth/robot_dev/simple_central_server/install/simple_central_server/share/ament_index/resource_index/package_run_dependencies/simple_central_server
-- Installing: /home/kth/robot_dev/simple_central_server/install/simple_central_server/share/ament_index/resource_index/parent_prefix_path/simple_central_server
-- Installing: /home/kth/robot_dev/simple_central_server/install/simple_central_server/share/simple_central_server/environment/ament_prefix_path.sh
-- Installing: /home/kth/robot_dev/simple_central_server/install/simple_central_server/share/simple_central_server/environment/ament_prefix_path.dsv
-- Installing: /home/kth/robot_dev/simple_central_server/install/simple_central_server/share/simple_central_server/environment/path.sh
-- Installing: /home/kth/robot_dev/simple_central_server/install/simple_central_server/share/simple_central_server/environment/path.dsv
-- Installing: /home/kth/robot_dev/simple_central_server/install/simple_central_server/share/simple_central_server/local_setup.bash
-- Installing: /home/kth/robot_dev/simple_central_server/install/simple_central_server/share/simple_central_server/local_setup.sh
-- Installing: /home/kth/robot_dev/simple_central_server/install/simple_central_server/share/simple_central_server/local_setup.zsh
-- Installing: /home/kth/robot_dev/simple_central_server/install/simple_central_server/share/simple_central_server/local_setup.dsv
-- Installing: /home/kth/robot_dev/simple_central_server/install/simple_central_server/share/simple_central_server/package.dsv
-- Installing: /home/kth/robot_dev/simple_central_server/install/simple_central_server/share/ament_index/resource_index/packages/simple_central_server
-- Installing: /home/kth/robot_dev/simple_central_server/install/simple_central_server/share/simple_central_server/cmake/simple_central_serverConfig.cmake
-- Installing: /home/kth/robot_dev/simple_central_server/install/simple_central_server/share/simple_central_server/cmake/simple_central_serverConfig-version.cmake
-- Installing: /home/kth/robot_dev/simple_central_server/install/simple_central_server/share/simple_central_server/package.xml
