[0.127s] DEBUG:colcon:Command line arguments: ['/usr/bin/colcon', 'build']
[0.127s] DEBUG:colcon:Parsed command line arguments: Namespace(log_base=None, log_level=None, verb_name='build', build_base='build', install_base='install', merge_install=False, symlink_install=False, test_result_base=None, continue_on_error=False, executor='parallel', parallel_workers=12, event_handlers=None, ignore_user_meta=False, metas=['./colcon.meta'], base_paths=['.'], packages_ignore=None, packages_ignore_regex=None, paths=None, packages_up_to=None, packages_up_to_regex=None, packages_above=None, packages_above_and_dependencies=None, packages_above_depth=None, packages_select_by_dep=None, packages_skip_by_dep=None, packages_skip_up_to=None, packages_select_build_failed=False, packages_skip_build_finished=False, packages_select_test_failures=False, packages_skip_test_passed=False, packages_select=None, packages_skip=None, packages_select_regex=None, packages_skip_regex=None, packages_start=None, packages_end=None, allow_overriding=[], cmake_args=None, cmake_target=None, cmake_target_skip_unavailable=False, cmake_clean_cache=False, cmake_clean_first=False, cmake_force_configure=False, ament_cmake_args=None, catkin_cmake_args=None, catkin_skip_building_tests=False, mixin_files=None, mixin=None, verb_parser=<colcon_mixin.mixin.mixin_argument.MixinArgumentDecorator object at 0x7739e9d74d40>, verb_extension=<colcon_core.verb.build.BuildVerb object at 0x7739e9cee990>, main=<bound method BuildVerb.main of <colcon_core.verb.build.BuildVerb object at 0x7739e9cee990>>, mixin_verb=('build',))
[0.155s] Level 1:colcon.colcon_core.package_discovery:discover_packages(colcon_meta) check parameters
[0.156s] Level 1:colcon.colcon_core.package_discovery:discover_packages(recursive) check parameters
[0.156s] Level 1:colcon.colcon_core.package_discovery:discover_packages(ignore) check parameters
[0.156s] Level 1:colcon.colcon_core.package_discovery:discover_packages(path) check parameters
[0.156s] Level 1:colcon.colcon_core.package_discovery:discover_packages(colcon_meta) discover
[0.156s] Level 1:colcon.colcon_core.package_discovery:discover_packages(recursive) discover
[0.156s] INFO:colcon.colcon_core.package_discovery:Crawling recursively for packages in '/home/kth/robot_dev/vicpinky_ws'
[0.156s] Level 1:colcon.colcon_core.package_identification:_identify(.) by extensions ['ignore', 'ignore_ament_install']
[0.156s] Level 1:colcon.colcon_core.package_identification:_identify(.) by extension 'ignore'
[0.156s] Level 1:colcon.colcon_core.package_identification:_identify(.) by extension 'ignore_ament_install'
[0.156s] Level 1:colcon.colcon_core.package_identification:_identify(.) by extensions ['colcon_pkg']
[0.156s] Level 1:colcon.colcon_core.package_identification:_identify(.) by extension 'colcon_pkg'
[0.156s] Level 1:colcon.colcon_core.package_identification:_identify(.) by extensions ['colcon_meta']
[0.156s] Level 1:colcon.colcon_core.package_identification:_identify(.) by extension 'colcon_meta'
[0.156s] Level 1:colcon.colcon_core.package_identification:_identify(.) by extensions ['ros']
[0.156s] Level 1:colcon.colcon_core.package_identification:_identify(.) by extension 'ros'
[0.174s] Level 1:colcon.colcon_core.package_identification:_identify(.) by extensions ['cmake', 'python']
[0.175s] Level 1:colcon.colcon_core.package_identification:_identify(.) by extension 'cmake'
[0.175s] Level 1:colcon.colcon_core.package_identification:_identify(.) by extension 'python'
[0.175s] Level 1:colcon.colcon_core.package_identification:_identify(.) by extensions ['python_setup_py']
[0.175s] Level 1:colcon.colcon_core.package_identification:_identify(.) by extension 'python_setup_py'
[0.175s] Level 1:colcon.colcon_core.package_identification:_identify(build) by extensions ['ignore', 'ignore_ament_install']
[0.175s] Level 1:colcon.colcon_core.package_identification:_identify(build) by extension 'ignore'
[0.175s] Level 1:colcon.colcon_core.package_identification:_identify(build) ignored
[0.175s] Level 1:colcon.colcon_core.package_identification:_identify(install) by extensions ['ignore', 'ignore_ament_install']
[0.175s] Level 1:colcon.colcon_core.package_identification:_identify(install) by extension 'ignore'
[0.175s] Level 1:colcon.colcon_core.package_identification:_identify(install) ignored
[0.175s] Level 1:colcon.colcon_core.package_identification:_identify(log) by extensions ['ignore', 'ignore_ament_install']
[0.175s] Level 1:colcon.colcon_core.package_identification:_identify(log) by extension 'ignore'
[0.175s] Level 1:colcon.colcon_core.package_identification:_identify(log) ignored
[0.175s] Level 1:colcon.colcon_core.package_identification:_identify(src) by extensions ['ignore', 'ignore_ament_install']
[0.175s] Level 1:colcon.colcon_core.package_identification:_identify(src) by extension 'ignore'
[0.175s] Level 1:colcon.colcon_core.package_identification:_identify(src) by extension 'ignore_ament_install'
[0.175s] Level 1:colcon.colcon_core.package_identification:_identify(src) by extensions ['colcon_pkg']
[0.175s] Level 1:colcon.colcon_core.package_identification:_identify(src) by extension 'colcon_pkg'
[0.175s] Level 1:colcon.colcon_core.package_identification:_identify(src) by extensions ['colcon_meta']
[0.175s] Level 1:colcon.colcon_core.package_identification:_identify(src) by extension 'colcon_meta'
[0.175s] Level 1:colcon.colcon_core.package_identification:_identify(src) by extensions ['ros']
[0.175s] Level 1:colcon.colcon_core.package_identification:_identify(src) by extension 'ros'
[0.176s] Level 1:colcon.colcon_core.package_identification:_identify(src) by extensions ['cmake', 'python']
[0.176s] Level 1:colcon.colcon_core.package_identification:_identify(src) by extension 'cmake'
[0.176s] Level 1:colcon.colcon_core.package_identification:_identify(src) by extension 'python'
[0.176s] Level 1:colcon.colcon_core.package_identification:_identify(src) by extensions ['python_setup_py']
[0.176s] Level 1:colcon.colcon_core.package_identification:_identify(src) by extension 'python_setup_py'
[0.176s] Level 1:colcon.colcon_core.package_identification:_identify(src/vic_pinky) by extensions ['ignore', 'ignore_ament_install']
[0.176s] Level 1:colcon.colcon_core.package_identification:_identify(src/vic_pinky) by extension 'ignore'
[0.176s] Level 1:colcon.colcon_core.package_identification:_identify(src/vic_pinky) by extension 'ignore_ament_install'
[0.176s] Level 1:colcon.colcon_core.package_identification:_identify(src/vic_pinky) by extensions ['colcon_pkg']
[0.176s] Level 1:colcon.colcon_core.package_identification:_identify(src/vic_pinky) by extension 'colcon_pkg'
[0.176s] Level 1:colcon.colcon_core.package_identification:_identify(src/vic_pinky) by extensions ['colcon_meta']
[0.176s] Level 1:colcon.colcon_core.package_identification:_identify(src/vic_pinky) by extension 'colcon_meta'
[0.176s] Level 1:colcon.colcon_core.package_identification:_identify(src/vic_pinky) by extensions ['ros']
[0.176s] Level 1:colcon.colcon_core.package_identification:_identify(src/vic_pinky) by extension 'ros'
[0.176s] Level 1:colcon.colcon_core.package_identification:_identify(src/vic_pinky) by extensions ['cmake', 'python']
[0.176s] Level 1:colcon.colcon_core.package_identification:_identify(src/vic_pinky) by extension 'cmake'
[0.176s] Level 1:colcon.colcon_core.package_identification:_identify(src/vic_pinky) by extension 'python'
[0.176s] Level 1:colcon.colcon_core.package_identification:_identify(src/vic_pinky) by extensions ['python_setup_py']
[0.176s] Level 1:colcon.colcon_core.package_identification:_identify(src/vic_pinky) by extension 'python_setup_py'
[0.176s] Level 1:colcon.colcon_core.package_identification:_identify(src/vic_pinky/doc) by extensions ['ignore', 'ignore_ament_install']
[0.176s] Level 1:colcon.colcon_core.package_identification:_identify(src/vic_pinky/doc) by extension 'ignore'
[0.176s] Level 1:colcon.colcon_core.package_identification:_identify(src/vic_pinky/doc) by extension 'ignore_ament_install'
[0.176s] Level 1:colcon.colcon_core.package_identification:_identify(src/vic_pinky/doc) by extensions ['colcon_pkg']
[0.176s] Level 1:colcon.colcon_core.package_identification:_identify(src/vic_pinky/doc) by extension 'colcon_pkg'
[0.176s] Level 1:colcon.colcon_core.package_identification:_identify(src/vic_pinky/doc) by extensions ['colcon_meta']
[0.176s] Level 1:colcon.colcon_core.package_identification:_identify(src/vic_pinky/doc) by extension 'colcon_meta'
[0.176s] Level 1:colcon.colcon_core.package_identification:_identify(src/vic_pinky/doc) by extensions ['ros']
[0.177s] Level 1:colcon.colcon_core.package_identification:_identify(src/vic_pinky/doc) by extension 'ros'
[0.177s] Level 1:colcon.colcon_core.package_identification:_identify(src/vic_pinky/doc) by extensions ['cmake', 'python']
[0.177s] Level 1:colcon.colcon_core.package_identification:_identify(src/vic_pinky/doc) by extension 'cmake'
[0.177s] Level 1:colcon.colcon_core.package_identification:_identify(src/vic_pinky/doc) by extension 'python'
[0.177s] Level 1:colcon.colcon_core.package_identification:_identify(src/vic_pinky/doc) by extensions ['python_setup_py']
[0.177s] Level 1:colcon.colcon_core.package_identification:_identify(src/vic_pinky/doc) by extension 'python_setup_py'
[0.177s] Level 1:colcon.colcon_core.package_identification:_identify(src/vic_pinky/vicpinky_description) by extensions ['ignore', 'ignore_ament_install']
[0.177s] Level 1:colcon.colcon_core.package_identification:_identify(src/vic_pinky/vicpinky_description) by extension 'ignore'
[0.177s] Level 1:colcon.colcon_core.package_identification:_identify(src/vic_pinky/vicpinky_description) by extension 'ignore_ament_install'
[0.177s] Level 1:colcon.colcon_core.package_identification:_identify(src/vic_pinky/vicpinky_description) by extensions ['colcon_pkg']
[0.177s] Level 1:colcon.colcon_core.package_identification:_identify(src/vic_pinky/vicpinky_description) by extension 'colcon_pkg'
[0.177s] Level 1:colcon.colcon_core.package_identification:_identify(src/vic_pinky/vicpinky_description) by extensions ['colcon_meta']
[0.177s] Level 1:colcon.colcon_core.package_identification:_identify(src/vic_pinky/vicpinky_description) by extension 'colcon_meta'
[0.177s] Level 1:colcon.colcon_core.package_identification:_identify(src/vic_pinky/vicpinky_description) by extensions ['ros']
[0.177s] Level 1:colcon.colcon_core.package_identification:_identify(src/vic_pinky/vicpinky_description) by extension 'ros'
[0.179s] DEBUG:colcon.colcon_core.package_identification:Package 'src/vic_pinky/vicpinky_description' with type 'ros.ament_cmake' and name 'vicpinky_description'
[0.179s] Level 1:colcon.colcon_core.package_identification:_identify(src/vic_pinky/vicpinky_navigation) by extensions ['ignore', 'ignore_ament_install']
[0.179s] Level 1:colcon.colcon_core.package_identification:_identify(src/vic_pinky/vicpinky_navigation) by extension 'ignore'
[0.179s] Level 1:colcon.colcon_core.package_identification:_identify(src/vic_pinky/vicpinky_navigation) by extension 'ignore_ament_install'
[0.179s] Level 1:colcon.colcon_core.package_identification:_identify(src/vic_pinky/vicpinky_navigation) by extensions ['colcon_pkg']
[0.179s] Level 1:colcon.colcon_core.package_identification:_identify(src/vic_pinky/vicpinky_navigation) by extension 'colcon_pkg'
[0.179s] Level 1:colcon.colcon_core.package_identification:_identify(src/vic_pinky/vicpinky_navigation) by extensions ['colcon_meta']
[0.179s] Level 1:colcon.colcon_core.package_identification:_identify(src/vic_pinky/vicpinky_navigation) by extension 'colcon_meta'
[0.179s] Level 1:colcon.colcon_core.package_identification:_identify(src/vic_pinky/vicpinky_navigation) by extensions ['ros']
[0.179s] Level 1:colcon.colcon_core.package_identification:_identify(src/vic_pinky/vicpinky_navigation) by extension 'ros'
[0.179s] DEBUG:colcon.colcon_core.package_identification:Package 'src/vic_pinky/vicpinky_navigation' with type 'ros.ament_cmake' and name 'vicpinky_navigation'
[0.180s] Level 1:colcon.colcon_core.package_discovery:discover_packages(recursive) using defaults
[0.180s] Level 1:colcon.colcon_core.package_discovery:discover_packages(ignore) discover
[0.180s] Level 1:colcon.colcon_core.package_discovery:discover_packages(ignore) using defaults
[0.180s] Level 1:colcon.colcon_core.package_discovery:discover_packages(path) discover
[0.180s] Level 1:colcon.colcon_core.package_discovery:discover_packages(path) using defaults
[0.192s] Level 1:colcon.colcon_core.package_discovery:discover_packages(prefix_path) check parameters
[0.192s] Level 1:colcon.colcon_core.package_discovery:discover_packages(prefix_path) discover
[0.197s] DEBUG:colcon.colcon_installed_package_information.package_discovery:Found 392 installed packages in /opt/ros/jazzy
[0.198s] Level 1:colcon.colcon_core.package_discovery:discover_packages(prefix_path) using defaults
[0.240s] Level 5:colcon.colcon_core.verb:set package 'vicpinky_description' build argument 'cmake_args' from command line to 'None'
[0.240s] Level 5:colcon.colcon_core.verb:set package 'vicpinky_description' build argument 'cmake_target' from command line to 'None'
[0.240s] Level 5:colcon.colcon_core.verb:set package 'vicpinky_description' build argument 'cmake_target_skip_unavailable' from command line to 'False'
[0.240s] Level 5:colcon.colcon_core.verb:set package 'vicpinky_description' build argument 'cmake_clean_cache' from command line to 'False'
[0.240s] Level 5:colcon.colcon_core.verb:set package 'vicpinky_description' build argument 'cmake_clean_first' from command line to 'False'
[0.240s] Level 5:colcon.colcon_core.verb:set package 'vicpinky_description' build argument 'cmake_force_configure' from command line to 'False'
[0.240s] Level 5:colcon.colcon_core.verb:set package 'vicpinky_description' build argument 'ament_cmake_args' from command line to 'None'
[0.240s] Level 5:colcon.colcon_core.verb:set package 'vicpinky_description' build argument 'catkin_cmake_args' from command line to 'None'
[0.240s] Level 5:colcon.colcon_core.verb:set package 'vicpinky_description' build argument 'catkin_skip_building_tests' from command line to 'False'
[0.240s] DEBUG:colcon.colcon_core.verb:Building package 'vicpinky_description' with the following arguments: {'ament_cmake_args': None, 'build_base': '/home/kth/robot_dev/vicpinky_ws/build/vicpinky_description', 'catkin_cmake_args': None, 'catkin_skip_building_tests': False, 'cmake_args': None, 'cmake_clean_cache': False, 'cmake_clean_first': False, 'cmake_force_configure': False, 'cmake_target': None, 'cmake_target_skip_unavailable': False, 'install_base': '/home/kth/robot_dev/vicpinky_ws/install/vicpinky_description', 'merge_install': False, 'path': '/home/kth/robot_dev/vicpinky_ws/src/vic_pinky/vicpinky_description', 'symlink_install': False, 'test_result_base': None}
[0.240s] Level 5:colcon.colcon_core.verb:set package 'vicpinky_navigation' build argument 'cmake_args' from command line to 'None'
[0.240s] Level 5:colcon.colcon_core.verb:set package 'vicpinky_navigation' build argument 'cmake_target' from command line to 'None'
[0.240s] Level 5:colcon.colcon_core.verb:set package 'vicpinky_navigation' build argument 'cmake_target_skip_unavailable' from command line to 'False'
[0.240s] Level 5:colcon.colcon_core.verb:set package 'vicpinky_navigation' build argument 'cmake_clean_cache' from command line to 'False'
[0.240s] Level 5:colcon.colcon_core.verb:set package 'vicpinky_navigation' build argument 'cmake_clean_first' from command line to 'False'
[0.240s] Level 5:colcon.colcon_core.verb:set package 'vicpinky_navigation' build argument 'cmake_force_configure' from command line to 'False'
[0.240s] Level 5:colcon.colcon_core.verb:set package 'vicpinky_navigation' build argument 'ament_cmake_args' from command line to 'None'
[0.240s] Level 5:colcon.colcon_core.verb:set package 'vicpinky_navigation' build argument 'catkin_cmake_args' from command line to 'None'
[0.240s] Level 5:colcon.colcon_core.verb:set package 'vicpinky_navigation' build argument 'catkin_skip_building_tests' from command line to 'False'
[0.240s] DEBUG:colcon.colcon_core.verb:Building package 'vicpinky_navigation' with the following arguments: {'ament_cmake_args': None, 'build_base': '/home/kth/robot_dev/vicpinky_ws/build/vicpinky_navigation', 'catkin_cmake_args': None, 'catkin_skip_building_tests': False, 'cmake_args': None, 'cmake_clean_cache': False, 'cmake_clean_first': False, 'cmake_force_configure': False, 'cmake_target': None, 'cmake_target_skip_unavailable': False, 'install_base': '/home/kth/robot_dev/vicpinky_ws/install/vicpinky_navigation', 'merge_install': False, 'path': '/home/kth/robot_dev/vicpinky_ws/src/vic_pinky/vicpinky_navigation', 'symlink_install': False, 'test_result_base': None}
[0.240s] INFO:colcon.colcon_core.executor:Executing jobs using 'parallel' executor
[0.241s] DEBUG:colcon.colcon_parallel_executor.executor.parallel:run_until_complete
[0.241s] INFO:colcon.colcon_ros.task.ament_cmake.build:Building ROS package in '/home/kth/robot_dev/vicpinky_ws/src/vic_pinky/vicpinky_description' with build type 'ament_cmake'
[0.241s] INFO:colcon.colcon_cmake.task.cmake.build:Building CMake package in '/home/kth/robot_dev/vicpinky_ws/src/vic_pinky/vicpinky_description'
[0.243s] INFO:colcon.colcon_core.plugin_system:Skipping extension 'colcon_core.shell.bat': Not used on non-Windows systems
[0.243s] INFO:colcon.colcon_core.shell:Skip shell extension 'powershell' for command environment: Not usable outside of PowerShell
[0.243s] DEBUG:colcon.colcon_core.shell:Skip shell extension 'dsv' for command environment
[0.246s] INFO:colcon.colcon_ros.task.ament_cmake.build:Building ROS package in '/home/kth/robot_dev/vicpinky_ws/src/vic_pinky/vicpinky_navigation' with build type 'ament_cmake'
[0.246s] INFO:colcon.colcon_cmake.task.cmake.build:Building CMake package in '/home/kth/robot_dev/vicpinky_ws/src/vic_pinky/vicpinky_navigation'
[0.246s] INFO:colcon.colcon_core.shell:Skip shell extension 'powershell' for command environment: Not usable outside of PowerShell
[0.246s] DEBUG:colcon.colcon_core.shell:Skip shell extension 'dsv' for command environment
[0.252s] DEBUG:colcon.colcon_core.event_handler.log_command:Invoking command in '/home/kth/robot_dev/vicpinky_ws/build/vicpinky_description': CMAKE_PREFIX_PATH=${CMAKE_PREFIX_PATH}:/opt/ros/jazzy DEBUGINFOD_URLS=https://debuginfod.ubuntu.com /usr/bin/cmake /home/kth/robot_dev/vicpinky_ws/src/vic_pinky/vicpinky_description -DCMAKE_INSTALL_PREFIX=/home/kth/robot_dev/vicpinky_ws/install/vicpinky_description
[0.255s] DEBUG:colcon.colcon_core.event_handler.log_command:Invoking command in '/home/kth/robot_dev/vicpinky_ws/build/vicpinky_navigation': CMAKE_PREFIX_PATH=${CMAKE_PREFIX_PATH}:/opt/ros/jazzy DEBUGINFOD_URLS=https://debuginfod.ubuntu.com /usr/bin/cmake /home/kth/robot_dev/vicpinky_ws/src/vic_pinky/vicpinky_navigation -DCMAKE_INSTALL_PREFIX=/home/kth/robot_dev/vicpinky_ws/install/vicpinky_navigation
[0.642s] DEBUG:colcon.colcon_core.event_handler.log_command:Invoked command in '/home/kth/robot_dev/vicpinky_ws/build/vicpinky_description' returned '0': CMAKE_PREFIX_PATH=${CMAKE_PREFIX_PATH}:/opt/ros/jazzy DEBUGINFOD_URLS=https://debuginfod.ubuntu.com /usr/bin/cmake /home/kth/robot_dev/vicpinky_ws/src/vic_pinky/vicpinky_description -DCMAKE_INSTALL_PREFIX=/home/kth/robot_dev/vicpinky_ws/install/vicpinky_description
[0.642s] DEBUG:colcon.colcon_core.event_handler.log_command:Invoking command in '/home/kth/robot_dev/vicpinky_ws/build/vicpinky_description': CMAKE_PREFIX_PATH=${CMAKE_PREFIX_PATH}:/opt/ros/jazzy DEBUGINFOD_URLS=https://debuginfod.ubuntu.com /usr/bin/cmake --build /home/kth/robot_dev/vicpinky_ws/build/vicpinky_description -- -j12 -l12
[0.672s] DEBUG:colcon.colcon_core.event_handler.log_command:Invoked command in '/home/kth/robot_dev/vicpinky_ws/build/vicpinky_description' returned '0': CMAKE_PREFIX_PATH=${CMAKE_PREFIX_PATH}:/opt/ros/jazzy DEBUGINFOD_URLS=https://debuginfod.ubuntu.com /usr/bin/cmake --build /home/kth/robot_dev/vicpinky_ws/build/vicpinky_description -- -j12 -l12
[0.680s] DEBUG:colcon.colcon_core.event_handler.log_command:Invoking command in '/home/kth/robot_dev/vicpinky_ws/build/vicpinky_description': CMAKE_PREFIX_PATH=${CMAKE_PREFIX_PATH}:/opt/ros/jazzy DEBUGINFOD_URLS=https://debuginfod.ubuntu.com /usr/bin/cmake --install /home/kth/robot_dev/vicpinky_ws/build/vicpinky_description
[0.691s] Level 1:colcon.colcon_core.environment:create_environment_scripts_only(vicpinky_description)
[0.692s] DEBUG:colcon.colcon_core.event_handler.log_command:Invoked command in '/home/kth/robot_dev/vicpinky_ws/build/vicpinky_description' returned '0': CMAKE_PREFIX_PATH=${CMAKE_PREFIX_PATH}:/opt/ros/jazzy DEBUGINFOD_URLS=https://debuginfod.ubuntu.com /usr/bin/cmake --install /home/kth/robot_dev/vicpinky_ws/build/vicpinky_description
[0.693s] Level 1:colcon.colcon_core.environment:checking '/home/kth/robot_dev/vicpinky_ws/install/vicpinky_description' for CMake module files
[0.693s] Level 1:colcon.colcon_core.environment:checking '/home/kth/robot_dev/vicpinky_ws/install/vicpinky_description' for CMake config files
[0.694s] Level 1:colcon.colcon_core.shell:create_environment_hook('vicpinky_description', 'cmake_prefix_path')
[0.694s] INFO:colcon.colcon_core.shell:Creating environment hook '/home/kth/robot_dev/vicpinky_ws/install/vicpinky_description/share/vicpinky_description/hook/cmake_prefix_path.ps1'
[0.694s] INFO:colcon.colcon_core.shell:Creating environment descriptor '/home/kth/robot_dev/vicpinky_ws/install/vicpinky_description/share/vicpinky_description/hook/cmake_prefix_path.dsv'
[0.695s] INFO:colcon.colcon_core.shell:Creating environment hook '/home/kth/robot_dev/vicpinky_ws/install/vicpinky_description/share/vicpinky_description/hook/cmake_prefix_path.sh'
[0.696s] Level 1:colcon.colcon_core.environment:checking '/home/kth/robot_dev/vicpinky_ws/install/vicpinky_description/bin'
[0.696s] Level 1:colcon.colcon_core.environment:checking '/home/kth/robot_dev/vicpinky_ws/install/vicpinky_description/lib/pkgconfig/vicpinky_description.pc'
[0.696s] Level 1:colcon.colcon_core.environment:checking '/home/kth/robot_dev/vicpinky_ws/install/vicpinky_description/lib/python3.12/site-packages'
[0.696s] Level 1:colcon.colcon_core.environment:checking '/home/kth/robot_dev/vicpinky_ws/install/vicpinky_description/bin'
[0.696s] INFO:colcon.colcon_core.shell:Creating package script '/home/kth/robot_dev/vicpinky_ws/install/vicpinky_description/share/vicpinky_description/package.ps1'
[0.697s] INFO:colcon.colcon_core.shell:Creating package descriptor '/home/kth/robot_dev/vicpinky_ws/install/vicpinky_description/share/vicpinky_description/package.dsv'
[0.697s] INFO:colcon.colcon_core.shell:Creating package script '/home/kth/robot_dev/vicpinky_ws/install/vicpinky_description/share/vicpinky_description/package.sh'
[0.697s] INFO:colcon.colcon_core.shell:Creating package script '/home/kth/robot_dev/vicpinky_ws/install/vicpinky_description/share/vicpinky_description/package.bash'
[0.698s] INFO:colcon.colcon_core.shell:Creating package script '/home/kth/robot_dev/vicpinky_ws/install/vicpinky_description/share/vicpinky_description/package.zsh'
[0.698s] Level 1:colcon.colcon_core.environment:create_file_with_runtime_dependencies(/home/kth/robot_dev/vicpinky_ws/install/vicpinky_description/share/colcon-core/packages/vicpinky_description)
[0.699s] Level 1:colcon.colcon_core.environment:create_environment_scripts_only(vicpinky_description)
[0.699s] Level 1:colcon.colcon_core.environment:checking '/home/kth/robot_dev/vicpinky_ws/install/vicpinky_description' for CMake module files
[0.699s] Level 1:colcon.colcon_core.environment:checking '/home/kth/robot_dev/vicpinky_ws/install/vicpinky_description' for CMake config files
[0.700s] Level 1:colcon.colcon_core.shell:create_environment_hook('vicpinky_description', 'cmake_prefix_path')
[0.700s] INFO:colcon.colcon_core.shell:Creating environment hook '/home/kth/robot_dev/vicpinky_ws/install/vicpinky_description/share/vicpinky_description/hook/cmake_prefix_path.ps1'
[0.700s] INFO:colcon.colcon_core.shell:Creating environment descriptor '/home/kth/robot_dev/vicpinky_ws/install/vicpinky_description/share/vicpinky_description/hook/cmake_prefix_path.dsv'
[0.700s] INFO:colcon.colcon_core.shell:Creating environment hook '/home/kth/robot_dev/vicpinky_ws/install/vicpinky_description/share/vicpinky_description/hook/cmake_prefix_path.sh'
[0.701s] Level 1:colcon.colcon_core.environment:checking '/home/kth/robot_dev/vicpinky_ws/install/vicpinky_description/bin'
[0.701s] Level 1:colcon.colcon_core.environment:checking '/home/kth/robot_dev/vicpinky_ws/install/vicpinky_description/lib/pkgconfig/vicpinky_description.pc'
[0.701s] Level 1:colcon.colcon_core.environment:checking '/home/kth/robot_dev/vicpinky_ws/install/vicpinky_description/lib/python3.12/site-packages'
[0.701s] Level 1:colcon.colcon_core.environment:checking '/home/kth/robot_dev/vicpinky_ws/install/vicpinky_description/bin'
[0.701s] INFO:colcon.colcon_core.shell:Creating package script '/home/kth/robot_dev/vicpinky_ws/install/vicpinky_description/share/vicpinky_description/package.ps1'
[0.701s] INFO:colcon.colcon_core.shell:Creating package descriptor '/home/kth/robot_dev/vicpinky_ws/install/vicpinky_description/share/vicpinky_description/package.dsv'
[0.702s] INFO:colcon.colcon_core.shell:Creating package script '/home/kth/robot_dev/vicpinky_ws/install/vicpinky_description/share/vicpinky_description/package.sh'
[0.702s] INFO:colcon.colcon_core.shell:Creating package script '/home/kth/robot_dev/vicpinky_ws/install/vicpinky_description/share/vicpinky_description/package.bash'
[0.703s] INFO:colcon.colcon_core.shell:Creating package script '/home/kth/robot_dev/vicpinky_ws/install/vicpinky_description/share/vicpinky_description/package.zsh'
[0.703s] Level 1:colcon.colcon_core.environment:create_file_with_runtime_dependencies(/home/kth/robot_dev/vicpinky_ws/install/vicpinky_description/share/colcon-core/packages/vicpinky_description)
[2.287s] DEBUG:colcon.colcon_core.event_handler.log_command:Invoked command in '/home/kth/robot_dev/vicpinky_ws/build/vicpinky_navigation' returned '0': CMAKE_PREFIX_PATH=${CMAKE_PREFIX_PATH}:/opt/ros/jazzy DEBUGINFOD_URLS=https://debuginfod.ubuntu.com /usr/bin/cmake /home/kth/robot_dev/vicpinky_ws/src/vic_pinky/vicpinky_navigation -DCMAKE_INSTALL_PREFIX=/home/kth/robot_dev/vicpinky_ws/install/vicpinky_navigation
[2.288s] DEBUG:colcon.colcon_core.event_handler.log_command:Invoking command in '/home/kth/robot_dev/vicpinky_ws/build/vicpinky_navigation': CMAKE_PREFIX_PATH=${CMAKE_PREFIX_PATH}:/opt/ros/jazzy DEBUGINFOD_URLS=https://debuginfod.ubuntu.com /usr/bin/cmake --build /home/kth/robot_dev/vicpinky_ws/build/vicpinky_navigation -- -j12 -l12
[2.319s] DEBUG:colcon.colcon_core.event_handler.log_command:Invoked command in '/home/kth/robot_dev/vicpinky_ws/build/vicpinky_navigation' returned '0': CMAKE_PREFIX_PATH=${CMAKE_PREFIX_PATH}:/opt/ros/jazzy DEBUGINFOD_URLS=https://debuginfod.ubuntu.com /usr/bin/cmake --build /home/kth/robot_dev/vicpinky_ws/build/vicpinky_navigation -- -j12 -l12
[2.320s] DEBUG:colcon.colcon_core.event_handler.log_command:Invoking command in '/home/kth/robot_dev/vicpinky_ws/build/vicpinky_navigation': CMAKE_PREFIX_PATH=${CMAKE_PREFIX_PATH}:/opt/ros/jazzy DEBUGINFOD_URLS=https://debuginfod.ubuntu.com /usr/bin/cmake --install /home/kth/robot_dev/vicpinky_ws/build/vicpinky_navigation
[2.328s] Level 1:colcon.colcon_core.environment:create_environment_scripts_only(vicpinky_navigation)
[2.328s] Level 1:colcon.colcon_core.environment:checking '/home/kth/robot_dev/vicpinky_ws/install/vicpinky_navigation' for CMake module files
[2.329s] DEBUG:colcon.colcon_core.event_handler.log_command:Invoked command in '/home/kth/robot_dev/vicpinky_ws/build/vicpinky_navigation' returned '0': CMAKE_PREFIX_PATH=${CMAKE_PREFIX_PATH}:/opt/ros/jazzy DEBUGINFOD_URLS=https://debuginfod.ubuntu.com /usr/bin/cmake --install /home/kth/robot_dev/vicpinky_ws/build/vicpinky_navigation
[2.329s] Level 1:colcon.colcon_core.environment:checking '/home/kth/robot_dev/vicpinky_ws/install/vicpinky_navigation' for CMake config files
[2.329s] Level 1:colcon.colcon_core.shell:create_environment_hook('vicpinky_navigation', 'cmake_prefix_path')
[2.329s] INFO:colcon.colcon_core.shell:Creating environment hook '/home/kth/robot_dev/vicpinky_ws/install/vicpinky_navigation/share/vicpinky_navigation/hook/cmake_prefix_path.ps1'
[2.329s] INFO:colcon.colcon_core.shell:Creating environment descriptor '/home/kth/robot_dev/vicpinky_ws/install/vicpinky_navigation/share/vicpinky_navigation/hook/cmake_prefix_path.dsv'
[2.330s] INFO:colcon.colcon_core.shell:Creating environment hook '/home/kth/robot_dev/vicpinky_ws/install/vicpinky_navigation/share/vicpinky_navigation/hook/cmake_prefix_path.sh'
[2.330s] Level 1:colcon.colcon_core.environment:checking '/home/kth/robot_dev/vicpinky_ws/install/vicpinky_navigation/bin'
[2.330s] Level 1:colcon.colcon_core.environment:checking '/home/kth/robot_dev/vicpinky_ws/install/vicpinky_navigation/lib/pkgconfig/vicpinky_navigation.pc'
[2.330s] Level 1:colcon.colcon_core.environment:checking '/home/kth/robot_dev/vicpinky_ws/install/vicpinky_navigation/lib/python3.12/site-packages'
[2.330s] Level 1:colcon.colcon_core.environment:checking '/home/kth/robot_dev/vicpinky_ws/install/vicpinky_navigation/bin'
[2.331s] INFO:colcon.colcon_core.shell:Creating package script '/home/kth/robot_dev/vicpinky_ws/install/vicpinky_navigation/share/vicpinky_navigation/package.ps1'
[2.331s] INFO:colcon.colcon_core.shell:Creating package descriptor '/home/kth/robot_dev/vicpinky_ws/install/vicpinky_navigation/share/vicpinky_navigation/package.dsv'
[2.331s] INFO:colcon.colcon_core.shell:Creating package script '/home/kth/robot_dev/vicpinky_ws/install/vicpinky_navigation/share/vicpinky_navigation/package.sh'
[2.331s] INFO:colcon.colcon_core.shell:Creating package script '/home/kth/robot_dev/vicpinky_ws/install/vicpinky_navigation/share/vicpinky_navigation/package.bash'
[2.332s] INFO:colcon.colcon_core.shell:Creating package script '/home/kth/robot_dev/vicpinky_ws/install/vicpinky_navigation/share/vicpinky_navigation/package.zsh'
[2.332s] Level 1:colcon.colcon_core.environment:create_file_with_runtime_dependencies(/home/kth/robot_dev/vicpinky_ws/install/vicpinky_navigation/share/colcon-core/packages/vicpinky_navigation)
[2.332s] Level 1:colcon.colcon_core.environment:create_environment_scripts_only(vicpinky_navigation)
[2.332s] Level 1:colcon.colcon_core.environment:checking '/home/kth/robot_dev/vicpinky_ws/install/vicpinky_navigation' for CMake module files
[2.333s] Level 1:colcon.colcon_core.environment:checking '/home/kth/robot_dev/vicpinky_ws/install/vicpinky_navigation' for CMake config files
[2.333s] Level 1:colcon.colcon_core.shell:create_environment_hook('vicpinky_navigation', 'cmake_prefix_path')
[2.333s] INFO:colcon.colcon_core.shell:Creating environment hook '/home/kth/robot_dev/vicpinky_ws/install/vicpinky_navigation/share/vicpinky_navigation/hook/cmake_prefix_path.ps1'
[2.333s] INFO:colcon.colcon_core.shell:Creating environment descriptor '/home/kth/robot_dev/vicpinky_ws/install/vicpinky_navigation/share/vicpinky_navigation/hook/cmake_prefix_path.dsv'
[2.333s] INFO:colcon.colcon_core.shell:Creating environment hook '/home/kth/robot_dev/vicpinky_ws/install/vicpinky_navigation/share/vicpinky_navigation/hook/cmake_prefix_path.sh'
[2.334s] Level 1:colcon.colcon_core.environment:checking '/home/kth/robot_dev/vicpinky_ws/install/vicpinky_navigation/bin'
[2.334s] Level 1:colcon.colcon_core.environment:checking '/home/kth/robot_dev/vicpinky_ws/install/vicpinky_navigation/lib/pkgconfig/vicpinky_navigation.pc'
[2.334s] Level 1:colcon.colcon_core.environment:checking '/home/kth/robot_dev/vicpinky_ws/install/vicpinky_navigation/lib/python3.12/site-packages'
[2.334s] Level 1:colcon.colcon_core.environment:checking '/home/kth/robot_dev/vicpinky_ws/install/vicpinky_navigation/bin'
[2.334s] INFO:colcon.colcon_core.shell:Creating package script '/home/kth/robot_dev/vicpinky_ws/install/vicpinky_navigation/share/vicpinky_navigation/package.ps1'
[2.335s] INFO:colcon.colcon_core.shell:Creating package descriptor '/home/kth/robot_dev/vicpinky_ws/install/vicpinky_navigation/share/vicpinky_navigation/package.dsv'
[2.335s] INFO:colcon.colcon_core.shell:Creating package script '/home/kth/robot_dev/vicpinky_ws/install/vicpinky_navigation/share/vicpinky_navigation/package.sh'
[2.335s] INFO:colcon.colcon_core.shell:Creating package script '/home/kth/robot_dev/vicpinky_ws/install/vicpinky_navigation/share/vicpinky_navigation/package.bash'
[2.335s] INFO:colcon.colcon_core.shell:Creating package script '/home/kth/robot_dev/vicpinky_ws/install/vicpinky_navigation/share/vicpinky_navigation/package.zsh'
[2.336s] Level 1:colcon.colcon_core.environment:create_file_with_runtime_dependencies(/home/kth/robot_dev/vicpinky_ws/install/vicpinky_navigation/share/colcon-core/packages/vicpinky_navigation)
[2.336s] DEBUG:colcon.colcon_parallel_executor.executor.parallel:closing loop
[2.336s] DEBUG:colcon.colcon_parallel_executor.executor.parallel:loop closed
[2.336s] DEBUG:colcon.colcon_parallel_executor.executor.parallel:run_until_complete finished with '0'
[2.336s] DEBUG:colcon.colcon_core.event_reactor:joining thread
[2.342s] INFO:colcon.colcon_core.plugin_system:Skipping extension 'colcon_notification.desktop_notification.terminal_notifier': Not used on non-Darwin systems
[2.342s] INFO:colcon.colcon_core.plugin_system:Skipping extension 'colcon_notification.desktop_notification.win32': Not used on non-Windows systems
[2.342s] INFO:colcon.colcon_notification.desktop_notification:Sending desktop notification using 'notify2'
[2.352s] DEBUG:colcon.colcon_core.event_reactor:joined thread
[2.353s] INFO:colcon.colcon_core.shell:Creating prefix script '/home/kth/robot_dev/vicpinky_ws/install/local_setup.ps1'
[2.353s] INFO:colcon.colcon_core.shell:Creating prefix util module '/home/kth/robot_dev/vicpinky_ws/install/_local_setup_util_ps1.py'
[2.354s] INFO:colcon.colcon_core.shell:Creating prefix chain script '/home/kth/robot_dev/vicpinky_ws/install/setup.ps1'
[2.355s] INFO:colcon.colcon_core.shell:Creating prefix script '/home/kth/robot_dev/vicpinky_ws/install/local_setup.sh'
[2.355s] INFO:colcon.colcon_core.shell:Creating prefix util module '/home/kth/robot_dev/vicpinky_ws/install/_local_setup_util_sh.py'
[2.356s] INFO:colcon.colcon_core.shell:Creating prefix chain script '/home/kth/robot_dev/vicpinky_ws/install/setup.sh'
[2.356s] INFO:colcon.colcon_core.shell:Creating prefix script '/home/kth/robot_dev/vicpinky_ws/install/local_setup.bash'
[2.357s] INFO:colcon.colcon_core.shell:Creating prefix chain script '/home/kth/robot_dev/vicpinky_ws/install/setup.bash'
[2.357s] INFO:colcon.colcon_core.shell:Creating prefix script '/home/kth/robot_dev/vicpinky_ws/install/local_setup.zsh'
[2.358s] INFO:colcon.colcon_core.shell:Creating prefix chain script '/home/kth/robot_dev/vicpinky_ws/install/setup.zsh'
