[01m[K/home/kth/robot_dev/robot_navigator/src/robot_navigator/src/robot_navigator.cpp:[m[K In member function ‘[01m[Kvoid RobotNavigator::[01;32m[KtrackEventHandle[m[K(std::shared_ptr<control_interfaces::srv::TrackHandle_Request_<std::allocator<void> > >, std::shared_ptr<control_interfaces::srv::TrackHandle_Response_<std::allocator<void> > >)[m[K’:
[01m[K/home/kth/robot_dev/robot_navigator/src/robot_navigator/src/robot_navigator.cpp:447:44:[m[K [01;31m[Kerror: [m[Kcannot convert ‘[01m[Kconst std::_Swallow_assign[m[K’ to ‘[01m[Ktf2Scalar&[m[K’ {aka ‘[01m[Kdouble&[m[K’}
  447 |         tf2::Matrix3x3(q_base).getRPY([01;31m[Kstd::ignore[m[K, std::ignore, robot_heading);
      |                                       [01;31m[K~~~~~^~~~~~[m[K
      |                                            [01;31m[K|[m[K
      |                                            [01;31m[Kconst std::_Swallow_assign[m[K
In file included from [01m[K/opt/ros/jazzy/include/tf2/tf2/LinearMath/Matrix3x3.h:19[m[K,
                 from [01m[K/home/kth/robot_dev/robot_navigator/src/robot_navigator/include/robot_navigator/robot_navigator.hpp:16[m[K,
                 from [01m[K/home/kth/robot_dev/robot_navigator/src/robot_navigator/src/robot_navigator.cpp:1[m[K:
[01m[K/opt/ros/jazzy/include/tf2/tf2/LinearMath/Matrix3x3.hpp:359:32:[m[K [01;36m[Knote: [m[K  initializing argument 1 of ‘[01m[Kvoid tf2::Matrix3x3::[01;32m[KgetRPY[m[K(tf2Scalar&, tf2Scalar&, tf2Scalar&, unsigned int) const[m[K’
  359 |         void getRPY([01;36m[Ktf2Scalar& roll[m[K, tf2Scalar& pitch, tf2Scalar& yaw, unsigned int solution_number = 1) const
      |                     [01;36m[K~~~~~~~~~~~^~~~[m[K
[01m[K/home/kth/robot_dev/robot_navigator/src/robot_navigator/src/robot_navigator.cpp:457:44:[m[K [01;31m[Kerror: [m[Kcannot convert ‘[01m[Kconst std::_Swallow_assign[m[K’ to ‘[01m[Ktf2Scalar&[m[K’ {aka ‘[01m[Kdouble&[m[K’}
  457 |         tf2::Matrix3x3(q_scan).getRPY([01;31m[Kstd::ignore[m[K, std::ignore, yaw_scan_in_base);
      |                                       [01;31m[K~~~~~^~~~~~[m[K
      |                                            [01;31m[K|[m[K
      |                                            [01;31m[Kconst std::_Swallow_assign[m[K
[01m[K/opt/ros/jazzy/include/tf2/tf2/LinearMath/Matrix3x3.hpp:359:32:[m[K [01;36m[Knote: [m[K  initializing argument 1 of ‘[01m[Kvoid tf2::Matrix3x3::[01;32m[KgetRPY[m[K(tf2Scalar&, tf2Scalar&, tf2Scalar&, unsigned int) const[m[K’
  359 |         void getRPY([01;36m[Ktf2Scalar& roll[m[K, tf2Scalar& pitch, tf2Scalar& yaw, unsigned int solution_number = 1) const
      |                     [01;36m[K~~~~~~~~~~~^~~~[m[K
[01m[K/home/kth/robot_dev/robot_navigator/src/robot_navigator/src/robot_navigator.cpp:520:43:[m[K [01;31m[Kerror: [m[Kcannot convert ‘[01m[Kconst std::_Swallow_assign[m[K’ to ‘[01m[Ktf2Scalar&[m[K’ {aka ‘[01m[Kdouble&[m[K’}
  520 |             tf2::Matrix3x3(q).getRPY([01;31m[Kstd::ignore[m[K, std::ignore, robot_heading);
      |                                      [01;31m[K~~~~~^~~~~~[m[K
      |                                           [01;31m[K|[m[K
      |                                           [01;31m[Kconst std::_Swallow_assign[m[K
[01m[K/opt/ros/jazzy/include/tf2/tf2/LinearMath/Matrix3x3.hpp:359:32:[m[K [01;36m[Knote: [m[K  initializing argument 1 of ‘[01m[Kvoid tf2::Matrix3x3::[01;32m[KgetRPY[m[K(tf2Scalar&, tf2Scalar&, tf2Scalar&, unsigned int) const[m[K’
  359 |         void getRPY([01;36m[Ktf2Scalar& roll[m[K, tf2Scalar& pitch, tf2Scalar& yaw, unsigned int solution_number = 1) const
      |                     [01;36m[K~~~~~~~~~~~^~~~[m[K
gmake[2]: *** [CMakeFiles/robot_navigator.dir/build.make:76: CMakeFiles/robot_navigator.dir/src/robot_navigator.cpp.o] Error 1
gmake[1]: *** [CMakeFiles/Makefile2:139: CMakeFiles/robot_navigator.dir/all] Error 2
gmake: *** [Makefile:146: all] Error 2
