[0.000000] (-) TimerEvent: {}
[0.000170] (-) JobUnselected: {'identifier': 'control_interfaces'}
[0.000197] (robot_navigator) JobQueued: {'identifier': 'robot_navigator', 'dependencies': OrderedDict()}
[0.000214] (robot_navigator) JobStarted: {'identifier': 'robot_navigator'}
[0.006979] (robot_navigator) JobProgress: {'identifier': 'robot_navigator', 'progress': 'cmake'}
[0.007481] (robot_navigator) JobProgress: {'identifier': 'robot_navigator', 'progress': 'build'}
[0.007904] (robot_navigator) Command: {'cmd': ['/usr/bin/cmake', '--build', '/home/kth/robot_dev/robot_navigator/build/robot_navigator', '--', '-j12', '-l12'], 'cwd': '/home/kth/robot_dev/robot_navigator/build/robot_navigator', 'env': OrderedDict({'GJS_DEBUG_TOPICS': 'JS ERROR;JS LOG', 'XDG_ACTIVATION_TOKEN': 'gnome-shell/Terminator/2733-8-kth-GP75-Leopard-10SEK_TIME5529592', 'CONDA_PROMPT_MODIFIER': 'false', 'USER': 'kth', 'GZ_CONFIG_PATH': '/opt/ros/jazzy/opt/gz_sim_vendor/share/gz:/opt/ros/jazzy/opt/sdformat_vendor/share/gz:/opt/ros/jazzy/opt/gz_gui_vendor/share/gz:/opt/ros/jazzy/opt/gz_transport_vendor/share/gz:/opt/ros/jazzy/opt/gz_rendering_vendor/share/gz:/opt/ros/jazzy/opt/gz_plugin_vendor/share/gz:/opt/ros/jazzy/opt/gz_fuel_tools_vendor/share/gz:/opt/ros/jazzy/opt/gz_msgs_vendor/share/gz:/opt/ros/jazzy/opt/gz_common_vendor/share/gz', 'XDG_SESSION_TYPE': 'x11', 'CLUTTER_DISABLE_MIPMAPPED_TEXT': '1', 'POWERLINE_COMMAND': 'oh-my-posh', 'SHLVL': '1', 'LD_LIBRARY_PATH': '/home/kth/robot_dev/robot_navigator/install/control_interfaces/lib:/opt/ros/jazzy/opt/gz_sim_vendor/lib:/opt/ros/jazzy/opt/gz_sensors_vendor/lib:/opt/ros/jazzy/opt/gz_physics_vendor/lib:/opt/ros/jazzy/opt/sdformat_vendor/lib:/opt/ros/jazzy/opt/rviz_ogre_vendor/lib:/opt/ros/jazzy/lib/x86_64-linux-gnu:/opt/ros/jazzy/opt/gz_gui_vendor/lib:/opt/ros/jazzy/opt/gz_transport_vendor/lib:/opt/ros/jazzy/opt/gz_rendering_vendor/lib:/opt/ros/jazzy/opt/gz_plugin_vendor/lib:/opt/ros/jazzy/opt/gz_fuel_tools_vendor/lib:/opt/ros/jazzy/opt/gz_msgs_vendor/lib:/opt/ros/jazzy/opt/gz_common_vendor/lib:/opt/ros/jazzy/opt/gz_math_vendor/lib:/opt/ros/jazzy/opt/gz_utils_vendor/lib:/opt/ros/jazzy/opt/gz_tools_vendor/lib:/opt/ros/jazzy/opt/gz_ogre_next_vendor/lib:/opt/ros/jazzy/opt/gz_dartsim_vendor/lib:/opt/ros/jazzy/opt/gz_cmake_vendor/lib:/opt/ros/jazzy/lib', 'HOME': '/home/kth', 'DESKTOP_SESSION': 'ubuntu', 'GIO_LAUNCHED_DESKTOP_FILE': '/usr/share/applications/terminator.desktop', 'ROS_PYTHON_VERSION': '3', 'GNOME_SHELL_SESSION_MODE': 'ubuntu', 'GTK_MODULES': 'gail:atk-bridge', 'MANAGERPID': '2257', 'SYSTEMD_EXEC_PID': '2733', 'GSM_SKIP_SSH_AGENT_WORKAROUND': 'true', 'DBUS_SESSION_BUS_ADDRESS': 'unix:path=/run/user/1000/bus', 'GIO_LAUNCHED_DESKTOP_FILE_PID': '12635', 'COLORTERM': 'truecolor', 'TERMINATOR_DBUS_NAME': 'net.tenshu.Terminator23558193cd9818af7fe4d2c2f5bd9d00f', 'DEBUGINFOD_URLS': 'https://debuginfod.ubuntu.com', 'COLCON_PREFIX_PATH': '/home/kth/robot_dev/robot_navigator/install', 'ROS_DISTRO': 'jazzy', 'LOGNAME': 'kth', 'JOURNAL_STREAM': '9:24881', 'POSH_SESSION_ID': '1b2b1a80-924d-48ee-9537-82dc8cf9fe70', 'MEMORY_PRESSURE_WATCH': '/sys/fs/cgroup/user.slice/user-1000.slice/user@1000.service/session.slice/org.gnome.Shell@x11.service/memory.pressure', 'ROS_VERSION': '2', 'XDG_SESSION_CLASS': 'user', 'USERNAME': 'kth', 'TERM': 'xterm-256color', 'GNOME_DESKTOP_SESSION_ID': 'this-is-deprecated', 'POSH_SHELL_VERSION': '3.7.0', 'WINDOWPATH': '2', 'PATH': '/opt/ros/jazzy/opt/gz_msgs_vendor/bin:/opt/ros/jazzy/opt/gz_tools_vendor/bin:/opt/ros/jazzy/opt/gz_ogre_next_vendor/bin:/opt/ros/jazzy/bin:/home/kth/.local/bin:/usr/local/sbin:/usr/local/bin:/usr/sbin:/usr/bin:/sbin:/bin:/usr/games:/usr/local/games:/snap/bin:/snap/bin', 'SESSION_MANAGER': 'local/kth-GP75-Leopard-10SEK:@/tmp/.ICE-unix/2701,unix/kth-GP75-Leopard-10SEK:/tmp/.ICE-unix/2701', 'INVOCATION_ID': '921896e3d3cf41f68858fc660c5041cd', 'XDG_RUNTIME_DIR': '/run/user/1000', 'XDG_MENU_PREFIX': 'gnome-', 'DISPLAY': ':1', 'LANG': 'en_US.UTF-8', 'XDG_CURRENT_DESKTOP': 'ubuntu:GNOME', 'TERMINATOR_DBUS_PATH': '/net/tenshu/Terminator2', 'XAUTHORITY': '/run/user/1000/gdm/Xauthority', 'XMODIFIERS': '@im=ibus', 'XDG_SESSION_DESKTOP': 'ubuntu', 'SSH_AUTH_SOCK': '/run/user/1000/keyring/ssh', 'AMENT_PREFIX_PATH': '/home/kth/robot_dev/robot_navigator/install/robot_navigator:/home/kth/robot_dev/robot_navigator/install/control_interfaces:/opt/ros/jazzy', 'ROS_DOMAIN_ID': '22', 'TERMINATOR_UUID': 'urn:uuid:ff2869a3-c502-4611-a713-eabee7aa147f', 'SHELL': '/usr/bin/fish', 'QT_ACCESSIBILITY': '1', 'GDMSESSION': 'ubuntu', 'IGN_GAZEBO_RESOURCE_PATH': '/opt/ros/jazzy/share', 'GPG_AGENT_INFO': '/run/user/1000/gnupg/S.gpg-agent:0:1', 'GJS_DEBUG_OUTPUT': 'stderr', 'POSH_THEME': '/home/kth/.poshthemes/sonicboom_light.omp.json', 'ROS_AUTOMATIC_DISCOVERY_RANGE': 'SUBNET', 'QT_IM_MODULE': 'ibus', 'PWD': '/home/kth/robot_dev/robot_navigator/build/robot_navigator', 'LC_ALL': 'en_US.UTF-8', 'XDG_DATA_DIRS': '/usr/share/ubuntu:/usr/share/gnome:/usr/local/share/:/usr/share/:/var/lib/snapd/desktop', 'XDG_CONFIG_DIRS': '/etc/xdg/xdg-ubuntu:/etc/xdg', 'QTWEBENGINE_DICTIONARIES_PATH': '/usr/share/hunspell-bdic/', 'PYTHONPATH': '/home/kth/robot_dev/robot_navigator/install/control_interfaces/lib/python3.12/site-packages:/opt/ros/jazzy/lib/python3.12/site-packages', 'COLCON': '1', 'POSH_SHELL': 'fish', 'VTE_VERSION': '7600', 'MEMORY_PRESSURE_WRITE': 'c29tZSAyMDAwMDAgMjAwMDAwMAA=', 'CMAKE_PREFIX_PATH': '/home/kth/robot_dev/robot_navigator/install/robot_navigator:/home/kth/robot_dev/robot_navigator/install/control_interfaces:/opt/ros/jazzy/opt/gz_sim_vendor:/opt/ros/jazzy/opt/gz_sensors_vendor:/opt/ros/jazzy/opt/gz_physics_vendor:/opt/ros/jazzy/opt/sdformat_vendor:/opt/ros/jazzy/opt/gz_gui_vendor:/opt/ros/jazzy/opt/gz_transport_vendor:/opt/ros/jazzy/opt/gz_rendering_vendor:/opt/ros/jazzy/opt/gz_plugin_vendor:/opt/ros/jazzy/opt/gz_fuel_tools_vendor:/opt/ros/jazzy/opt/gz_msgs_vendor:/opt/ros/jazzy/opt/gz_common_vendor:/opt/ros/jazzy/opt/gz_math_vendor:/opt/ros/jazzy/opt/gz_utils_vendor:/opt/ros/jazzy/opt/gz_tools_vendor:/opt/ros/jazzy/opt/gz_ogre_next_vendor:/opt/ros/jazzy/opt/gz_dartsim_vendor:/opt/ros/jazzy/opt/gz_cmake_vendor:/opt/ros/jazzy'}), 'shell': False}
[0.054082] (robot_navigator) StdoutLine: {'line': b'[ 40%] Built target obstacle_detector\n'}
[0.060561] (robot_navigator) StdoutLine: {'line': b'[ 60%] \x1b[32mBuilding CXX object CMakeFiles/robot_navigator.dir/src/robot_navigator.cpp.o\x1b[0m\n'}
[0.099513] (-) TimerEvent: {}
[0.199746] (-) TimerEvent: {}
[0.299975] (-) TimerEvent: {}
[0.400237] (-) TimerEvent: {}
[0.500478] (-) TimerEvent: {}
[0.600719] (-) TimerEvent: {}
[0.700931] (-) TimerEvent: {}
[0.801185] (-) TimerEvent: {}
[0.901404] (-) TimerEvent: {}
[1.001652] (-) TimerEvent: {}
[1.101889] (-) TimerEvent: {}
[1.202127] (-) TimerEvent: {}
[1.302429] (-) TimerEvent: {}
[1.402678] (-) TimerEvent: {}
[1.502933] (-) TimerEvent: {}
[1.603205] (-) TimerEvent: {}
[1.703461] (-) TimerEvent: {}
[1.803706] (-) TimerEvent: {}
[1.903954] (-) TimerEvent: {}
[2.004220] (-) TimerEvent: {}
[2.104477] (-) TimerEvent: {}
[2.204725] (-) TimerEvent: {}
[2.304972] (-) TimerEvent: {}
[2.405211] (-) TimerEvent: {}
[2.505453] (-) TimerEvent: {}
[2.605711] (-) TimerEvent: {}
[2.705955] (-) TimerEvent: {}
[2.806208] (-) TimerEvent: {}
[2.906456] (-) TimerEvent: {}
[3.006701] (-) TimerEvent: {}
[3.106949] (-) TimerEvent: {}
[3.207218] (-) TimerEvent: {}
[3.307501] (-) TimerEvent: {}
[3.407749] (-) TimerEvent: {}
[3.508028] (-) TimerEvent: {}
[3.608313] (-) TimerEvent: {}
[3.708526] (-) TimerEvent: {}
[3.808754] (-) TimerEvent: {}
[3.908997] (-) TimerEvent: {}
[4.009233] (-) TimerEvent: {}
[4.109441] (-) TimerEvent: {}
[4.209650] (-) TimerEvent: {}
[4.309890] (-) TimerEvent: {}
[4.410131] (-) TimerEvent: {}
[4.510413] (-) TimerEvent: {}
[4.610624] (-) TimerEvent: {}
[4.710867] (-) TimerEvent: {}
[4.811107] (-) TimerEvent: {}
[4.911388] (-) TimerEvent: {}
[5.011598] (-) TimerEvent: {}
[5.111839] (-) TimerEvent: {}
[5.212079] (-) TimerEvent: {}
[5.312318] (-) TimerEvent: {}
[5.412531] (-) TimerEvent: {}
[5.512767] (-) TimerEvent: {}
[5.612997] (-) TimerEvent: {}
[5.713232] (-) TimerEvent: {}
[5.813442] (-) TimerEvent: {}
[5.913675] (-) TimerEvent: {}
[6.013916] (-) TimerEvent: {}
[6.114148] (-) TimerEvent: {}
[6.214390] (-) TimerEvent: {}
[6.314622] (-) TimerEvent: {}
[6.414857] (-) TimerEvent: {}
[6.515090] (-) TimerEvent: {}
[6.615332] (-) TimerEvent: {}
[6.715549] (-) TimerEvent: {}
[6.815785] (-) TimerEvent: {}
[6.916018] (-) TimerEvent: {}
[7.016235] (-) TimerEvent: {}
[7.116438] (-) TimerEvent: {}
[7.216648] (-) TimerEvent: {}
[7.316918] (-) TimerEvent: {}
[7.417163] (-) TimerEvent: {}
[7.517442] (-) TimerEvent: {}
[7.617653] (-) TimerEvent: {}
[7.717898] (-) TimerEvent: {}
[7.818144] (-) TimerEvent: {}
[7.918413] (-) TimerEvent: {}
[8.018637] (-) TimerEvent: {}
[8.118876] (-) TimerEvent: {}
[8.219115] (-) TimerEvent: {}
[8.319393] (-) TimerEvent: {}
[8.419633] (-) TimerEvent: {}
[8.519874] (-) TimerEvent: {}
[8.620114] (-) TimerEvent: {}
[8.720361] (-) TimerEvent: {}
[8.820587] (-) TimerEvent: {}
[8.920865] (-) TimerEvent: {}
[9.021120] (-) TimerEvent: {}
[9.121368] (-) TimerEvent: {}
[9.221599] (-) TimerEvent: {}
[9.321829] (-) TimerEvent: {}
[9.422059] (-) TimerEvent: {}
[9.522323] (-) TimerEvent: {}
[9.622549] (-) TimerEvent: {}
[9.722778] (-) TimerEvent: {}
[9.823017] (-) TimerEvent: {}
[9.923234] (-) TimerEvent: {}
[10.023462] (-) TimerEvent: {}
[10.123690] (-) TimerEvent: {}
[10.223920] (-) TimerEvent: {}
[10.324154] (-) TimerEvent: {}
[10.424414] (-) TimerEvent: {}
[10.524661] (-) TimerEvent: {}
[10.624897] (-) TimerEvent: {}
[10.725122] (-) TimerEvent: {}
[10.825343] (-) TimerEvent: {}
[10.925541] (-) TimerEvent: {}
[11.025774] (-) TimerEvent: {}
[11.126017] (-) TimerEvent: {}
[11.226288] (-) TimerEvent: {}
[11.326530] (-) TimerEvent: {}
[11.426737] (-) TimerEvent: {}
[11.526963] (-) TimerEvent: {}
[11.627198] (-) TimerEvent: {}
[11.727430] (-) TimerEvent: {}
[11.827638] (-) TimerEvent: {}
[11.927882] (-) TimerEvent: {}
[12.028110] (-) TimerEvent: {}
[12.128347] (-) TimerEvent: {}
[12.228575] (-) TimerEvent: {}
[12.328802] (-) TimerEvent: {}
[12.429009] (-) TimerEvent: {}
[12.529259] (-) TimerEvent: {}
[12.629499] (-) TimerEvent: {}
[12.729712] (-) TimerEvent: {}
[12.829930] (-) TimerEvent: {}
[12.930223] (-) TimerEvent: {}
[13.030464] (-) TimerEvent: {}
[13.130711] (-) TimerEvent: {}
[13.230951] (-) TimerEvent: {}
[13.331206] (-) TimerEvent: {}
[13.431421] (-) TimerEvent: {}
[13.531622] (-) TimerEvent: {}
[13.631858] (-) TimerEvent: {}
[13.732090] (-) TimerEvent: {}
[13.832342] (-) TimerEvent: {}
[13.932570] (-) TimerEvent: {}
[14.032796] (-) TimerEvent: {}
[14.133023] (-) TimerEvent: {}
[14.233258] (-) TimerEvent: {}
[14.333460] (-) TimerEvent: {}
[14.433658] (-) TimerEvent: {}
[14.533895] (-) TimerEvent: {}
[14.634129] (-) TimerEvent: {}
[14.734598] (-) TimerEvent: {}
[14.834834] (-) TimerEvent: {}
[14.935032] (-) TimerEvent: {}
[15.035232] (-) TimerEvent: {}
[15.135472] (-) TimerEvent: {}
[15.235750] (-) TimerEvent: {}
[15.335980] (-) TimerEvent: {}
[15.436205] (-) TimerEvent: {}
[15.536403] (-) TimerEvent: {}
[15.636646] (-) TimerEvent: {}
[15.736847] (-) TimerEvent: {}
[15.837075] (-) TimerEvent: {}
[15.937326] (-) TimerEvent: {}
[16.037550] (-) TimerEvent: {}
[16.137748] (-) TimerEvent: {}
[16.237973] (-) TimerEvent: {}
[16.338203] (-) TimerEvent: {}
[16.438429] (-) TimerEvent: {}
[16.538654] (-) TimerEvent: {}
[16.638878] (-) TimerEvent: {}
[16.739107] (-) TimerEvent: {}
[16.839340] (-) TimerEvent: {}
[16.939568] (-) TimerEvent: {}
[17.039802] (-) TimerEvent: {}
[17.140030] (-) TimerEvent: {}
[17.240269] (-) TimerEvent: {}
[17.340512] (-) TimerEvent: {}
[17.440749] (-) TimerEvent: {}
[17.540974] (-) TimerEvent: {}
[17.641200] (-) TimerEvent: {}
[17.741545] (-) TimerEvent: {}
[17.841755] (-) TimerEvent: {}
[17.942005] (-) TimerEvent: {}
[18.042262] (-) TimerEvent: {}
[18.142483] (-) TimerEvent: {}
[18.242729] (-) TimerEvent: {}
[18.342998] (-) TimerEvent: {}
[18.443256] (-) TimerEvent: {}
[18.543507] (-) TimerEvent: {}
[18.620124] (robot_navigator) StdoutLine: {'line': b'[ 80%] \x1b[32m\x1b[1mLinking CXX executable robot_navigator\x1b[0m\n'}
[18.643598] (-) TimerEvent: {}
[18.743853] (-) TimerEvent: {}
[18.844112] (-) TimerEvent: {}
[18.944407] (-) TimerEvent: {}
[19.044652] (-) TimerEvent: {}
[19.144923] (-) TimerEvent: {}
[19.245203] (-) TimerEvent: {}
[19.345470] (-) TimerEvent: {}
[19.376024] (robot_navigator) StdoutLine: {'line': b'[100%] Built target robot_navigator\n'}
[19.385872] (robot_navigator) CommandEnded: {'returncode': 0}
[19.386537] (robot_navigator) JobProgress: {'identifier': 'robot_navigator', 'progress': 'install'}
[19.393018] (robot_navigator) Command: {'cmd': ['/usr/bin/cmake', '--install', '/home/kth/robot_dev/robot_navigator/build/robot_navigator'], 'cwd': '/home/kth/robot_dev/robot_navigator/build/robot_navigator', 'env': OrderedDict({'GJS_DEBUG_TOPICS': 'JS ERROR;JS LOG', 'XDG_ACTIVATION_TOKEN': 'gnome-shell/Terminator/2733-8-kth-GP75-Leopard-10SEK_TIME5529592', 'CONDA_PROMPT_MODIFIER': 'false', 'USER': 'kth', 'GZ_CONFIG_PATH': '/opt/ros/jazzy/opt/gz_sim_vendor/share/gz:/opt/ros/jazzy/opt/sdformat_vendor/share/gz:/opt/ros/jazzy/opt/gz_gui_vendor/share/gz:/opt/ros/jazzy/opt/gz_transport_vendor/share/gz:/opt/ros/jazzy/opt/gz_rendering_vendor/share/gz:/opt/ros/jazzy/opt/gz_plugin_vendor/share/gz:/opt/ros/jazzy/opt/gz_fuel_tools_vendor/share/gz:/opt/ros/jazzy/opt/gz_msgs_vendor/share/gz:/opt/ros/jazzy/opt/gz_common_vendor/share/gz', 'XDG_SESSION_TYPE': 'x11', 'CLUTTER_DISABLE_MIPMAPPED_TEXT': '1', 'POWERLINE_COMMAND': 'oh-my-posh', 'SHLVL': '1', 'LD_LIBRARY_PATH': '/home/kth/robot_dev/robot_navigator/install/control_interfaces/lib:/opt/ros/jazzy/opt/gz_sim_vendor/lib:/opt/ros/jazzy/opt/gz_sensors_vendor/lib:/opt/ros/jazzy/opt/gz_physics_vendor/lib:/opt/ros/jazzy/opt/sdformat_vendor/lib:/opt/ros/jazzy/opt/rviz_ogre_vendor/lib:/opt/ros/jazzy/lib/x86_64-linux-gnu:/opt/ros/jazzy/opt/gz_gui_vendor/lib:/opt/ros/jazzy/opt/gz_transport_vendor/lib:/opt/ros/jazzy/opt/gz_rendering_vendor/lib:/opt/ros/jazzy/opt/gz_plugin_vendor/lib:/opt/ros/jazzy/opt/gz_fuel_tools_vendor/lib:/opt/ros/jazzy/opt/gz_msgs_vendor/lib:/opt/ros/jazzy/opt/gz_common_vendor/lib:/opt/ros/jazzy/opt/gz_math_vendor/lib:/opt/ros/jazzy/opt/gz_utils_vendor/lib:/opt/ros/jazzy/opt/gz_tools_vendor/lib:/opt/ros/jazzy/opt/gz_ogre_next_vendor/lib:/opt/ros/jazzy/opt/gz_dartsim_vendor/lib:/opt/ros/jazzy/opt/gz_cmake_vendor/lib:/opt/ros/jazzy/lib', 'HOME': '/home/kth', 'DESKTOP_SESSION': 'ubuntu', 'GIO_LAUNCHED_DESKTOP_FILE': '/usr/share/applications/terminator.desktop', 'ROS_PYTHON_VERSION': '3', 'GNOME_SHELL_SESSION_MODE': 'ubuntu', 'GTK_MODULES': 'gail:atk-bridge', 'MANAGERPID': '2257', 'SYSTEMD_EXEC_PID': '2733', 'GSM_SKIP_SSH_AGENT_WORKAROUND': 'true', 'DBUS_SESSION_BUS_ADDRESS': 'unix:path=/run/user/1000/bus', 'GIO_LAUNCHED_DESKTOP_FILE_PID': '12635', 'COLORTERM': 'truecolor', 'TERMINATOR_DBUS_NAME': 'net.tenshu.Terminator23558193cd9818af7fe4d2c2f5bd9d00f', 'DEBUGINFOD_URLS': 'https://debuginfod.ubuntu.com', 'COLCON_PREFIX_PATH': '/home/kth/robot_dev/robot_navigator/install', 'ROS_DISTRO': 'jazzy', 'LOGNAME': 'kth', 'JOURNAL_STREAM': '9:24881', 'POSH_SESSION_ID': '1b2b1a80-924d-48ee-9537-82dc8cf9fe70', 'MEMORY_PRESSURE_WATCH': '/sys/fs/cgroup/user.slice/user-1000.slice/user@1000.service/session.slice/org.gnome.Shell@x11.service/memory.pressure', 'ROS_VERSION': '2', 'XDG_SESSION_CLASS': 'user', 'USERNAME': 'kth', 'TERM': 'xterm-256color', 'GNOME_DESKTOP_SESSION_ID': 'this-is-deprecated', 'POSH_SHELL_VERSION': '3.7.0', 'WINDOWPATH': '2', 'PATH': '/opt/ros/jazzy/opt/gz_msgs_vendor/bin:/opt/ros/jazzy/opt/gz_tools_vendor/bin:/opt/ros/jazzy/opt/gz_ogre_next_vendor/bin:/opt/ros/jazzy/bin:/home/kth/.local/bin:/usr/local/sbin:/usr/local/bin:/usr/sbin:/usr/bin:/sbin:/bin:/usr/games:/usr/local/games:/snap/bin:/snap/bin', 'SESSION_MANAGER': 'local/kth-GP75-Leopard-10SEK:@/tmp/.ICE-unix/2701,unix/kth-GP75-Leopard-10SEK:/tmp/.ICE-unix/2701', 'INVOCATION_ID': '921896e3d3cf41f68858fc660c5041cd', 'XDG_RUNTIME_DIR': '/run/user/1000', 'XDG_MENU_PREFIX': 'gnome-', 'DISPLAY': ':1', 'LANG': 'en_US.UTF-8', 'XDG_CURRENT_DESKTOP': 'ubuntu:GNOME', 'TERMINATOR_DBUS_PATH': '/net/tenshu/Terminator2', 'XAUTHORITY': '/run/user/1000/gdm/Xauthority', 'XMODIFIERS': '@im=ibus', 'XDG_SESSION_DESKTOP': 'ubuntu', 'SSH_AUTH_SOCK': '/run/user/1000/keyring/ssh', 'AMENT_PREFIX_PATH': '/home/kth/robot_dev/robot_navigator/install/robot_navigator:/home/kth/robot_dev/robot_navigator/install/control_interfaces:/opt/ros/jazzy', 'ROS_DOMAIN_ID': '22', 'TERMINATOR_UUID': 'urn:uuid:ff2869a3-c502-4611-a713-eabee7aa147f', 'SHELL': '/usr/bin/fish', 'QT_ACCESSIBILITY': '1', 'GDMSESSION': 'ubuntu', 'IGN_GAZEBO_RESOURCE_PATH': '/opt/ros/jazzy/share', 'GPG_AGENT_INFO': '/run/user/1000/gnupg/S.gpg-agent:0:1', 'GJS_DEBUG_OUTPUT': 'stderr', 'POSH_THEME': '/home/kth/.poshthemes/sonicboom_light.omp.json', 'ROS_AUTOMATIC_DISCOVERY_RANGE': 'SUBNET', 'QT_IM_MODULE': 'ibus', 'PWD': '/home/kth/robot_dev/robot_navigator/build/robot_navigator', 'LC_ALL': 'en_US.UTF-8', 'XDG_DATA_DIRS': '/usr/share/ubuntu:/usr/share/gnome:/usr/local/share/:/usr/share/:/var/lib/snapd/desktop', 'XDG_CONFIG_DIRS': '/etc/xdg/xdg-ubuntu:/etc/xdg', 'QTWEBENGINE_DICTIONARIES_PATH': '/usr/share/hunspell-bdic/', 'PYTHONPATH': '/home/kth/robot_dev/robot_navigator/install/control_interfaces/lib/python3.12/site-packages:/opt/ros/jazzy/lib/python3.12/site-packages', 'COLCON': '1', 'POSH_SHELL': 'fish', 'VTE_VERSION': '7600', 'MEMORY_PRESSURE_WRITE': 'c29tZSAyMDAwMDAgMjAwMDAwMAA=', 'CMAKE_PREFIX_PATH': '/home/kth/robot_dev/robot_navigator/install/robot_navigator:/home/kth/robot_dev/robot_navigator/install/control_interfaces:/opt/ros/jazzy/opt/gz_sim_vendor:/opt/ros/jazzy/opt/gz_sensors_vendor:/opt/ros/jazzy/opt/gz_physics_vendor:/opt/ros/jazzy/opt/sdformat_vendor:/opt/ros/jazzy/opt/gz_gui_vendor:/opt/ros/jazzy/opt/gz_transport_vendor:/opt/ros/jazzy/opt/gz_rendering_vendor:/opt/ros/jazzy/opt/gz_plugin_vendor:/opt/ros/jazzy/opt/gz_fuel_tools_vendor:/opt/ros/jazzy/opt/gz_msgs_vendor:/opt/ros/jazzy/opt/gz_common_vendor:/opt/ros/jazzy/opt/gz_math_vendor:/opt/ros/jazzy/opt/gz_utils_vendor:/opt/ros/jazzy/opt/gz_tools_vendor:/opt/ros/jazzy/opt/gz_ogre_next_vendor:/opt/ros/jazzy/opt/gz_dartsim_vendor:/opt/ros/jazzy/opt/gz_cmake_vendor:/opt/ros/jazzy'}), 'shell': False}
[19.398819] (robot_navigator) StdoutLine: {'line': b'-- Install configuration: ""\n'}
[19.398945] (robot_navigator) StdoutLine: {'line': b'-- Installing: /home/kth/robot_dev/robot_navigator/install/robot_navigator/lib/robot_navigator/robot_navigator\n'}
[19.409987] (robot_navigator) StdoutLine: {'line': b'-- Set non-toolchain portion of runtime path of "/home/kth/robot_dev/robot_navigator/install/robot_navigator/lib/robot_navigator/robot_navigator" to ""\n'}
[19.410337] (robot_navigator) StdoutLine: {'line': b'-- Up-to-date: /home/kth/robot_dev/robot_navigator/install/robot_navigator/lib/robot_navigator/obstacle_detector\n'}
[19.410659] (robot_navigator) StdoutLine: {'line': b'-- Up-to-date: /home/kth/robot_dev/robot_navigator/install/robot_navigator/share/ament_index/resource_index/package_run_dependencies/robot_navigator\n'}
[19.410728] (robot_navigator) StdoutLine: {'line': b'-- Up-to-date: /home/kth/robot_dev/robot_navigator/install/robot_navigator/share/ament_index/resource_index/parent_prefix_path/robot_navigator\n'}
[19.410804] (robot_navigator) StdoutLine: {'line': b'-- Up-to-date: /home/kth/robot_dev/robot_navigator/install/robot_navigator/share/robot_navigator/environment/ament_prefix_path.sh\n'}
[19.410863] (robot_navigator) StdoutLine: {'line': b'-- Up-to-date: /home/kth/robot_dev/robot_navigator/install/robot_navigator/share/robot_navigator/environment/ament_prefix_path.dsv\n'}
[19.410919] (robot_navigator) StdoutLine: {'line': b'-- Up-to-date: /home/kth/robot_dev/robot_navigator/install/robot_navigator/share/robot_navigator/environment/path.sh\n'}
[19.410974] (robot_navigator) StdoutLine: {'line': b'-- Up-to-date: /home/kth/robot_dev/robot_navigator/install/robot_navigator/share/robot_navigator/environment/path.dsv\n'}
[19.411028] (robot_navigator) StdoutLine: {'line': b'-- Up-to-date: /home/kth/robot_dev/robot_navigator/install/robot_navigator/share/robot_navigator/local_setup.bash\n'}
[19.411082] (robot_navigator) StdoutLine: {'line': b'-- Up-to-date: /home/kth/robot_dev/robot_navigator/install/robot_navigator/share/robot_navigator/local_setup.sh\n'}
[19.411154] (robot_navigator) StdoutLine: {'line': b'-- Up-to-date: /home/kth/robot_dev/robot_navigator/install/robot_navigator/share/robot_navigator/local_setup.zsh\n'}
[19.411273] (robot_navigator) StdoutLine: {'line': b'-- Up-to-date: /home/kth/robot_dev/robot_navigator/install/robot_navigator/share/robot_navigator/local_setup.dsv\n'}
[19.411325] (robot_navigator) StdoutLine: {'line': b'-- Installing: /home/kth/robot_dev/robot_navigator/install/robot_navigator/share/robot_navigator/package.dsv\n'}
[19.411374] (robot_navigator) StdoutLine: {'line': b'-- Up-to-date: /home/kth/robot_dev/robot_navigator/install/robot_navigator/share/ament_index/resource_index/packages/robot_navigator\n'}
[19.411425] (robot_navigator) StdoutLine: {'line': b'-- Up-to-date: /home/kth/robot_dev/robot_navigator/install/robot_navigator/share/robot_navigator/cmake/robot_navigatorConfig.cmake\n'}
[19.411475] (robot_navigator) StdoutLine: {'line': b'-- Up-to-date: /home/kth/robot_dev/robot_navigator/install/robot_navigator/share/robot_navigator/cmake/robot_navigatorConfig-version.cmake\n'}
[19.411526] (robot_navigator) StdoutLine: {'line': b'-- Up-to-date: /home/kth/robot_dev/robot_navigator/install/robot_navigator/share/robot_navigator/package.xml\n'}
[19.412151] (robot_navigator) CommandEnded: {'returncode': 0}
[19.423756] (robot_navigator) JobEnded: {'identifier': 'robot_navigator', 'rc': 0}
[19.424211] (-) EventReactorShutdown: {}
