[0.185s] Invoking command in '/home/kth/robot_dev/vicpinky_2/build/vicpinky_navigation': CMAKE_PREFIX_PATH=${CMAKE_PREFIX_PATH}:/home/kth/robot_dev/vicpinky_2/install/vicpinky_bringup:/opt/ros/jazzy DEBUGINFOD_URLS=https://debuginfod.ubuntu.com /usr/bin/cmake /home/kth/robot_dev/vicpinky_2/src/vic_pinky/vicpinky_navigation -DCMAKE_INSTALL_PREFIX=/home/kth/robot_dev/vicpinky_2/install/vicpinky_navigation
[0.227s] -- The C compiler identification is GNU 13.3.0
[0.269s] -- The CXX compiler identification is GNU 13.3.0
[0.282s] -- Detecting C compiler ABI info
[0.349s] -- Detecting C compiler ABI info - done
[0.364s] -- Check for working C compiler: /usr/bin/cc - skipped
[0.365s] -- Detecting C compile features
[0.365s] -- Detecting C compile features - done
[0.373s] -- Detecting CXX compiler ABI info
[0.451s] -- Detecting CXX compiler ABI info - done
[0.460s] -- Check for working CXX compiler: /usr/bin/c++ - skipped
[0.460s] -- Detecting CXX compile features
[0.460s] -- Detecting CXX compile features - done
[0.463s] -- Found ament_cmake: 2.5.4 (/opt/ros/jazzy/share/ament_cmake/cmake)
[0.592s] -- Found Python3: /usr/bin/python3 (found version "3.12.3") found components: Interpreter 
[0.692s] -- Found ament_lint_auto: 0.17.2 (/opt/ros/jazzy/share/ament_lint_auto/cmake)
[0.790s] -- Found slam_toolbox: 2.8.3 (/opt/ros/jazzy/share/slam_toolbox/cmake)
[0.835s] -- Found rosidl_generator_c: 4.6.5 (/opt/ros/jazzy/share/rosidl_generator_c/cmake)
[0.851s] -- Found rosidl_generator_cpp: 4.6.5 (/opt/ros/jazzy/share/rosidl_generator_cpp/cmake)
[0.869s] -- Using all available rosidl_typesupport_c: rosidl_typesupport_fastrtps_c;rosidl_typesupport_introspection_c
[0.889s] -- Using all available rosidl_typesupport_cpp: rosidl_typesupport_fastrtps_cpp;rosidl_typesupport_introspection_cpp
[1.114s] -- Found rmw_implementation_cmake: 7.3.2 (/opt/ros/jazzy/share/rmw_implementation_cmake/cmake)
[1.117s] -- Found rmw_fastrtps_cpp: 8.4.2 (/opt/ros/jazzy/share/rmw_fastrtps_cpp/cmake)
[1.184s] -- Found OpenSSL: /usr/lib/x86_64-linux-gnu/libcrypto.so (found version "3.0.13")  
[1.203s] -- Found FastRTPS: /opt/ros/jazzy/include (Required is at least version "2.13") 
[1.223s] -- Using RMW implementation 'rmw_fastrtps_cpp' as default
[1.447s] -- Found eigen3_cmake_module: 0.3.0 (/opt/ros/jazzy/share/eigen3_cmake_module/cmake)
[1.448s] -- Found Eigen3: TRUE (found version "3.4.0") 
[1.448s] -- Ensuring Eigen3 include directory is part of orocos-kdl CMake target
[1.553s] -- Setting OGRE_DIR to: '/opt/ros/jazzy/share/rviz_ogre_vendor/cmake/../../../opt/rviz_ogre_vendor/lib/OGRE/cmake'
[1.554s] -- Found OGRE
[1.554s] --   static     : OFF
[1.554s] --   components : MeshLodGenerator;Overlay;Paging;Property;RTShaderSystem;Terrain;Volume
[1.554s] --   plugins    : Plugin_BSPSceneManager;Plugin_OctreeSceneManager;Plugin_PCZSceneManager;Plugin_ParticleFX;RenderSystem_GL;RenderSystem_GL3Plus;Codec_STBI
[1.554s] --   media      : /opt/ros/jazzy/opt/rviz_ogre_vendor/share/OGRE/Media
[1.554s] -- OGRE_LIBRARIES: OgreMeshLodGenerator;OgreOverlay;OgrePaging;OgreProperty;OgreRTShaderSystem;OgreTerrain;OgreVolume;OgreMain
[1.554s] -- OGRE_LIBRARY_DIRS: /opt/ros/jazzy/opt/rviz_ogre_vendor/lib
[1.554s] -- OGRE_PLUGINS: Plugin_BSPSceneManager;Plugin_OctreeSceneManager;Plugin_PCZSceneManager;Plugin_ParticleFX;RenderSystem_GL;RenderSystem_GL3Plus;Codec_STBI
[1.554s] -- OGRE_PLUGIN_DIR: /opt/ros/jazzy/opt/rviz_ogre_vendor/lib/OGRE
[1.555s] -- rviz_ogre_vendor::OgreOverlay for IMPORTED_LOCATION_RELEASE: /opt/ros/jazzy/opt/rviz_ogre_vendor/lib/libOgreOverlay.so
[1.555s] -- rviz_ogre_vendor::OgreOverlay for IMPORTED_LOCATION_DEBUG: /opt/ros/jazzy/opt/rviz_ogre_vendor/lib/libOgreOverlay.so
[1.555s] -- rviz_ogre_vendor::OgreMain for IMPORTED_LOCATION_RELEASE: /opt/ros/jazzy/opt/rviz_ogre_vendor/lib/libOgreMain.so
[1.555s] -- rviz_ogre_vendor::OgreMain for IMPORTED_LOCATION_DEBUG: /opt/ros/jazzy/opt/rviz_ogre_vendor/lib/libOgreMain.so
[1.581s] -- Found ZLIB: /usr/lib/x86_64-linux-gnu/libz.so (found version "1.3")  
[1.589s] -- Found OpenGL: /usr/lib/x86_64-linux-gnu/libOpenGL.so   
[1.717s] -- Found X11: /usr/include   
[1.717s] -- Looking for XOpenDisplay in /usr/lib/x86_64-linux-gnu/libX11.so;/usr/lib/x86_64-linux-gnu/libXext.so
[1.786s] -- Looking for XOpenDisplay in /usr/lib/x86_64-linux-gnu/libX11.so;/usr/lib/x86_64-linux-gnu/libXext.so - found
[1.786s] -- Looking for gethostbyname
[1.846s] -- Looking for gethostbyname - found
[1.846s] -- Looking for connect
[1.914s] -- Looking for connect - found
[1.914s] -- Looking for remove
[1.971s] -- Looking for remove - found
[1.971s] -- Looking for shmat
[2.039s] -- Looking for shmat - found
[2.039s] -- Looking for IceConnectionNumber in ICE
[2.102s] -- Looking for IceConnectionNumber in ICE - found
[2.117s] -- Setting yaml-cpp_DIR to: '/opt/ros/jazzy/share/yaml_cpp_vendor/cmake/../../../opt/yaml_cpp_vendor/share/cmake/yaml-cpp'
[2.224s] -- Added test 'lint_cmake' to check CMake code style
[2.225s] -- Added test 'xmllint' to check XML markup files
[2.227s] -- Configuring done (2.0s)
[2.231s] -- Generating done (0.0s)
[2.233s] -- Build files have been written to: /home/kth/robot_dev/vicpinky_2/build/vicpinky_navigation
[2.242s] Invoked command in '/home/kth/robot_dev/vicpinky_2/build/vicpinky_navigation' returned '0': CMAKE_PREFIX_PATH=${CMAKE_PREFIX_PATH}:/home/kth/robot_dev/vicpinky_2/install/vicpinky_bringup:/opt/ros/jazzy DEBUGINFOD_URLS=https://debuginfod.ubuntu.com /usr/bin/cmake /home/kth/robot_dev/vicpinky_2/src/vic_pinky/vicpinky_navigation -DCMAKE_INSTALL_PREFIX=/home/kth/robot_dev/vicpinky_2/install/vicpinky_navigation
[2.243s] Invoking command in '/home/kth/robot_dev/vicpinky_2/build/vicpinky_navigation': CMAKE_PREFIX_PATH=${CMAKE_PREFIX_PATH}:/home/kth/robot_dev/vicpinky_2/install/vicpinky_bringup:/opt/ros/jazzy DEBUGINFOD_URLS=https://debuginfod.ubuntu.com /usr/bin/cmake --build /home/kth/robot_dev/vicpinky_2/build/vicpinky_navigation -- -j12 -l12
[2.273s] Invoked command in '/home/kth/robot_dev/vicpinky_2/build/vicpinky_navigation' returned '0': CMAKE_PREFIX_PATH=${CMAKE_PREFIX_PATH}:/home/kth/robot_dev/vicpinky_2/install/vicpinky_bringup:/opt/ros/jazzy DEBUGINFOD_URLS=https://debuginfod.ubuntu.com /usr/bin/cmake --build /home/kth/robot_dev/vicpinky_2/build/vicpinky_navigation -- -j12 -l12
[2.274s] Invoking command in '/home/kth/robot_dev/vicpinky_2/build/vicpinky_navigation': CMAKE_PREFIX_PATH=${CMAKE_PREFIX_PATH}:/home/kth/robot_dev/vicpinky_2/install/vicpinky_bringup:/opt/ros/jazzy DEBUGINFOD_URLS=https://debuginfod.ubuntu.com /usr/bin/cmake --install /home/kth/robot_dev/vicpinky_2/build/vicpinky_navigation
[2.280s] -- Install configuration: ""
[2.280s] -- Installing: /home/kth/robot_dev/vicpinky_2/install/vicpinky_navigation/share/vicpinky_navigation/launch
[2.280s] -- Installing: /home/kth/robot_dev/vicpinky_2/install/vicpinky_navigation/share/vicpinky_navigation/launch/navigation_launch.xml
[2.280s] -- Installing: /home/kth/robot_dev/vicpinky_2/install/vicpinky_navigation/share/vicpinky_navigation/launch/localization_launch.xml
[2.280s] -- Installing: /home/kth/robot_dev/vicpinky_2/install/vicpinky_navigation/share/vicpinky_navigation/launch/map_view.launch.xml
[2.280s] -- Installing: /home/kth/robot_dev/vicpinky_2/install/vicpinky_navigation/share/vicpinky_navigation/launch/bringup_launch.xml
[2.280s] -- Installing: /home/kth/robot_dev/vicpinky_2/install/vicpinky_navigation/share/vicpinky_navigation/launch/nav2_view.launch.xml
[2.280s] -- Installing: /home/kth/robot_dev/vicpinky_2/install/vicpinky_navigation/share/vicpinky_navigation/launch/map_building.launch.xml
[2.280s] -- Installing: /home/kth/robot_dev/vicpinky_2/install/vicpinky_navigation/share/vicpinky_navigation/map
[2.280s] -- Installing: /home/kth/robot_dev/vicpinky_2/install/vicpinky_navigation/share/vicpinky_navigation/map/factory.pgm
[2.280s] -- Installing: /home/kth/robot_dev/vicpinky_2/install/vicpinky_navigation/share/vicpinky_navigation/map/pinklab.yaml
[2.281s] -- Installing: /home/kth/robot_dev/vicpinky_2/install/vicpinky_navigation/share/vicpinky_navigation/map/pinklab.png
[2.281s] -- Installing: /home/kth/robot_dev/vicpinky_2/install/vicpinky_navigation/share/vicpinky_navigation/map/factory.yaml
[2.281s] -- Installing: /home/kth/robot_dev/vicpinky_2/install/vicpinky_navigation/share/vicpinky_navigation/map/factory2.pgm
[2.281s] -- Installing: /home/kth/robot_dev/vicpinky_2/install/vicpinky_navigation/share/vicpinky_navigation/map/factory2.yaml
[2.281s] -- Installing: /home/kth/robot_dev/vicpinky_2/install/vicpinky_navigation/share/vicpinky_navigation/params
[2.281s] -- Installing: /home/kth/robot_dev/vicpinky_2/install/vicpinky_navigation/share/vicpinky_navigation/params/nav2_params.yaml
[2.281s] -- Installing: /home/kth/robot_dev/vicpinky_2/install/vicpinky_navigation/share/vicpinky_navigation/params/mapper_params.yaml
[2.281s] -- Installing: /home/kth/robot_dev/vicpinky_2/install/vicpinky_navigation/share/vicpinky_navigation/rviz
[2.281s] -- Installing: /home/kth/robot_dev/vicpinky_2/install/vicpinky_navigation/share/vicpinky_navigation/rviz/map_view.rviz
[2.281s] -- Installing: /home/kth/robot_dev/vicpinky_2/install/vicpinky_navigation/share/vicpinky_navigation/rviz/nav2_view.rviz
[2.281s] -- Installing: /home/kth/robot_dev/vicpinky_2/install/vicpinky_navigation/share/ament_index/resource_index/package_run_dependencies/vicpinky_navigation
[2.282s] -- Installing: /home/kth/robot_dev/vicpinky_2/install/vicpinky_navigation/share/ament_index/resource_index/parent_prefix_path/vicpinky_navigation
[2.282s] -- Installing: /home/kth/robot_dev/vicpinky_2/install/vicpinky_navigation/share/vicpinky_navigation/environment/ament_prefix_path.sh
[2.282s] -- Installing: /home/kth/robot_dev/vicpinky_2/install/vicpinky_navigation/share/vicpinky_navigation/environment/ament_prefix_path.dsv
[2.282s] -- Installing: /home/kth/robot_dev/vicpinky_2/install/vicpinky_navigation/share/vicpinky_navigation/environment/path.sh
[2.282s] -- Installing: /home/kth/robot_dev/vicpinky_2/install/vicpinky_navigation/share/vicpinky_navigation/environment/path.dsv
[2.282s] -- Installing: /home/kth/robot_dev/vicpinky_2/install/vicpinky_navigation/share/vicpinky_navigation/local_setup.bash
[2.282s] -- Installing: /home/kth/robot_dev/vicpinky_2/install/vicpinky_navigation/share/vicpinky_navigation/local_setup.sh
[2.282s] -- Installing: /home/kth/robot_dev/vicpinky_2/install/vicpinky_navigation/share/vicpinky_navigation/local_setup.zsh
[2.282s] -- Installing: /home/kth/robot_dev/vicpinky_2/install/vicpinky_navigation/share/vicpinky_navigation/local_setup.dsv
[2.282s] -- Installing: /home/kth/robot_dev/vicpinky_2/install/vicpinky_navigation/share/vicpinky_navigation/package.dsv
[2.283s] -- Installing: /home/kth/robot_dev/vicpinky_2/install/vicpinky_navigation/share/ament_index/resource_index/packages/vicpinky_navigation
[2.283s] -- Installing: /home/kth/robot_dev/vicpinky_2/install/vicpinky_navigation/share/vicpinky_navigation/cmake/vicpinky_navigationConfig.cmake
[2.283s] -- Installing: /home/kth/robot_dev/vicpinky_2/install/vicpinky_navigation/share/vicpinky_navigation/cmake/vicpinky_navigationConfig-version.cmake
[2.283s] -- Installing: /home/kth/robot_dev/vicpinky_2/install/vicpinky_navigation/share/vicpinky_navigation/package.xml
[2.284s] Invoked command in '/home/kth/robot_dev/vicpinky_2/build/vicpinky_navigation' returned '0': CMAKE_PREFIX_PATH=${CMAKE_PREFIX_PATH}:/home/kth/robot_dev/vicpinky_2/install/vicpinky_bringup:/opt/ros/jazzy DEBUGINFOD_URLS=https://debuginfod.ubuntu.com /usr/bin/cmake --install /home/kth/robot_dev/vicpinky_2/build/vicpinky_navigation
