[0.000000] (-) TimerEvent: {}
[0.000470] (-) JobUnselected: {'identifier': 'control_interfaces'}
[0.000496] (robot_navigator) JobQueued: {'identifier': 'robot_navigator', 'dependencies': OrderedDict()}
[0.000512] (robot_navigator) JobStarted: {'identifier': 'robot_navigator'}
[0.007505] (robot_navigator) JobProgress: {'identifier': 'robot_navigator', 'progress': 'cmake'}
[0.008015] (robot_navigator) JobProgress: {'identifier': 'robot_navigator', 'progress': 'build'}
[0.008585] (robot_navigator) Command: {'cmd': ['/usr/bin/cmake', '--build', '/home/kth/robot_dev/robot_navigator/build/robot_navigator', '--', '-j12', '-l12'], 'cwd': '/home/kth/robot_dev/robot_navigator/build/robot_navigator', 'env': OrderedDict({'GJS_DEBUG_TOPICS': 'JS ERROR;JS LOG', 'XDG_ACTIVATION_TOKEN': 'gnome-shell/Terminator/2733-11-kth-GP75-Leopard-10SEK_TIME14708978', 'CONDA_PROMPT_MODIFIER': 'false', 'USER': 'kth', 'GZ_CONFIG_PATH': '/opt/ros/jazzy/opt/gz_sim_vendor/share/gz:/opt/ros/jazzy/opt/sdformat_vendor/share/gz:/opt/ros/jazzy/opt/gz_gui_vendor/share/gz:/opt/ros/jazzy/opt/gz_transport_vendor/share/gz:/opt/ros/jazzy/opt/gz_rendering_vendor/share/gz:/opt/ros/jazzy/opt/gz_plugin_vendor/share/gz:/opt/ros/jazzy/opt/gz_fuel_tools_vendor/share/gz:/opt/ros/jazzy/opt/gz_msgs_vendor/share/gz:/opt/ros/jazzy/opt/gz_common_vendor/share/gz', 'XDG_SESSION_TYPE': 'x11', 'CLUTTER_DISABLE_MIPMAPPED_TEXT': '1', 'POWERLINE_COMMAND': 'oh-my-posh', 'SHLVL': '1', 'LD_LIBRARY_PATH': '/opt/ros/jazzy/opt/gz_sim_vendor/lib:/opt/ros/jazzy/opt/gz_sensors_vendor/lib:/opt/ros/jazzy/opt/gz_physics_vendor/lib:/opt/ros/jazzy/opt/sdformat_vendor/lib:/opt/ros/jazzy/opt/rviz_ogre_vendor/lib:/opt/ros/jazzy/lib/x86_64-linux-gnu:/opt/ros/jazzy/opt/gz_gui_vendor/lib:/opt/ros/jazzy/opt/gz_transport_vendor/lib:/opt/ros/jazzy/opt/gz_rendering_vendor/lib:/opt/ros/jazzy/opt/gz_plugin_vendor/lib:/opt/ros/jazzy/opt/gz_fuel_tools_vendor/lib:/opt/ros/jazzy/opt/gz_msgs_vendor/lib:/opt/ros/jazzy/opt/gz_common_vendor/lib:/opt/ros/jazzy/opt/gz_math_vendor/lib:/opt/ros/jazzy/opt/gz_utils_vendor/lib:/opt/ros/jazzy/opt/gz_tools_vendor/lib:/opt/ros/jazzy/opt/gz_ogre_next_vendor/lib:/opt/ros/jazzy/opt/gz_dartsim_vendor/lib:/opt/ros/jazzy/opt/gz_cmake_vendor/lib:/opt/ros/jazzy/lib:/home/kth/robot_dev/robot_navigator/install/control_interfaces/lib', 'HOME': '/home/kth', 'DESKTOP_SESSION': 'ubuntu', 'GIO_LAUNCHED_DESKTOP_FILE': '/usr/share/applications/terminator.desktop', 'ROS_PYTHON_VERSION': '3', 'GNOME_SHELL_SESSION_MODE': 'ubuntu', 'GTK_MODULES': 'gail:atk-bridge', 'MANAGERPID': '2257', 'SYSTEMD_EXEC_PID': '2733', 'GSM_SKIP_SSH_AGENT_WORKAROUND': 'true', 'DBUS_SESSION_BUS_ADDRESS': 'unix:path=/run/user/1000/bus', 'GIO_LAUNCHED_DESKTOP_FILE_PID': '24415', 'COLORTERM': 'truecolor', 'TERMINATOR_DBUS_NAME': 'net.tenshu.Terminator23558193cd9818af7fe4d2c2f5bd9d00f', 'DEBUGINFOD_URLS': 'https://debuginfod.ubuntu.com', 'COLCON_PREFIX_PATH': '/home/kth/robot_dev/robot_navigator/install', 'ROS_DISTRO': 'jazzy', 'LOGNAME': 'kth', 'JOURNAL_STREAM': '9:24881', 'POSH_SESSION_ID': '5cd2fcdf-4fff-4ffc-be52-f502931e8997', 'MEMORY_PRESSURE_WATCH': '/sys/fs/cgroup/user.slice/user-1000.slice/user@1000.service/session.slice/org.gnome.Shell@x11.service/memory.pressure', 'ROS_VERSION': '2', 'XDG_SESSION_CLASS': 'user', 'USERNAME': 'kth', 'TERM': 'xterm-256color', 'GNOME_DESKTOP_SESSION_ID': 'this-is-deprecated', 'POSH_SHELL_VERSION': '3.7.0', 'WINDOWPATH': '2', 'PATH': '/opt/ros/jazzy/opt/gz_msgs_vendor/bin:/opt/ros/jazzy/opt/gz_tools_vendor/bin:/opt/ros/jazzy/opt/gz_ogre_next_vendor/bin:/opt/ros/jazzy/bin:/home/kth/.local/bin:/usr/local/sbin:/usr/local/bin:/usr/sbin:/usr/bin:/sbin:/bin:/usr/games:/usr/local/games:/snap/bin:/snap/bin', 'SESSION_MANAGER': 'local/kth-GP75-Leopard-10SEK:@/tmp/.ICE-unix/2701,unix/kth-GP75-Leopard-10SEK:/tmp/.ICE-unix/2701', 'INVOCATION_ID': '921896e3d3cf41f68858fc660c5041cd', 'XDG_RUNTIME_DIR': '/run/user/1000', 'XDG_MENU_PREFIX': 'gnome-', 'DISPLAY': ':1', 'LANG': 'en_US.UTF-8', 'XDG_CURRENT_DESKTOP': 'ubuntu:GNOME', 'TERMINATOR_DBUS_PATH': '/net/tenshu/Terminator2', 'XAUTHORITY': '/run/user/1000/gdm/Xauthority', 'XMODIFIERS': '@im=ibus', 'XDG_SESSION_DESKTOP': 'ubuntu', 'SSH_AUTH_SOCK': '/run/user/1000/keyring/ssh', 'AMENT_PREFIX_PATH': '/opt/ros/jazzy:/home/kth/robot_dev/robot_navigator/install/robot_navigator:/home/kth/robot_dev/robot_navigator/install/control_interfaces', 'ROS_DOMAIN_ID': '22', 'TERMINATOR_UUID': 'urn:uuid:c6375071-c1c9-4e79-bc82-52d7de5ba316', 'SHELL': '/usr/bin/fish', 'QT_ACCESSIBILITY': '1', 'GDMSESSION': 'ubuntu', 'IGN_GAZEBO_RESOURCE_PATH': '/opt/ros/jazzy/share', 'GPG_AGENT_INFO': '/run/user/1000/gnupg/S.gpg-agent:0:1', 'GJS_DEBUG_OUTPUT': 'stderr', 'POSH_THEME': '/home/kth/.poshthemes/sonicboom_light.omp.json', 'ROS_AUTOMATIC_DISCOVERY_RANGE': 'SUBNET', 'QT_IM_MODULE': 'ibus', 'PWD': '/home/kth/robot_dev/robot_navigator/build/robot_navigator', 'LC_ALL': 'en_US.UTF-8', 'XDG_DATA_DIRS': '/usr/share/ubuntu:/usr/share/gnome:/usr/local/share/:/usr/share/:/var/lib/snapd/desktop', 'XDG_CONFIG_DIRS': '/etc/xdg/xdg-ubuntu:/etc/xdg', 'QTWEBENGINE_DICTIONARIES_PATH': '/usr/share/hunspell-bdic/', 'PYTHONPATH': '/opt/ros/jazzy/lib/python3.12/site-packages:/home/kth/robot_dev/robot_navigator/install/control_interfaces/lib/python3.12/site-packages', 'COLCON': '1', 'POSH_SHELL': 'fish', 'VTE_VERSION': '7600', 'MEMORY_PRESSURE_WRITE': 'c29tZSAyMDAwMDAgMjAwMDAwMAA=', 'CMAKE_PREFIX_PATH': '/opt/ros/jazzy/opt/gz_sim_vendor:/opt/ros/jazzy/opt/gz_sensors_vendor:/opt/ros/jazzy/opt/gz_physics_vendor:/opt/ros/jazzy/opt/sdformat_vendor:/opt/ros/jazzy/opt/gz_gui_vendor:/opt/ros/jazzy/opt/gz_transport_vendor:/opt/ros/jazzy/opt/gz_rendering_vendor:/opt/ros/jazzy/opt/gz_plugin_vendor:/opt/ros/jazzy/opt/gz_fuel_tools_vendor:/opt/ros/jazzy/opt/gz_msgs_vendor:/opt/ros/jazzy/opt/gz_common_vendor:/opt/ros/jazzy/opt/gz_math_vendor:/opt/ros/jazzy/opt/gz_utils_vendor:/opt/ros/jazzy/opt/gz_tools_vendor:/opt/ros/jazzy/opt/gz_ogre_next_vendor:/opt/ros/jazzy/opt/gz_dartsim_vendor:/opt/ros/jazzy/opt/gz_cmake_vendor:/home/kth/robot_dev/robot_navigator/install/robot_navigator:/home/kth/robot_dev/robot_navigator/install/control_interfaces:/opt/ros/jazzy'}), 'shell': False}
[0.055176] (robot_navigator) StdoutLine: {'line': b'[ 40%] Built target obstacle_detector\n'}
[0.061783] (robot_navigator) StdoutLine: {'line': b'[ 60%] \x1b[32mBuilding CXX object CMakeFiles/robot_navigator.dir/src/robot_navigator.cpp.o\x1b[0m\n'}
[0.061982] (robot_navigator) StdoutLine: {'line': b'[ 80%] \x1b[32mBuilding CXX object CMakeFiles/robot_navigator.dir/src/main.cpp.o\x1b[0m\n'}
[0.099813] (-) TimerEvent: {}
[0.200093] (-) TimerEvent: {}
[0.300378] (-) TimerEvent: {}
[0.400633] (-) TimerEvent: {}
[0.500875] (-) TimerEvent: {}
[0.601111] (-) TimerEvent: {}
[0.701359] (-) TimerEvent: {}
[0.801613] (-) TimerEvent: {}
[0.901861] (-) TimerEvent: {}
[1.002106] (-) TimerEvent: {}
[1.102356] (-) TimerEvent: {}
[1.202599] (-) TimerEvent: {}
[1.302843] (-) TimerEvent: {}
[1.403060] (-) TimerEvent: {}
[1.503310] (-) TimerEvent: {}
[1.603561] (-) TimerEvent: {}
[1.703776] (-) TimerEvent: {}
[1.804029] (-) TimerEvent: {}
[1.904288] (-) TimerEvent: {}
[2.004541] (-) TimerEvent: {}
[2.104738] (-) TimerEvent: {}
[2.204957] (-) TimerEvent: {}
[2.305245] (-) TimerEvent: {}
[2.405598] (-) TimerEvent: {}
[2.505886] (-) TimerEvent: {}
[2.606122] (-) TimerEvent: {}
[2.706356] (-) TimerEvent: {}
[2.806567] (-) TimerEvent: {}
[2.906765] (-) TimerEvent: {}
[3.007008] (-) TimerEvent: {}
[3.107254] (-) TimerEvent: {}
[3.207510] (-) TimerEvent: {}
[3.307755] (-) TimerEvent: {}
[3.408000] (-) TimerEvent: {}
[3.508241] (-) TimerEvent: {}
[3.608474] (-) TimerEvent: {}
[3.708714] (-) TimerEvent: {}
[3.808959] (-) TimerEvent: {}
[3.909212] (-) TimerEvent: {}
[4.009460] (-) TimerEvent: {}
[4.109705] (-) TimerEvent: {}
[4.209956] (-) TimerEvent: {}
[4.310205] (-) TimerEvent: {}
[4.410450] (-) TimerEvent: {}
[4.510695] (-) TimerEvent: {}
[4.610944] (-) TimerEvent: {}
[4.711192] (-) TimerEvent: {}
[4.811441] (-) TimerEvent: {}
[4.911652] (-) TimerEvent: {}
[5.011897] (-) TimerEvent: {}
[5.112143] (-) TimerEvent: {}
[5.212391] (-) TimerEvent: {}
[5.312644] (-) TimerEvent: {}
[5.412894] (-) TimerEvent: {}
[5.513169] (-) TimerEvent: {}
[5.613455] (-) TimerEvent: {}
[5.713694] (-) TimerEvent: {}
[5.813936] (-) TimerEvent: {}
[5.914191] (-) TimerEvent: {}
[6.014418] (-) TimerEvent: {}
[6.114661] (-) TimerEvent: {}
[6.214892] (-) TimerEvent: {}
[6.315141] (-) TimerEvent: {}
[6.415393] (-) TimerEvent: {}
[6.515673] (-) TimerEvent: {}
[6.615922] (-) TimerEvent: {}
[6.716174] (-) TimerEvent: {}
[6.816422] (-) TimerEvent: {}
[6.916667] (-) TimerEvent: {}
[7.016911] (-) TimerEvent: {}
[7.117175] (-) TimerEvent: {}
[7.217421] (-) TimerEvent: {}
[7.317668] (-) TimerEvent: {}
[7.417879] (-) TimerEvent: {}
[7.518122] (-) TimerEvent: {}
[7.618334] (-) TimerEvent: {}
[7.718644] (-) TimerEvent: {}
[7.818910] (-) TimerEvent: {}
[7.919098] (-) TimerEvent: {}
[8.019308] (-) TimerEvent: {}
[8.119564] (-) TimerEvent: {}
[8.219774] (-) TimerEvent: {}
[8.319985] (-) TimerEvent: {}
[8.420230] (-) TimerEvent: {}
[8.520481] (-) TimerEvent: {}
[8.620693] (-) TimerEvent: {}
[8.720905] (-) TimerEvent: {}
[8.821148] (-) TimerEvent: {}
[8.921424] (-) TimerEvent: {}
[9.021672] (-) TimerEvent: {}
[9.121885] (-) TimerEvent: {}
[9.222126] (-) TimerEvent: {}
[9.322411] (-) TimerEvent: {}
[9.422656] (-) TimerEvent: {}
[9.522899] (-) TimerEvent: {}
[9.623159] (-) TimerEvent: {}
[9.723409] (-) TimerEvent: {}
[9.823625] (-) TimerEvent: {}
[9.923904] (-) TimerEvent: {}
[10.024140] (-) TimerEvent: {}
[10.124421] (-) TimerEvent: {}
[10.224733] (-) TimerEvent: {}
[10.324972] (-) TimerEvent: {}
[10.425210] (-) TimerEvent: {}
[10.525453] (-) TimerEvent: {}
[10.625802] (-) TimerEvent: {}
[10.726131] (-) TimerEvent: {}
[10.826395] (-) TimerEvent: {}
[10.926649] (-) TimerEvent: {}
[11.026901] (-) TimerEvent: {}
[11.127142] (-) TimerEvent: {}
[11.227380] (-) TimerEvent: {}
[11.327618] (-) TimerEvent: {}
[11.427862] (-) TimerEvent: {}
[11.528108] (-) TimerEvent: {}
[11.628394] (-) TimerEvent: {}
[11.728638] (-) TimerEvent: {}
[11.828863] (-) TimerEvent: {}
[11.929093] (-) TimerEvent: {}
[12.029380] (-) TimerEvent: {}
[12.129629] (-) TimerEvent: {}
[12.229871] (-) TimerEvent: {}
[12.330102] (-) TimerEvent: {}
[12.430340] (-) TimerEvent: {}
[12.530612] (-) TimerEvent: {}
[12.630855] (-) TimerEvent: {}
[12.731092] (-) TimerEvent: {}
[12.831396] (-) TimerEvent: {}
[12.931681] (-) TimerEvent: {}
[13.031921] (-) TimerEvent: {}
[13.132175] (-) TimerEvent: {}
[13.232414] (-) TimerEvent: {}
[13.332643] (-) TimerEvent: {}
[13.432879] (-) TimerEvent: {}
[13.533115] (-) TimerEvent: {}
[13.633325] (-) TimerEvent: {}
[13.733571] (-) TimerEvent: {}
[13.833810] (-) TimerEvent: {}
[13.934069] (-) TimerEvent: {}
[14.034326] (-) TimerEvent: {}
[14.134605] (-) TimerEvent: {}
[14.234866] (-) TimerEvent: {}
[14.335124] (-) TimerEvent: {}
[14.435389] (-) TimerEvent: {}
[14.535642] (-) TimerEvent: {}
[14.635881] (-) TimerEvent: {}
[14.736119] (-) TimerEvent: {}
[14.836365] (-) TimerEvent: {}
[14.936606] (-) TimerEvent: {}
[15.036863] (-) TimerEvent: {}
[15.137103] (-) TimerEvent: {}
[15.237381] (-) TimerEvent: {}
[15.337630] (-) TimerEvent: {}
[15.437892] (-) TimerEvent: {}
[15.538163] (-) TimerEvent: {}
[15.638434] (-) TimerEvent: {}
[15.738672] (-) TimerEvent: {}
[15.838906] (-) TimerEvent: {}
[15.939145] (-) TimerEvent: {}
[16.039404] (-) TimerEvent: {}
[16.139645] (-) TimerEvent: {}
[16.239891] (-) TimerEvent: {}
[16.340145] (-) TimerEvent: {}
[16.440391] (-) TimerEvent: {}
[16.540659] (-) TimerEvent: {}
[16.640921] (-) TimerEvent: {}
[16.741159] (-) TimerEvent: {}
[16.841390] (-) TimerEvent: {}
[16.941633] (-) TimerEvent: {}
[17.041856] (-) TimerEvent: {}
[17.142114] (-) TimerEvent: {}
[17.242384] (-) TimerEvent: {}
[17.342628] (-) TimerEvent: {}
[17.442874] (-) TimerEvent: {}
[17.543125] (-) TimerEvent: {}
[17.643405] (-) TimerEvent: {}
[17.743662] (-) TimerEvent: {}
[17.843900] (-) TimerEvent: {}
[17.944142] (-) TimerEvent: {}
[18.044413] (-) TimerEvent: {}
[18.144651] (-) TimerEvent: {}
[18.244941] (-) TimerEvent: {}
[18.345231] (-) TimerEvent: {}
[18.445499] (-) TimerEvent: {}
[18.545756] (-) TimerEvent: {}
[18.645995] (-) TimerEvent: {}
[18.746234] (-) TimerEvent: {}
[18.846508] (-) TimerEvent: {}
[18.946787] (-) TimerEvent: {}
[19.047021] (-) TimerEvent: {}
[19.147278] (-) TimerEvent: {}
[19.247542] (-) TimerEvent: {}
[19.347789] (-) TimerEvent: {}
[19.448042] (-) TimerEvent: {}
[19.548329] (-) TimerEvent: {}
[19.648617] (-) TimerEvent: {}
[19.748893] (-) TimerEvent: {}
[19.849141] (-) TimerEvent: {}
[19.949389] (-) TimerEvent: {}
[20.049647] (-) TimerEvent: {}
[20.149946] (-) TimerEvent: {}
[20.250212] (-) TimerEvent: {}
[20.350498] (-) TimerEvent: {}
[20.450750] (-) TimerEvent: {}
[20.550995] (-) TimerEvent: {}
[20.651287] (-) TimerEvent: {}
[20.751609] (-) TimerEvent: {}
[20.795639] (robot_navigator) StdoutLine: {'line': b'[100%] \x1b[32m\x1b[1mLinking CXX executable robot_navigator\x1b[0m\n'}
[20.851721] (-) TimerEvent: {}
[20.951992] (-) TimerEvent: {}
[21.052275] (-) TimerEvent: {}
[21.152581] (-) TimerEvent: {}
[21.252836] (-) TimerEvent: {}
[21.353116] (-) TimerEvent: {}
[21.453401] (-) TimerEvent: {}
[21.553632] (-) TimerEvent: {}
[21.642061] (robot_navigator) StdoutLine: {'line': b'[100%] Built target robot_navigator\n'}
[21.652188] (robot_navigator) CommandEnded: {'returncode': 0}
[21.652566] (robot_navigator) JobProgress: {'identifier': 'robot_navigator', 'progress': 'install'}
[21.653694] (-) TimerEvent: {}
[21.660962] (robot_navigator) Command: {'cmd': ['/usr/bin/cmake', '--install', '/home/kth/robot_dev/robot_navigator/build/robot_navigator'], 'cwd': '/home/kth/robot_dev/robot_navigator/build/robot_navigator', 'env': OrderedDict({'GJS_DEBUG_TOPICS': 'JS ERROR;JS LOG', 'XDG_ACTIVATION_TOKEN': 'gnome-shell/Terminator/2733-11-kth-GP75-Leopard-10SEK_TIME14708978', 'CONDA_PROMPT_MODIFIER': 'false', 'USER': 'kth', 'GZ_CONFIG_PATH': '/opt/ros/jazzy/opt/gz_sim_vendor/share/gz:/opt/ros/jazzy/opt/sdformat_vendor/share/gz:/opt/ros/jazzy/opt/gz_gui_vendor/share/gz:/opt/ros/jazzy/opt/gz_transport_vendor/share/gz:/opt/ros/jazzy/opt/gz_rendering_vendor/share/gz:/opt/ros/jazzy/opt/gz_plugin_vendor/share/gz:/opt/ros/jazzy/opt/gz_fuel_tools_vendor/share/gz:/opt/ros/jazzy/opt/gz_msgs_vendor/share/gz:/opt/ros/jazzy/opt/gz_common_vendor/share/gz', 'XDG_SESSION_TYPE': 'x11', 'CLUTTER_DISABLE_MIPMAPPED_TEXT': '1', 'POWERLINE_COMMAND': 'oh-my-posh', 'SHLVL': '1', 'LD_LIBRARY_PATH': '/opt/ros/jazzy/opt/gz_sim_vendor/lib:/opt/ros/jazzy/opt/gz_sensors_vendor/lib:/opt/ros/jazzy/opt/gz_physics_vendor/lib:/opt/ros/jazzy/opt/sdformat_vendor/lib:/opt/ros/jazzy/opt/rviz_ogre_vendor/lib:/opt/ros/jazzy/lib/x86_64-linux-gnu:/opt/ros/jazzy/opt/gz_gui_vendor/lib:/opt/ros/jazzy/opt/gz_transport_vendor/lib:/opt/ros/jazzy/opt/gz_rendering_vendor/lib:/opt/ros/jazzy/opt/gz_plugin_vendor/lib:/opt/ros/jazzy/opt/gz_fuel_tools_vendor/lib:/opt/ros/jazzy/opt/gz_msgs_vendor/lib:/opt/ros/jazzy/opt/gz_common_vendor/lib:/opt/ros/jazzy/opt/gz_math_vendor/lib:/opt/ros/jazzy/opt/gz_utils_vendor/lib:/opt/ros/jazzy/opt/gz_tools_vendor/lib:/opt/ros/jazzy/opt/gz_ogre_next_vendor/lib:/opt/ros/jazzy/opt/gz_dartsim_vendor/lib:/opt/ros/jazzy/opt/gz_cmake_vendor/lib:/opt/ros/jazzy/lib:/home/kth/robot_dev/robot_navigator/install/control_interfaces/lib', 'HOME': '/home/kth', 'DESKTOP_SESSION': 'ubuntu', 'GIO_LAUNCHED_DESKTOP_FILE': '/usr/share/applications/terminator.desktop', 'ROS_PYTHON_VERSION': '3', 'GNOME_SHELL_SESSION_MODE': 'ubuntu', 'GTK_MODULES': 'gail:atk-bridge', 'MANAGERPID': '2257', 'SYSTEMD_EXEC_PID': '2733', 'GSM_SKIP_SSH_AGENT_WORKAROUND': 'true', 'DBUS_SESSION_BUS_ADDRESS': 'unix:path=/run/user/1000/bus', 'GIO_LAUNCHED_DESKTOP_FILE_PID': '24415', 'COLORTERM': 'truecolor', 'TERMINATOR_DBUS_NAME': 'net.tenshu.Terminator23558193cd9818af7fe4d2c2f5bd9d00f', 'DEBUGINFOD_URLS': 'https://debuginfod.ubuntu.com', 'COLCON_PREFIX_PATH': '/home/kth/robot_dev/robot_navigator/install', 'ROS_DISTRO': 'jazzy', 'LOGNAME': 'kth', 'JOURNAL_STREAM': '9:24881', 'POSH_SESSION_ID': '5cd2fcdf-4fff-4ffc-be52-f502931e8997', 'MEMORY_PRESSURE_WATCH': '/sys/fs/cgroup/user.slice/user-1000.slice/user@1000.service/session.slice/org.gnome.Shell@x11.service/memory.pressure', 'ROS_VERSION': '2', 'XDG_SESSION_CLASS': 'user', 'USERNAME': 'kth', 'TERM': 'xterm-256color', 'GNOME_DESKTOP_SESSION_ID': 'this-is-deprecated', 'POSH_SHELL_VERSION': '3.7.0', 'WINDOWPATH': '2', 'PATH': '/opt/ros/jazzy/opt/gz_msgs_vendor/bin:/opt/ros/jazzy/opt/gz_tools_vendor/bin:/opt/ros/jazzy/opt/gz_ogre_next_vendor/bin:/opt/ros/jazzy/bin:/home/kth/.local/bin:/usr/local/sbin:/usr/local/bin:/usr/sbin:/usr/bin:/sbin:/bin:/usr/games:/usr/local/games:/snap/bin:/snap/bin', 'SESSION_MANAGER': 'local/kth-GP75-Leopard-10SEK:@/tmp/.ICE-unix/2701,unix/kth-GP75-Leopard-10SEK:/tmp/.ICE-unix/2701', 'INVOCATION_ID': '921896e3d3cf41f68858fc660c5041cd', 'XDG_RUNTIME_DIR': '/run/user/1000', 'XDG_MENU_PREFIX': 'gnome-', 'DISPLAY': ':1', 'LANG': 'en_US.UTF-8', 'XDG_CURRENT_DESKTOP': 'ubuntu:GNOME', 'TERMINATOR_DBUS_PATH': '/net/tenshu/Terminator2', 'XAUTHORITY': '/run/user/1000/gdm/Xauthority', 'XMODIFIERS': '@im=ibus', 'XDG_SESSION_DESKTOP': 'ubuntu', 'SSH_AUTH_SOCK': '/run/user/1000/keyring/ssh', 'AMENT_PREFIX_PATH': '/opt/ros/jazzy:/home/kth/robot_dev/robot_navigator/install/robot_navigator:/home/kth/robot_dev/robot_navigator/install/control_interfaces', 'ROS_DOMAIN_ID': '22', 'TERMINATOR_UUID': 'urn:uuid:c6375071-c1c9-4e79-bc82-52d7de5ba316', 'SHELL': '/usr/bin/fish', 'QT_ACCESSIBILITY': '1', 'GDMSESSION': 'ubuntu', 'IGN_GAZEBO_RESOURCE_PATH': '/opt/ros/jazzy/share', 'GPG_AGENT_INFO': '/run/user/1000/gnupg/S.gpg-agent:0:1', 'GJS_DEBUG_OUTPUT': 'stderr', 'POSH_THEME': '/home/kth/.poshthemes/sonicboom_light.omp.json', 'ROS_AUTOMATIC_DISCOVERY_RANGE': 'SUBNET', 'QT_IM_MODULE': 'ibus', 'PWD': '/home/kth/robot_dev/robot_navigator/build/robot_navigator', 'LC_ALL': 'en_US.UTF-8', 'XDG_DATA_DIRS': '/usr/share/ubuntu:/usr/share/gnome:/usr/local/share/:/usr/share/:/var/lib/snapd/desktop', 'XDG_CONFIG_DIRS': '/etc/xdg/xdg-ubuntu:/etc/xdg', 'QTWEBENGINE_DICTIONARIES_PATH': '/usr/share/hunspell-bdic/', 'PYTHONPATH': '/opt/ros/jazzy/lib/python3.12/site-packages:/home/kth/robot_dev/robot_navigator/install/control_interfaces/lib/python3.12/site-packages', 'COLCON': '1', 'POSH_SHELL': 'fish', 'VTE_VERSION': '7600', 'MEMORY_PRESSURE_WRITE': 'c29tZSAyMDAwMDAgMjAwMDAwMAA=', 'CMAKE_PREFIX_PATH': '/opt/ros/jazzy/opt/gz_sim_vendor:/opt/ros/jazzy/opt/gz_sensors_vendor:/opt/ros/jazzy/opt/gz_physics_vendor:/opt/ros/jazzy/opt/sdformat_vendor:/opt/ros/jazzy/opt/gz_gui_vendor:/opt/ros/jazzy/opt/gz_transport_vendor:/opt/ros/jazzy/opt/gz_rendering_vendor:/opt/ros/jazzy/opt/gz_plugin_vendor:/opt/ros/jazzy/opt/gz_fuel_tools_vendor:/opt/ros/jazzy/opt/gz_msgs_vendor:/opt/ros/jazzy/opt/gz_common_vendor:/opt/ros/jazzy/opt/gz_math_vendor:/opt/ros/jazzy/opt/gz_utils_vendor:/opt/ros/jazzy/opt/gz_tools_vendor:/opt/ros/jazzy/opt/gz_ogre_next_vendor:/opt/ros/jazzy/opt/gz_dartsim_vendor:/opt/ros/jazzy/opt/gz_cmake_vendor:/home/kth/robot_dev/robot_navigator/install/robot_navigator:/home/kth/robot_dev/robot_navigator/install/control_interfaces:/opt/ros/jazzy'}), 'shell': False}
[21.666885] (robot_navigator) StdoutLine: {'line': b'-- Install configuration: ""\n'}
[21.667007] (robot_navigator) StdoutLine: {'line': b'-- Installing: /home/kth/robot_dev/robot_navigator/install/robot_navigator/lib/robot_navigator/robot_navigator\n'}
[21.680092] (robot_navigator) StdoutLine: {'line': b'-- Set non-toolchain portion of runtime path of "/home/kth/robot_dev/robot_navigator/install/robot_navigator/lib/robot_navigator/robot_navigator" to ""\n'}
[21.680243] (robot_navigator) StdoutLine: {'line': b'-- Up-to-date: /home/kth/robot_dev/robot_navigator/install/robot_navigator/lib/robot_navigator/obstacle_detector\n'}
[21.680330] (robot_navigator) StdoutLine: {'line': b'-- Up-to-date: /home/kth/robot_dev/robot_navigator/install/robot_navigator/share/ament_index/resource_index/package_run_dependencies/robot_navigator\n'}
[21.680534] (robot_navigator) StdoutLine: {'line': b'-- Up-to-date: /home/kth/robot_dev/robot_navigator/install/robot_navigator/share/ament_index/resource_index/parent_prefix_path/robot_navigator\n'}
[21.680619] (robot_navigator) StdoutLine: {'line': b'-- Up-to-date: /home/kth/robot_dev/robot_navigator/install/robot_navigator/share/robot_navigator/environment/ament_prefix_path.sh\n'}
[21.680713] (robot_navigator) StdoutLine: {'line': b'-- Up-to-date: /home/kth/robot_dev/robot_navigator/install/robot_navigator/share/robot_navigator/environment/ament_prefix_path.dsv\n'}
[21.680776] (robot_navigator) StdoutLine: {'line': b'-- Up-to-date: /home/kth/robot_dev/robot_navigator/install/robot_navigator/share/robot_navigator/environment/path.sh\n'}
[21.680833] (robot_navigator) StdoutLine: {'line': b'-- Up-to-date: /home/kth/robot_dev/robot_navigator/install/robot_navigator/share/robot_navigator/environment/path.dsv\n'}
[21.680888] (robot_navigator) StdoutLine: {'line': b'-- Up-to-date: /home/kth/robot_dev/robot_navigator/install/robot_navigator/share/robot_navigator/local_setup.bash\n'}
[21.680942] (robot_navigator) StdoutLine: {'line': b'-- Up-to-date: /home/kth/robot_dev/robot_navigator/install/robot_navigator/share/robot_navigator/local_setup.sh\n'}
[21.680996] (robot_navigator) StdoutLine: {'line': b'-- Up-to-date: /home/kth/robot_dev/robot_navigator/install/robot_navigator/share/robot_navigator/local_setup.zsh\n'}
[21.681050] (robot_navigator) StdoutLine: {'line': b'-- Up-to-date: /home/kth/robot_dev/robot_navigator/install/robot_navigator/share/robot_navigator/local_setup.dsv\n'}
[21.681105] (robot_navigator) StdoutLine: {'line': b'-- Installing: /home/kth/robot_dev/robot_navigator/install/robot_navigator/share/robot_navigator/package.dsv\n'}
[21.681186] (robot_navigator) StdoutLine: {'line': b'-- Up-to-date: /home/kth/robot_dev/robot_navigator/install/robot_navigator/share/ament_index/resource_index/packages/robot_navigator\n'}
[21.681241] (robot_navigator) StdoutLine: {'line': b'-- Up-to-date: /home/kth/robot_dev/robot_navigator/install/robot_navigator/share/robot_navigator/cmake/robot_navigatorConfig.cmake\n'}
[21.681293] (robot_navigator) StdoutLine: {'line': b'-- Up-to-date: /home/kth/robot_dev/robot_navigator/install/robot_navigator/share/robot_navigator/cmake/robot_navigatorConfig-version.cmake\n'}
[21.681373] (robot_navigator) StdoutLine: {'line': b'-- Up-to-date: /home/kth/robot_dev/robot_navigator/install/robot_navigator/share/robot_navigator/package.xml\n'}
[21.682114] (robot_navigator) CommandEnded: {'returncode': 0}
[21.693257] (robot_navigator) JobEnded: {'identifier': 'robot_navigator', 'rc': 0}
[21.694049] (-) EventReactorShutdown: {}
